[7.593s] Invoking command in '/home/arthur/mrad_ws_2602_golf/build/ttc_follow_the_gap_2602_golf': DEBUGINFOD_URLS=https://debuginfod.ubuntu.com PYTHONPATH=/home/arthur/mrad_ws_2602_golf/build/ttc_follow_the_gap_2602_golf/prefix_override:/usr/lib/python3/dist-packages/colcon_core/task/python/colcon_distutils_commands:/home/arthur/mrad_ws_2602_golf/install/ttc_follow_the_gap_2602_golf/lib/python3.12/site-packages:${PYTHONPATH} /usr/bin/python3 -W ignore:setup.py install is deprecated -W ignore:easy_install command is deprecated setup.py develop --editable --build-directory /home/arthur/mrad_ws_2602_golf/build/ttc_follow_the_gap_2602_golf/build --no-deps symlink_data
[8.220s] running develop
[8.549s] /usr/lib/python3/dist-packages/setuptools/command/easy_install.py:363: UserWarning: Unbuilt egg for pytest-repeat [unknown version] (/usr/lib/python3/dist-packages)
[8.549s]   self.local_index = Environment(self.shadow_path + sys.path)
[8.636s] running egg_info
[8.680s] writing ttc_follow_the_gap_2602_golf.egg-info/PKG-INFO
[8.680s] writing dependency_links to ttc_follow_the_gap_2602_golf.egg-info/dependency_links.txt
[8.681s] writing entry points to ttc_follow_the_gap_2602_golf.egg-info/entry_points.txt
[8.681s] writing requirements to ttc_follow_the_gap_2602_golf.egg-info/requires.txt
[8.681s] writing top-level names to ttc_follow_the_gap_2602_golf.egg-info/top_level.txt
[8.769s] reading manifest file 'ttc_follow_the_gap_2602_golf.egg-info/SOURCES.txt'
[8.770s] writing manifest file 'ttc_follow_the_gap_2602_golf.egg-info/SOURCES.txt'
[8.813s] running build_ext
[8.814s] Creating /home/arthur/mrad_ws_2602_golf/install/ttc_follow_the_gap_2602_golf/lib/python3.12/site-packages/ttc-follow-the-gap-2602-golf.egg-link (link to .)
[8.815s] Installing ttc_gap_control script to /home/arthur/mrad_ws_2602_golf/install/ttc_follow_the_gap_2602_golf/lib/ttc_follow_the_gap_2602_golf
[8.815s] Installing ttc_gap_finder script to /home/arthur/mrad_ws_2602_golf/install/ttc_follow_the_gap_2602_golf/lib/ttc_follow_the_gap_2602_golf
[8.815s] 
[8.815s] Installed /home/arthur/mrad_ws_2602_golf/build/ttc_follow_the_gap_2602_golf
[8.816s] running symlink_data
[8.857s] Invoked command in '/home/arthur/mrad_ws_2602_golf/build/ttc_follow_the_gap_2602_golf' returned '0': DEBUGINFOD_URLS=https://debuginfod.ubuntu.com PYTHONPATH=/home/arthur/mrad_ws_2602_golf/build/ttc_follow_the_gap_2602_golf/prefix_override:/usr/lib/python3/dist-packages/colcon_core/task/python/colcon_distutils_commands:/home/arthur/mrad_ws_2602_golf/install/ttc_follow_the_gap_2602_golf/lib/python3.12/site-packages:${PYTHONPATH} /usr/bin/python3 -W ignore:setup.py install is deprecated -W ignore:easy_install command is deprecated setup.py develop --editable --build-directory /home/arthur/mrad_ws_2602_golf/build/ttc_follow_the_gap_2602_golf/build --no-deps symlink_data
