[0.277s] Invoking command in '/home/arthur/mrad_ws_2602_golf/build/control_2602_golf': CMAKE_PREFIX_PATH=${CMAKE_PREFIX_PATH}:/home/arthur/mrad_ws_2602_zulu/install/gazebo_2602_zulu:/home/arthur/mrad_ws_2602_zulu/install/description_2602_zulu:/home/arthur/mrad_ws_2602_zulu/install/bringup_2602_zulu:/home/arthur/mrad_ws_2602_golf/install/gazebo_2602_golf:/home/arthur/mrad_ws_2602_golf/install/description_2602_golf:/home/arthur/mrad_ws_2602_golf/install/bringup_2602_golf:/home/arthur/remen_tuto/install/turtle_move_pkg_NNAA:/opt/ros/jazzy DEBUGINFOD_URLS=https://debuginfod.ubuntu.com /usr/bin/cmake --build /home/arthur/mrad_ws_2602_golf/build/control_2602_golf -- -j8 -l8
[0.528s] Invoked command in '/home/arthur/mrad_ws_2602_golf/build/control_2602_golf' returned '0': CMAKE_PREFIX_PATH=${CMAKE_PREFIX_PATH}:/home/arthur/mrad_ws_2602_zulu/install/gazebo_2602_zulu:/home/arthur/mrad_ws_2602_zulu/install/description_2602_zulu:/home/arthur/mrad_ws_2602_zulu/install/bringup_2602_zulu:/home/arthur/mrad_ws_2602_golf/install/gazebo_2602_golf:/home/arthur/mrad_ws_2602_golf/install/description_2602_golf:/home/arthur/mrad_ws_2602_golf/install/bringup_2602_golf:/home/arthur/remen_tuto/install/turtle_move_pkg_NNAA:/opt/ros/jazzy DEBUGINFOD_URLS=https://debuginfod.ubuntu.com /usr/bin/cmake --build /home/arthur/mrad_ws_2602_golf/build/control_2602_golf -- -j8 -l8
[0.537s] Invoking command in '/home/arthur/mrad_ws_2602_golf/build/control_2602_golf': CMAKE_PREFIX_PATH=${CMAKE_PREFIX_PATH}:/home/arthur/mrad_ws_2602_zulu/install/gazebo_2602_zulu:/home/arthur/mrad_ws_2602_zulu/install/description_2602_zulu:/home/arthur/mrad_ws_2602_zulu/install/bringup_2602_zulu:/home/arthur/mrad_ws_2602_golf/install/gazebo_2602_golf:/home/arthur/mrad_ws_2602_golf/install/description_2602_golf:/home/arthur/mrad_ws_2602_golf/install/bringup_2602_golf:/home/arthur/remen_tuto/install/turtle_move_pkg_NNAA:/opt/ros/jazzy DEBUGINFOD_URLS=https://debuginfod.ubuntu.com /usr/bin/cmake --install /home/arthur/mrad_ws_2602_golf/build/control_2602_golf
[0.757s] -- Install configuration: ""
[0.757s] -- Execute custom install script
[0.758s] -- Up-to-date symlink: /home/arthur/mrad_ws_2602_golf/install/control_2602_golf/share/ament_index/resource_index/package_run_dependencies/control_2602_golf
[0.758s] -- Up-to-date symlink: /home/arthur/mrad_ws_2602_golf/install/control_2602_golf/share/ament_index/resource_index/parent_prefix_path/control_2602_golf
[0.758s] -- Up-to-date symlink: /home/arthur/mrad_ws_2602_golf/install/control_2602_golf/share/control_2602_golf/environment/ament_prefix_path.sh
[0.758s] -- Up-to-date symlink: /home/arthur/mrad_ws_2602_golf/install/control_2602_golf/share/control_2602_golf/environment/ament_prefix_path.dsv
[0.758s] -- Up-to-date symlink: /home/arthur/mrad_ws_2602_golf/install/control_2602_golf/share/control_2602_golf/environment/path.sh
[0.759s] -- Up-to-date symlink: /home/arthur/mrad_ws_2602_golf/install/control_2602_golf/share/control_2602_golf/environment/path.dsv
[0.759s] -- Up-to-date symlink: /home/arthur/mrad_ws_2602_golf/install/control_2602_golf/share/control_2602_golf/local_setup.bash
[0.759s] -- Up-to-date symlink: /home/arthur/mrad_ws_2602_golf/install/control_2602_golf/share/control_2602_golf/local_setup.sh
[0.759s] -- Up-to-date symlink: /home/arthur/mrad_ws_2602_golf/install/control_2602_golf/share/control_2602_golf/local_setup.zsh
[0.759s] -- Up-to-date symlink: /home/arthur/mrad_ws_2602_golf/install/control_2602_golf/share/control_2602_golf/local_setup.dsv
[0.760s] -- Symlinking: /home/arthur/mrad_ws_2602_golf/install/control_2602_golf/share/control_2602_golf/package.dsv
[0.760s] -- Up-to-date symlink: /home/arthur/mrad_ws_2602_golf/install/control_2602_golf/share/ament_index/resource_index/packages/control_2602_golf
[0.760s] -- Up-to-date symlink: /home/arthur/mrad_ws_2602_golf/install/control_2602_golf/share/control_2602_golf/cmake/control_2602_golfConfig.cmake
[0.761s] -- Up-to-date symlink: /home/arthur/mrad_ws_2602_golf/install/control_2602_golf/share/control_2602_golf/cmake/control_2602_golfConfig-version.cmake
[0.761s] -- Up-to-date symlink: /home/arthur/mrad_ws_2602_golf/install/control_2602_golf/share/control_2602_golf/package.xml
[0.761s] Invoked command in '/home/arthur/mrad_ws_2602_golf/build/control_2602_golf' returned '0': CMAKE_PREFIX_PATH=${CMAKE_PREFIX_PATH}:/home/arthur/mrad_ws_2602_zulu/install/gazebo_2602_zulu:/home/arthur/mrad_ws_2602_zulu/install/description_2602_zulu:/home/arthur/mrad_ws_2602_zulu/install/bringup_2602_zulu:/home/arthur/mrad_ws_2602_golf/install/gazebo_2602_golf:/home/arthur/mrad_ws_2602_golf/install/description_2602_golf:/home/arthur/mrad_ws_2602_golf/install/bringup_2602_golf:/home/arthur/remen_tuto/install/turtle_move_pkg_NNAA:/opt/ros/jazzy DEBUGINFOD_URLS=https://debuginfod.ubuntu.com /usr/bin/cmake --install /home/arthur/mrad_ws_2602_golf/build/control_2602_golf
