[3.286s] Invoking command in '/home/arthur/mrad_ws_2602_golf/build/ttc_2602_golf': DEBUGINFOD_URLS=https://debuginfod.ubuntu.com PYTHONPATH=/home/arthur/mrad_ws_2602_golf/build/ttc_2602_golf/prefix_override:/usr/lib/python3/dist-packages/colcon_core/task/python/colcon_distutils_commands:/home/arthur/mrad_ws_2602_golf/install/ttc_2602_golf/lib/python3.12/site-packages:${PYTHONPATH} /usr/bin/python3 -W ignore:setup.py install is deprecated -W ignore:easy_install command is deprecated setup.py develop --editable --build-directory /home/arthur/mrad_ws_2602_golf/build/ttc_2602_golf/build --no-deps symlink_data
[3.787s] running develop
[4.109s] /usr/lib/python3/dist-packages/setuptools/command/easy_install.py:363: UserWarning: Unbuilt egg for pytest-repeat [unknown version] (/usr/lib/python3/dist-packages)
[4.110s]   self.local_index = Environment(self.shadow_path + sys.path)
[4.194s] running egg_info
[4.240s] writing ttc_2602_golf.egg-info/PKG-INFO
[4.241s] writing dependency_links to ttc_2602_golf.egg-info/dependency_links.txt
[4.241s] writing entry points to ttc_2602_golf.egg-info/entry_points.txt
[4.241s] writing requirements to ttc_2602_golf.egg-info/requires.txt
[4.242s] writing top-level names to ttc_2602_golf.egg-info/top_level.txt
[4.334s] reading manifest file 'ttc_2602_golf.egg-info/SOURCES.txt'
[4.334s] writing manifest file 'ttc_2602_golf.egg-info/SOURCES.txt'
[4.382s] running build_ext
[4.383s] Creating /home/arthur/mrad_ws_2602_golf/install/ttc_2602_golf/lib/python3.12/site-packages/ttc-2602-golf.egg-link (link to .)
[4.383s] Installing lkp_node script to /home/arthur/mrad_ws_2602_golf/install/ttc_2602_golf/lib/ttc_2602_golf
[4.384s] Installing ttc_node script to /home/arthur/mrad_ws_2602_golf/install/ttc_2602_golf/lib/ttc_2602_golf
[4.384s] 
[4.384s] Installed /home/arthur/mrad_ws_2602_golf/build/ttc_2602_golf
[4.385s] running symlink_data
[4.444s] Invoked command in '/home/arthur/mrad_ws_2602_golf/build/ttc_2602_golf' returned '0': DEBUGINFOD_URLS=https://debuginfod.ubuntu.com PYTHONPATH=/home/arthur/mrad_ws_2602_golf/build/ttc_2602_golf/prefix_override:/usr/lib/python3/dist-packages/colcon_core/task/python/colcon_distutils_commands:/home/arthur/mrad_ws_2602_golf/install/ttc_2602_golf/lib/python3.12/site-packages:${PYTHONPATH} /usr/bin/python3 -W ignore:setup.py install is deprecated -W ignore:easy_install command is deprecated setup.py develop --editable --build-directory /home/arthur/mrad_ws_2602_golf/build/ttc_2602_golf/build --no-deps symlink_data
