running develop
/usr/lib/python3/dist-packages/setuptools/command/easy_install.py:363: UserWarning: Unbuilt egg for pytest-repeat [unknown version] (/usr/lib/python3/dist-packages)
  self.local_index = Environment(self.shadow_path + sys.path)
running egg_info
creating bringup_2602_golf.egg-info
writing bringup_2602_golf.egg-info/PKG-INFO
writing dependency_links to bringup_2602_golf.egg-info/dependency_links.txt
writing requirements to bringup_2602_golf.egg-info/requires.txt
writing top-level names to bringup_2602_golf.egg-info/top_level.txt
writing manifest file 'bringup_2602_golf.egg-info/SOURCES.txt'
reading manifest file 'bringup_2602_golf.egg-info/SOURCES.txt'
writing manifest file 'bringup_2602_golf.egg-info/SOURCES.txt'
running build_ext
Creating /home/arthur/mrad_ws_2602_golf/install/bringup_2602_golf/lib/python3.12/site-packages/bringup-2602-golf.egg-link (link to .)

Installed /home/arthur/mrad_ws_2602_golf/build/bringup_2602_golf
running symlink_data
creating /home/arthur/mrad_ws_2602_golf/install/bringup_2602_golf/share/ament_index
creating /home/arthur/mrad_ws_2602_golf/install/bringup_2602_golf/share/ament_index/resource_index
creating /home/arthur/mrad_ws_2602_golf/install/bringup_2602_golf/share/ament_index/resource_index/packages
symbolically linking /home/arthur/mrad_ws_2602_golf/build/bringup_2602_golf/resource/bringup_2602_golf -> /home/arthur/mrad_ws_2602_golf/install/bringup_2602_golf/share/ament_index/resource_index/packages
symbolically linking /home/arthur/mrad_ws_2602_golf/build/bringup_2602_golf/package.xml -> /home/arthur/mrad_ws_2602_golf/install/bringup_2602_golf/share/bringup_2602_golf
creating /home/arthur/mrad_ws_2602_golf/install/bringup_2602_golf/share/bringup_2602_golf/launch
symbolically linking /home/arthur/mrad_ws_2602_golf/build/bringup_2602_golf/launch/rsp.launch.py -> /home/arthur/mrad_ws_2602_golf/install/bringup_2602_golf/share/bringup_2602_golf/launch
creating /home/arthur/mrad_ws_2602_golf/install/bringup_2602_golf/share/bringup_2602_golf/config
