[8.479s] Invoking command in '/home/arthur/mrad_ws_2602_golf/build/bringup_2602_golf': DEBUGINFOD_URLS=https://debuginfod.ubuntu.com PYTHONPATH=/home/arthur/mrad_ws_2602_golf/build/bringup_2602_golf/prefix_override:/usr/lib/python3/dist-packages/colcon_core/task/python/colcon_distutils_commands:/home/arthur/mrad_ws_2602_golf/install/bringup_2602_golf/lib/python3.12/site-packages:${PYTHONPATH} /usr/bin/python3 -W ignore:setup.py install is deprecated -W ignore:easy_install command is deprecated setup.py develop --editable --build-directory /home/arthur/mrad_ws_2602_golf/build/bringup_2602_golf/build --no-deps symlink_data
[8.820s] running develop
[9.121s] /usr/lib/python3/dist-packages/setuptools/command/easy_install.py:363: UserWarning: Unbuilt egg for pytest-repeat [unknown version] (/usr/lib/python3/dist-packages)
[9.121s]   self.local_index = Environment(self.shadow_path + sys.path)
[9.162s] running egg_info
[9.162s] creating bringup_2602_golf.egg-info
[9.185s] writing bringup_2602_golf.egg-info/PKG-INFO
[9.186s] writing dependency_links to bringup_2602_golf.egg-info/dependency_links.txt
[9.186s] writing requirements to bringup_2602_golf.egg-info/requires.txt
[9.187s] writing top-level names to bringup_2602_golf.egg-info/top_level.txt
[9.187s] writing manifest file 'bringup_2602_golf.egg-info/SOURCES.txt'
[9.233s] reading manifest file 'bringup_2602_golf.egg-info/SOURCES.txt'
[9.233s] writing manifest file 'bringup_2602_golf.egg-info/SOURCES.txt'
[9.258s] running build_ext
[9.308s] Creating /home/arthur/mrad_ws_2602_golf/install/bringup_2602_golf/lib/python3.12/site-packages/bringup-2602-golf.egg-link (link to .)
[9.328s] 
[9.328s] Installed /home/arthur/mrad_ws_2602_golf/build/bringup_2602_golf
[9.329s] running symlink_data
[9.329s] creating /home/arthur/mrad_ws_2602_golf/install/bringup_2602_golf/share/ament_index
[9.329s] creating /home/arthur/mrad_ws_2602_golf/install/bringup_2602_golf/share/ament_index/resource_index
[9.329s] creating /home/arthur/mrad_ws_2602_golf/install/bringup_2602_golf/share/ament_index/resource_index/packages
[9.330s] symbolically linking /home/arthur/mrad_ws_2602_golf/build/bringup_2602_golf/resource/bringup_2602_golf -> /home/arthur/mrad_ws_2602_golf/install/bringup_2602_golf/share/ament_index/resource_index/packages
[9.330s] symbolically linking /home/arthur/mrad_ws_2602_golf/build/bringup_2602_golf/package.xml -> /home/arthur/mrad_ws_2602_golf/install/bringup_2602_golf/share/bringup_2602_golf
[9.330s] creating /home/arthur/mrad_ws_2602_golf/install/bringup_2602_golf/share/bringup_2602_golf/launch
[9.330s] symbolically linking /home/arthur/mrad_ws_2602_golf/build/bringup_2602_golf/launch/rsp.launch.py -> /home/arthur/mrad_ws_2602_golf/install/bringup_2602_golf/share/bringup_2602_golf/launch
[9.330s] creating /home/arthur/mrad_ws_2602_golf/install/bringup_2602_golf/share/bringup_2602_golf/config
[9.376s] Invoked command in '/home/arthur/mrad_ws_2602_golf/build/bringup_2602_golf' returned '0': DEBUGINFOD_URLS=https://debuginfod.ubuntu.com PYTHONPATH=/home/arthur/mrad_ws_2602_golf/build/bringup_2602_golf/prefix_override:/usr/lib/python3/dist-packages/colcon_core/task/python/colcon_distutils_commands:/home/arthur/mrad_ws_2602_golf/install/bringup_2602_golf/lib/python3.12/site-packages:${PYTHONPATH} /usr/bin/python3 -W ignore:setup.py install is deprecated -W ignore:easy_install command is deprecated setup.py develop --editable --build-directory /home/arthur/mrad_ws_2602_golf/build/bringup_2602_golf/build --no-deps symlink_data
