[8.462s] Invoking command in '/home/arthur/mrad_ws_2602_golf/build/description_2602_golf': DEBUGINFOD_URLS=https://debuginfod.ubuntu.com PYTHONPATH=/home/arthur/mrad_ws_2602_golf/build/description_2602_golf/prefix_override:/usr/lib/python3/dist-packages/colcon_core/task/python/colcon_distutils_commands:/home/arthur/mrad_ws_2602_golf/install/description_2602_golf/lib/python3.12/site-packages:${PYTHONPATH} /usr/bin/python3 -W ignore:setup.py install is deprecated -W ignore:easy_install command is deprecated setup.py develop --editable --build-directory /home/arthur/mrad_ws_2602_golf/build/description_2602_golf/build --no-deps symlink_data
[8.807s] running develop
[9.093s] /usr/lib/python3/dist-packages/setuptools/command/easy_install.py:363: UserWarning: Unbuilt egg for pytest-repeat [unknown version] (/usr/lib/python3/dist-packages)
[9.093s]   self.local_index = Environment(self.shadow_path + sys.path)
[9.135s] running egg_info
[9.135s] creating description_2602_golf.egg-info
[9.158s] writing description_2602_golf.egg-info/PKG-INFO
[9.159s] writing dependency_links to description_2602_golf.egg-info/dependency_links.txt
[9.159s] writing requirements to description_2602_golf.egg-info/requires.txt
[9.160s] writing top-level names to description_2602_golf.egg-info/top_level.txt
[9.160s] writing manifest file 'description_2602_golf.egg-info/SOURCES.txt'
[9.206s] reading manifest file 'description_2602_golf.egg-info/SOURCES.txt'
[9.206s] writing manifest file 'description_2602_golf.egg-info/SOURCES.txt'
[9.231s] running build_ext
[9.281s] Creating /home/arthur/mrad_ws_2602_golf/install/description_2602_golf/lib/python3.12/site-packages/description-2602-golf.egg-link (link to .)
[9.300s] 
[9.300s] Installed /home/arthur/mrad_ws_2602_golf/build/description_2602_golf
[9.301s] running symlink_data
[9.302s] creating /home/arthur/mrad_ws_2602_golf/install/description_2602_golf/share/ament_index
[9.302s] creating /home/arthur/mrad_ws_2602_golf/install/description_2602_golf/share/ament_index/resource_index
[9.302s] creating /home/arthur/mrad_ws_2602_golf/install/description_2602_golf/share/ament_index/resource_index/packages
[9.302s] symbolically linking /home/arthur/mrad_ws_2602_golf/build/description_2602_golf/resource/description_2602_golf -> /home/arthur/mrad_ws_2602_golf/install/description_2602_golf/share/ament_index/resource_index/packages
[9.302s] symbolically linking /home/arthur/mrad_ws_2602_golf/build/description_2602_golf/package.xml -> /home/arthur/mrad_ws_2602_golf/install/description_2602_golf/share/description_2602_golf
[9.302s] creating /home/arthur/mrad_ws_2602_golf/install/description_2602_golf/share/description_2602_golf/diffdrive_urdf
[9.303s] symbolically linking /home/arthur/mrad_ws_2602_golf/build/description_2602_golf/diffdrive_urdf/inertial_macros.xacro -> /home/arthur/mrad_ws_2602_golf/install/description_2602_golf/share/description_2602_golf/diffdrive_urdf
[9.303s] symbolically linking /home/arthur/mrad_ws_2602_golf/build/description_2602_golf/diffdrive_urdf/properties.xacro -> /home/arthur/mrad_ws_2602_golf/install/description_2602_golf/share/description_2602_golf/diffdrive_urdf
[9.303s] symbolically linking /home/arthur/mrad_ws_2602_golf/build/description_2602_golf/diffdrive_urdf/robot.urdf.xacro -> /home/arthur/mrad_ws_2602_golf/install/description_2602_golf/share/description_2602_golf/diffdrive_urdf
[9.303s] symbolically linking /home/arthur/mrad_ws_2602_golf/build/description_2602_golf/diffdrive_urdf/robot_core.xacro -> /home/arthur/mrad_ws_2602_golf/install/description_2602_golf/share/description_2602_golf/diffdrive_urdf
[9.343s] Invoked command in '/home/arthur/mrad_ws_2602_golf/build/description_2602_golf' returned '0': DEBUGINFOD_URLS=https://debuginfod.ubuntu.com PYTHONPATH=/home/arthur/mrad_ws_2602_golf/build/description_2602_golf/prefix_override:/usr/lib/python3/dist-packages/colcon_core/task/python/colcon_distutils_commands:/home/arthur/mrad_ws_2602_golf/install/description_2602_golf/lib/python3.12/site-packages:${PYTHONPATH} /usr/bin/python3 -W ignore:setup.py install is deprecated -W ignore:easy_install command is deprecated setup.py develop --editable --build-directory /home/arthur/mrad_ws_2602_golf/build/description_2602_golf/build --no-deps symlink_data
