[2.976s] Invoking command in '/home/arthur/mrad_ws_2602_golf/build/wall_following_2602_golf': DEBUGINFOD_URLS=https://debuginfod.ubuntu.com PYTHONPATH=/home/arthur/mrad_ws_2602_golf/build/wall_following_2602_golf/prefix_override:/usr/lib/python3/dist-packages/colcon_core/task/python/colcon_distutils_commands:/home/arthur/mrad_ws_2602_golf/install/wall_following_2602_golf/lib/python3.12/site-packages:${PYTHONPATH} /usr/bin/python3 -W ignore:setup.py install is deprecated -W ignore:easy_install command is deprecated setup.py develop --editable --build-directory /home/arthur/mrad_ws_2602_golf/build/wall_following_2602_golf/build --no-deps symlink_data
[3.455s] running develop
[3.661s] /usr/lib/python3/dist-packages/setuptools/command/easy_install.py:363: UserWarning: Unbuilt egg for pytest-repeat [unknown version] (/usr/lib/python3/dist-packages)
[3.662s]   self.local_index = Environment(self.shadow_path + sys.path)
[3.706s] running egg_info
[3.730s] writing wall_following_2602_golf.egg-info/PKG-INFO
[3.730s] writing dependency_links to wall_following_2602_golf.egg-info/dependency_links.txt
[3.730s] writing entry points to wall_following_2602_golf.egg-info/entry_points.txt
[3.730s] writing requirements to wall_following_2602_golf.egg-info/requires.txt
[3.731s] writing top-level names to wall_following_2602_golf.egg-info/top_level.txt
[3.779s] reading manifest file 'wall_following_2602_golf.egg-info/SOURCES.txt'
[3.780s] writing manifest file 'wall_following_2602_golf.egg-info/SOURCES.txt'
[3.806s] running build_ext
[3.807s] Creating /home/arthur/mrad_ws_2602_golf/install/wall_following_2602_golf/lib/python3.12/site-packages/wall-following-2602-golf.egg-link (link to .)
[3.807s] Installing control script to /home/arthur/mrad_ws_2602_golf/install/wall_following_2602_golf/lib/wall_following_2602_golf
[3.853s] Installing dist_finder script to /home/arthur/mrad_ws_2602_golf/install/wall_following_2602_golf/lib/wall_following_2602_golf
[3.853s] 
[3.853s] Installed /home/arthur/mrad_ws_2602_golf/build/wall_following_2602_golf
[3.853s] running symlink_data
[3.878s] Invoked command in '/home/arthur/mrad_ws_2602_golf/build/wall_following_2602_golf' returned '0': DEBUGINFOD_URLS=https://debuginfod.ubuntu.com PYTHONPATH=/home/arthur/mrad_ws_2602_golf/build/wall_following_2602_golf/prefix_override:/usr/lib/python3/dist-packages/colcon_core/task/python/colcon_distutils_commands:/home/arthur/mrad_ws_2602_golf/install/wall_following_2602_golf/lib/python3.12/site-packages:${PYTHONPATH} /usr/bin/python3 -W ignore:setup.py install is deprecated -W ignore:easy_install command is deprecated setup.py develop --editable --build-directory /home/arthur/mrad_ws_2602_golf/build/wall_following_2602_golf/build --no-deps symlink_data
