[7.272s] Invoking command in '/home/arthur/mrad_ws_2602_golf/build/ttc_2602_golf': DEBUGINFOD_URLS=https://debuginfod.ubuntu.com PYTHONPATH=/home/arthur/mrad_ws_2602_golf/build/ttc_2602_golf/prefix_override:/usr/lib/python3/dist-packages/colcon_core/task/python/colcon_distutils_commands:/home/arthur/mrad_ws_2602_golf/install/ttc_2602_golf/lib/python3.12/site-packages:${PYTHONPATH} /usr/bin/python3 -W ignore:setup.py install is deprecated -W ignore:easy_install command is deprecated setup.py develop --editable --build-directory /home/arthur/mrad_ws_2602_golf/build/ttc_2602_golf/build --no-deps symlink_data
[7.666s] running develop
[7.976s] /usr/lib/python3/dist-packages/setuptools/command/easy_install.py:363: UserWarning: Unbuilt egg for pytest-repeat [unknown version] (/usr/lib/python3/dist-packages)
[7.976s]   self.local_index = Environment(self.shadow_path + sys.path)
[8.053s] running egg_info
[8.096s] writing ttc_2602_golf.egg-info/PKG-INFO
[8.097s] writing dependency_links to ttc_2602_golf.egg-info/dependency_links.txt
[8.097s] writing entry points to ttc_2602_golf.egg-info/entry_points.txt
[8.097s] writing requirements to ttc_2602_golf.egg-info/requires.txt
[8.097s] writing top-level names to ttc_2602_golf.egg-info/top_level.txt
[8.181s] reading manifest file 'ttc_2602_golf.egg-info/SOURCES.txt'
[8.183s] writing manifest file 'ttc_2602_golf.egg-info/SOURCES.txt'
[8.227s] running build_ext
[8.227s] Creating /home/arthur/mrad_ws_2602_golf/install/ttc_2602_golf/lib/python3.12/site-packages/ttc-2602-golf.egg-link (link to .)
[8.228s] Installing lkp_node script to /home/arthur/mrad_ws_2602_golf/install/ttc_2602_golf/lib/ttc_2602_golf
[8.228s] Installing ttc_node script to /home/arthur/mrad_ws_2602_golf/install/ttc_2602_golf/lib/ttc_2602_golf
[8.228s] 
[8.228s] Installed /home/arthur/mrad_ws_2602_golf/build/ttc_2602_golf
[8.228s] running symlink_data
[8.295s] Invoked command in '/home/arthur/mrad_ws_2602_golf/build/ttc_2602_golf' returned '0': DEBUGINFOD_URLS=https://debuginfod.ubuntu.com PYTHONPATH=/home/arthur/mrad_ws_2602_golf/build/ttc_2602_golf/prefix_override:/usr/lib/python3/dist-packages/colcon_core/task/python/colcon_distutils_commands:/home/arthur/mrad_ws_2602_golf/install/ttc_2602_golf/lib/python3.12/site-packages:${PYTHONPATH} /usr/bin/python3 -W ignore:setup.py install is deprecated -W ignore:easy_install command is deprecated setup.py develop --editable --build-directory /home/arthur/mrad_ws_2602_golf/build/ttc_2602_golf/build --no-deps symlink_data
