[3.653s] Invoking command in '/home/arthur/mrad_ws_2602_golf/build/wall_following_2602_golf': DEBUGINFOD_URLS=https://debuginfod.ubuntu.com PYTHONPATH=/home/arthur/mrad_ws_2602_golf/build/wall_following_2602_golf/prefix_override:/usr/lib/python3/dist-packages/colcon_core/task/python/colcon_distutils_commands:/home/arthur/mrad_ws_2602_golf/install/wall_following_2602_golf/lib/python3.12/site-packages:${PYTHONPATH} /usr/bin/python3 -W ignore:setup.py install is deprecated -W ignore:easy_install command is deprecated setup.py develop --editable --build-directory /home/arthur/mrad_ws_2602_golf/build/wall_following_2602_golf/build --no-deps symlink_data
[4.378s] running develop
[4.773s] /usr/lib/python3/dist-packages/setuptools/command/easy_install.py:363: UserWarning: Unbuilt egg for pytest-repeat [unknown version] (/usr/lib/python3/dist-packages)
[4.773s]   self.local_index = Environment(self.shadow_path + sys.path)
[4.826s] running egg_info
[4.855s] writing wall_following_2602_golf.egg-info/PKG-INFO
[4.856s] writing dependency_links to wall_following_2602_golf.egg-info/dependency_links.txt
[4.856s] writing entry points to wall_following_2602_golf.egg-info/entry_points.txt
[4.856s] writing requirements to wall_following_2602_golf.egg-info/requires.txt
[4.858s] writing top-level names to wall_following_2602_golf.egg-info/top_level.txt
[4.929s] reading manifest file 'wall_following_2602_golf.egg-info/SOURCES.txt'
[4.929s] writing manifest file 'wall_following_2602_golf.egg-info/SOURCES.txt'
[4.972s] running build_ext
[4.972s] Creating /home/arthur/mrad_ws_2602_golf/install/wall_following_2602_golf/lib/python3.12/site-packages/wall-following-2602-golf.egg-link (link to .)
[4.973s] Installing control script to /home/arthur/mrad_ws_2602_golf/install/wall_following_2602_golf/lib/wall_following_2602_golf
[4.974s] Installing dist_finder script to /home/arthur/mrad_ws_2602_golf/install/wall_following_2602_golf/lib/wall_following_2602_golf
[4.974s] 
[4.974s] Installed /home/arthur/mrad_ws_2602_golf/build/wall_following_2602_golf
[4.974s] running symlink_data
[5.019s] Invoked command in '/home/arthur/mrad_ws_2602_golf/build/wall_following_2602_golf' returned '0': DEBUGINFOD_URLS=https://debuginfod.ubuntu.com PYTHONPATH=/home/arthur/mrad_ws_2602_golf/build/wall_following_2602_golf/prefix_override:/usr/lib/python3/dist-packages/colcon_core/task/python/colcon_distutils_commands:/home/arthur/mrad_ws_2602_golf/install/wall_following_2602_golf/lib/python3.12/site-packages:${PYTHONPATH} /usr/bin/python3 -W ignore:setup.py install is deprecated -W ignore:easy_install command is deprecated setup.py develop --editable --build-directory /home/arthur/mrad_ws_2602_golf/build/wall_following_2602_golf/build --no-deps symlink_data
