[6.283s] Invoking command in '/home/arthur/mrad_ws_2602_golf/build/ttc_2602_golf': DEBUGINFOD_URLS=https://debuginfod.ubuntu.com PYTHONPATH=/home/arthur/mrad_ws_2602_golf/build/ttc_2602_golf/prefix_override:/usr/lib/python3/dist-packages/colcon_core/task/python/colcon_distutils_commands:/home/arthur/mrad_ws_2602_golf/install/ttc_2602_golf/lib/python3.12/site-packages:${PYTHONPATH} /usr/bin/python3 -W ignore:setup.py install is deprecated -W ignore:easy_install command is deprecated setup.py develop --editable --build-directory /home/arthur/mrad_ws_2602_golf/build/ttc_2602_golf/build --no-deps symlink_data
[6.652s] running develop
[7.032s] /usr/lib/python3/dist-packages/setuptools/command/easy_install.py:363: UserWarning: Unbuilt egg for pytest-repeat [unknown version] (/usr/lib/python3/dist-packages)
[7.033s]   self.local_index = Environment(self.shadow_path + sys.path)
[7.076s] running egg_info
[7.076s] creating ttc_2602_golf.egg-info
[7.101s] writing ttc_2602_golf.egg-info/PKG-INFO
[7.101s] writing dependency_links to ttc_2602_golf.egg-info/dependency_links.txt
[7.102s] writing entry points to ttc_2602_golf.egg-info/entry_points.txt
[7.102s] writing requirements to ttc_2602_golf.egg-info/requires.txt
[7.103s] writing top-level names to ttc_2602_golf.egg-info/top_level.txt
[7.103s] writing manifest file 'ttc_2602_golf.egg-info/SOURCES.txt'
[7.153s] reading manifest file 'ttc_2602_golf.egg-info/SOURCES.txt'
[7.154s] writing manifest file 'ttc_2602_golf.egg-info/SOURCES.txt'
[7.181s] running build_ext
[7.181s] Creating /home/arthur/mrad_ws_2602_golf/install/ttc_2602_golf/lib/python3.12/site-packages/ttc-2602-golf.egg-link (link to .)
[7.182s] Installing lkp_node script to /home/arthur/mrad_ws_2602_golf/install/ttc_2602_golf/lib/ttc_2602_golf
[7.182s] Installing ttc_node script to /home/arthur/mrad_ws_2602_golf/install/ttc_2602_golf/lib/ttc_2602_golf
[7.182s] 
[7.183s] Installed /home/arthur/mrad_ws_2602_golf/build/ttc_2602_golf
[7.183s] running symlink_data
[7.183s] creating /home/arthur/mrad_ws_2602_golf/install/ttc_2602_golf/share/ament_index
[7.183s] creating /home/arthur/mrad_ws_2602_golf/install/ttc_2602_golf/share/ament_index/resource_index
[7.184s] creating /home/arthur/mrad_ws_2602_golf/install/ttc_2602_golf/share/ament_index/resource_index/packages
[7.184s] symbolically linking /home/arthur/mrad_ws_2602_golf/build/ttc_2602_golf/resource/ttc_2602_golf -> /home/arthur/mrad_ws_2602_golf/install/ttc_2602_golf/share/ament_index/resource_index/packages
[7.184s] symbolically linking /home/arthur/mrad_ws_2602_golf/build/ttc_2602_golf/package.xml -> /home/arthur/mrad_ws_2602_golf/install/ttc_2602_golf/share/ttc_2602_golf
[7.242s] Invoked command in '/home/arthur/mrad_ws_2602_golf/build/ttc_2602_golf' returned '0': DEBUGINFOD_URLS=https://debuginfod.ubuntu.com PYTHONPATH=/home/arthur/mrad_ws_2602_golf/build/ttc_2602_golf/prefix_override:/usr/lib/python3/dist-packages/colcon_core/task/python/colcon_distutils_commands:/home/arthur/mrad_ws_2602_golf/install/ttc_2602_golf/lib/python3.12/site-packages:${PYTHONPATH} /usr/bin/python3 -W ignore:setup.py install is deprecated -W ignore:easy_install command is deprecated setup.py develop --editable --build-directory /home/arthur/mrad_ws_2602_golf/build/ttc_2602_golf/build --no-deps symlink_data
