[3.287s] Invoking command in '/home/arthur/mrad_ws_2602_golf/build/ttc_follow_the_gap_2602_golf': DEBUGINFOD_URLS=https://debuginfod.ubuntu.com PYTHONPATH=/home/arthur/mrad_ws_2602_golf/build/ttc_follow_the_gap_2602_golf/prefix_override:/usr/lib/python3/dist-packages/colcon_core/task/python/colcon_distutils_commands:/home/arthur/mrad_ws_2602_golf/install/ttc_follow_the_gap_2602_golf/lib/python3.12/site-packages:${PYTHONPATH} /usr/bin/python3 -W ignore:setup.py install is deprecated -W ignore:easy_install command is deprecated setup.py develop --editable --build-directory /home/arthur/mrad_ws_2602_golf/build/ttc_follow_the_gap_2602_golf/build --no-deps symlink_data
[3.684s] running develop
[3.900s] /usr/lib/python3/dist-packages/setuptools/command/easy_install.py:363: UserWarning: Unbuilt egg for pytest-repeat [unknown version] (/usr/lib/python3/dist-packages)
[3.900s]   self.local_index = Environment(self.shadow_path + sys.path)
[3.945s] running egg_info
[3.970s] writing ttc_follow_the_gap_2602_golf.egg-info/PKG-INFO
[3.970s] writing dependency_links to ttc_follow_the_gap_2602_golf.egg-info/dependency_links.txt
[3.970s] writing entry points to ttc_follow_the_gap_2602_golf.egg-info/entry_points.txt
[3.970s] writing requirements to ttc_follow_the_gap_2602_golf.egg-info/requires.txt
[3.971s] writing top-level names to ttc_follow_the_gap_2602_golf.egg-info/top_level.txt
[4.022s] reading manifest file 'ttc_follow_the_gap_2602_golf.egg-info/SOURCES.txt'
[4.023s] writing manifest file 'ttc_follow_the_gap_2602_golf.egg-info/SOURCES.txt'
[4.048s] running build_ext
[4.049s] Creating /home/arthur/mrad_ws_2602_golf/install/ttc_follow_the_gap_2602_golf/lib/python3.12/site-packages/ttc-follow-the-gap-2602-golf.egg-link (link to .)
[4.049s] Installing ttc_gap_control script to /home/arthur/mrad_ws_2602_golf/install/ttc_follow_the_gap_2602_golf/lib/ttc_follow_the_gap_2602_golf
[4.049s] Installing ttc_gap_finder script to /home/arthur/mrad_ws_2602_golf/install/ttc_follow_the_gap_2602_golf/lib/ttc_follow_the_gap_2602_golf
[4.050s] 
[4.050s] Installed /home/arthur/mrad_ws_2602_golf/build/ttc_follow_the_gap_2602_golf
[4.050s] running symlink_data
[4.050s] error: can't copy '/home/arthur/mrad_ws_2602_golf/build/ttc_follow_the_gap_2602_golf/launch/ttc_ftg.launch.py': doesn't exist or not a regular file
[4.081s] Invoked command in '/home/arthur/mrad_ws_2602_golf/build/ttc_follow_the_gap_2602_golf' returned '1': DEBUGINFOD_URLS=https://debuginfod.ubuntu.com PYTHONPATH=/home/arthur/mrad_ws_2602_golf/build/ttc_follow_the_gap_2602_golf/prefix_override:/usr/lib/python3/dist-packages/colcon_core/task/python/colcon_distutils_commands:/home/arthur/mrad_ws_2602_golf/install/ttc_follow_the_gap_2602_golf/lib/python3.12/site-packages:${PYTHONPATH} /usr/bin/python3 -W ignore:setup.py install is deprecated -W ignore:easy_install command is deprecated setup.py develop --editable --build-directory /home/arthur/mrad_ws_2602_golf/build/ttc_follow_the_gap_2602_golf/build --no-deps symlink_data
