[8.444s] Invoking command in '/home/arthur/mrad_ws_2602_golf/build/gazebo_2602_golf': DEBUGINFOD_URLS=https://debuginfod.ubuntu.com PYTHONPATH=/home/arthur/mrad_ws_2602_golf/build/gazebo_2602_golf/prefix_override:/usr/lib/python3/dist-packages/colcon_core/task/python/colcon_distutils_commands:/home/arthur/mrad_ws_2602_golf/install/gazebo_2602_golf/lib/python3.12/site-packages:${PYTHONPATH} /usr/bin/python3 -W ignore:setup.py install is deprecated -W ignore:easy_install command is deprecated setup.py develop --editable --build-directory /home/arthur/mrad_ws_2602_golf/build/gazebo_2602_golf/build --no-deps symlink_data
[8.792s] running develop
[9.088s] /usr/lib/python3/dist-packages/setuptools/command/easy_install.py:363: UserWarning: Unbuilt egg for pytest-repeat [unknown version] (/usr/lib/python3/dist-packages)
[9.088s]   self.local_index = Environment(self.shadow_path + sys.path)
[9.130s] running egg_info
[9.130s] creating gazebo_2602_golf.egg-info
[9.153s] writing gazebo_2602_golf.egg-info/PKG-INFO
[9.154s] writing dependency_links to gazebo_2602_golf.egg-info/dependency_links.txt
[9.155s] writing requirements to gazebo_2602_golf.egg-info/requires.txt
[9.155s] writing top-level names to gazebo_2602_golf.egg-info/top_level.txt
[9.155s] writing manifest file 'gazebo_2602_golf.egg-info/SOURCES.txt'
[9.202s] reading manifest file 'gazebo_2602_golf.egg-info/SOURCES.txt'
[9.202s] writing manifest file 'gazebo_2602_golf.egg-info/SOURCES.txt'
[9.227s] running build_ext
[9.276s] Creating /home/arthur/mrad_ws_2602_golf/install/gazebo_2602_golf/lib/python3.12/site-packages/gazebo-2602-golf.egg-link (link to .)
[9.296s] 
[9.296s] Installed /home/arthur/mrad_ws_2602_golf/build/gazebo_2602_golf
[9.296s] running symlink_data
[9.296s] creating /home/arthur/mrad_ws_2602_golf/install/gazebo_2602_golf/share/ament_index
[9.297s] creating /home/arthur/mrad_ws_2602_golf/install/gazebo_2602_golf/share/ament_index/resource_index
[9.297s] creating /home/arthur/mrad_ws_2602_golf/install/gazebo_2602_golf/share/ament_index/resource_index/packages
[9.297s] symbolically linking /home/arthur/mrad_ws_2602_golf/build/gazebo_2602_golf/resource/gazebo_2602_golf -> /home/arthur/mrad_ws_2602_golf/install/gazebo_2602_golf/share/ament_index/resource_index/packages
[9.297s] symbolically linking /home/arthur/mrad_ws_2602_golf/build/gazebo_2602_golf/package.xml -> /home/arthur/mrad_ws_2602_golf/install/gazebo_2602_golf/share/gazebo_2602_golf
[9.297s] creating /home/arthur/mrad_ws_2602_golf/install/gazebo_2602_golf/share/gazebo_2602_golf/worlds
[9.298s] symbolically linking /home/arthur/mrad_ws_2602_golf/build/gazebo_2602_golf/worlds/empty_world.sdf -> /home/arthur/mrad_ws_2602_golf/install/gazebo_2602_golf/share/gazebo_2602_golf/worlds
[9.298s] creating /home/arthur/mrad_ws_2602_golf/install/gazebo_2602_golf/share/gazebo_2602_golf/config
[9.352s] Invoked command in '/home/arthur/mrad_ws_2602_golf/build/gazebo_2602_golf' returned '0': DEBUGINFOD_URLS=https://debuginfod.ubuntu.com PYTHONPATH=/home/arthur/mrad_ws_2602_golf/build/gazebo_2602_golf/prefix_override:/usr/lib/python3/dist-packages/colcon_core/task/python/colcon_distutils_commands:/home/arthur/mrad_ws_2602_golf/install/gazebo_2602_golf/lib/python3.12/site-packages:${PYTHONPATH} /usr/bin/python3 -W ignore:setup.py install is deprecated -W ignore:easy_install command is deprecated setup.py develop --editable --build-directory /home/arthur/mrad_ws_2602_golf/build/gazebo_2602_golf/build --no-deps symlink_data
