[7.801s] Invoking command in '/home/arthur/mrad_ws_2602_golf/build/ttc_2602_golf': DEBUGINFOD_URLS=https://debuginfod.ubuntu.com PYTHONPATH=/home/arthur/mrad_ws_2602_golf/build/ttc_2602_golf/prefix_override:/usr/lib/python3/dist-packages/colcon_core/task/python/colcon_distutils_commands:/home/arthur/mrad_ws_2602_golf/install/ttc_2602_golf/lib/python3.12/site-packages:${PYTHONPATH} /usr/bin/python3 -W ignore:setup.py install is deprecated -W ignore:easy_install command is deprecated setup.py develop --editable --build-directory /home/arthur/mrad_ws_2602_golf/build/ttc_2602_golf/build --no-deps symlink_data
[8.503s] running develop
[9.233s] /usr/lib/python3/dist-packages/setuptools/command/easy_install.py:363: UserWarning: Unbuilt egg for pytest-repeat [unknown version] (/usr/lib/python3/dist-packages)
[9.234s]   self.local_index = Environment(self.shadow_path + sys.path)
[9.309s] running egg_info
[9.353s] writing ttc_2602_golf.egg-info/PKG-INFO
[9.353s] writing dependency_links to ttc_2602_golf.egg-info/dependency_links.txt
[9.354s] writing entry points to ttc_2602_golf.egg-info/entry_points.txt
[9.354s] writing requirements to ttc_2602_golf.egg-info/requires.txt
[9.354s] writing top-level names to ttc_2602_golf.egg-info/top_level.txt
[9.447s] reading manifest file 'ttc_2602_golf.egg-info/SOURCES.txt'
[9.447s] writing manifest file 'ttc_2602_golf.egg-info/SOURCES.txt'
[9.481s] running build_ext
[9.481s] Creating /home/arthur/mrad_ws_2602_golf/install/ttc_2602_golf/lib/python3.12/site-packages/ttc-2602-golf.egg-link (link to .)
[9.481s] Installing lkp_node script to /home/arthur/mrad_ws_2602_golf/install/ttc_2602_golf/lib/ttc_2602_golf
[9.482s] Installing ttc_node script to /home/arthur/mrad_ws_2602_golf/install/ttc_2602_golf/lib/ttc_2602_golf
[9.482s] 
[9.482s] Installed /home/arthur/mrad_ws_2602_golf/build/ttc_2602_golf
[9.482s] running symlink_data
[9.529s] Invoked command in '/home/arthur/mrad_ws_2602_golf/build/ttc_2602_golf' returned '0': DEBUGINFOD_URLS=https://debuginfod.ubuntu.com PYTHONPATH=/home/arthur/mrad_ws_2602_golf/build/ttc_2602_golf/prefix_override:/usr/lib/python3/dist-packages/colcon_core/task/python/colcon_distutils_commands:/home/arthur/mrad_ws_2602_golf/install/ttc_2602_golf/lib/python3.12/site-packages:${PYTHONPATH} /usr/bin/python3 -W ignore:setup.py install is deprecated -W ignore:easy_install command is deprecated setup.py develop --editable --build-directory /home/arthur/mrad_ws_2602_golf/build/ttc_2602_golf/build --no-deps symlink_data
