running develop
running egg_info
creating follow_the_gap_2602_golf.egg-info
writing follow_the_gap_2602_golf.egg-info/PKG-INFO
writing dependency_links to follow_the_gap_2602_golf.egg-info/dependency_links.txt
writing requirements to follow_the_gap_2602_golf.egg-info/requires.txt
writing top-level names to follow_the_gap_2602_golf.egg-info/top_level.txt
writing manifest file 'follow_the_gap_2602_golf.egg-info/SOURCES.txt'
reading manifest file 'follow_the_gap_2602_golf.egg-info/SOURCES.txt'
writing manifest file 'follow_the_gap_2602_golf.egg-info/SOURCES.txt'
running build_ext
Creating /home/arthur/mrad_ws_2602_golf/install/follow_the_gap_2602_golf/lib/python3.12/site-packages/follow-the-gap-2602-golf.egg-link (link to .)

Installed /home/arthur/mrad_ws_2602_golf/build/follow_the_gap_2602_golf
running symlink_data
creating /home/arthur/mrad_ws_2602_golf/install/follow_the_gap_2602_golf/share/ament_index
creating /home/arthur/mrad_ws_2602_golf/install/follow_the_gap_2602_golf/share/ament_index/resource_index
creating /home/arthur/mrad_ws_2602_golf/install/follow_the_gap_2602_golf/share/ament_index/resource_index/packages
symbolically linking /home/arthur/mrad_ws_2602_golf/build/follow_the_gap_2602_golf/resource/follow_the_gap_2602_golf -> /home/arthur/mrad_ws_2602_golf/install/follow_the_gap_2602_golf/share/ament_index/resource_index/packages
symbolically linking /home/arthur/mrad_ws_2602_golf/build/follow_the_gap_2602_golf/package.xml -> /home/arthur/mrad_ws_2602_golf/install/follow_the_gap_2602_golf/share/follow_the_gap_2602_golf
creating /home/arthur/mrad_ws_2602_golf/install/follow_the_gap_2602_golf/share/follow_the_gap_2602_golf/launch
symbolically linking /home/arthur/mrad_ws_2602_golf/build/follow_the_gap_2602_golf/launch/ftg.launch.py -> /home/arthur/mrad_ws_2602_golf/install/follow_the_gap_2602_golf/share/follow_the_gap_2602_golf/launch
creating /home/arthur/mrad_ws_2602_golf/install/follow_the_gap_2602_golf/share/follow_the_gap_2602_golf/config
