[7.001s] Invoking command in '/home/arthur/mrad_ws_2602_golf/build/follow_the_gap_2602_golf': DEBUGINFOD_URLS=https://debuginfod.ubuntu.com PYTHONPATH=/home/arthur/mrad_ws_2602_golf/build/follow_the_gap_2602_golf/prefix_override:/usr/lib/python3/dist-packages/colcon_core/task/python/colcon_distutils_commands:/home/arthur/mrad_ws_2602_golf/install/follow_the_gap_2602_golf/lib/python3.12/site-packages:${PYTHONPATH} /usr/bin/python3 -W ignore:setup.py install is deprecated -W ignore:easy_install command is deprecated setup.py develop --editable --build-directory /home/arthur/mrad_ws_2602_golf/build/follow_the_gap_2602_golf/build --no-deps symlink_data
[7.617s] running develop
[7.953s] /usr/lib/python3/dist-packages/setuptools/command/easy_install.py:363: UserWarning: Unbuilt egg for pytest-repeat [unknown version] (/usr/lib/python3/dist-packages)
[7.954s]   self.local_index = Environment(self.shadow_path + sys.path)
[8.000s] running egg_info
[8.001s] creating follow_the_gap_2602_golf.egg-info
[8.028s] writing follow_the_gap_2602_golf.egg-info/PKG-INFO
[8.028s] writing dependency_links to follow_the_gap_2602_golf.egg-info/dependency_links.txt
[8.029s] writing requirements to follow_the_gap_2602_golf.egg-info/requires.txt
[8.029s] writing top-level names to follow_the_gap_2602_golf.egg-info/top_level.txt
[8.029s] writing manifest file 'follow_the_gap_2602_golf.egg-info/SOURCES.txt'
[8.082s] reading manifest file 'follow_the_gap_2602_golf.egg-info/SOURCES.txt'
[8.083s] writing manifest file 'follow_the_gap_2602_golf.egg-info/SOURCES.txt'
[8.111s] running build_ext
[8.111s] Creating /home/arthur/mrad_ws_2602_golf/install/follow_the_gap_2602_golf/lib/python3.12/site-packages/follow-the-gap-2602-golf.egg-link (link to .)
[8.112s] 
[8.112s] Installed /home/arthur/mrad_ws_2602_golf/build/follow_the_gap_2602_golf
[8.113s] running symlink_data
[8.113s] creating /home/arthur/mrad_ws_2602_golf/install/follow_the_gap_2602_golf/share/ament_index
[8.113s] creating /home/arthur/mrad_ws_2602_golf/install/follow_the_gap_2602_golf/share/ament_index/resource_index
[8.113s] creating /home/arthur/mrad_ws_2602_golf/install/follow_the_gap_2602_golf/share/ament_index/resource_index/packages
[8.113s] symbolically linking /home/arthur/mrad_ws_2602_golf/build/follow_the_gap_2602_golf/resource/follow_the_gap_2602_golf -> /home/arthur/mrad_ws_2602_golf/install/follow_the_gap_2602_golf/share/ament_index/resource_index/packages
[8.113s] symbolically linking /home/arthur/mrad_ws_2602_golf/build/follow_the_gap_2602_golf/package.xml -> /home/arthur/mrad_ws_2602_golf/install/follow_the_gap_2602_golf/share/follow_the_gap_2602_golf
[8.113s] creating /home/arthur/mrad_ws_2602_golf/install/follow_the_gap_2602_golf/share/follow_the_gap_2602_golf/launch
[8.114s] symbolically linking /home/arthur/mrad_ws_2602_golf/build/follow_the_gap_2602_golf/launch/ftg.launch.py -> /home/arthur/mrad_ws_2602_golf/install/follow_the_gap_2602_golf/share/follow_the_gap_2602_golf/launch
[8.114s] creating /home/arthur/mrad_ws_2602_golf/install/follow_the_gap_2602_golf/share/follow_the_gap_2602_golf/config
[8.146s] Invoked command in '/home/arthur/mrad_ws_2602_golf/build/follow_the_gap_2602_golf' returned '0': DEBUGINFOD_URLS=https://debuginfod.ubuntu.com PYTHONPATH=/home/arthur/mrad_ws_2602_golf/build/follow_the_gap_2602_golf/prefix_override:/usr/lib/python3/dist-packages/colcon_core/task/python/colcon_distutils_commands:/home/arthur/mrad_ws_2602_golf/install/follow_the_gap_2602_golf/lib/python3.12/site-packages:${PYTHONPATH} /usr/bin/python3 -W ignore:setup.py install is deprecated -W ignore:easy_install command is deprecated setup.py develop --editable --build-directory /home/arthur/mrad_ws_2602_golf/build/follow_the_gap_2602_golf/build --no-deps symlink_data
