[0.120s] DEBUG:colcon:Command line arguments: ['/usr/bin/colcon', 'build', '--symlink-install']
[0.120s] DEBUG:colcon:Parsed command line arguments: Namespace(log_base=None, log_level=None, verb_name='build', build_base='build', install_base='install', merge_install=False, symlink_install=True, test_result_base=None, continue_on_error=False, executor='parallel', parallel_workers=8, event_handlers=None, ignore_user_meta=False, metas=['./colcon.meta'], base_paths=['.'], packages_ignore=None, packages_ignore_regex=None, paths=None, packages_up_to=None, packages_up_to_regex=None, packages_above=None, packages_above_and_dependencies=None, packages_above_depth=None, packages_select_by_dep=None, packages_skip_by_dep=None, packages_skip_up_to=None, packages_select_build_failed=False, packages_skip_build_finished=False, packages_select_test_failures=False, packages_skip_test_passed=False, packages_select=None, packages_skip=None, packages_select_regex=None, packages_skip_regex=None, packages_start=None, packages_end=None, allow_overriding=[], cmake_args=None, cmake_target=None, cmake_target_skip_unavailable=False, cmake_clean_cache=False, cmake_clean_first=False, cmake_force_configure=False, ament_cmake_args=None, catkin_cmake_args=None, catkin_skip_building_tests=False, mixin_files=None, mixin=None, verb_parser=<colcon_mixin.mixin.mixin_argument.MixinArgumentDecorator object at 0x744a104e9940>, verb_extension=<colcon_core.verb.build.BuildVerb object at 0x744a10401910>, main=<bound method BuildVerb.main of <colcon_core.verb.build.BuildVerb object at 0x744a10401910>>, mixin_verb=('build',))
[0.155s] Level 1:colcon.colcon_core.package_discovery:discover_packages(colcon_meta) check parameters
[0.155s] Level 1:colcon.colcon_core.package_discovery:discover_packages(recursive) check parameters
[0.155s] Level 1:colcon.colcon_core.package_discovery:discover_packages(ignore) check parameters
[0.155s] Level 1:colcon.colcon_core.package_discovery:discover_packages(path) check parameters
[0.155s] Level 1:colcon.colcon_core.package_discovery:discover_packages(colcon_meta) discover
[0.155s] Level 1:colcon.colcon_core.package_discovery:discover_packages(recursive) discover
[0.155s] INFO:colcon.colcon_core.package_discovery:Crawling recursively for packages in '/home/arthur/mrad_ws_2602_golf'
[0.155s] Level 1:colcon.colcon_core.package_identification:_identify(.) by extensions ['ignore', 'ignore_ament_install']
[0.156s] Level 1:colcon.colcon_core.package_identification:_identify(.) by extension 'ignore'
[0.156s] Level 1:colcon.colcon_core.package_identification:_identify(.) by extension 'ignore_ament_install'
[0.156s] Level 1:colcon.colcon_core.package_identification:_identify(.) by extensions ['colcon_pkg']
[0.156s] Level 1:colcon.colcon_core.package_identification:_identify(.) by extension 'colcon_pkg'
[0.156s] Level 1:colcon.colcon_core.package_identification:_identify(.) by extensions ['colcon_meta']
[0.156s] Level 1:colcon.colcon_core.package_identification:_identify(.) by extension 'colcon_meta'
[0.156s] Level 1:colcon.colcon_core.package_identification:_identify(.) by extensions ['ros']
[0.156s] Level 1:colcon.colcon_core.package_identification:_identify(.) by extension 'ros'
[0.179s] Level 1:colcon.colcon_core.package_identification:_identify(.) by extensions ['cmake', 'python']
[0.179s] Level 1:colcon.colcon_core.package_identification:_identify(.) by extension 'cmake'
[0.179s] Level 1:colcon.colcon_core.package_identification:_identify(.) by extension 'python'
[0.179s] Level 1:colcon.colcon_core.package_identification:_identify(.) by extensions ['python_setup_py']
[0.179s] Level 1:colcon.colcon_core.package_identification:_identify(.) by extension 'python_setup_py'
[0.180s] Level 1:colcon.colcon_core.package_identification:_identify(build) by extensions ['ignore', 'ignore_ament_install']
[0.180s] Level 1:colcon.colcon_core.package_identification:_identify(build) by extension 'ignore'
[0.180s] Level 1:colcon.colcon_core.package_identification:_identify(build) ignored
[0.180s] Level 1:colcon.colcon_core.package_identification:_identify(install) by extensions ['ignore', 'ignore_ament_install']
[0.180s] Level 1:colcon.colcon_core.package_identification:_identify(install) by extension 'ignore'
[0.180s] Level 1:colcon.colcon_core.package_identification:_identify(install) ignored
[0.180s] Level 1:colcon.colcon_core.package_identification:_identify(log) by extensions ['ignore', 'ignore_ament_install']
[0.180s] Level 1:colcon.colcon_core.package_identification:_identify(log) by extension 'ignore'
[0.180s] Level 1:colcon.colcon_core.package_identification:_identify(log) ignored
[0.180s] Level 1:colcon.colcon_core.package_identification:_identify(src) by extensions ['ignore', 'ignore_ament_install']
[0.180s] Level 1:colcon.colcon_core.package_identification:_identify(src) by extension 'ignore'
[0.180s] Level 1:colcon.colcon_core.package_identification:_identify(src) by extension 'ignore_ament_install'
[0.181s] Level 1:colcon.colcon_core.package_identification:_identify(src) by extensions ['colcon_pkg']
[0.181s] Level 1:colcon.colcon_core.package_identification:_identify(src) by extension 'colcon_pkg'
[0.181s] Level 1:colcon.colcon_core.package_identification:_identify(src) by extensions ['colcon_meta']
[0.181s] Level 1:colcon.colcon_core.package_identification:_identify(src) by extension 'colcon_meta'
[0.181s] Level 1:colcon.colcon_core.package_identification:_identify(src) by extensions ['ros']
[0.181s] Level 1:colcon.colcon_core.package_identification:_identify(src) by extension 'ros'
[0.181s] Level 1:colcon.colcon_core.package_identification:_identify(src) by extensions ['cmake', 'python']
[0.181s] Level 1:colcon.colcon_core.package_identification:_identify(src) by extension 'cmake'
[0.181s] Level 1:colcon.colcon_core.package_identification:_identify(src) by extension 'python'
[0.181s] Level 1:colcon.colcon_core.package_identification:_identify(src) by extensions ['python_setup_py']
[0.181s] Level 1:colcon.colcon_core.package_identification:_identify(src) by extension 'python_setup_py'
[0.181s] Level 1:colcon.colcon_core.package_identification:_identify(src/bringup_2602_golf) by extensions ['ignore', 'ignore_ament_install']
[0.181s] Level 1:colcon.colcon_core.package_identification:_identify(src/bringup_2602_golf) by extension 'ignore'
[0.181s] Level 1:colcon.colcon_core.package_identification:_identify(src/bringup_2602_golf) by extension 'ignore_ament_install'
[0.181s] Level 1:colcon.colcon_core.package_identification:_identify(src/bringup_2602_golf) by extensions ['colcon_pkg']
[0.181s] Level 1:colcon.colcon_core.package_identification:_identify(src/bringup_2602_golf) by extension 'colcon_pkg'
[0.181s] Level 1:colcon.colcon_core.package_identification:_identify(src/bringup_2602_golf) by extensions ['colcon_meta']
[0.181s] Level 1:colcon.colcon_core.package_identification:_identify(src/bringup_2602_golf) by extension 'colcon_meta'
[0.181s] Level 1:colcon.colcon_core.package_identification:_identify(src/bringup_2602_golf) by extensions ['ros']
[0.181s] Level 1:colcon.colcon_core.package_identification:_identify(src/bringup_2602_golf) by extension 'ros'
[0.183s] DEBUG:colcon.colcon_core.package_identification:Package 'src/bringup_2602_golf' with type 'ros.ament_python' and name 'bringup_2602_golf'
[0.183s] Level 1:colcon.colcon_core.package_identification:_identify(src/control_2602_golf) by extensions ['ignore', 'ignore_ament_install']
[0.183s] Level 1:colcon.colcon_core.package_identification:_identify(src/control_2602_golf) by extension 'ignore'
[0.184s] Level 1:colcon.colcon_core.package_identification:_identify(src/control_2602_golf) by extension 'ignore_ament_install'
[0.184s] Level 1:colcon.colcon_core.package_identification:_identify(src/control_2602_golf) by extensions ['colcon_pkg']
[0.184s] Level 1:colcon.colcon_core.package_identification:_identify(src/control_2602_golf) by extension 'colcon_pkg'
[0.184s] Level 1:colcon.colcon_core.package_identification:_identify(src/control_2602_golf) by extensions ['colcon_meta']
[0.184s] Level 1:colcon.colcon_core.package_identification:_identify(src/control_2602_golf) by extension 'colcon_meta'
[0.184s] Level 1:colcon.colcon_core.package_identification:_identify(src/control_2602_golf) by extensions ['ros']
[0.184s] Level 1:colcon.colcon_core.package_identification:_identify(src/control_2602_golf) by extension 'ros'
[0.184s] DEBUG:colcon.colcon_core.package_identification:Package 'src/control_2602_golf' with type 'ros.ament_cmake' and name 'control_2602_golf'
[0.184s] Level 1:colcon.colcon_core.package_identification:_identify(src/description_2602_golf) by extensions ['ignore', 'ignore_ament_install']
[0.184s] Level 1:colcon.colcon_core.package_identification:_identify(src/description_2602_golf) by extension 'ignore'
[0.184s] Level 1:colcon.colcon_core.package_identification:_identify(src/description_2602_golf) by extension 'ignore_ament_install'
[0.184s] Level 1:colcon.colcon_core.package_identification:_identify(src/description_2602_golf) by extensions ['colcon_pkg']
[0.185s] Level 1:colcon.colcon_core.package_identification:_identify(src/description_2602_golf) by extension 'colcon_pkg'
[0.185s] Level 1:colcon.colcon_core.package_identification:_identify(src/description_2602_golf) by extensions ['colcon_meta']
[0.185s] Level 1:colcon.colcon_core.package_identification:_identify(src/description_2602_golf) by extension 'colcon_meta'
[0.185s] Level 1:colcon.colcon_core.package_identification:_identify(src/description_2602_golf) by extensions ['ros']
[0.185s] Level 1:colcon.colcon_core.package_identification:_identify(src/description_2602_golf) by extension 'ros'
[0.185s] DEBUG:colcon.colcon_core.package_identification:Package 'src/description_2602_golf' with type 'ros.ament_python' and name 'description_2602_golf'
[0.185s] Level 1:colcon.colcon_core.package_identification:_identify(src/follow_the_gap_2602_golf) by extensions ['ignore', 'ignore_ament_install']
[0.185s] Level 1:colcon.colcon_core.package_identification:_identify(src/follow_the_gap_2602_golf) by extension 'ignore'
[0.185s] Level 1:colcon.colcon_core.package_identification:_identify(src/follow_the_gap_2602_golf) by extension 'ignore_ament_install'
[0.185s] Level 1:colcon.colcon_core.package_identification:_identify(src/follow_the_gap_2602_golf) by extensions ['colcon_pkg']
[0.185s] Level 1:colcon.colcon_core.package_identification:_identify(src/follow_the_gap_2602_golf) by extension 'colcon_pkg'
[0.185s] Level 1:colcon.colcon_core.package_identification:_identify(src/follow_the_gap_2602_golf) by extensions ['colcon_meta']
[0.185s] Level 1:colcon.colcon_core.package_identification:_identify(src/follow_the_gap_2602_golf) by extension 'colcon_meta'
[0.185s] Level 1:colcon.colcon_core.package_identification:_identify(src/follow_the_gap_2602_golf) by extensions ['ros']
[0.185s] Level 1:colcon.colcon_core.package_identification:_identify(src/follow_the_gap_2602_golf) by extension 'ros'
[0.186s] DEBUG:colcon.colcon_core.package_identification:Package 'src/follow_the_gap_2602_golf' with type 'ros.ament_python' and name 'follow_the_gap_2602_golf'
[0.186s] Level 1:colcon.colcon_core.package_identification:_identify(src/gazebo_2602_golf) by extensions ['ignore', 'ignore_ament_install']
[0.186s] Level 1:colcon.colcon_core.package_identification:_identify(src/gazebo_2602_golf) by extension 'ignore'
[0.186s] Level 1:colcon.colcon_core.package_identification:_identify(src/gazebo_2602_golf) by extension 'ignore_ament_install'
[0.186s] Level 1:colcon.colcon_core.package_identification:_identify(src/gazebo_2602_golf) by extensions ['colcon_pkg']
[0.186s] Level 1:colcon.colcon_core.package_identification:_identify(src/gazebo_2602_golf) by extension 'colcon_pkg'
[0.186s] Level 1:colcon.colcon_core.package_identification:_identify(src/gazebo_2602_golf) by extensions ['colcon_meta']
[0.186s] Level 1:colcon.colcon_core.package_identification:_identify(src/gazebo_2602_golf) by extension 'colcon_meta'
[0.186s] Level 1:colcon.colcon_core.package_identification:_identify(src/gazebo_2602_golf) by extensions ['ros']
[0.186s] Level 1:colcon.colcon_core.package_identification:_identify(src/gazebo_2602_golf) by extension 'ros'
[0.187s] DEBUG:colcon.colcon_core.package_identification:Package 'src/gazebo_2602_golf' with type 'ros.ament_python' and name 'gazebo_2602_golf'
[0.187s] Level 1:colcon.colcon_core.package_identification:_identify(src/ttc_2602_golf) by extensions ['ignore', 'ignore_ament_install']
[0.187s] Level 1:colcon.colcon_core.package_identification:_identify(src/ttc_2602_golf) by extension 'ignore'
[0.187s] Level 1:colcon.colcon_core.package_identification:_identify(src/ttc_2602_golf) by extension 'ignore_ament_install'
[0.187s] Level 1:colcon.colcon_core.package_identification:_identify(src/ttc_2602_golf) by extensions ['colcon_pkg']
[0.187s] Level 1:colcon.colcon_core.package_identification:_identify(src/ttc_2602_golf) by extension 'colcon_pkg'
[0.187s] Level 1:colcon.colcon_core.package_identification:_identify(src/ttc_2602_golf) by extensions ['colcon_meta']
[0.187s] Level 1:colcon.colcon_core.package_identification:_identify(src/ttc_2602_golf) by extension 'colcon_meta'
[0.187s] Level 1:colcon.colcon_core.package_identification:_identify(src/ttc_2602_golf) by extensions ['ros']
[0.187s] Level 1:colcon.colcon_core.package_identification:_identify(src/ttc_2602_golf) by extension 'ros'
[0.188s] DEBUG:colcon.colcon_core.package_identification:Package 'src/ttc_2602_golf' with type 'ros.ament_python' and name 'ttc_2602_golf'
[0.188s] Level 1:colcon.colcon_core.package_identification:_identify(src/ttc_follow_the_gap_2602_golf) by extensions ['ignore', 'ignore_ament_install']
[0.188s] Level 1:colcon.colcon_core.package_identification:_identify(src/ttc_follow_the_gap_2602_golf) by extension 'ignore'
[0.188s] Level 1:colcon.colcon_core.package_identification:_identify(src/ttc_follow_the_gap_2602_golf) by extension 'ignore_ament_install'
[0.188s] Level 1:colcon.colcon_core.package_identification:_identify(src/ttc_follow_the_gap_2602_golf) by extensions ['colcon_pkg']
[0.188s] Level 1:colcon.colcon_core.package_identification:_identify(src/ttc_follow_the_gap_2602_golf) by extension 'colcon_pkg'
[0.188s] Level 1:colcon.colcon_core.package_identification:_identify(src/ttc_follow_the_gap_2602_golf) by extensions ['colcon_meta']
[0.188s] Level 1:colcon.colcon_core.package_identification:_identify(src/ttc_follow_the_gap_2602_golf) by extension 'colcon_meta'
[0.188s] Level 1:colcon.colcon_core.package_identification:_identify(src/ttc_follow_the_gap_2602_golf) by extensions ['ros']
[0.188s] Level 1:colcon.colcon_core.package_identification:_identify(src/ttc_follow_the_gap_2602_golf) by extension 'ros'
[0.188s] DEBUG:colcon.colcon_core.package_identification:Package 'src/ttc_follow_the_gap_2602_golf' with type 'ros.ament_python' and name 'ttc_follow_the_gap_2602_golf'
[0.188s] Level 1:colcon.colcon_core.package_identification:_identify(src/wall_following_2602_golf) by extensions ['ignore', 'ignore_ament_install']
[0.189s] Level 1:colcon.colcon_core.package_identification:_identify(src/wall_following_2602_golf) by extension 'ignore'
[0.189s] Level 1:colcon.colcon_core.package_identification:_identify(src/wall_following_2602_golf) by extension 'ignore_ament_install'
[0.189s] Level 1:colcon.colcon_core.package_identification:_identify(src/wall_following_2602_golf) by extensions ['colcon_pkg']
[0.189s] Level 1:colcon.colcon_core.package_identification:_identify(src/wall_following_2602_golf) by extension 'colcon_pkg'
[0.189s] Level 1:colcon.colcon_core.package_identification:_identify(src/wall_following_2602_golf) by extensions ['colcon_meta']
[0.189s] Level 1:colcon.colcon_core.package_identification:_identify(src/wall_following_2602_golf) by extension 'colcon_meta'
[0.189s] Level 1:colcon.colcon_core.package_identification:_identify(src/wall_following_2602_golf) by extensions ['ros']
[0.189s] Level 1:colcon.colcon_core.package_identification:_identify(src/wall_following_2602_golf) by extension 'ros'
[0.189s] DEBUG:colcon.colcon_core.package_identification:Package 'src/wall_following_2602_golf' with type 'ros.ament_python' and name 'wall_following_2602_golf'
[0.189s] Level 1:colcon.colcon_core.package_discovery:discover_packages(recursive) using defaults
[0.189s] Level 1:colcon.colcon_core.package_discovery:discover_packages(ignore) discover
[0.189s] Level 1:colcon.colcon_core.package_discovery:discover_packages(ignore) using defaults
[0.189s] Level 1:colcon.colcon_core.package_discovery:discover_packages(path) discover
[0.189s] Level 1:colcon.colcon_core.package_discovery:discover_packages(path) using defaults
[0.208s] Level 1:colcon.colcon_core.package_discovery:discover_packages(prefix_path) check parameters
[0.208s] Level 1:colcon.colcon_core.package_discovery:discover_packages(prefix_path) discover
[0.210s] DEBUG:colcon.colcon_installed_package_information.package_discovery:Found 8 installed packages in /home/arthur/mrad_ws_2602_golf/install
[0.211s] DEBUG:colcon.colcon_installed_package_information.package_discovery:Found 5 installed packages in /home/arthur/mrad_ws_2602_zulu/install
[0.211s] DEBUG:colcon.colcon_installed_package_information.package_discovery:Found 1 installed packages in /home/arthur/remen_tuto/install
[0.213s] DEBUG:colcon.colcon_installed_package_information.package_discovery:Found 532 installed packages in /opt/ros/jazzy
[0.214s] Level 1:colcon.colcon_core.package_discovery:discover_packages(prefix_path) using defaults
[0.295s] Level 5:colcon.colcon_core.verb:set package 'bringup_2602_golf' build argument 'cmake_args' from command line to 'None'
[0.295s] Level 5:colcon.colcon_core.verb:set package 'bringup_2602_golf' build argument 'cmake_target' from command line to 'None'
[0.295s] Level 5:colcon.colcon_core.verb:set package 'bringup_2602_golf' build argument 'cmake_target_skip_unavailable' from command line to 'False'
[0.295s] Level 5:colcon.colcon_core.verb:set package 'bringup_2602_golf' build argument 'cmake_clean_cache' from command line to 'False'
[0.295s] Level 5:colcon.colcon_core.verb:set package 'bringup_2602_golf' build argument 'cmake_clean_first' from command line to 'False'
[0.295s] Level 5:colcon.colcon_core.verb:set package 'bringup_2602_golf' build argument 'cmake_force_configure' from command line to 'False'
[0.296s] Level 5:colcon.colcon_core.verb:set package 'bringup_2602_golf' build argument 'ament_cmake_args' from command line to 'None'
[0.296s] Level 5:colcon.colcon_core.verb:set package 'bringup_2602_golf' build argument 'catkin_cmake_args' from command line to 'None'
[0.296s] Level 5:colcon.colcon_core.verb:set package 'bringup_2602_golf' build argument 'catkin_skip_building_tests' from command line to 'False'
[0.296s] DEBUG:colcon.colcon_core.verb:Building package 'bringup_2602_golf' with the following arguments: {'ament_cmake_args': None, 'build_base': '/home/arthur/mrad_ws_2602_golf/build/bringup_2602_golf', 'catkin_cmake_args': None, 'catkin_skip_building_tests': False, 'cmake_args': None, 'cmake_clean_cache': False, 'cmake_clean_first': False, 'cmake_force_configure': False, 'cmake_target': None, 'cmake_target_skip_unavailable': False, 'install_base': '/home/arthur/mrad_ws_2602_golf/install/bringup_2602_golf', 'merge_install': False, 'path': '/home/arthur/mrad_ws_2602_golf/src/bringup_2602_golf', 'symlink_install': True, 'test_result_base': None}
[0.296s] Level 5:colcon.colcon_core.verb:set package 'control_2602_golf' build argument 'cmake_args' from command line to 'None'
[0.296s] Level 5:colcon.colcon_core.verb:set package 'control_2602_golf' build argument 'cmake_target' from command line to 'None'
[0.296s] Level 5:colcon.colcon_core.verb:set package 'control_2602_golf' build argument 'cmake_target_skip_unavailable' from command line to 'False'
[0.296s] Level 5:colcon.colcon_core.verb:set package 'control_2602_golf' build argument 'cmake_clean_cache' from command line to 'False'
[0.296s] Level 5:colcon.colcon_core.verb:set package 'control_2602_golf' build argument 'cmake_clean_first' from command line to 'False'
[0.296s] Level 5:colcon.colcon_core.verb:set package 'control_2602_golf' build argument 'cmake_force_configure' from command line to 'False'
[0.296s] Level 5:colcon.colcon_core.verb:set package 'control_2602_golf' build argument 'ament_cmake_args' from command line to 'None'
[0.296s] Level 5:colcon.colcon_core.verb:set package 'control_2602_golf' build argument 'catkin_cmake_args' from command line to 'None'
[0.296s] Level 5:colcon.colcon_core.verb:set package 'control_2602_golf' build argument 'catkin_skip_building_tests' from command line to 'False'
[0.296s] DEBUG:colcon.colcon_core.verb:Building package 'control_2602_golf' with the following arguments: {'ament_cmake_args': None, 'build_base': '/home/arthur/mrad_ws_2602_golf/build/control_2602_golf', 'catkin_cmake_args': None, 'catkin_skip_building_tests': False, 'cmake_args': None, 'cmake_clean_cache': False, 'cmake_clean_first': False, 'cmake_force_configure': False, 'cmake_target': None, 'cmake_target_skip_unavailable': False, 'install_base': '/home/arthur/mrad_ws_2602_golf/install/control_2602_golf', 'merge_install': False, 'path': '/home/arthur/mrad_ws_2602_golf/src/control_2602_golf', 'symlink_install': True, 'test_result_base': None}
[0.296s] Level 5:colcon.colcon_core.verb:set package 'description_2602_golf' build argument 'cmake_args' from command line to 'None'
[0.296s] Level 5:colcon.colcon_core.verb:set package 'description_2602_golf' build argument 'cmake_target' from command line to 'None'
[0.296s] Level 5:colcon.colcon_core.verb:set package 'description_2602_golf' build argument 'cmake_target_skip_unavailable' from command line to 'False'
[0.297s] Level 5:colcon.colcon_core.verb:set package 'description_2602_golf' build argument 'cmake_clean_cache' from command line to 'False'
[0.297s] Level 5:colcon.colcon_core.verb:set package 'description_2602_golf' build argument 'cmake_clean_first' from command line to 'False'
[0.297s] Level 5:colcon.colcon_core.verb:set package 'description_2602_golf' build argument 'cmake_force_configure' from command line to 'False'
[0.297s] Level 5:colcon.colcon_core.verb:set package 'description_2602_golf' build argument 'ament_cmake_args' from command line to 'None'
[0.297s] Level 5:colcon.colcon_core.verb:set package 'description_2602_golf' build argument 'catkin_cmake_args' from command line to 'None'
[0.297s] Level 5:colcon.colcon_core.verb:set package 'description_2602_golf' build argument 'catkin_skip_building_tests' from command line to 'False'
[0.297s] DEBUG:colcon.colcon_core.verb:Building package 'description_2602_golf' with the following arguments: {'ament_cmake_args': None, 'build_base': '/home/arthur/mrad_ws_2602_golf/build/description_2602_golf', 'catkin_cmake_args': None, 'catkin_skip_building_tests': False, 'cmake_args': None, 'cmake_clean_cache': False, 'cmake_clean_first': False, 'cmake_force_configure': False, 'cmake_target': None, 'cmake_target_skip_unavailable': False, 'install_base': '/home/arthur/mrad_ws_2602_golf/install/description_2602_golf', 'merge_install': False, 'path': '/home/arthur/mrad_ws_2602_golf/src/description_2602_golf', 'symlink_install': True, 'test_result_base': None}
[0.297s] Level 5:colcon.colcon_core.verb:set package 'follow_the_gap_2602_golf' build argument 'cmake_args' from command line to 'None'
[0.297s] Level 5:colcon.colcon_core.verb:set package 'follow_the_gap_2602_golf' build argument 'cmake_target' from command line to 'None'
[0.297s] Level 5:colcon.colcon_core.verb:set package 'follow_the_gap_2602_golf' build argument 'cmake_target_skip_unavailable' from command line to 'False'
[0.297s] Level 5:colcon.colcon_core.verb:set package 'follow_the_gap_2602_golf' build argument 'cmake_clean_cache' from command line to 'False'
[0.297s] Level 5:colcon.colcon_core.verb:set package 'follow_the_gap_2602_golf' build argument 'cmake_clean_first' from command line to 'False'
[0.297s] Level 5:colcon.colcon_core.verb:set package 'follow_the_gap_2602_golf' build argument 'cmake_force_configure' from command line to 'False'
[0.297s] Level 5:colcon.colcon_core.verb:set package 'follow_the_gap_2602_golf' build argument 'ament_cmake_args' from command line to 'None'
[0.297s] Level 5:colcon.colcon_core.verb:set package 'follow_the_gap_2602_golf' build argument 'catkin_cmake_args' from command line to 'None'
[0.297s] Level 5:colcon.colcon_core.verb:set package 'follow_the_gap_2602_golf' build argument 'catkin_skip_building_tests' from command line to 'False'
[0.297s] DEBUG:colcon.colcon_core.verb:Building package 'follow_the_gap_2602_golf' with the following arguments: {'ament_cmake_args': None, 'build_base': '/home/arthur/mrad_ws_2602_golf/build/follow_the_gap_2602_golf', 'catkin_cmake_args': None, 'catkin_skip_building_tests': False, 'cmake_args': None, 'cmake_clean_cache': False, 'cmake_clean_first': False, 'cmake_force_configure': False, 'cmake_target': None, 'cmake_target_skip_unavailable': False, 'install_base': '/home/arthur/mrad_ws_2602_golf/install/follow_the_gap_2602_golf', 'merge_install': False, 'path': '/home/arthur/mrad_ws_2602_golf/src/follow_the_gap_2602_golf', 'symlink_install': True, 'test_result_base': None}
[0.297s] Level 5:colcon.colcon_core.verb:set package 'gazebo_2602_golf' build argument 'cmake_args' from command line to 'None'
[0.297s] Level 5:colcon.colcon_core.verb:set package 'gazebo_2602_golf' build argument 'cmake_target' from command line to 'None'
[0.297s] Level 5:colcon.colcon_core.verb:set package 'gazebo_2602_golf' build argument 'cmake_target_skip_unavailable' from command line to 'False'
[0.297s] Level 5:colcon.colcon_core.verb:set package 'gazebo_2602_golf' build argument 'cmake_clean_cache' from command line to 'False'
[0.298s] Level 5:colcon.colcon_core.verb:set package 'gazebo_2602_golf' build argument 'cmake_clean_first' from command line to 'False'
[0.298s] Level 5:colcon.colcon_core.verb:set package 'gazebo_2602_golf' build argument 'cmake_force_configure' from command line to 'False'
[0.298s] Level 5:colcon.colcon_core.verb:set package 'gazebo_2602_golf' build argument 'ament_cmake_args' from command line to 'None'
[0.298s] Level 5:colcon.colcon_core.verb:set package 'gazebo_2602_golf' build argument 'catkin_cmake_args' from command line to 'None'
[0.298s] Level 5:colcon.colcon_core.verb:set package 'gazebo_2602_golf' build argument 'catkin_skip_building_tests' from command line to 'False'
[0.298s] DEBUG:colcon.colcon_core.verb:Building package 'gazebo_2602_golf' with the following arguments: {'ament_cmake_args': None, 'build_base': '/home/arthur/mrad_ws_2602_golf/build/gazebo_2602_golf', 'catkin_cmake_args': None, 'catkin_skip_building_tests': False, 'cmake_args': None, 'cmake_clean_cache': False, 'cmake_clean_first': False, 'cmake_force_configure': False, 'cmake_target': None, 'cmake_target_skip_unavailable': False, 'install_base': '/home/arthur/mrad_ws_2602_golf/install/gazebo_2602_golf', 'merge_install': False, 'path': '/home/arthur/mrad_ws_2602_golf/src/gazebo_2602_golf', 'symlink_install': True, 'test_result_base': None}
[0.298s] Level 5:colcon.colcon_core.verb:set package 'ttc_2602_golf' build argument 'cmake_args' from command line to 'None'
[0.298s] Level 5:colcon.colcon_core.verb:set package 'ttc_2602_golf' build argument 'cmake_target' from command line to 'None'
[0.298s] Level 5:colcon.colcon_core.verb:set package 'ttc_2602_golf' build argument 'cmake_target_skip_unavailable' from command line to 'False'
[0.298s] Level 5:colcon.colcon_core.verb:set package 'ttc_2602_golf' build argument 'cmake_clean_cache' from command line to 'False'
[0.298s] Level 5:colcon.colcon_core.verb:set package 'ttc_2602_golf' build argument 'cmake_clean_first' from command line to 'False'
[0.298s] Level 5:colcon.colcon_core.verb:set package 'ttc_2602_golf' build argument 'cmake_force_configure' from command line to 'False'
[0.298s] Level 5:colcon.colcon_core.verb:set package 'ttc_2602_golf' build argument 'ament_cmake_args' from command line to 'None'
[0.298s] Level 5:colcon.colcon_core.verb:set package 'ttc_2602_golf' build argument 'catkin_cmake_args' from command line to 'None'
[0.298s] Level 5:colcon.colcon_core.verb:set package 'ttc_2602_golf' build argument 'catkin_skip_building_tests' from command line to 'False'
[0.298s] DEBUG:colcon.colcon_core.verb:Building package 'ttc_2602_golf' with the following arguments: {'ament_cmake_args': None, 'build_base': '/home/arthur/mrad_ws_2602_golf/build/ttc_2602_golf', 'catkin_cmake_args': None, 'catkin_skip_building_tests': False, 'cmake_args': None, 'cmake_clean_cache': False, 'cmake_clean_first': False, 'cmake_force_configure': False, 'cmake_target': None, 'cmake_target_skip_unavailable': False, 'install_base': '/home/arthur/mrad_ws_2602_golf/install/ttc_2602_golf', 'merge_install': False, 'path': '/home/arthur/mrad_ws_2602_golf/src/ttc_2602_golf', 'symlink_install': True, 'test_result_base': None}
[0.298s] Level 5:colcon.colcon_core.verb:set package 'ttc_follow_the_gap_2602_golf' build argument 'cmake_args' from command line to 'None'
[0.298s] Level 5:colcon.colcon_core.verb:set package 'ttc_follow_the_gap_2602_golf' build argument 'cmake_target' from command line to 'None'
[0.298s] Level 5:colcon.colcon_core.verb:set package 'ttc_follow_the_gap_2602_golf' build argument 'cmake_target_skip_unavailable' from command line to 'False'
[0.298s] Level 5:colcon.colcon_core.verb:set package 'ttc_follow_the_gap_2602_golf' build argument 'cmake_clean_cache' from command line to 'False'
[0.298s] Level 5:colcon.colcon_core.verb:set package 'ttc_follow_the_gap_2602_golf' build argument 'cmake_clean_first' from command line to 'False'
[0.298s] Level 5:colcon.colcon_core.verb:set package 'ttc_follow_the_gap_2602_golf' build argument 'cmake_force_configure' from command line to 'False'
[0.299s] Level 5:colcon.colcon_core.verb:set package 'ttc_follow_the_gap_2602_golf' build argument 'ament_cmake_args' from command line to 'None'
[0.299s] Level 5:colcon.colcon_core.verb:set package 'ttc_follow_the_gap_2602_golf' build argument 'catkin_cmake_args' from command line to 'None'
[0.299s] Level 5:colcon.colcon_core.verb:set package 'ttc_follow_the_gap_2602_golf' build argument 'catkin_skip_building_tests' from command line to 'False'
[0.299s] DEBUG:colcon.colcon_core.verb:Building package 'ttc_follow_the_gap_2602_golf' with the following arguments: {'ament_cmake_args': None, 'build_base': '/home/arthur/mrad_ws_2602_golf/build/ttc_follow_the_gap_2602_golf', 'catkin_cmake_args': None, 'catkin_skip_building_tests': False, 'cmake_args': None, 'cmake_clean_cache': False, 'cmake_clean_first': False, 'cmake_force_configure': False, 'cmake_target': None, 'cmake_target_skip_unavailable': False, 'install_base': '/home/arthur/mrad_ws_2602_golf/install/ttc_follow_the_gap_2602_golf', 'merge_install': False, 'path': '/home/arthur/mrad_ws_2602_golf/src/ttc_follow_the_gap_2602_golf', 'symlink_install': True, 'test_result_base': None}
[0.299s] Level 5:colcon.colcon_core.verb:set package 'wall_following_2602_golf' build argument 'cmake_args' from command line to 'None'
[0.299s] Level 5:colcon.colcon_core.verb:set package 'wall_following_2602_golf' build argument 'cmake_target' from command line to 'None'
[0.299s] Level 5:colcon.colcon_core.verb:set package 'wall_following_2602_golf' build argument 'cmake_target_skip_unavailable' from command line to 'False'
[0.299s] Level 5:colcon.colcon_core.verb:set package 'wall_following_2602_golf' build argument 'cmake_clean_cache' from command line to 'False'
[0.299s] Level 5:colcon.colcon_core.verb:set package 'wall_following_2602_golf' build argument 'cmake_clean_first' from command line to 'False'
[0.299s] Level 5:colcon.colcon_core.verb:set package 'wall_following_2602_golf' build argument 'cmake_force_configure' from command line to 'False'
[0.299s] Level 5:colcon.colcon_core.verb:set package 'wall_following_2602_golf' build argument 'ament_cmake_args' from command line to 'None'
[0.299s] Level 5:colcon.colcon_core.verb:set package 'wall_following_2602_golf' build argument 'catkin_cmake_args' from command line to 'None'
[0.299s] Level 5:colcon.colcon_core.verb:set package 'wall_following_2602_golf' build argument 'catkin_skip_building_tests' from command line to 'False'
[0.299s] DEBUG:colcon.colcon_core.verb:Building package 'wall_following_2602_golf' with the following arguments: {'ament_cmake_args': None, 'build_base': '/home/arthur/mrad_ws_2602_golf/build/wall_following_2602_golf', 'catkin_cmake_args': None, 'catkin_skip_building_tests': False, 'cmake_args': None, 'cmake_clean_cache': False, 'cmake_clean_first': False, 'cmake_force_configure': False, 'cmake_target': None, 'cmake_target_skip_unavailable': False, 'install_base': '/home/arthur/mrad_ws_2602_golf/install/wall_following_2602_golf', 'merge_install': False, 'path': '/home/arthur/mrad_ws_2602_golf/src/wall_following_2602_golf', 'symlink_install': True, 'test_result_base': None}
[0.299s] INFO:colcon.colcon_core.executor:Executing jobs using 'parallel' executor
[0.300s] DEBUG:colcon.colcon_parallel_executor.executor.parallel:run_until_complete
[0.300s] INFO:colcon.colcon_ros.task.ament_python.build:Building ROS package in '/home/arthur/mrad_ws_2602_golf/src/bringup_2602_golf' with build type 'ament_python'
[0.300s] Level 1:colcon.colcon_core.shell:create_environment_hook('bringup_2602_golf', 'ament_prefix_path')
[0.302s] INFO:colcon.colcon_core.plugin_system:Skipping extension 'colcon_core.shell.bat': Not used on non-Windows systems
[0.302s] INFO:colcon.colcon_core.shell:Creating environment hook '/home/arthur/mrad_ws_2602_golf/install/bringup_2602_golf/share/bringup_2602_golf/hook/ament_prefix_path.ps1'
[0.303s] INFO:colcon.colcon_core.shell:Creating environment descriptor '/home/arthur/mrad_ws_2602_golf/install/bringup_2602_golf/share/bringup_2602_golf/hook/ament_prefix_path.dsv'
[0.303s] INFO:colcon.colcon_core.shell:Creating environment hook '/home/arthur/mrad_ws_2602_golf/install/bringup_2602_golf/share/bringup_2602_golf/hook/ament_prefix_path.sh'
[0.304s] INFO:colcon.colcon_core.shell:Skip shell extension 'powershell' for command environment: Not usable outside of PowerShell
[0.304s] DEBUG:colcon.colcon_core.shell:Skip shell extension 'dsv' for command environment
[0.309s] INFO:colcon.colcon_ros.task.ament_cmake.build:Building ROS package in '/home/arthur/mrad_ws_2602_golf/src/control_2602_golf' with build type 'ament_cmake'
[0.309s] INFO:colcon.colcon_cmake.task.cmake.build:Building CMake package in '/home/arthur/mrad_ws_2602_golf/src/control_2602_golf'
[0.310s] INFO:colcon.colcon_core.shell:Skip shell extension 'powershell' for command environment: Not usable outside of PowerShell
[0.310s] DEBUG:colcon.colcon_core.shell:Skip shell extension 'dsv' for command environment
[0.314s] INFO:colcon.colcon_ros.task.ament_python.build:Building ROS package in '/home/arthur/mrad_ws_2602_golf/src/description_2602_golf' with build type 'ament_python'
[0.314s] Level 1:colcon.colcon_core.shell:create_environment_hook('description_2602_golf', 'ament_prefix_path')
[0.315s] INFO:colcon.colcon_core.shell:Creating environment hook '/home/arthur/mrad_ws_2602_golf/install/description_2602_golf/share/description_2602_golf/hook/ament_prefix_path.ps1'
[0.315s] INFO:colcon.colcon_core.shell:Creating environment descriptor '/home/arthur/mrad_ws_2602_golf/install/description_2602_golf/share/description_2602_golf/hook/ament_prefix_path.dsv'
[0.315s] INFO:colcon.colcon_core.shell:Creating environment hook '/home/arthur/mrad_ws_2602_golf/install/description_2602_golf/share/description_2602_golf/hook/ament_prefix_path.sh'
[0.316s] INFO:colcon.colcon_core.shell:Skip shell extension 'powershell' for command environment: Not usable outside of PowerShell
[0.316s] DEBUG:colcon.colcon_core.shell:Skip shell extension 'dsv' for command environment
[0.320s] INFO:colcon.colcon_ros.task.ament_python.build:Building ROS package in '/home/arthur/mrad_ws_2602_golf/src/follow_the_gap_2602_golf' with build type 'ament_python'
[0.321s] Level 1:colcon.colcon_core.shell:create_environment_hook('follow_the_gap_2602_golf', 'ament_prefix_path')
[0.321s] INFO:colcon.colcon_core.shell:Creating environment hook '/home/arthur/mrad_ws_2602_golf/install/follow_the_gap_2602_golf/share/follow_the_gap_2602_golf/hook/ament_prefix_path.ps1'
[0.321s] INFO:colcon.colcon_core.shell:Creating environment descriptor '/home/arthur/mrad_ws_2602_golf/install/follow_the_gap_2602_golf/share/follow_the_gap_2602_golf/hook/ament_prefix_path.dsv'
[0.322s] INFO:colcon.colcon_core.shell:Creating environment hook '/home/arthur/mrad_ws_2602_golf/install/follow_the_gap_2602_golf/share/follow_the_gap_2602_golf/hook/ament_prefix_path.sh'
[0.322s] INFO:colcon.colcon_core.shell:Skip shell extension 'powershell' for command environment: Not usable outside of PowerShell
[0.322s] DEBUG:colcon.colcon_core.shell:Skip shell extension 'dsv' for command environment
[0.328s] INFO:colcon.colcon_ros.task.ament_python.build:Building ROS package in '/home/arthur/mrad_ws_2602_golf/src/gazebo_2602_golf' with build type 'ament_python'
[0.328s] Level 1:colcon.colcon_core.shell:create_environment_hook('gazebo_2602_golf', 'ament_prefix_path')
[0.329s] INFO:colcon.colcon_core.shell:Creating environment hook '/home/arthur/mrad_ws_2602_golf/install/gazebo_2602_golf/share/gazebo_2602_golf/hook/ament_prefix_path.ps1'
[0.329s] INFO:colcon.colcon_core.shell:Creating environment descriptor '/home/arthur/mrad_ws_2602_golf/install/gazebo_2602_golf/share/gazebo_2602_golf/hook/ament_prefix_path.dsv'
[0.329s] INFO:colcon.colcon_core.shell:Creating environment hook '/home/arthur/mrad_ws_2602_golf/install/gazebo_2602_golf/share/gazebo_2602_golf/hook/ament_prefix_path.sh'
[0.330s] INFO:colcon.colcon_core.shell:Skip shell extension 'powershell' for command environment: Not usable outside of PowerShell
[0.330s] DEBUG:colcon.colcon_core.shell:Skip shell extension 'dsv' for command environment
[0.336s] INFO:colcon.colcon_ros.task.ament_python.build:Building ROS package in '/home/arthur/mrad_ws_2602_golf/src/ttc_2602_golf' with build type 'ament_python'
[0.336s] Level 1:colcon.colcon_core.shell:create_environment_hook('ttc_2602_golf', 'ament_prefix_path')
[0.336s] INFO:colcon.colcon_core.shell:Creating environment hook '/home/arthur/mrad_ws_2602_golf/install/ttc_2602_golf/share/ttc_2602_golf/hook/ament_prefix_path.ps1'
[0.337s] INFO:colcon.colcon_core.shell:Creating environment descriptor '/home/arthur/mrad_ws_2602_golf/install/ttc_2602_golf/share/ttc_2602_golf/hook/ament_prefix_path.dsv'
[0.337s] INFO:colcon.colcon_core.shell:Creating environment hook '/home/arthur/mrad_ws_2602_golf/install/ttc_2602_golf/share/ttc_2602_golf/hook/ament_prefix_path.sh'
[0.337s] INFO:colcon.colcon_core.shell:Skip shell extension 'powershell' for command environment: Not usable outside of PowerShell
[0.337s] DEBUG:colcon.colcon_core.shell:Skip shell extension 'dsv' for command environment
[0.343s] INFO:colcon.colcon_ros.task.ament_python.build:Building ROS package in '/home/arthur/mrad_ws_2602_golf/src/ttc_follow_the_gap_2602_golf' with build type 'ament_python'
[0.343s] Level 1:colcon.colcon_core.shell:create_environment_hook('ttc_follow_the_gap_2602_golf', 'ament_prefix_path')
[0.344s] INFO:colcon.colcon_core.shell:Creating environment hook '/home/arthur/mrad_ws_2602_golf/install/ttc_follow_the_gap_2602_golf/share/ttc_follow_the_gap_2602_golf/hook/ament_prefix_path.ps1'
[0.344s] INFO:colcon.colcon_core.shell:Creating environment descriptor '/home/arthur/mrad_ws_2602_golf/install/ttc_follow_the_gap_2602_golf/share/ttc_follow_the_gap_2602_golf/hook/ament_prefix_path.dsv'
[0.344s] INFO:colcon.colcon_core.shell:Creating environment hook '/home/arthur/mrad_ws_2602_golf/install/ttc_follow_the_gap_2602_golf/share/ttc_follow_the_gap_2602_golf/hook/ament_prefix_path.sh'
[0.345s] INFO:colcon.colcon_core.shell:Skip shell extension 'powershell' for command environment: Not usable outside of PowerShell
[0.345s] DEBUG:colcon.colcon_core.shell:Skip shell extension 'dsv' for command environment
[0.351s] INFO:colcon.colcon_ros.task.ament_python.build:Building ROS package in '/home/arthur/mrad_ws_2602_golf/src/wall_following_2602_golf' with build type 'ament_python'
[0.351s] Level 1:colcon.colcon_core.shell:create_environment_hook('wall_following_2602_golf', 'ament_prefix_path')
[0.351s] INFO:colcon.colcon_core.shell:Creating environment hook '/home/arthur/mrad_ws_2602_golf/install/wall_following_2602_golf/share/wall_following_2602_golf/hook/ament_prefix_path.ps1'
[0.352s] INFO:colcon.colcon_core.shell:Creating environment descriptor '/home/arthur/mrad_ws_2602_golf/install/wall_following_2602_golf/share/wall_following_2602_golf/hook/ament_prefix_path.dsv'
[0.352s] INFO:colcon.colcon_core.shell:Creating environment hook '/home/arthur/mrad_ws_2602_golf/install/wall_following_2602_golf/share/wall_following_2602_golf/hook/ament_prefix_path.sh'
[0.353s] INFO:colcon.colcon_core.shell:Skip shell extension 'powershell' for command environment: Not usable outside of PowerShell
[0.353s] DEBUG:colcon.colcon_core.shell:Skip shell extension 'dsv' for command environment
[0.578s] INFO:colcon.colcon_core.task.python.build:Building Python package in '/home/arthur/mrad_ws_2602_golf/src/bringup_2602_golf'
[0.578s] INFO:colcon.colcon_core.shell:Skip shell extension 'powershell' for command environment: Not usable outside of PowerShell
[0.578s] DEBUG:colcon.colcon_core.shell:Skip shell extension 'dsv' for command environment
[0.586s] DEBUG:colcon.colcon_core.event_handler.log_command:Invoking command in '/home/arthur/mrad_ws_2602_golf/build/control_2602_golf': CMAKE_PREFIX_PATH=${CMAKE_PREFIX_PATH}:/home/arthur/mrad_ws_2602_zulu/install/ttc_2602_zulu:/home/arthur/mrad_ws_2602_zulu/install/gazebo_2602_zulu:/home/arthur/mrad_ws_2602_zulu/install/description_2602_zulu:/home/arthur/mrad_ws_2602_zulu/install/bringup_2602_zulu:/home/arthur/mrad_ws_2602_golf/install/wall_following_2602_golf:/home/arthur/mrad_ws_2602_golf/install/ttc_follow_the_gap_2602_golf:/home/arthur/mrad_ws_2602_golf/install/ttc_2602_golf:/home/arthur/mrad_ws_2602_golf/install/gazebo_2602_golf:/home/arthur/mrad_ws_2602_golf/install/follow_the_gap_2602_golf:/home/arthur/mrad_ws_2602_golf/install/description_2602_golf:/home/arthur/mrad_ws_2602_golf/install/bringup_2602_golf:/home/arthur/remen_tuto/install/turtle_move_pkg_NNAA:/opt/ros/jazzy DEBUGINFOD_URLS=https://debuginfod.ubuntu.com /usr/bin/cmake --build /home/arthur/mrad_ws_2602_golf/build/control_2602_golf -- -j8 -l8
[0.811s] INFO:colcon.colcon_core.task.python.build:Building Python package in '/home/arthur/mrad_ws_2602_golf/src/description_2602_golf'
[0.811s] INFO:colcon.colcon_core.shell:Skip shell extension 'powershell' for command environment: Not usable outside of PowerShell
[0.811s] DEBUG:colcon.colcon_core.shell:Skip shell extension 'dsv' for command environment
[1.036s] INFO:colcon.colcon_core.task.python.build:Building Python package in '/home/arthur/mrad_ws_2602_golf/src/follow_the_gap_2602_golf'
[1.036s] INFO:colcon.colcon_core.shell:Skip shell extension 'powershell' for command environment: Not usable outside of PowerShell
[1.036s] DEBUG:colcon.colcon_core.shell:Skip shell extension 'dsv' for command environment
[1.260s] INFO:colcon.colcon_core.task.python.build:Building Python package in '/home/arthur/mrad_ws_2602_golf/src/gazebo_2602_golf'
[1.260s] INFO:colcon.colcon_core.shell:Skip shell extension 'powershell' for command environment: Not usable outside of PowerShell
[1.260s] DEBUG:colcon.colcon_core.shell:Skip shell extension 'dsv' for command environment
[1.473s] INFO:colcon.colcon_core.task.python.build:Building Python package in '/home/arthur/mrad_ws_2602_golf/src/ttc_2602_golf'
[1.474s] INFO:colcon.colcon_core.shell:Skip shell extension 'powershell' for command environment: Not usable outside of PowerShell
[1.474s] DEBUG:colcon.colcon_core.shell:Skip shell extension 'dsv' for command environment
[1.712s] INFO:colcon.colcon_core.task.python.build:Building Python package in '/home/arthur/mrad_ws_2602_golf/src/ttc_follow_the_gap_2602_golf'
[1.712s] INFO:colcon.colcon_core.shell:Skip shell extension 'powershell' for command environment: Not usable outside of PowerShell
[1.712s] DEBUG:colcon.colcon_core.shell:Skip shell extension 'dsv' for command environment
[1.927s] INFO:colcon.colcon_core.task.python.build:Building Python package in '/home/arthur/mrad_ws_2602_golf/src/wall_following_2602_golf'
[1.927s] INFO:colcon.colcon_core.shell:Skip shell extension 'powershell' for command environment: Not usable outside of PowerShell
[1.927s] DEBUG:colcon.colcon_core.shell:Skip shell extension 'dsv' for command environment
[1.933s] DEBUG:colcon.colcon_core.event_handler.log_command:Invoked command in '/home/arthur/mrad_ws_2602_golf/build/control_2602_golf' returned '0': CMAKE_PREFIX_PATH=${CMAKE_PREFIX_PATH}:/home/arthur/mrad_ws_2602_zulu/install/ttc_2602_zulu:/home/arthur/mrad_ws_2602_zulu/install/gazebo_2602_zulu:/home/arthur/mrad_ws_2602_zulu/install/description_2602_zulu:/home/arthur/mrad_ws_2602_zulu/install/bringup_2602_zulu:/home/arthur/mrad_ws_2602_golf/install/wall_following_2602_golf:/home/arthur/mrad_ws_2602_golf/install/ttc_follow_the_gap_2602_golf:/home/arthur/mrad_ws_2602_golf/install/ttc_2602_golf:/home/arthur/mrad_ws_2602_golf/install/gazebo_2602_golf:/home/arthur/mrad_ws_2602_golf/install/follow_the_gap_2602_golf:/home/arthur/mrad_ws_2602_golf/install/description_2602_golf:/home/arthur/mrad_ws_2602_golf/install/bringup_2602_golf:/home/arthur/remen_tuto/install/turtle_move_pkg_NNAA:/opt/ros/jazzy DEBUGINFOD_URLS=https://debuginfod.ubuntu.com /usr/bin/cmake --build /home/arthur/mrad_ws_2602_golf/build/control_2602_golf -- -j8 -l8
[1.940s] DEBUG:colcon.colcon_core.event_handler.log_command:Invoking command in '/home/arthur/mrad_ws_2602_golf/build/control_2602_golf': CMAKE_PREFIX_PATH=${CMAKE_PREFIX_PATH}:/home/arthur/mrad_ws_2602_zulu/install/ttc_2602_zulu:/home/arthur/mrad_ws_2602_zulu/install/gazebo_2602_zulu:/home/arthur/mrad_ws_2602_zulu/install/description_2602_zulu:/home/arthur/mrad_ws_2602_zulu/install/bringup_2602_zulu:/home/arthur/mrad_ws_2602_golf/install/wall_following_2602_golf:/home/arthur/mrad_ws_2602_golf/install/ttc_follow_the_gap_2602_golf:/home/arthur/mrad_ws_2602_golf/install/ttc_2602_golf:/home/arthur/mrad_ws_2602_golf/install/gazebo_2602_golf:/home/arthur/mrad_ws_2602_golf/install/follow_the_gap_2602_golf:/home/arthur/mrad_ws_2602_golf/install/description_2602_golf:/home/arthur/mrad_ws_2602_golf/install/bringup_2602_golf:/home/arthur/remen_tuto/install/turtle_move_pkg_NNAA:/opt/ros/jazzy DEBUGINFOD_URLS=https://debuginfod.ubuntu.com /usr/bin/cmake --install /home/arthur/mrad_ws_2602_golf/build/control_2602_golf
[1.965s] Level 1:colcon.colcon_core.environment:create_environment_scripts_only(control_2602_golf)
[1.967s] DEBUG:colcon.colcon_core.event_handler.log_command:Invoked command in '/home/arthur/mrad_ws_2602_golf/build/control_2602_golf' returned '0': CMAKE_PREFIX_PATH=${CMAKE_PREFIX_PATH}:/home/arthur/mrad_ws_2602_zulu/install/ttc_2602_zulu:/home/arthur/mrad_ws_2602_zulu/install/gazebo_2602_zulu:/home/arthur/mrad_ws_2602_zulu/install/description_2602_zulu:/home/arthur/mrad_ws_2602_zulu/install/bringup_2602_zulu:/home/arthur/mrad_ws_2602_golf/install/wall_following_2602_golf:/home/arthur/mrad_ws_2602_golf/install/ttc_follow_the_gap_2602_golf:/home/arthur/mrad_ws_2602_golf/install/ttc_2602_golf:/home/arthur/mrad_ws_2602_golf/install/gazebo_2602_golf:/home/arthur/mrad_ws_2602_golf/install/follow_the_gap_2602_golf:/home/arthur/mrad_ws_2602_golf/install/description_2602_golf:/home/arthur/mrad_ws_2602_golf/install/bringup_2602_golf:/home/arthur/remen_tuto/install/turtle_move_pkg_NNAA:/opt/ros/jazzy DEBUGINFOD_URLS=https://debuginfod.ubuntu.com /usr/bin/cmake --install /home/arthur/mrad_ws_2602_golf/build/control_2602_golf
[1.970s] Level 1:colcon.colcon_core.environment:checking '/home/arthur/mrad_ws_2602_golf/install/control_2602_golf' for CMake module files
[1.971s] Level 1:colcon.colcon_core.environment:checking '/home/arthur/mrad_ws_2602_golf/install/control_2602_golf' for CMake config files
[1.971s] Level 1:colcon.colcon_core.shell:create_environment_hook('control_2602_golf', 'cmake_prefix_path')
[1.971s] INFO:colcon.colcon_core.shell:Creating environment hook '/home/arthur/mrad_ws_2602_golf/install/control_2602_golf/share/control_2602_golf/hook/cmake_prefix_path.ps1'
[1.972s] INFO:colcon.colcon_core.shell:Creating environment descriptor '/home/arthur/mrad_ws_2602_golf/install/control_2602_golf/share/control_2602_golf/hook/cmake_prefix_path.dsv'
[1.972s] INFO:colcon.colcon_core.shell:Creating environment hook '/home/arthur/mrad_ws_2602_golf/install/control_2602_golf/share/control_2602_golf/hook/cmake_prefix_path.sh'
[1.973s] Level 1:colcon.colcon_core.environment:checking '/home/arthur/mrad_ws_2602_golf/install/control_2602_golf/bin'
[1.974s] Level 1:colcon.colcon_core.environment:checking '/home/arthur/mrad_ws_2602_golf/install/control_2602_golf/lib/pkgconfig/control_2602_golf.pc'
[1.974s] Level 1:colcon.colcon_core.environment:checking '/home/arthur/mrad_ws_2602_golf/install/control_2602_golf/lib/python3.12/site-packages'
[1.975s] Level 1:colcon.colcon_core.environment:checking '/home/arthur/mrad_ws_2602_golf/install/control_2602_golf/bin'
[1.975s] INFO:colcon.colcon_core.shell:Creating package script '/home/arthur/mrad_ws_2602_golf/install/control_2602_golf/share/control_2602_golf/package.ps1'
[1.977s] INFO:colcon.colcon_core.shell:Creating package descriptor '/home/arthur/mrad_ws_2602_golf/install/control_2602_golf/share/control_2602_golf/package.dsv'
[1.978s] INFO:colcon.colcon_core.shell:Creating package script '/home/arthur/mrad_ws_2602_golf/install/control_2602_golf/share/control_2602_golf/package.sh'
[1.979s] INFO:colcon.colcon_core.shell:Creating package script '/home/arthur/mrad_ws_2602_golf/install/control_2602_golf/share/control_2602_golf/package.bash'
[1.980s] INFO:colcon.colcon_core.shell:Creating package script '/home/arthur/mrad_ws_2602_golf/install/control_2602_golf/share/control_2602_golf/package.zsh'
[1.981s] Level 1:colcon.colcon_core.environment:create_file_with_runtime_dependencies(/home/arthur/mrad_ws_2602_golf/install/control_2602_golf/share/colcon-core/packages/control_2602_golf)
[1.982s] Level 1:colcon.colcon_core.environment:create_environment_scripts_only(control_2602_golf)
[1.982s] Level 1:colcon.colcon_core.environment:checking '/home/arthur/mrad_ws_2602_golf/install/control_2602_golf' for CMake module files
[1.983s] Level 1:colcon.colcon_core.environment:checking '/home/arthur/mrad_ws_2602_golf/install/control_2602_golf' for CMake config files
[1.984s] Level 1:colcon.colcon_core.shell:create_environment_hook('control_2602_golf', 'cmake_prefix_path')
[1.984s] INFO:colcon.colcon_core.shell:Creating environment hook '/home/arthur/mrad_ws_2602_golf/install/control_2602_golf/share/control_2602_golf/hook/cmake_prefix_path.ps1'
[1.985s] INFO:colcon.colcon_core.shell:Creating environment descriptor '/home/arthur/mrad_ws_2602_golf/install/control_2602_golf/share/control_2602_golf/hook/cmake_prefix_path.dsv'
[1.985s] INFO:colcon.colcon_core.shell:Creating environment hook '/home/arthur/mrad_ws_2602_golf/install/control_2602_golf/share/control_2602_golf/hook/cmake_prefix_path.sh'
[1.986s] Level 1:colcon.colcon_core.environment:checking '/home/arthur/mrad_ws_2602_golf/install/control_2602_golf/bin'
[1.986s] Level 1:colcon.colcon_core.environment:checking '/home/arthur/mrad_ws_2602_golf/install/control_2602_golf/lib/pkgconfig/control_2602_golf.pc'
[1.987s] Level 1:colcon.colcon_core.environment:checking '/home/arthur/mrad_ws_2602_golf/install/control_2602_golf/lib/python3.12/site-packages'
[1.987s] Level 1:colcon.colcon_core.environment:checking '/home/arthur/mrad_ws_2602_golf/install/control_2602_golf/bin'
[1.988s] INFO:colcon.colcon_core.shell:Creating package script '/home/arthur/mrad_ws_2602_golf/install/control_2602_golf/share/control_2602_golf/package.ps1'
[1.989s] INFO:colcon.colcon_core.shell:Creating package descriptor '/home/arthur/mrad_ws_2602_golf/install/control_2602_golf/share/control_2602_golf/package.dsv'
[1.989s] INFO:colcon.colcon_core.shell:Creating package script '/home/arthur/mrad_ws_2602_golf/install/control_2602_golf/share/control_2602_golf/package.sh'
[1.990s] INFO:colcon.colcon_core.shell:Creating package script '/home/arthur/mrad_ws_2602_golf/install/control_2602_golf/share/control_2602_golf/package.bash'
[1.991s] INFO:colcon.colcon_core.shell:Creating package script '/home/arthur/mrad_ws_2602_golf/install/control_2602_golf/share/control_2602_golf/package.zsh'
[1.992s] Level 1:colcon.colcon_core.environment:create_file_with_runtime_dependencies(/home/arthur/mrad_ws_2602_golf/install/control_2602_golf/share/colcon-core/packages/control_2602_golf)
[2.764s] DEBUG:colcon.colcon_core.task.python.build:Available setuptools commands: bdist_wheel, install_lib, easy_install, register, upload_docs, clean, develop, bdist_rpm, compile_catalog, check, bdist, init_catalog, upload, setopt, update_catalog, build, build_ext, symlink_data, extract_messages, pytest, sdist, dist_info, install_egg_info, rotate, build_py, saveopts, egg_info, bdist_dumb, test, build_scripts, build_clib, install_headers, install_data, install_scripts, ptr, install, editable_wheel, bdist_egg, alias
[3.232s] DEBUG:colcon.colcon_core.task.python.build:Available setuptools 'develop' options: --quiet, --allow-hosts, --no-user-cfg, --no-find-links, --multi-version, --uninstall, --always-copy, --always-unzip, --no-deps, --version, --user, --egg-path, --force-installation-into-system-dir, --record, --install-layout, --editable, --help, --find-links, --verbose, --index-url, --script-dir, --install-dir, --local-snapshots-ok, --upgrade, --site-dirs, --dry-run, --exclude-scripts, --prefix, --optimize, --zip-ok, --build-directory
[3.234s] DEBUG:colcon.colcon_core.event_handler.log_command:Invoking command in '/home/arthur/mrad_ws_2602_golf/build/gazebo_2602_golf': DEBUGINFOD_URLS=https://debuginfod.ubuntu.com PYTHONPATH=/home/arthur/mrad_ws_2602_golf/build/gazebo_2602_golf/prefix_override:/usr/lib/python3/dist-packages/colcon_core/task/python/colcon_distutils_commands:/home/arthur/mrad_ws_2602_golf/install/gazebo_2602_golf/lib/python3.12/site-packages:${PYTHONPATH} /usr/bin/python3 -W ignore:setup.py install is deprecated -W ignore:easy_install command is deprecated setup.py develop --editable --build-directory /home/arthur/mrad_ws_2602_golf/build/gazebo_2602_golf/build --no-deps symlink_data
[3.253s] DEBUG:colcon.colcon_core.task.python.build:Available setuptools commands: bdist_wheel, install_lib, easy_install, register, upload_docs, clean, develop, bdist_rpm, compile_catalog, check, bdist, init_catalog, upload, setopt, update_catalog, build, build_ext, symlink_data, extract_messages, pytest, sdist, dist_info, install_egg_info, rotate, build_py, saveopts, egg_info, bdist_dumb, test, build_scripts, build_clib, install_headers, install_data, install_scripts, ptr, install, editable_wheel, bdist_egg, alias
[3.259s] DEBUG:colcon.colcon_core.task.python.build:Available setuptools commands: bdist_wheel, install_lib, easy_install, register, upload_docs, clean, develop, bdist_rpm, compile_catalog, check, bdist, init_catalog, upload, setopt, update_catalog, build, build_ext, symlink_data, extract_messages, pytest, sdist, dist_info, install_egg_info, rotate, build_py, saveopts, egg_info, bdist_dumb, test, build_scripts, build_clib, install_headers, install_data, install_scripts, ptr, install, editable_wheel, bdist_egg, alias
[3.260s] DEBUG:colcon.colcon_core.task.python.build:Available setuptools commands: bdist_wheel, install_lib, easy_install, register, upload_docs, clean, develop, bdist_rpm, compile_catalog, check, bdist, init_catalog, upload, setopt, update_catalog, build, build_ext, symlink_data, extract_messages, pytest, sdist, dist_info, install_egg_info, rotate, build_py, saveopts, egg_info, bdist_dumb, test, build_scripts, build_clib, install_headers, install_data, install_scripts, ptr, install, editable_wheel, bdist_egg, alias
[3.266s] DEBUG:colcon.colcon_core.task.python.build:Available setuptools commands: bdist_wheel, install_lib, easy_install, register, upload_docs, clean, develop, bdist_rpm, compile_catalog, check, bdist, init_catalog, upload, setopt, update_catalog, build, build_ext, symlink_data, extract_messages, pytest, sdist, dist_info, install_egg_info, rotate, build_py, saveopts, egg_info, bdist_dumb, test, build_scripts, build_clib, install_headers, install_data, install_scripts, ptr, install, editable_wheel, bdist_egg, alias
[3.270s] DEBUG:colcon.colcon_core.task.python.build:Available setuptools commands: bdist_wheel, install_lib, easy_install, register, upload_docs, clean, develop, bdist_rpm, compile_catalog, check, bdist, init_catalog, upload, setopt, update_catalog, build, build_ext, symlink_data, extract_messages, pytest, sdist, dist_info, install_egg_info, rotate, build_py, saveopts, egg_info, bdist_dumb, test, build_scripts, build_clib, install_headers, install_data, install_scripts, ptr, install, editable_wheel, bdist_egg, alias
[3.282s] DEBUG:colcon.colcon_core.task.python.build:Available setuptools commands: bdist_wheel, install_lib, easy_install, register, upload_docs, clean, develop, bdist_rpm, compile_catalog, check, bdist, init_catalog, upload, setopt, update_catalog, build, build_ext, symlink_data, extract_messages, pytest, sdist, dist_info, install_egg_info, rotate, build_py, saveopts, egg_info, bdist_dumb, test, build_scripts, build_clib, install_headers, install_data, install_scripts, ptr, install, editable_wheel, bdist_egg, alias
[3.982s] DEBUG:colcon.colcon_core.task.python.build:Available setuptools 'develop' options: --quiet, --allow-hosts, --no-user-cfg, --no-find-links, --multi-version, --uninstall, --always-copy, --always-unzip, --no-deps, --version, --user, --egg-path, --force-installation-into-system-dir, --record, --install-layout, --editable, --help, --find-links, --verbose, --index-url, --script-dir, --install-dir, --local-snapshots-ok, --upgrade, --site-dirs, --dry-run, --exclude-scripts, --prefix, --optimize, --zip-ok, --build-directory
[3.985s] DEBUG:colcon.colcon_core.event_handler.log_command:Invoking command in '/home/arthur/mrad_ws_2602_golf/build/description_2602_golf': DEBUGINFOD_URLS=https://debuginfod.ubuntu.com PYTHONPATH=/home/arthur/mrad_ws_2602_golf/build/description_2602_golf/prefix_override:/usr/lib/python3/dist-packages/colcon_core/task/python/colcon_distutils_commands:/home/arthur/mrad_ws_2602_golf/install/description_2602_golf/lib/python3.12/site-packages:${PYTHONPATH} /usr/bin/python3 -W ignore:setup.py install is deprecated -W ignore:easy_install command is deprecated setup.py develop --editable --build-directory /home/arthur/mrad_ws_2602_golf/build/description_2602_golf/build --no-deps symlink_data
[3.992s] DEBUG:colcon.colcon_core.task.python.build:Available setuptools 'develop' options: --quiet, --allow-hosts, --no-user-cfg, --no-find-links, --multi-version, --uninstall, --always-copy, --always-unzip, --no-deps, --version, --user, --egg-path, --force-installation-into-system-dir, --record, --install-layout, --editable, --help, --find-links, --verbose, --index-url, --script-dir, --install-dir, --local-snapshots-ok, --upgrade, --site-dirs, --dry-run, --exclude-scripts, --prefix, --optimize, --zip-ok, --build-directory
[3.994s] DEBUG:colcon.colcon_core.event_handler.log_command:Invoking command in '/home/arthur/mrad_ws_2602_golf/build/ttc_2602_golf': DEBUGINFOD_URLS=https://debuginfod.ubuntu.com PYTHONPATH=/home/arthur/mrad_ws_2602_golf/build/ttc_2602_golf/prefix_override:/usr/lib/python3/dist-packages/colcon_core/task/python/colcon_distutils_commands:/home/arthur/mrad_ws_2602_golf/install/ttc_2602_golf/lib/python3.12/site-packages:${PYTHONPATH} /usr/bin/python3 -W ignore:setup.py install is deprecated -W ignore:easy_install command is deprecated setup.py develop --editable --build-directory /home/arthur/mrad_ws_2602_golf/build/ttc_2602_golf/build --no-deps symlink_data
[3.996s] DEBUG:colcon.colcon_core.task.python.build:Available setuptools 'develop' options: --quiet, --allow-hosts, --no-user-cfg, --no-find-links, --multi-version, --uninstall, --always-copy, --always-unzip, --no-deps, --version, --user, --egg-path, --force-installation-into-system-dir, --record, --install-layout, --editable, --help, --find-links, --verbose, --index-url, --script-dir, --install-dir, --local-snapshots-ok, --upgrade, --site-dirs, --dry-run, --exclude-scripts, --prefix, --optimize, --zip-ok, --build-directory
[3.998s] DEBUG:colcon.colcon_core.event_handler.log_command:Invoking command in '/home/arthur/mrad_ws_2602_golf/build/bringup_2602_golf': DEBUGINFOD_URLS=https://debuginfod.ubuntu.com PYTHONPATH=/home/arthur/mrad_ws_2602_golf/build/bringup_2602_golf/prefix_override:/usr/lib/python3/dist-packages/colcon_core/task/python/colcon_distutils_commands:/home/arthur/mrad_ws_2602_golf/install/bringup_2602_golf/lib/python3.12/site-packages:${PYTHONPATH} /usr/bin/python3 -W ignore:setup.py install is deprecated -W ignore:easy_install command is deprecated setup.py develop --editable --build-directory /home/arthur/mrad_ws_2602_golf/build/bringup_2602_golf/build --no-deps symlink_data
[4.004s] DEBUG:colcon.colcon_core.task.python.build:Available setuptools 'develop' options: --quiet, --allow-hosts, --no-user-cfg, --no-find-links, --multi-version, --uninstall, --always-copy, --always-unzip, --no-deps, --version, --user, --egg-path, --force-installation-into-system-dir, --record, --install-layout, --editable, --help, --find-links, --verbose, --index-url, --script-dir, --install-dir, --local-snapshots-ok, --upgrade, --site-dirs, --dry-run, --exclude-scripts, --prefix, --optimize, --zip-ok, --build-directory
[4.006s] DEBUG:colcon.colcon_core.event_handler.log_command:Invoking command in '/home/arthur/mrad_ws_2602_golf/build/follow_the_gap_2602_golf': DEBUGINFOD_URLS=https://debuginfod.ubuntu.com PYTHONPATH=/home/arthur/mrad_ws_2602_golf/build/follow_the_gap_2602_golf/prefix_override:/usr/lib/python3/dist-packages/colcon_core/task/python/colcon_distutils_commands:/home/arthur/mrad_ws_2602_golf/install/follow_the_gap_2602_golf/lib/python3.12/site-packages:${PYTHONPATH} /usr/bin/python3 -W ignore:setup.py install is deprecated -W ignore:easy_install command is deprecated setup.py develop --editable --build-directory /home/arthur/mrad_ws_2602_golf/build/follow_the_gap_2602_golf/build --no-deps symlink_data
[4.008s] DEBUG:colcon.colcon_core.task.python.build:Available setuptools 'develop' options: --quiet, --allow-hosts, --no-user-cfg, --no-find-links, --multi-version, --uninstall, --always-copy, --always-unzip, --no-deps, --version, --user, --egg-path, --force-installation-into-system-dir, --record, --install-layout, --editable, --help, --find-links, --verbose, --index-url, --script-dir, --install-dir, --local-snapshots-ok, --upgrade, --site-dirs, --dry-run, --exclude-scripts, --prefix, --optimize, --zip-ok, --build-directory
[4.010s] DEBUG:colcon.colcon_core.event_handler.log_command:Invoking command in '/home/arthur/mrad_ws_2602_golf/build/ttc_follow_the_gap_2602_golf': DEBUGINFOD_URLS=https://debuginfod.ubuntu.com PYTHONPATH=/home/arthur/mrad_ws_2602_golf/build/ttc_follow_the_gap_2602_golf/prefix_override:/usr/lib/python3/dist-packages/colcon_core/task/python/colcon_distutils_commands:/home/arthur/mrad_ws_2602_golf/install/ttc_follow_the_gap_2602_golf/lib/python3.12/site-packages:${PYTHONPATH} /usr/bin/python3 -W ignore:setup.py install is deprecated -W ignore:easy_install command is deprecated setup.py develop --editable --build-directory /home/arthur/mrad_ws_2602_golf/build/ttc_follow_the_gap_2602_golf/build --no-deps symlink_data
[4.020s] DEBUG:colcon.colcon_core.task.python.build:Available setuptools 'develop' options: --quiet, --allow-hosts, --no-user-cfg, --no-find-links, --multi-version, --uninstall, --always-copy, --always-unzip, --no-deps, --version, --user, --egg-path, --force-installation-into-system-dir, --record, --install-layout, --editable, --help, --find-links, --verbose, --index-url, --script-dir, --install-dir, --local-snapshots-ok, --upgrade, --site-dirs, --dry-run, --exclude-scripts, --prefix, --optimize, --zip-ok, --build-directory
[4.023s] DEBUG:colcon.colcon_core.event_handler.log_command:Invoking command in '/home/arthur/mrad_ws_2602_golf/build/wall_following_2602_golf': DEBUGINFOD_URLS=https://debuginfod.ubuntu.com PYTHONPATH=/home/arthur/mrad_ws_2602_golf/build/wall_following_2602_golf/prefix_override:/usr/lib/python3/dist-packages/colcon_core/task/python/colcon_distutils_commands:/home/arthur/mrad_ws_2602_golf/install/wall_following_2602_golf/lib/python3.12/site-packages:${PYTHONPATH} /usr/bin/python3 -W ignore:setup.py install is deprecated -W ignore:easy_install command is deprecated setup.py develop --editable --build-directory /home/arthur/mrad_ws_2602_golf/build/wall_following_2602_golf/build --no-deps symlink_data
[4.236s] Level 1:colcon.colcon_core.shell:create_environment_hook('gazebo_2602_golf', 'pythonpath_develop')
[4.236s] INFO:colcon.colcon_core.shell:Creating environment hook '/home/arthur/mrad_ws_2602_golf/build/gazebo_2602_golf/share/gazebo_2602_golf/hook/pythonpath_develop.ps1'
[4.237s] DEBUG:colcon.colcon_core.event_handler.log_command:Invoked command in '/home/arthur/mrad_ws_2602_golf/build/gazebo_2602_golf' returned '0': DEBUGINFOD_URLS=https://debuginfod.ubuntu.com PYTHONPATH=/home/arthur/mrad_ws_2602_golf/build/gazebo_2602_golf/prefix_override:/usr/lib/python3/dist-packages/colcon_core/task/python/colcon_distutils_commands:/home/arthur/mrad_ws_2602_golf/install/gazebo_2602_golf/lib/python3.12/site-packages:${PYTHONPATH} /usr/bin/python3 -W ignore:setup.py install is deprecated -W ignore:easy_install command is deprecated setup.py develop --editable --build-directory /home/arthur/mrad_ws_2602_golf/build/gazebo_2602_golf/build --no-deps symlink_data
[4.237s] INFO:colcon.colcon_core.shell:Creating environment descriptor '/home/arthur/mrad_ws_2602_golf/build/gazebo_2602_golf/share/gazebo_2602_golf/hook/pythonpath_develop.dsv'
[4.238s] INFO:colcon.colcon_core.shell:Creating environment hook '/home/arthur/mrad_ws_2602_golf/build/gazebo_2602_golf/share/gazebo_2602_golf/hook/pythonpath_develop.sh'
[4.239s] Level 1:colcon.colcon_core.environment:checking '/home/arthur/mrad_ws_2602_golf/install/gazebo_2602_golf' for CMake module files
[4.239s] Level 1:colcon.colcon_core.environment:checking '/home/arthur/mrad_ws_2602_golf/install/gazebo_2602_golf' for CMake config files
[4.240s] Level 1:colcon.colcon_core.environment:checking '/home/arthur/mrad_ws_2602_golf/install/gazebo_2602_golf/lib'
[4.240s] Level 1:colcon.colcon_core.environment:checking '/home/arthur/mrad_ws_2602_golf/install/gazebo_2602_golf/bin'
[4.240s] Level 1:colcon.colcon_core.environment:checking '/home/arthur/mrad_ws_2602_golf/install/gazebo_2602_golf/lib/pkgconfig/gazebo_2602_golf.pc'
[4.240s] Level 1:colcon.colcon_core.environment:checking '/home/arthur/mrad_ws_2602_golf/install/gazebo_2602_golf/lib/python3.12/site-packages'
[4.240s] Level 1:colcon.colcon_core.shell:create_environment_hook('gazebo_2602_golf', 'pythonpath')
[4.242s] INFO:colcon.colcon_core.shell:Creating environment hook '/home/arthur/mrad_ws_2602_golf/install/gazebo_2602_golf/share/gazebo_2602_golf/hook/pythonpath.ps1'
[4.242s] INFO:colcon.colcon_core.shell:Creating environment descriptor '/home/arthur/mrad_ws_2602_golf/install/gazebo_2602_golf/share/gazebo_2602_golf/hook/pythonpath.dsv'
[4.243s] INFO:colcon.colcon_core.shell:Creating environment hook '/home/arthur/mrad_ws_2602_golf/install/gazebo_2602_golf/share/gazebo_2602_golf/hook/pythonpath.sh'
[4.244s] Level 1:colcon.colcon_core.environment:checking '/home/arthur/mrad_ws_2602_golf/install/gazebo_2602_golf/bin'
[4.244s] Level 1:colcon.colcon_core.environment:create_environment_scripts_only(gazebo_2602_golf)
[4.244s] INFO:colcon.colcon_core.shell:Creating package script '/home/arthur/mrad_ws_2602_golf/install/gazebo_2602_golf/share/gazebo_2602_golf/package.ps1'
[4.245s] INFO:colcon.colcon_core.shell:Creating package descriptor '/home/arthur/mrad_ws_2602_golf/install/gazebo_2602_golf/share/gazebo_2602_golf/package.dsv'
[4.245s] INFO:colcon.colcon_core.shell:Creating package script '/home/arthur/mrad_ws_2602_golf/install/gazebo_2602_golf/share/gazebo_2602_golf/package.sh'
[4.246s] INFO:colcon.colcon_core.shell:Creating package script '/home/arthur/mrad_ws_2602_golf/install/gazebo_2602_golf/share/gazebo_2602_golf/package.bash'
[4.246s] INFO:colcon.colcon_core.shell:Creating package script '/home/arthur/mrad_ws_2602_golf/install/gazebo_2602_golf/share/gazebo_2602_golf/package.zsh'
[4.247s] Level 1:colcon.colcon_core.environment:create_file_with_runtime_dependencies(/home/arthur/mrad_ws_2602_golf/install/gazebo_2602_golf/share/colcon-core/packages/gazebo_2602_golf)
[5.027s] Level 1:colcon.colcon_core.shell:create_environment_hook('description_2602_golf', 'pythonpath_develop')
[5.027s] INFO:colcon.colcon_core.shell:Creating environment hook '/home/arthur/mrad_ws_2602_golf/build/description_2602_golf/share/description_2602_golf/hook/pythonpath_develop.ps1'
[5.028s] DEBUG:colcon.colcon_core.event_handler.log_command:Invoked command in '/home/arthur/mrad_ws_2602_golf/build/description_2602_golf' returned '0': DEBUGINFOD_URLS=https://debuginfod.ubuntu.com PYTHONPATH=/home/arthur/mrad_ws_2602_golf/build/description_2602_golf/prefix_override:/usr/lib/python3/dist-packages/colcon_core/task/python/colcon_distutils_commands:/home/arthur/mrad_ws_2602_golf/install/description_2602_golf/lib/python3.12/site-packages:${PYTHONPATH} /usr/bin/python3 -W ignore:setup.py install is deprecated -W ignore:easy_install command is deprecated setup.py develop --editable --build-directory /home/arthur/mrad_ws_2602_golf/build/description_2602_golf/build --no-deps symlink_data
[5.028s] INFO:colcon.colcon_core.shell:Creating environment descriptor '/home/arthur/mrad_ws_2602_golf/build/description_2602_golf/share/description_2602_golf/hook/pythonpath_develop.dsv'
[5.029s] INFO:colcon.colcon_core.shell:Creating environment hook '/home/arthur/mrad_ws_2602_golf/build/description_2602_golf/share/description_2602_golf/hook/pythonpath_develop.sh'
[5.029s] Level 1:colcon.colcon_core.environment:checking '/home/arthur/mrad_ws_2602_golf/install/description_2602_golf' for CMake module files
[5.030s] Level 1:colcon.colcon_core.environment:checking '/home/arthur/mrad_ws_2602_golf/install/description_2602_golf' for CMake config files
[5.031s] Level 1:colcon.colcon_core.environment:checking '/home/arthur/mrad_ws_2602_golf/install/description_2602_golf/lib'
[5.031s] Level 1:colcon.colcon_core.environment:checking '/home/arthur/mrad_ws_2602_golf/install/description_2602_golf/bin'
[5.031s] Level 1:colcon.colcon_core.environment:checking '/home/arthur/mrad_ws_2602_golf/install/description_2602_golf/lib/pkgconfig/description_2602_golf.pc'
[5.031s] Level 1:colcon.colcon_core.environment:checking '/home/arthur/mrad_ws_2602_golf/install/description_2602_golf/lib/python3.12/site-packages'
[5.031s] Level 1:colcon.colcon_core.shell:create_environment_hook('description_2602_golf', 'pythonpath')
[5.032s] INFO:colcon.colcon_core.shell:Creating environment hook '/home/arthur/mrad_ws_2602_golf/install/description_2602_golf/share/description_2602_golf/hook/pythonpath.ps1'
[5.032s] INFO:colcon.colcon_core.shell:Creating environment descriptor '/home/arthur/mrad_ws_2602_golf/install/description_2602_golf/share/description_2602_golf/hook/pythonpath.dsv'
[5.033s] INFO:colcon.colcon_core.shell:Creating environment hook '/home/arthur/mrad_ws_2602_golf/install/description_2602_golf/share/description_2602_golf/hook/pythonpath.sh'
[5.034s] Level 1:colcon.colcon_core.environment:checking '/home/arthur/mrad_ws_2602_golf/install/description_2602_golf/bin'
[5.034s] Level 1:colcon.colcon_core.environment:create_environment_scripts_only(description_2602_golf)
[5.034s] INFO:colcon.colcon_core.shell:Creating package script '/home/arthur/mrad_ws_2602_golf/install/description_2602_golf/share/description_2602_golf/package.ps1'
[5.035s] INFO:colcon.colcon_core.shell:Creating package descriptor '/home/arthur/mrad_ws_2602_golf/install/description_2602_golf/share/description_2602_golf/package.dsv'
[5.036s] INFO:colcon.colcon_core.shell:Creating package script '/home/arthur/mrad_ws_2602_golf/install/description_2602_golf/share/description_2602_golf/package.sh'
[5.037s] INFO:colcon.colcon_core.shell:Creating package script '/home/arthur/mrad_ws_2602_golf/install/description_2602_golf/share/description_2602_golf/package.bash'
[5.037s] INFO:colcon.colcon_core.shell:Creating package script '/home/arthur/mrad_ws_2602_golf/install/description_2602_golf/share/description_2602_golf/package.zsh'
[5.038s] Level 1:colcon.colcon_core.environment:create_file_with_runtime_dependencies(/home/arthur/mrad_ws_2602_golf/install/description_2602_golf/share/colcon-core/packages/description_2602_golf)
[5.056s] Level 1:colcon.colcon_core.shell:create_environment_hook('follow_the_gap_2602_golf', 'pythonpath_develop')
[5.056s] INFO:colcon.colcon_core.shell:Creating environment hook '/home/arthur/mrad_ws_2602_golf/build/follow_the_gap_2602_golf/share/follow_the_gap_2602_golf/hook/pythonpath_develop.ps1'
[5.057s] DEBUG:colcon.colcon_core.event_handler.log_command:Invoked command in '/home/arthur/mrad_ws_2602_golf/build/follow_the_gap_2602_golf' returned '0': DEBUGINFOD_URLS=https://debuginfod.ubuntu.com PYTHONPATH=/home/arthur/mrad_ws_2602_golf/build/follow_the_gap_2602_golf/prefix_override:/usr/lib/python3/dist-packages/colcon_core/task/python/colcon_distutils_commands:/home/arthur/mrad_ws_2602_golf/install/follow_the_gap_2602_golf/lib/python3.12/site-packages:${PYTHONPATH} /usr/bin/python3 -W ignore:setup.py install is deprecated -W ignore:easy_install command is deprecated setup.py develop --editable --build-directory /home/arthur/mrad_ws_2602_golf/build/follow_the_gap_2602_golf/build --no-deps symlink_data
[5.057s] INFO:colcon.colcon_core.shell:Creating environment descriptor '/home/arthur/mrad_ws_2602_golf/build/follow_the_gap_2602_golf/share/follow_the_gap_2602_golf/hook/pythonpath_develop.dsv'
[5.057s] INFO:colcon.colcon_core.shell:Creating environment hook '/home/arthur/mrad_ws_2602_golf/build/follow_the_gap_2602_golf/share/follow_the_gap_2602_golf/hook/pythonpath_develop.sh'
[5.058s] Level 1:colcon.colcon_core.environment:checking '/home/arthur/mrad_ws_2602_golf/install/follow_the_gap_2602_golf' for CMake module files
[5.058s] Level 1:colcon.colcon_core.environment:checking '/home/arthur/mrad_ws_2602_golf/install/follow_the_gap_2602_golf' for CMake config files
[5.059s] Level 1:colcon.colcon_core.environment:checking '/home/arthur/mrad_ws_2602_golf/install/follow_the_gap_2602_golf/lib'
[5.059s] Level 1:colcon.colcon_core.environment:checking '/home/arthur/mrad_ws_2602_golf/install/follow_the_gap_2602_golf/bin'
[5.059s] Level 1:colcon.colcon_core.environment:checking '/home/arthur/mrad_ws_2602_golf/install/follow_the_gap_2602_golf/lib/pkgconfig/follow_the_gap_2602_golf.pc'
[5.059s] Level 1:colcon.colcon_core.environment:checking '/home/arthur/mrad_ws_2602_golf/install/follow_the_gap_2602_golf/lib/python3.12/site-packages'
[5.059s] Level 1:colcon.colcon_core.shell:create_environment_hook('follow_the_gap_2602_golf', 'pythonpath')
[5.059s] INFO:colcon.colcon_core.shell:Creating environment hook '/home/arthur/mrad_ws_2602_golf/install/follow_the_gap_2602_golf/share/follow_the_gap_2602_golf/hook/pythonpath.ps1'
[5.060s] INFO:colcon.colcon_core.shell:Creating environment descriptor '/home/arthur/mrad_ws_2602_golf/install/follow_the_gap_2602_golf/share/follow_the_gap_2602_golf/hook/pythonpath.dsv'
[5.060s] INFO:colcon.colcon_core.shell:Creating environment hook '/home/arthur/mrad_ws_2602_golf/install/follow_the_gap_2602_golf/share/follow_the_gap_2602_golf/hook/pythonpath.sh'
[5.061s] Level 1:colcon.colcon_core.environment:checking '/home/arthur/mrad_ws_2602_golf/install/follow_the_gap_2602_golf/bin'
[5.061s] Level 1:colcon.colcon_core.environment:create_environment_scripts_only(follow_the_gap_2602_golf)
[5.061s] INFO:colcon.colcon_core.shell:Creating package script '/home/arthur/mrad_ws_2602_golf/install/follow_the_gap_2602_golf/share/follow_the_gap_2602_golf/package.ps1'
[5.062s] INFO:colcon.colcon_core.shell:Creating package descriptor '/home/arthur/mrad_ws_2602_golf/install/follow_the_gap_2602_golf/share/follow_the_gap_2602_golf/package.dsv'
[5.062s] INFO:colcon.colcon_core.shell:Creating package script '/home/arthur/mrad_ws_2602_golf/install/follow_the_gap_2602_golf/share/follow_the_gap_2602_golf/package.sh'
[5.062s] INFO:colcon.colcon_core.shell:Creating package script '/home/arthur/mrad_ws_2602_golf/install/follow_the_gap_2602_golf/share/follow_the_gap_2602_golf/package.bash'
[5.063s] INFO:colcon.colcon_core.shell:Creating package script '/home/arthur/mrad_ws_2602_golf/install/follow_the_gap_2602_golf/share/follow_the_gap_2602_golf/package.zsh'
[5.063s] Level 1:colcon.colcon_core.environment:create_file_with_runtime_dependencies(/home/arthur/mrad_ws_2602_golf/install/follow_the_gap_2602_golf/share/colcon-core/packages/follow_the_gap_2602_golf)
[5.355s] Level 1:colcon.colcon_core.shell:create_environment_hook('ttc_follow_the_gap_2602_golf', 'pythonpath_develop')
[5.355s] INFO:colcon.colcon_core.shell:Creating environment hook '/home/arthur/mrad_ws_2602_golf/build/ttc_follow_the_gap_2602_golf/share/ttc_follow_the_gap_2602_golf/hook/pythonpath_develop.ps1'
[5.355s] DEBUG:colcon.colcon_core.event_handler.log_command:Invoked command in '/home/arthur/mrad_ws_2602_golf/build/ttc_follow_the_gap_2602_golf' returned '0': DEBUGINFOD_URLS=https://debuginfod.ubuntu.com PYTHONPATH=/home/arthur/mrad_ws_2602_golf/build/ttc_follow_the_gap_2602_golf/prefix_override:/usr/lib/python3/dist-packages/colcon_core/task/python/colcon_distutils_commands:/home/arthur/mrad_ws_2602_golf/install/ttc_follow_the_gap_2602_golf/lib/python3.12/site-packages:${PYTHONPATH} /usr/bin/python3 -W ignore:setup.py install is deprecated -W ignore:easy_install command is deprecated setup.py develop --editable --build-directory /home/arthur/mrad_ws_2602_golf/build/ttc_follow_the_gap_2602_golf/build --no-deps symlink_data
[5.356s] INFO:colcon.colcon_core.shell:Creating environment descriptor '/home/arthur/mrad_ws_2602_golf/build/ttc_follow_the_gap_2602_golf/share/ttc_follow_the_gap_2602_golf/hook/pythonpath_develop.dsv'
[5.356s] INFO:colcon.colcon_core.shell:Creating environment hook '/home/arthur/mrad_ws_2602_golf/build/ttc_follow_the_gap_2602_golf/share/ttc_follow_the_gap_2602_golf/hook/pythonpath_develop.sh'
[5.357s] Level 1:colcon.colcon_core.environment:checking '/home/arthur/mrad_ws_2602_golf/install/ttc_follow_the_gap_2602_golf' for CMake module files
[5.357s] Level 1:colcon.colcon_core.environment:checking '/home/arthur/mrad_ws_2602_golf/install/ttc_follow_the_gap_2602_golf' for CMake config files
[5.358s] Level 1:colcon.colcon_core.environment:checking '/home/arthur/mrad_ws_2602_golf/install/ttc_follow_the_gap_2602_golf/lib'
[5.358s] Level 1:colcon.colcon_core.environment:checking '/home/arthur/mrad_ws_2602_golf/install/ttc_follow_the_gap_2602_golf/bin'
[5.358s] Level 1:colcon.colcon_core.environment:checking '/home/arthur/mrad_ws_2602_golf/install/ttc_follow_the_gap_2602_golf/lib/pkgconfig/ttc_follow_the_gap_2602_golf.pc'
[5.358s] Level 1:colcon.colcon_core.environment:checking '/home/arthur/mrad_ws_2602_golf/install/ttc_follow_the_gap_2602_golf/lib/python3.12/site-packages'
[5.359s] Level 1:colcon.colcon_core.shell:create_environment_hook('ttc_follow_the_gap_2602_golf', 'pythonpath')
[5.359s] INFO:colcon.colcon_core.shell:Creating environment hook '/home/arthur/mrad_ws_2602_golf/install/ttc_follow_the_gap_2602_golf/share/ttc_follow_the_gap_2602_golf/hook/pythonpath.ps1'
[5.359s] INFO:colcon.colcon_core.shell:Creating environment descriptor '/home/arthur/mrad_ws_2602_golf/install/ttc_follow_the_gap_2602_golf/share/ttc_follow_the_gap_2602_golf/hook/pythonpath.dsv'
[5.360s] INFO:colcon.colcon_core.shell:Creating environment hook '/home/arthur/mrad_ws_2602_golf/install/ttc_follow_the_gap_2602_golf/share/ttc_follow_the_gap_2602_golf/hook/pythonpath.sh'
[5.361s] Level 1:colcon.colcon_core.environment:checking '/home/arthur/mrad_ws_2602_golf/install/ttc_follow_the_gap_2602_golf/bin'
[5.361s] Level 1:colcon.colcon_core.environment:create_environment_scripts_only(ttc_follow_the_gap_2602_golf)
[5.361s] INFO:colcon.colcon_core.shell:Creating package script '/home/arthur/mrad_ws_2602_golf/install/ttc_follow_the_gap_2602_golf/share/ttc_follow_the_gap_2602_golf/package.ps1'
[5.362s] INFO:colcon.colcon_core.shell:Creating package descriptor '/home/arthur/mrad_ws_2602_golf/install/ttc_follow_the_gap_2602_golf/share/ttc_follow_the_gap_2602_golf/package.dsv'
[5.362s] INFO:colcon.colcon_core.shell:Creating package script '/home/arthur/mrad_ws_2602_golf/install/ttc_follow_the_gap_2602_golf/share/ttc_follow_the_gap_2602_golf/package.sh'
[5.363s] INFO:colcon.colcon_core.shell:Creating package script '/home/arthur/mrad_ws_2602_golf/install/ttc_follow_the_gap_2602_golf/share/ttc_follow_the_gap_2602_golf/package.bash'
[5.363s] INFO:colcon.colcon_core.shell:Creating package script '/home/arthur/mrad_ws_2602_golf/install/ttc_follow_the_gap_2602_golf/share/ttc_follow_the_gap_2602_golf/package.zsh'
[5.364s] Level 1:colcon.colcon_core.environment:create_file_with_runtime_dependencies(/home/arthur/mrad_ws_2602_golf/install/ttc_follow_the_gap_2602_golf/share/colcon-core/packages/ttc_follow_the_gap_2602_golf)
[5.364s] Level 1:colcon.colcon_core.shell:create_environment_hook('bringup_2602_golf', 'pythonpath_develop')
[5.365s] INFO:colcon.colcon_core.shell:Creating environment hook '/home/arthur/mrad_ws_2602_golf/build/bringup_2602_golf/share/bringup_2602_golf/hook/pythonpath_develop.ps1'
[5.365s] INFO:colcon.colcon_core.shell:Creating environment descriptor '/home/arthur/mrad_ws_2602_golf/build/bringup_2602_golf/share/bringup_2602_golf/hook/pythonpath_develop.dsv'
[5.366s] INFO:colcon.colcon_core.shell:Creating environment hook '/home/arthur/mrad_ws_2602_golf/build/bringup_2602_golf/share/bringup_2602_golf/hook/pythonpath_develop.sh'
[5.367s] DEBUG:colcon.colcon_core.event_handler.log_command:Invoked command in '/home/arthur/mrad_ws_2602_golf/build/bringup_2602_golf' returned '0': DEBUGINFOD_URLS=https://debuginfod.ubuntu.com PYTHONPATH=/home/arthur/mrad_ws_2602_golf/build/bringup_2602_golf/prefix_override:/usr/lib/python3/dist-packages/colcon_core/task/python/colcon_distutils_commands:/home/arthur/mrad_ws_2602_golf/install/bringup_2602_golf/lib/python3.12/site-packages:${PYTHONPATH} /usr/bin/python3 -W ignore:setup.py install is deprecated -W ignore:easy_install command is deprecated setup.py develop --editable --build-directory /home/arthur/mrad_ws_2602_golf/build/bringup_2602_golf/build --no-deps symlink_data
[5.367s] Level 1:colcon.colcon_core.environment:checking '/home/arthur/mrad_ws_2602_golf/install/bringup_2602_golf' for CMake module files
[5.368s] Level 1:colcon.colcon_core.environment:checking '/home/arthur/mrad_ws_2602_golf/install/bringup_2602_golf' for CMake config files
[5.369s] Level 1:colcon.colcon_core.environment:checking '/home/arthur/mrad_ws_2602_golf/install/bringup_2602_golf/lib'
[5.369s] Level 1:colcon.colcon_core.environment:checking '/home/arthur/mrad_ws_2602_golf/install/bringup_2602_golf/bin'
[5.369s] Level 1:colcon.colcon_core.environment:checking '/home/arthur/mrad_ws_2602_golf/install/bringup_2602_golf/lib/pkgconfig/bringup_2602_golf.pc'
[5.369s] Level 1:colcon.colcon_core.environment:checking '/home/arthur/mrad_ws_2602_golf/install/bringup_2602_golf/lib/python3.12/site-packages'
[5.369s] Level 1:colcon.colcon_core.shell:create_environment_hook('bringup_2602_golf', 'pythonpath')
[5.370s] INFO:colcon.colcon_core.shell:Creating environment hook '/home/arthur/mrad_ws_2602_golf/install/bringup_2602_golf/share/bringup_2602_golf/hook/pythonpath.ps1'
[5.370s] INFO:colcon.colcon_core.shell:Creating environment descriptor '/home/arthur/mrad_ws_2602_golf/install/bringup_2602_golf/share/bringup_2602_golf/hook/pythonpath.dsv'
[5.371s] INFO:colcon.colcon_core.shell:Creating environment hook '/home/arthur/mrad_ws_2602_golf/install/bringup_2602_golf/share/bringup_2602_golf/hook/pythonpath.sh'
[5.372s] Level 1:colcon.colcon_core.environment:checking '/home/arthur/mrad_ws_2602_golf/install/bringup_2602_golf/bin'
[5.372s] Level 1:colcon.colcon_core.environment:create_environment_scripts_only(bringup_2602_golf)
[5.372s] INFO:colcon.colcon_core.shell:Creating package script '/home/arthur/mrad_ws_2602_golf/install/bringup_2602_golf/share/bringup_2602_golf/package.ps1'
[5.373s] INFO:colcon.colcon_core.shell:Creating package descriptor '/home/arthur/mrad_ws_2602_golf/install/bringup_2602_golf/share/bringup_2602_golf/package.dsv'
[5.374s] INFO:colcon.colcon_core.shell:Creating package script '/home/arthur/mrad_ws_2602_golf/install/bringup_2602_golf/share/bringup_2602_golf/package.sh'
[5.374s] INFO:colcon.colcon_core.shell:Creating package script '/home/arthur/mrad_ws_2602_golf/install/bringup_2602_golf/share/bringup_2602_golf/package.bash'
[5.375s] INFO:colcon.colcon_core.shell:Creating package script '/home/arthur/mrad_ws_2602_golf/install/bringup_2602_golf/share/bringup_2602_golf/package.zsh'
[5.375s] Level 1:colcon.colcon_core.environment:create_file_with_runtime_dependencies(/home/arthur/mrad_ws_2602_golf/install/bringup_2602_golf/share/colcon-core/packages/bringup_2602_golf)
[5.386s] Level 1:colcon.colcon_core.shell:create_environment_hook('wall_following_2602_golf', 'pythonpath_develop')
[5.386s] INFO:colcon.colcon_core.shell:Creating environment hook '/home/arthur/mrad_ws_2602_golf/build/wall_following_2602_golf/share/wall_following_2602_golf/hook/pythonpath_develop.ps1'
[5.386s] DEBUG:colcon.colcon_core.event_handler.log_command:Invoked command in '/home/arthur/mrad_ws_2602_golf/build/wall_following_2602_golf' returned '0': DEBUGINFOD_URLS=https://debuginfod.ubuntu.com PYTHONPATH=/home/arthur/mrad_ws_2602_golf/build/wall_following_2602_golf/prefix_override:/usr/lib/python3/dist-packages/colcon_core/task/python/colcon_distutils_commands:/home/arthur/mrad_ws_2602_golf/install/wall_following_2602_golf/lib/python3.12/site-packages:${PYTHONPATH} /usr/bin/python3 -W ignore:setup.py install is deprecated -W ignore:easy_install command is deprecated setup.py develop --editable --build-directory /home/arthur/mrad_ws_2602_golf/build/wall_following_2602_golf/build --no-deps symlink_data
[5.387s] INFO:colcon.colcon_core.shell:Creating environment descriptor '/home/arthur/mrad_ws_2602_golf/build/wall_following_2602_golf/share/wall_following_2602_golf/hook/pythonpath_develop.dsv'
[5.387s] INFO:colcon.colcon_core.shell:Creating environment hook '/home/arthur/mrad_ws_2602_golf/build/wall_following_2602_golf/share/wall_following_2602_golf/hook/pythonpath_develop.sh'
[5.388s] Level 1:colcon.colcon_core.environment:checking '/home/arthur/mrad_ws_2602_golf/install/wall_following_2602_golf' for CMake module files
[5.388s] Level 1:colcon.colcon_core.environment:checking '/home/arthur/mrad_ws_2602_golf/install/wall_following_2602_golf' for CMake config files
[5.389s] Level 1:colcon.colcon_core.environment:checking '/home/arthur/mrad_ws_2602_golf/install/wall_following_2602_golf/lib'
[5.389s] Level 1:colcon.colcon_core.environment:checking '/home/arthur/mrad_ws_2602_golf/install/wall_following_2602_golf/bin'
[5.389s] Level 1:colcon.colcon_core.environment:checking '/home/arthur/mrad_ws_2602_golf/install/wall_following_2602_golf/lib/pkgconfig/wall_following_2602_golf.pc'
[5.389s] Level 1:colcon.colcon_core.environment:checking '/home/arthur/mrad_ws_2602_golf/install/wall_following_2602_golf/lib/python3.12/site-packages'
[5.390s] Level 1:colcon.colcon_core.shell:create_environment_hook('wall_following_2602_golf', 'pythonpath')
[5.390s] INFO:colcon.colcon_core.shell:Creating environment hook '/home/arthur/mrad_ws_2602_golf/install/wall_following_2602_golf/share/wall_following_2602_golf/hook/pythonpath.ps1'
[5.390s] INFO:colcon.colcon_core.shell:Creating environment descriptor '/home/arthur/mrad_ws_2602_golf/install/wall_following_2602_golf/share/wall_following_2602_golf/hook/pythonpath.dsv'
[5.391s] INFO:colcon.colcon_core.shell:Creating environment hook '/home/arthur/mrad_ws_2602_golf/install/wall_following_2602_golf/share/wall_following_2602_golf/hook/pythonpath.sh'
[5.391s] Level 1:colcon.colcon_core.environment:checking '/home/arthur/mrad_ws_2602_golf/install/wall_following_2602_golf/bin'
[5.392s] Level 1:colcon.colcon_core.environment:create_environment_scripts_only(wall_following_2602_golf)
[5.392s] INFO:colcon.colcon_core.shell:Creating package script '/home/arthur/mrad_ws_2602_golf/install/wall_following_2602_golf/share/wall_following_2602_golf/package.ps1'
[5.393s] INFO:colcon.colcon_core.shell:Creating package descriptor '/home/arthur/mrad_ws_2602_golf/install/wall_following_2602_golf/share/wall_following_2602_golf/package.dsv'
[5.393s] INFO:colcon.colcon_core.shell:Creating package script '/home/arthur/mrad_ws_2602_golf/install/wall_following_2602_golf/share/wall_following_2602_golf/package.sh'
[5.393s] INFO:colcon.colcon_core.shell:Creating package script '/home/arthur/mrad_ws_2602_golf/install/wall_following_2602_golf/share/wall_following_2602_golf/package.bash'
[5.394s] INFO:colcon.colcon_core.shell:Creating package script '/home/arthur/mrad_ws_2602_golf/install/wall_following_2602_golf/share/wall_following_2602_golf/package.zsh'
[5.394s] Level 1:colcon.colcon_core.environment:create_file_with_runtime_dependencies(/home/arthur/mrad_ws_2602_golf/install/wall_following_2602_golf/share/colcon-core/packages/wall_following_2602_golf)
[5.395s] Level 1:colcon.colcon_core.shell:create_environment_hook('ttc_2602_golf', 'pythonpath_develop')
[5.395s] INFO:colcon.colcon_core.shell:Creating environment hook '/home/arthur/mrad_ws_2602_golf/build/ttc_2602_golf/share/ttc_2602_golf/hook/pythonpath_develop.ps1'
[5.395s] DEBUG:colcon.colcon_core.event_handler.log_command:Invoked command in '/home/arthur/mrad_ws_2602_golf/build/ttc_2602_golf' returned '0': DEBUGINFOD_URLS=https://debuginfod.ubuntu.com PYTHONPATH=/home/arthur/mrad_ws_2602_golf/build/ttc_2602_golf/prefix_override:/usr/lib/python3/dist-packages/colcon_core/task/python/colcon_distutils_commands:/home/arthur/mrad_ws_2602_golf/install/ttc_2602_golf/lib/python3.12/site-packages:${PYTHONPATH} /usr/bin/python3 -W ignore:setup.py install is deprecated -W ignore:easy_install command is deprecated setup.py develop --editable --build-directory /home/arthur/mrad_ws_2602_golf/build/ttc_2602_golf/build --no-deps symlink_data
[5.395s] INFO:colcon.colcon_core.shell:Creating environment descriptor '/home/arthur/mrad_ws_2602_golf/build/ttc_2602_golf/share/ttc_2602_golf/hook/pythonpath_develop.dsv'
[5.396s] INFO:colcon.colcon_core.shell:Creating environment hook '/home/arthur/mrad_ws_2602_golf/build/ttc_2602_golf/share/ttc_2602_golf/hook/pythonpath_develop.sh'
[5.396s] Level 1:colcon.colcon_core.environment:checking '/home/arthur/mrad_ws_2602_golf/install/ttc_2602_golf' for CMake module files
[5.397s] Level 1:colcon.colcon_core.environment:checking '/home/arthur/mrad_ws_2602_golf/install/ttc_2602_golf' for CMake config files
[5.397s] Level 1:colcon.colcon_core.environment:checking '/home/arthur/mrad_ws_2602_golf/install/ttc_2602_golf/lib'
[5.397s] Level 1:colcon.colcon_core.environment:checking '/home/arthur/mrad_ws_2602_golf/install/ttc_2602_golf/bin'
[5.397s] Level 1:colcon.colcon_core.environment:checking '/home/arthur/mrad_ws_2602_golf/install/ttc_2602_golf/lib/pkgconfig/ttc_2602_golf.pc'
[5.397s] Level 1:colcon.colcon_core.environment:checking '/home/arthur/mrad_ws_2602_golf/install/ttc_2602_golf/lib/python3.12/site-packages'
[5.397s] Level 1:colcon.colcon_core.shell:create_environment_hook('ttc_2602_golf', 'pythonpath')
[5.398s] INFO:colcon.colcon_core.shell:Creating environment hook '/home/arthur/mrad_ws_2602_golf/install/ttc_2602_golf/share/ttc_2602_golf/hook/pythonpath.ps1'
[5.398s] INFO:colcon.colcon_core.shell:Creating environment descriptor '/home/arthur/mrad_ws_2602_golf/install/ttc_2602_golf/share/ttc_2602_golf/hook/pythonpath.dsv'
[5.398s] INFO:colcon.colcon_core.shell:Creating environment hook '/home/arthur/mrad_ws_2602_golf/install/ttc_2602_golf/share/ttc_2602_golf/hook/pythonpath.sh'
[5.399s] Level 1:colcon.colcon_core.environment:checking '/home/arthur/mrad_ws_2602_golf/install/ttc_2602_golf/bin'
[5.399s] Level 1:colcon.colcon_core.environment:create_environment_scripts_only(ttc_2602_golf)
[5.399s] INFO:colcon.colcon_core.shell:Creating package script '/home/arthur/mrad_ws_2602_golf/install/ttc_2602_golf/share/ttc_2602_golf/package.ps1'
[5.400s] INFO:colcon.colcon_core.shell:Creating package descriptor '/home/arthur/mrad_ws_2602_golf/install/ttc_2602_golf/share/ttc_2602_golf/package.dsv'
[5.400s] INFO:colcon.colcon_core.shell:Creating package script '/home/arthur/mrad_ws_2602_golf/install/ttc_2602_golf/share/ttc_2602_golf/package.sh'
[5.400s] INFO:colcon.colcon_core.shell:Creating package script '/home/arthur/mrad_ws_2602_golf/install/ttc_2602_golf/share/ttc_2602_golf/package.bash'
[5.401s] INFO:colcon.colcon_core.shell:Creating package script '/home/arthur/mrad_ws_2602_golf/install/ttc_2602_golf/share/ttc_2602_golf/package.zsh'
[5.401s] Level 1:colcon.colcon_core.environment:create_file_with_runtime_dependencies(/home/arthur/mrad_ws_2602_golf/install/ttc_2602_golf/share/colcon-core/packages/ttc_2602_golf)
[5.401s] DEBUG:colcon.colcon_parallel_executor.executor.parallel:closing loop
[5.401s] DEBUG:colcon.colcon_parallel_executor.executor.parallel:loop closed
[5.402s] DEBUG:colcon.colcon_parallel_executor.executor.parallel:run_until_complete finished with '0'
[5.402s] DEBUG:colcon.colcon_core.event_reactor:joining thread
[5.406s] INFO:colcon.colcon_core.plugin_system:Skipping extension 'colcon_notification.desktop_notification.terminal_notifier': Not used on non-Darwin systems
[5.406s] INFO:colcon.colcon_core.plugin_system:Skipping extension 'colcon_notification.desktop_notification.win32': Not used on non-Windows systems
[5.406s] INFO:colcon.colcon_notification.desktop_notification:Sending desktop notification using 'notify2'
[5.415s] DEBUG:colcon.colcon_core.event_reactor:joined thread
[5.415s] INFO:colcon.colcon_core.shell:Creating prefix script '/home/arthur/mrad_ws_2602_golf/install/local_setup.ps1'
[5.416s] INFO:colcon.colcon_core.shell:Creating prefix util module '/home/arthur/mrad_ws_2602_golf/install/_local_setup_util_ps1.py'
[5.417s] INFO:colcon.colcon_core.shell:Creating prefix chain script '/home/arthur/mrad_ws_2602_golf/install/setup.ps1'
[5.418s] INFO:colcon.colcon_core.shell:Creating prefix script '/home/arthur/mrad_ws_2602_golf/install/local_setup.sh'
[5.419s] INFO:colcon.colcon_core.shell:Creating prefix util module '/home/arthur/mrad_ws_2602_golf/install/_local_setup_util_sh.py'
[5.419s] INFO:colcon.colcon_core.shell:Creating prefix chain script '/home/arthur/mrad_ws_2602_golf/install/setup.sh'
[5.420s] INFO:colcon.colcon_core.shell:Creating prefix script '/home/arthur/mrad_ws_2602_golf/install/local_setup.bash'
[5.421s] INFO:colcon.colcon_core.shell:Creating prefix chain script '/home/arthur/mrad_ws_2602_golf/install/setup.bash'
[5.422s] INFO:colcon.colcon_core.shell:Creating prefix script '/home/arthur/mrad_ws_2602_golf/install/local_setup.zsh'
[5.422s] INFO:colcon.colcon_core.shell:Creating prefix chain script '/home/arthur/mrad_ws_2602_golf/install/setup.zsh'
