[0.104s] DEBUG:colcon:Command line arguments: ['/usr/bin/colcon', 'build', '--symlink-install']
[0.104s] DEBUG:colcon:Parsed command line arguments: Namespace(log_base=None, log_level=None, verb_name='build', build_base='build', install_base='install', merge_install=False, symlink_install=True, test_result_base=None, continue_on_error=False, executor='parallel', parallel_workers=8, event_handlers=None, ignore_user_meta=False, metas=['./colcon.meta'], base_paths=['.'], packages_ignore=None, packages_ignore_regex=None, paths=None, packages_up_to=None, packages_up_to_regex=None, packages_above=None, packages_above_and_dependencies=None, packages_above_depth=None, packages_select_by_dep=None, packages_skip_by_dep=None, packages_skip_up_to=None, packages_select_build_failed=False, packages_skip_build_finished=False, packages_select_test_failures=False, packages_skip_test_passed=False, packages_select=None, packages_skip=None, packages_select_regex=None, packages_skip_regex=None, packages_start=None, packages_end=None, allow_overriding=[], cmake_args=None, cmake_target=None, cmake_target_skip_unavailable=False, cmake_clean_cache=False, cmake_clean_first=False, cmake_force_configure=False, ament_cmake_args=None, catkin_cmake_args=None, catkin_skip_building_tests=False, mixin_files=None, mixin=None, verb_parser=<colcon_mixin.mixin.mixin_argument.MixinArgumentDecorator object at 0x722ce60ed8e0>, verb_extension=<colcon_core.verb.build.BuildVerb object at 0x722ce600a0f0>, main=<bound method BuildVerb.main of <colcon_core.verb.build.BuildVerb object at 0x722ce600a0f0>>, mixin_verb=('build',))
[0.134s] Level 1:colcon.colcon_core.package_discovery:discover_packages(colcon_meta) check parameters
[0.134s] Level 1:colcon.colcon_core.package_discovery:discover_packages(recursive) check parameters
[0.134s] Level 1:colcon.colcon_core.package_discovery:discover_packages(ignore) check parameters
[0.134s] Level 1:colcon.colcon_core.package_discovery:discover_packages(path) check parameters
[0.134s] Level 1:colcon.colcon_core.package_discovery:discover_packages(colcon_meta) discover
[0.134s] Level 1:colcon.colcon_core.package_discovery:discover_packages(recursive) discover
[0.134s] INFO:colcon.colcon_core.package_discovery:Crawling recursively for packages in '/home/arthur/mrad_ws_2602_golf'
[0.135s] Level 1:colcon.colcon_core.package_identification:_identify(.) by extensions ['ignore', 'ignore_ament_install']
[0.135s] Level 1:colcon.colcon_core.package_identification:_identify(.) by extension 'ignore'
[0.135s] Level 1:colcon.colcon_core.package_identification:_identify(.) by extension 'ignore_ament_install'
[0.135s] Level 1:colcon.colcon_core.package_identification:_identify(.) by extensions ['colcon_pkg']
[0.135s] Level 1:colcon.colcon_core.package_identification:_identify(.) by extension 'colcon_pkg'
[0.135s] Level 1:colcon.colcon_core.package_identification:_identify(.) by extensions ['colcon_meta']
[0.135s] Level 1:colcon.colcon_core.package_identification:_identify(.) by extension 'colcon_meta'
[0.135s] Level 1:colcon.colcon_core.package_identification:_identify(.) by extensions ['ros']
[0.135s] Level 1:colcon.colcon_core.package_identification:_identify(.) by extension 'ros'
[0.155s] Level 1:colcon.colcon_core.package_identification:_identify(.) by extensions ['cmake', 'python']
[0.155s] Level 1:colcon.colcon_core.package_identification:_identify(.) by extension 'cmake'
[0.155s] Level 1:colcon.colcon_core.package_identification:_identify(.) by extension 'python'
[0.155s] Level 1:colcon.colcon_core.package_identification:_identify(.) by extensions ['python_setup_py']
[0.155s] Level 1:colcon.colcon_core.package_identification:_identify(.) by extension 'python_setup_py'
[0.155s] Level 1:colcon.colcon_core.package_identification:_identify(build) by extensions ['ignore', 'ignore_ament_install']
[0.155s] Level 1:colcon.colcon_core.package_identification:_identify(build) by extension 'ignore'
[0.155s] Level 1:colcon.colcon_core.package_identification:_identify(build) ignored
[0.156s] Level 1:colcon.colcon_core.package_identification:_identify(install) by extensions ['ignore', 'ignore_ament_install']
[0.156s] Level 1:colcon.colcon_core.package_identification:_identify(install) by extension 'ignore'
[0.156s] Level 1:colcon.colcon_core.package_identification:_identify(install) ignored
[0.156s] Level 1:colcon.colcon_core.package_identification:_identify(log) by extensions ['ignore', 'ignore_ament_install']
[0.156s] Level 1:colcon.colcon_core.package_identification:_identify(log) by extension 'ignore'
[0.156s] Level 1:colcon.colcon_core.package_identification:_identify(log) ignored
[0.156s] Level 1:colcon.colcon_core.package_identification:_identify(src) by extensions ['ignore', 'ignore_ament_install']
[0.156s] Level 1:colcon.colcon_core.package_identification:_identify(src) by extension 'ignore'
[0.156s] Level 1:colcon.colcon_core.package_identification:_identify(src) by extension 'ignore_ament_install'
[0.156s] Level 1:colcon.colcon_core.package_identification:_identify(src) by extensions ['colcon_pkg']
[0.156s] Level 1:colcon.colcon_core.package_identification:_identify(src) by extension 'colcon_pkg'
[0.156s] Level 1:colcon.colcon_core.package_identification:_identify(src) by extensions ['colcon_meta']
[0.156s] Level 1:colcon.colcon_core.package_identification:_identify(src) by extension 'colcon_meta'
[0.156s] Level 1:colcon.colcon_core.package_identification:_identify(src) by extensions ['ros']
[0.156s] Level 1:colcon.colcon_core.package_identification:_identify(src) by extension 'ros'
[0.156s] Level 1:colcon.colcon_core.package_identification:_identify(src) by extensions ['cmake', 'python']
[0.157s] Level 1:colcon.colcon_core.package_identification:_identify(src) by extension 'cmake'
[0.157s] Level 1:colcon.colcon_core.package_identification:_identify(src) by extension 'python'
[0.157s] Level 1:colcon.colcon_core.package_identification:_identify(src) by extensions ['python_setup_py']
[0.157s] Level 1:colcon.colcon_core.package_identification:_identify(src) by extension 'python_setup_py'
[0.157s] Level 1:colcon.colcon_core.package_identification:_identify(src/bringup_2602_golf) by extensions ['ignore', 'ignore_ament_install']
[0.157s] Level 1:colcon.colcon_core.package_identification:_identify(src/bringup_2602_golf) by extension 'ignore'
[0.157s] Level 1:colcon.colcon_core.package_identification:_identify(src/bringup_2602_golf) by extension 'ignore_ament_install'
[0.157s] Level 1:colcon.colcon_core.package_identification:_identify(src/bringup_2602_golf) by extensions ['colcon_pkg']
[0.157s] Level 1:colcon.colcon_core.package_identification:_identify(src/bringup_2602_golf) by extension 'colcon_pkg'
[0.157s] Level 1:colcon.colcon_core.package_identification:_identify(src/bringup_2602_golf) by extensions ['colcon_meta']
[0.157s] Level 1:colcon.colcon_core.package_identification:_identify(src/bringup_2602_golf) by extension 'colcon_meta'
[0.157s] Level 1:colcon.colcon_core.package_identification:_identify(src/bringup_2602_golf) by extensions ['ros']
[0.157s] Level 1:colcon.colcon_core.package_identification:_identify(src/bringup_2602_golf) by extension 'ros'
[0.159s] DEBUG:colcon.colcon_core.package_identification:Package 'src/bringup_2602_golf' with type 'ros.ament_python' and name 'bringup_2602_golf'
[0.159s] Level 1:colcon.colcon_core.package_identification:_identify(src/control_2602_golf) by extensions ['ignore', 'ignore_ament_install']
[0.159s] Level 1:colcon.colcon_core.package_identification:_identify(src/control_2602_golf) by extension 'ignore'
[0.159s] Level 1:colcon.colcon_core.package_identification:_identify(src/control_2602_golf) by extension 'ignore_ament_install'
[0.159s] Level 1:colcon.colcon_core.package_identification:_identify(src/control_2602_golf) by extensions ['colcon_pkg']
[0.159s] Level 1:colcon.colcon_core.package_identification:_identify(src/control_2602_golf) by extension 'colcon_pkg'
[0.159s] Level 1:colcon.colcon_core.package_identification:_identify(src/control_2602_golf) by extensions ['colcon_meta']
[0.159s] Level 1:colcon.colcon_core.package_identification:_identify(src/control_2602_golf) by extension 'colcon_meta'
[0.159s] Level 1:colcon.colcon_core.package_identification:_identify(src/control_2602_golf) by extensions ['ros']
[0.159s] Level 1:colcon.colcon_core.package_identification:_identify(src/control_2602_golf) by extension 'ros'
[0.160s] DEBUG:colcon.colcon_core.package_identification:Package 'src/control_2602_golf' with type 'ros.ament_cmake' and name 'control_2602_golf'
[0.160s] Level 1:colcon.colcon_core.package_identification:_identify(src/description_2602_golf) by extensions ['ignore', 'ignore_ament_install']
[0.160s] Level 1:colcon.colcon_core.package_identification:_identify(src/description_2602_golf) by extension 'ignore'
[0.160s] Level 1:colcon.colcon_core.package_identification:_identify(src/description_2602_golf) by extension 'ignore_ament_install'
[0.160s] Level 1:colcon.colcon_core.package_identification:_identify(src/description_2602_golf) by extensions ['colcon_pkg']
[0.160s] Level 1:colcon.colcon_core.package_identification:_identify(src/description_2602_golf) by extension 'colcon_pkg'
[0.160s] Level 1:colcon.colcon_core.package_identification:_identify(src/description_2602_golf) by extensions ['colcon_meta']
[0.160s] Level 1:colcon.colcon_core.package_identification:_identify(src/description_2602_golf) by extension 'colcon_meta'
[0.160s] Level 1:colcon.colcon_core.package_identification:_identify(src/description_2602_golf) by extensions ['ros']
[0.160s] Level 1:colcon.colcon_core.package_identification:_identify(src/description_2602_golf) by extension 'ros'
[0.161s] DEBUG:colcon.colcon_core.package_identification:Package 'src/description_2602_golf' with type 'ros.ament_python' and name 'description_2602_golf'
[0.161s] Level 1:colcon.colcon_core.package_identification:_identify(src/follow_the_gap_2602_golf) by extensions ['ignore', 'ignore_ament_install']
[0.161s] Level 1:colcon.colcon_core.package_identification:_identify(src/follow_the_gap_2602_golf) by extension 'ignore'
[0.161s] Level 1:colcon.colcon_core.package_identification:_identify(src/follow_the_gap_2602_golf) by extension 'ignore_ament_install'
[0.161s] Level 1:colcon.colcon_core.package_identification:_identify(src/follow_the_gap_2602_golf) by extensions ['colcon_pkg']
[0.161s] Level 1:colcon.colcon_core.package_identification:_identify(src/follow_the_gap_2602_golf) by extension 'colcon_pkg'
[0.161s] Level 1:colcon.colcon_core.package_identification:_identify(src/follow_the_gap_2602_golf) by extensions ['colcon_meta']
[0.161s] Level 1:colcon.colcon_core.package_identification:_identify(src/follow_the_gap_2602_golf) by extension 'colcon_meta'
[0.161s] Level 1:colcon.colcon_core.package_identification:_identify(src/follow_the_gap_2602_golf) by extensions ['ros']
[0.161s] Level 1:colcon.colcon_core.package_identification:_identify(src/follow_the_gap_2602_golf) by extension 'ros'
[0.161s] DEBUG:colcon.colcon_core.package_identification:Package 'src/follow_the_gap_2602_golf' with type 'ros.ament_python' and name 'follow_the_gap_2602_golf'
[0.162s] Level 1:colcon.colcon_core.package_identification:_identify(src/gazebo_2602_golf) by extensions ['ignore', 'ignore_ament_install']
[0.162s] Level 1:colcon.colcon_core.package_identification:_identify(src/gazebo_2602_golf) by extension 'ignore'
[0.162s] Level 1:colcon.colcon_core.package_identification:_identify(src/gazebo_2602_golf) by extension 'ignore_ament_install'
[0.162s] Level 1:colcon.colcon_core.package_identification:_identify(src/gazebo_2602_golf) by extensions ['colcon_pkg']
[0.162s] Level 1:colcon.colcon_core.package_identification:_identify(src/gazebo_2602_golf) by extension 'colcon_pkg'
[0.162s] Level 1:colcon.colcon_core.package_identification:_identify(src/gazebo_2602_golf) by extensions ['colcon_meta']
[0.162s] Level 1:colcon.colcon_core.package_identification:_identify(src/gazebo_2602_golf) by extension 'colcon_meta'
[0.162s] Level 1:colcon.colcon_core.package_identification:_identify(src/gazebo_2602_golf) by extensions ['ros']
[0.162s] Level 1:colcon.colcon_core.package_identification:_identify(src/gazebo_2602_golf) by extension 'ros'
[0.162s] DEBUG:colcon.colcon_core.package_identification:Package 'src/gazebo_2602_golf' with type 'ros.ament_python' and name 'gazebo_2602_golf'
[0.162s] Level 1:colcon.colcon_core.package_identification:_identify(src/ttc_2602_golf) by extensions ['ignore', 'ignore_ament_install']
[0.162s] Level 1:colcon.colcon_core.package_identification:_identify(src/ttc_2602_golf) by extension 'ignore'
[0.163s] Level 1:colcon.colcon_core.package_identification:_identify(src/ttc_2602_golf) by extension 'ignore_ament_install'
[0.163s] Level 1:colcon.colcon_core.package_identification:_identify(src/ttc_2602_golf) by extensions ['colcon_pkg']
[0.163s] Level 1:colcon.colcon_core.package_identification:_identify(src/ttc_2602_golf) by extension 'colcon_pkg'
[0.163s] Level 1:colcon.colcon_core.package_identification:_identify(src/ttc_2602_golf) by extensions ['colcon_meta']
[0.163s] Level 1:colcon.colcon_core.package_identification:_identify(src/ttc_2602_golf) by extension 'colcon_meta'
[0.163s] Level 1:colcon.colcon_core.package_identification:_identify(src/ttc_2602_golf) by extensions ['ros']
[0.163s] Level 1:colcon.colcon_core.package_identification:_identify(src/ttc_2602_golf) by extension 'ros'
[0.163s] DEBUG:colcon.colcon_core.package_identification:Package 'src/ttc_2602_golf' with type 'ros.ament_python' and name 'ttc_2602_golf'
[0.163s] Level 1:colcon.colcon_core.package_identification:_identify(src/ttc_follow_the_gap_2602_golf) by extensions ['ignore', 'ignore_ament_install']
[0.163s] Level 1:colcon.colcon_core.package_identification:_identify(src/ttc_follow_the_gap_2602_golf) by extension 'ignore'
[0.163s] Level 1:colcon.colcon_core.package_identification:_identify(src/ttc_follow_the_gap_2602_golf) by extension 'ignore_ament_install'
[0.163s] Level 1:colcon.colcon_core.package_identification:_identify(src/ttc_follow_the_gap_2602_golf) by extensions ['colcon_pkg']
[0.163s] Level 1:colcon.colcon_core.package_identification:_identify(src/ttc_follow_the_gap_2602_golf) by extension 'colcon_pkg'
[0.164s] Level 1:colcon.colcon_core.package_identification:_identify(src/ttc_follow_the_gap_2602_golf) by extensions ['colcon_meta']
[0.164s] Level 1:colcon.colcon_core.package_identification:_identify(src/ttc_follow_the_gap_2602_golf) by extension 'colcon_meta'
[0.164s] Level 1:colcon.colcon_core.package_identification:_identify(src/ttc_follow_the_gap_2602_golf) by extensions ['ros']
[0.164s] Level 1:colcon.colcon_core.package_identification:_identify(src/ttc_follow_the_gap_2602_golf) by extension 'ros'
[0.164s] DEBUG:colcon.colcon_core.package_identification:Package 'src/ttc_follow_the_gap_2602_golf' with type 'ros.ament_python' and name 'ttc_follow_the_gap_2602_golf'
[0.164s] Level 1:colcon.colcon_core.package_identification:_identify(src/wall_following_2602_golf) by extensions ['ignore', 'ignore_ament_install']
[0.164s] Level 1:colcon.colcon_core.package_identification:_identify(src/wall_following_2602_golf) by extension 'ignore'
[0.164s] Level 1:colcon.colcon_core.package_identification:_identify(src/wall_following_2602_golf) by extension 'ignore_ament_install'
[0.164s] Level 1:colcon.colcon_core.package_identification:_identify(src/wall_following_2602_golf) by extensions ['colcon_pkg']
[0.164s] Level 1:colcon.colcon_core.package_identification:_identify(src/wall_following_2602_golf) by extension 'colcon_pkg'
[0.164s] Level 1:colcon.colcon_core.package_identification:_identify(src/wall_following_2602_golf) by extensions ['colcon_meta']
[0.164s] Level 1:colcon.colcon_core.package_identification:_identify(src/wall_following_2602_golf) by extension 'colcon_meta'
[0.164s] Level 1:colcon.colcon_core.package_identification:_identify(src/wall_following_2602_golf) by extensions ['ros']
[0.164s] Level 1:colcon.colcon_core.package_identification:_identify(src/wall_following_2602_golf) by extension 'ros'
[0.165s] DEBUG:colcon.colcon_core.package_identification:Package 'src/wall_following_2602_golf' with type 'ros.ament_python' and name 'wall_following_2602_golf'
[0.165s] Level 1:colcon.colcon_core.package_discovery:discover_packages(recursive) using defaults
[0.165s] Level 1:colcon.colcon_core.package_discovery:discover_packages(ignore) discover
[0.165s] Level 1:colcon.colcon_core.package_discovery:discover_packages(ignore) using defaults
[0.165s] Level 1:colcon.colcon_core.package_discovery:discover_packages(path) discover
[0.165s] Level 1:colcon.colcon_core.package_discovery:discover_packages(path) using defaults
[0.181s] Level 1:colcon.colcon_core.package_discovery:discover_packages(prefix_path) check parameters
[0.181s] Level 1:colcon.colcon_core.package_discovery:discover_packages(prefix_path) discover
[0.183s] DEBUG:colcon.colcon_installed_package_information.package_discovery:Found 8 installed packages in /home/arthur/mrad_ws_2602_golf/install
[0.184s] DEBUG:colcon.colcon_installed_package_information.package_discovery:Found 5 installed packages in /home/arthur/mrad_ws_2602_zulu/install
[0.184s] DEBUG:colcon.colcon_installed_package_information.package_discovery:Found 1 installed packages in /home/arthur/remen_tuto/install
[0.186s] DEBUG:colcon.colcon_installed_package_information.package_discovery:Found 532 installed packages in /opt/ros/jazzy
[0.186s] Level 1:colcon.colcon_core.package_discovery:discover_packages(prefix_path) using defaults
[0.256s] Level 5:colcon.colcon_core.verb:set package 'bringup_2602_golf' build argument 'cmake_args' from command line to 'None'
[0.256s] Level 5:colcon.colcon_core.verb:set package 'bringup_2602_golf' build argument 'cmake_target' from command line to 'None'
[0.256s] Level 5:colcon.colcon_core.verb:set package 'bringup_2602_golf' build argument 'cmake_target_skip_unavailable' from command line to 'False'
[0.256s] Level 5:colcon.colcon_core.verb:set package 'bringup_2602_golf' build argument 'cmake_clean_cache' from command line to 'False'
[0.256s] Level 5:colcon.colcon_core.verb:set package 'bringup_2602_golf' build argument 'cmake_clean_first' from command line to 'False'
[0.257s] Level 5:colcon.colcon_core.verb:set package 'bringup_2602_golf' build argument 'cmake_force_configure' from command line to 'False'
[0.257s] Level 5:colcon.colcon_core.verb:set package 'bringup_2602_golf' build argument 'ament_cmake_args' from command line to 'None'
[0.257s] Level 5:colcon.colcon_core.verb:set package 'bringup_2602_golf' build argument 'catkin_cmake_args' from command line to 'None'
[0.257s] Level 5:colcon.colcon_core.verb:set package 'bringup_2602_golf' build argument 'catkin_skip_building_tests' from command line to 'False'
[0.257s] DEBUG:colcon.colcon_core.verb:Building package 'bringup_2602_golf' with the following arguments: {'ament_cmake_args': None, 'build_base': '/home/arthur/mrad_ws_2602_golf/build/bringup_2602_golf', 'catkin_cmake_args': None, 'catkin_skip_building_tests': False, 'cmake_args': None, 'cmake_clean_cache': False, 'cmake_clean_first': False, 'cmake_force_configure': False, 'cmake_target': None, 'cmake_target_skip_unavailable': False, 'install_base': '/home/arthur/mrad_ws_2602_golf/install/bringup_2602_golf', 'merge_install': False, 'path': '/home/arthur/mrad_ws_2602_golf/src/bringup_2602_golf', 'symlink_install': True, 'test_result_base': None}
[0.257s] Level 5:colcon.colcon_core.verb:set package 'control_2602_golf' build argument 'cmake_args' from command line to 'None'
[0.257s] Level 5:colcon.colcon_core.verb:set package 'control_2602_golf' build argument 'cmake_target' from command line to 'None'
[0.257s] Level 5:colcon.colcon_core.verb:set package 'control_2602_golf' build argument 'cmake_target_skip_unavailable' from command line to 'False'
[0.257s] Level 5:colcon.colcon_core.verb:set package 'control_2602_golf' build argument 'cmake_clean_cache' from command line to 'False'
[0.257s] Level 5:colcon.colcon_core.verb:set package 'control_2602_golf' build argument 'cmake_clean_first' from command line to 'False'
[0.257s] Level 5:colcon.colcon_core.verb:set package 'control_2602_golf' build argument 'cmake_force_configure' from command line to 'False'
[0.257s] Level 5:colcon.colcon_core.verb:set package 'control_2602_golf' build argument 'ament_cmake_args' from command line to 'None'
[0.257s] Level 5:colcon.colcon_core.verb:set package 'control_2602_golf' build argument 'catkin_cmake_args' from command line to 'None'
[0.257s] Level 5:colcon.colcon_core.verb:set package 'control_2602_golf' build argument 'catkin_skip_building_tests' from command line to 'False'
[0.257s] DEBUG:colcon.colcon_core.verb:Building package 'control_2602_golf' with the following arguments: {'ament_cmake_args': None, 'build_base': '/home/arthur/mrad_ws_2602_golf/build/control_2602_golf', 'catkin_cmake_args': None, 'catkin_skip_building_tests': False, 'cmake_args': None, 'cmake_clean_cache': False, 'cmake_clean_first': False, 'cmake_force_configure': False, 'cmake_target': None, 'cmake_target_skip_unavailable': False, 'install_base': '/home/arthur/mrad_ws_2602_golf/install/control_2602_golf', 'merge_install': False, 'path': '/home/arthur/mrad_ws_2602_golf/src/control_2602_golf', 'symlink_install': True, 'test_result_base': None}
[0.257s] Level 5:colcon.colcon_core.verb:set package 'description_2602_golf' build argument 'cmake_args' from command line to 'None'
[0.258s] Level 5:colcon.colcon_core.verb:set package 'description_2602_golf' build argument 'cmake_target' from command line to 'None'
[0.258s] Level 5:colcon.colcon_core.verb:set package 'description_2602_golf' build argument 'cmake_target_skip_unavailable' from command line to 'False'
[0.258s] Level 5:colcon.colcon_core.verb:set package 'description_2602_golf' build argument 'cmake_clean_cache' from command line to 'False'
[0.258s] Level 5:colcon.colcon_core.verb:set package 'description_2602_golf' build argument 'cmake_clean_first' from command line to 'False'
[0.258s] Level 5:colcon.colcon_core.verb:set package 'description_2602_golf' build argument 'cmake_force_configure' from command line to 'False'
[0.258s] Level 5:colcon.colcon_core.verb:set package 'description_2602_golf' build argument 'ament_cmake_args' from command line to 'None'
[0.258s] Level 5:colcon.colcon_core.verb:set package 'description_2602_golf' build argument 'catkin_cmake_args' from command line to 'None'
[0.258s] Level 5:colcon.colcon_core.verb:set package 'description_2602_golf' build argument 'catkin_skip_building_tests' from command line to 'False'
[0.258s] DEBUG:colcon.colcon_core.verb:Building package 'description_2602_golf' with the following arguments: {'ament_cmake_args': None, 'build_base': '/home/arthur/mrad_ws_2602_golf/build/description_2602_golf', 'catkin_cmake_args': None, 'catkin_skip_building_tests': False, 'cmake_args': None, 'cmake_clean_cache': False, 'cmake_clean_first': False, 'cmake_force_configure': False, 'cmake_target': None, 'cmake_target_skip_unavailable': False, 'install_base': '/home/arthur/mrad_ws_2602_golf/install/description_2602_golf', 'merge_install': False, 'path': '/home/arthur/mrad_ws_2602_golf/src/description_2602_golf', 'symlink_install': True, 'test_result_base': None}
[0.258s] Level 5:colcon.colcon_core.verb:set package 'follow_the_gap_2602_golf' build argument 'cmake_args' from command line to 'None'
[0.258s] Level 5:colcon.colcon_core.verb:set package 'follow_the_gap_2602_golf' build argument 'cmake_target' from command line to 'None'
[0.258s] Level 5:colcon.colcon_core.verb:set package 'follow_the_gap_2602_golf' build argument 'cmake_target_skip_unavailable' from command line to 'False'
[0.258s] Level 5:colcon.colcon_core.verb:set package 'follow_the_gap_2602_golf' build argument 'cmake_clean_cache' from command line to 'False'
[0.258s] Level 5:colcon.colcon_core.verb:set package 'follow_the_gap_2602_golf' build argument 'cmake_clean_first' from command line to 'False'
[0.258s] Level 5:colcon.colcon_core.verb:set package 'follow_the_gap_2602_golf' build argument 'cmake_force_configure' from command line to 'False'
[0.258s] Level 5:colcon.colcon_core.verb:set package 'follow_the_gap_2602_golf' build argument 'ament_cmake_args' from command line to 'None'
[0.258s] Level 5:colcon.colcon_core.verb:set package 'follow_the_gap_2602_golf' build argument 'catkin_cmake_args' from command line to 'None'
[0.258s] Level 5:colcon.colcon_core.verb:set package 'follow_the_gap_2602_golf' build argument 'catkin_skip_building_tests' from command line to 'False'
[0.258s] DEBUG:colcon.colcon_core.verb:Building package 'follow_the_gap_2602_golf' with the following arguments: {'ament_cmake_args': None, 'build_base': '/home/arthur/mrad_ws_2602_golf/build/follow_the_gap_2602_golf', 'catkin_cmake_args': None, 'catkin_skip_building_tests': False, 'cmake_args': None, 'cmake_clean_cache': False, 'cmake_clean_first': False, 'cmake_force_configure': False, 'cmake_target': None, 'cmake_target_skip_unavailable': False, 'install_base': '/home/arthur/mrad_ws_2602_golf/install/follow_the_gap_2602_golf', 'merge_install': False, 'path': '/home/arthur/mrad_ws_2602_golf/src/follow_the_gap_2602_golf', 'symlink_install': True, 'test_result_base': None}
[0.258s] Level 5:colcon.colcon_core.verb:set package 'gazebo_2602_golf' build argument 'cmake_args' from command line to 'None'
[0.259s] Level 5:colcon.colcon_core.verb:set package 'gazebo_2602_golf' build argument 'cmake_target' from command line to 'None'
[0.259s] Level 5:colcon.colcon_core.verb:set package 'gazebo_2602_golf' build argument 'cmake_target_skip_unavailable' from command line to 'False'
[0.259s] Level 5:colcon.colcon_core.verb:set package 'gazebo_2602_golf' build argument 'cmake_clean_cache' from command line to 'False'
[0.259s] Level 5:colcon.colcon_core.verb:set package 'gazebo_2602_golf' build argument 'cmake_clean_first' from command line to 'False'
[0.259s] Level 5:colcon.colcon_core.verb:set package 'gazebo_2602_golf' build argument 'cmake_force_configure' from command line to 'False'
[0.259s] Level 5:colcon.colcon_core.verb:set package 'gazebo_2602_golf' build argument 'ament_cmake_args' from command line to 'None'
[0.259s] Level 5:colcon.colcon_core.verb:set package 'gazebo_2602_golf' build argument 'catkin_cmake_args' from command line to 'None'
[0.259s] Level 5:colcon.colcon_core.verb:set package 'gazebo_2602_golf' build argument 'catkin_skip_building_tests' from command line to 'False'
[0.259s] DEBUG:colcon.colcon_core.verb:Building package 'gazebo_2602_golf' with the following arguments: {'ament_cmake_args': None, 'build_base': '/home/arthur/mrad_ws_2602_golf/build/gazebo_2602_golf', 'catkin_cmake_args': None, 'catkin_skip_building_tests': False, 'cmake_args': None, 'cmake_clean_cache': False, 'cmake_clean_first': False, 'cmake_force_configure': False, 'cmake_target': None, 'cmake_target_skip_unavailable': False, 'install_base': '/home/arthur/mrad_ws_2602_golf/install/gazebo_2602_golf', 'merge_install': False, 'path': '/home/arthur/mrad_ws_2602_golf/src/gazebo_2602_golf', 'symlink_install': True, 'test_result_base': None}
[0.259s] Level 5:colcon.colcon_core.verb:set package 'ttc_2602_golf' build argument 'cmake_args' from command line to 'None'
[0.259s] Level 5:colcon.colcon_core.verb:set package 'ttc_2602_golf' build argument 'cmake_target' from command line to 'None'
[0.259s] Level 5:colcon.colcon_core.verb:set package 'ttc_2602_golf' build argument 'cmake_target_skip_unavailable' from command line to 'False'
[0.259s] Level 5:colcon.colcon_core.verb:set package 'ttc_2602_golf' build argument 'cmake_clean_cache' from command line to 'False'
[0.259s] Level 5:colcon.colcon_core.verb:set package 'ttc_2602_golf' build argument 'cmake_clean_first' from command line to 'False'
[0.259s] Level 5:colcon.colcon_core.verb:set package 'ttc_2602_golf' build argument 'cmake_force_configure' from command line to 'False'
[0.259s] Level 5:colcon.colcon_core.verb:set package 'ttc_2602_golf' build argument 'ament_cmake_args' from command line to 'None'
[0.259s] Level 5:colcon.colcon_core.verb:set package 'ttc_2602_golf' build argument 'catkin_cmake_args' from command line to 'None'
[0.259s] Level 5:colcon.colcon_core.verb:set package 'ttc_2602_golf' build argument 'catkin_skip_building_tests' from command line to 'False'
[0.259s] DEBUG:colcon.colcon_core.verb:Building package 'ttc_2602_golf' with the following arguments: {'ament_cmake_args': None, 'build_base': '/home/arthur/mrad_ws_2602_golf/build/ttc_2602_golf', 'catkin_cmake_args': None, 'catkin_skip_building_tests': False, 'cmake_args': None, 'cmake_clean_cache': False, 'cmake_clean_first': False, 'cmake_force_configure': False, 'cmake_target': None, 'cmake_target_skip_unavailable': False, 'install_base': '/home/arthur/mrad_ws_2602_golf/install/ttc_2602_golf', 'merge_install': False, 'path': '/home/arthur/mrad_ws_2602_golf/src/ttc_2602_golf', 'symlink_install': True, 'test_result_base': None}
[0.259s] Level 5:colcon.colcon_core.verb:set package 'ttc_follow_the_gap_2602_golf' build argument 'cmake_args' from command line to 'None'
[0.260s] Level 5:colcon.colcon_core.verb:set package 'ttc_follow_the_gap_2602_golf' build argument 'cmake_target' from command line to 'None'
[0.260s] Level 5:colcon.colcon_core.verb:set package 'ttc_follow_the_gap_2602_golf' build argument 'cmake_target_skip_unavailable' from command line to 'False'
[0.260s] Level 5:colcon.colcon_core.verb:set package 'ttc_follow_the_gap_2602_golf' build argument 'cmake_clean_cache' from command line to 'False'
[0.260s] Level 5:colcon.colcon_core.verb:set package 'ttc_follow_the_gap_2602_golf' build argument 'cmake_clean_first' from command line to 'False'
[0.260s] Level 5:colcon.colcon_core.verb:set package 'ttc_follow_the_gap_2602_golf' build argument 'cmake_force_configure' from command line to 'False'
[0.260s] Level 5:colcon.colcon_core.verb:set package 'ttc_follow_the_gap_2602_golf' build argument 'ament_cmake_args' from command line to 'None'
[0.260s] Level 5:colcon.colcon_core.verb:set package 'ttc_follow_the_gap_2602_golf' build argument 'catkin_cmake_args' from command line to 'None'
[0.260s] Level 5:colcon.colcon_core.verb:set package 'ttc_follow_the_gap_2602_golf' build argument 'catkin_skip_building_tests' from command line to 'False'
[0.260s] DEBUG:colcon.colcon_core.verb:Building package 'ttc_follow_the_gap_2602_golf' with the following arguments: {'ament_cmake_args': None, 'build_base': '/home/arthur/mrad_ws_2602_golf/build/ttc_follow_the_gap_2602_golf', 'catkin_cmake_args': None, 'catkin_skip_building_tests': False, 'cmake_args': None, 'cmake_clean_cache': False, 'cmake_clean_first': False, 'cmake_force_configure': False, 'cmake_target': None, 'cmake_target_skip_unavailable': False, 'install_base': '/home/arthur/mrad_ws_2602_golf/install/ttc_follow_the_gap_2602_golf', 'merge_install': False, 'path': '/home/arthur/mrad_ws_2602_golf/src/ttc_follow_the_gap_2602_golf', 'symlink_install': True, 'test_result_base': None}
[0.260s] Level 5:colcon.colcon_core.verb:set package 'wall_following_2602_golf' build argument 'cmake_args' from command line to 'None'
[0.260s] Level 5:colcon.colcon_core.verb:set package 'wall_following_2602_golf' build argument 'cmake_target' from command line to 'None'
[0.260s] Level 5:colcon.colcon_core.verb:set package 'wall_following_2602_golf' build argument 'cmake_target_skip_unavailable' from command line to 'False'
[0.260s] Level 5:colcon.colcon_core.verb:set package 'wall_following_2602_golf' build argument 'cmake_clean_cache' from command line to 'False'
[0.260s] Level 5:colcon.colcon_core.verb:set package 'wall_following_2602_golf' build argument 'cmake_clean_first' from command line to 'False'
[0.260s] Level 5:colcon.colcon_core.verb:set package 'wall_following_2602_golf' build argument 'cmake_force_configure' from command line to 'False'
[0.260s] Level 5:colcon.colcon_core.verb:set package 'wall_following_2602_golf' build argument 'ament_cmake_args' from command line to 'None'
[0.260s] Level 5:colcon.colcon_core.verb:set package 'wall_following_2602_golf' build argument 'catkin_cmake_args' from command line to 'None'
[0.260s] Level 5:colcon.colcon_core.verb:set package 'wall_following_2602_golf' build argument 'catkin_skip_building_tests' from command line to 'False'
[0.260s] DEBUG:colcon.colcon_core.verb:Building package 'wall_following_2602_golf' with the following arguments: {'ament_cmake_args': None, 'build_base': '/home/arthur/mrad_ws_2602_golf/build/wall_following_2602_golf', 'catkin_cmake_args': None, 'catkin_skip_building_tests': False, 'cmake_args': None, 'cmake_clean_cache': False, 'cmake_clean_first': False, 'cmake_force_configure': False, 'cmake_target': None, 'cmake_target_skip_unavailable': False, 'install_base': '/home/arthur/mrad_ws_2602_golf/install/wall_following_2602_golf', 'merge_install': False, 'path': '/home/arthur/mrad_ws_2602_golf/src/wall_following_2602_golf', 'symlink_install': True, 'test_result_base': None}
[0.260s] INFO:colcon.colcon_core.executor:Executing jobs using 'parallel' executor
[0.261s] DEBUG:colcon.colcon_parallel_executor.executor.parallel:run_until_complete
[0.261s] INFO:colcon.colcon_ros.task.ament_python.build:Building ROS package in '/home/arthur/mrad_ws_2602_golf/src/bringup_2602_golf' with build type 'ament_python'
[0.261s] Level 1:colcon.colcon_core.shell:create_environment_hook('bringup_2602_golf', 'ament_prefix_path')
[0.263s] INFO:colcon.colcon_core.plugin_system:Skipping extension 'colcon_core.shell.bat': Not used on non-Windows systems
[0.264s] INFO:colcon.colcon_core.shell:Creating environment hook '/home/arthur/mrad_ws_2602_golf/install/bringup_2602_golf/share/bringup_2602_golf/hook/ament_prefix_path.ps1'
[0.264s] INFO:colcon.colcon_core.shell:Creating environment descriptor '/home/arthur/mrad_ws_2602_golf/install/bringup_2602_golf/share/bringup_2602_golf/hook/ament_prefix_path.dsv'
[0.265s] INFO:colcon.colcon_core.shell:Creating environment hook '/home/arthur/mrad_ws_2602_golf/install/bringup_2602_golf/share/bringup_2602_golf/hook/ament_prefix_path.sh'
[0.265s] INFO:colcon.colcon_core.shell:Skip shell extension 'powershell' for command environment: Not usable outside of PowerShell
[0.265s] DEBUG:colcon.colcon_core.shell:Skip shell extension 'dsv' for command environment
[0.270s] INFO:colcon.colcon_ros.task.ament_cmake.build:Building ROS package in '/home/arthur/mrad_ws_2602_golf/src/control_2602_golf' with build type 'ament_cmake'
[0.270s] INFO:colcon.colcon_cmake.task.cmake.build:Building CMake package in '/home/arthur/mrad_ws_2602_golf/src/control_2602_golf'
[0.270s] INFO:colcon.colcon_core.shell:Skip shell extension 'powershell' for command environment: Not usable outside of PowerShell
[0.270s] DEBUG:colcon.colcon_core.shell:Skip shell extension 'dsv' for command environment
[0.274s] INFO:colcon.colcon_ros.task.ament_python.build:Building ROS package in '/home/arthur/mrad_ws_2602_golf/src/description_2602_golf' with build type 'ament_python'
[0.275s] Level 1:colcon.colcon_core.shell:create_environment_hook('description_2602_golf', 'ament_prefix_path')
[0.275s] INFO:colcon.colcon_core.shell:Creating environment hook '/home/arthur/mrad_ws_2602_golf/install/description_2602_golf/share/description_2602_golf/hook/ament_prefix_path.ps1'
[0.275s] INFO:colcon.colcon_core.shell:Creating environment descriptor '/home/arthur/mrad_ws_2602_golf/install/description_2602_golf/share/description_2602_golf/hook/ament_prefix_path.dsv'
[0.276s] INFO:colcon.colcon_core.shell:Creating environment hook '/home/arthur/mrad_ws_2602_golf/install/description_2602_golf/share/description_2602_golf/hook/ament_prefix_path.sh'
[0.276s] INFO:colcon.colcon_core.shell:Skip shell extension 'powershell' for command environment: Not usable outside of PowerShell
[0.276s] DEBUG:colcon.colcon_core.shell:Skip shell extension 'dsv' for command environment
[0.280s] INFO:colcon.colcon_ros.task.ament_python.build:Building ROS package in '/home/arthur/mrad_ws_2602_golf/src/follow_the_gap_2602_golf' with build type 'ament_python'
[0.280s] Level 1:colcon.colcon_core.shell:create_environment_hook('follow_the_gap_2602_golf', 'ament_prefix_path')
[0.281s] INFO:colcon.colcon_core.shell:Creating environment hook '/home/arthur/mrad_ws_2602_golf/install/follow_the_gap_2602_golf/share/follow_the_gap_2602_golf/hook/ament_prefix_path.ps1'
[0.281s] INFO:colcon.colcon_core.shell:Creating environment descriptor '/home/arthur/mrad_ws_2602_golf/install/follow_the_gap_2602_golf/share/follow_the_gap_2602_golf/hook/ament_prefix_path.dsv'
[0.281s] INFO:colcon.colcon_core.shell:Creating environment hook '/home/arthur/mrad_ws_2602_golf/install/follow_the_gap_2602_golf/share/follow_the_gap_2602_golf/hook/ament_prefix_path.sh'
[0.282s] INFO:colcon.colcon_core.shell:Skip shell extension 'powershell' for command environment: Not usable outside of PowerShell
[0.282s] DEBUG:colcon.colcon_core.shell:Skip shell extension 'dsv' for command environment
[0.286s] INFO:colcon.colcon_ros.task.ament_python.build:Building ROS package in '/home/arthur/mrad_ws_2602_golf/src/gazebo_2602_golf' with build type 'ament_python'
[0.286s] Level 1:colcon.colcon_core.shell:create_environment_hook('gazebo_2602_golf', 'ament_prefix_path')
[0.286s] INFO:colcon.colcon_core.shell:Creating environment hook '/home/arthur/mrad_ws_2602_golf/install/gazebo_2602_golf/share/gazebo_2602_golf/hook/ament_prefix_path.ps1'
[0.287s] INFO:colcon.colcon_core.shell:Creating environment descriptor '/home/arthur/mrad_ws_2602_golf/install/gazebo_2602_golf/share/gazebo_2602_golf/hook/ament_prefix_path.dsv'
[0.287s] INFO:colcon.colcon_core.shell:Creating environment hook '/home/arthur/mrad_ws_2602_golf/install/gazebo_2602_golf/share/gazebo_2602_golf/hook/ament_prefix_path.sh'
[0.288s] INFO:colcon.colcon_core.shell:Skip shell extension 'powershell' for command environment: Not usable outside of PowerShell
[0.288s] DEBUG:colcon.colcon_core.shell:Skip shell extension 'dsv' for command environment
[0.292s] INFO:colcon.colcon_ros.task.ament_python.build:Building ROS package in '/home/arthur/mrad_ws_2602_golf/src/ttc_2602_golf' with build type 'ament_python'
[0.292s] Level 1:colcon.colcon_core.shell:create_environment_hook('ttc_2602_golf', 'ament_prefix_path')
[0.292s] INFO:colcon.colcon_core.shell:Creating environment hook '/home/arthur/mrad_ws_2602_golf/install/ttc_2602_golf/share/ttc_2602_golf/hook/ament_prefix_path.ps1'
[0.293s] INFO:colcon.colcon_core.shell:Creating environment descriptor '/home/arthur/mrad_ws_2602_golf/install/ttc_2602_golf/share/ttc_2602_golf/hook/ament_prefix_path.dsv'
[0.293s] INFO:colcon.colcon_core.shell:Creating environment hook '/home/arthur/mrad_ws_2602_golf/install/ttc_2602_golf/share/ttc_2602_golf/hook/ament_prefix_path.sh'
[0.293s] INFO:colcon.colcon_core.shell:Skip shell extension 'powershell' for command environment: Not usable outside of PowerShell
[0.293s] DEBUG:colcon.colcon_core.shell:Skip shell extension 'dsv' for command environment
[0.297s] INFO:colcon.colcon_ros.task.ament_python.build:Building ROS package in '/home/arthur/mrad_ws_2602_golf/src/ttc_follow_the_gap_2602_golf' with build type 'ament_python'
[0.297s] Level 1:colcon.colcon_core.shell:create_environment_hook('ttc_follow_the_gap_2602_golf', 'ament_prefix_path')
[0.298s] INFO:colcon.colcon_core.shell:Creating environment hook '/home/arthur/mrad_ws_2602_golf/install/ttc_follow_the_gap_2602_golf/share/ttc_follow_the_gap_2602_golf/hook/ament_prefix_path.ps1'
[0.298s] INFO:colcon.colcon_core.shell:Creating environment descriptor '/home/arthur/mrad_ws_2602_golf/install/ttc_follow_the_gap_2602_golf/share/ttc_follow_the_gap_2602_golf/hook/ament_prefix_path.dsv'
[0.299s] INFO:colcon.colcon_core.shell:Creating environment hook '/home/arthur/mrad_ws_2602_golf/install/ttc_follow_the_gap_2602_golf/share/ttc_follow_the_gap_2602_golf/hook/ament_prefix_path.sh'
[0.299s] INFO:colcon.colcon_core.shell:Skip shell extension 'powershell' for command environment: Not usable outside of PowerShell
[0.299s] DEBUG:colcon.colcon_core.shell:Skip shell extension 'dsv' for command environment
[0.304s] INFO:colcon.colcon_ros.task.ament_python.build:Building ROS package in '/home/arthur/mrad_ws_2602_golf/src/wall_following_2602_golf' with build type 'ament_python'
[0.304s] Level 1:colcon.colcon_core.shell:create_environment_hook('wall_following_2602_golf', 'ament_prefix_path')
[0.304s] INFO:colcon.colcon_core.shell:Creating environment hook '/home/arthur/mrad_ws_2602_golf/install/wall_following_2602_golf/share/wall_following_2602_golf/hook/ament_prefix_path.ps1'
[0.305s] INFO:colcon.colcon_core.shell:Creating environment descriptor '/home/arthur/mrad_ws_2602_golf/install/wall_following_2602_golf/share/wall_following_2602_golf/hook/ament_prefix_path.dsv'
[0.305s] INFO:colcon.colcon_core.shell:Creating environment hook '/home/arthur/mrad_ws_2602_golf/install/wall_following_2602_golf/share/wall_following_2602_golf/hook/ament_prefix_path.sh'
[0.305s] INFO:colcon.colcon_core.shell:Skip shell extension 'powershell' for command environment: Not usable outside of PowerShell
[0.305s] DEBUG:colcon.colcon_core.shell:Skip shell extension 'dsv' for command environment
[0.521s] INFO:colcon.colcon_core.task.python.build:Building Python package in '/home/arthur/mrad_ws_2602_golf/src/bringup_2602_golf'
[0.522s] INFO:colcon.colcon_core.shell:Skip shell extension 'powershell' for command environment: Not usable outside of PowerShell
[0.522s] DEBUG:colcon.colcon_core.shell:Skip shell extension 'dsv' for command environment
[0.529s] DEBUG:colcon.colcon_core.event_handler.log_command:Invoking command in '/home/arthur/mrad_ws_2602_golf/build/control_2602_golf': CMAKE_PREFIX_PATH=${CMAKE_PREFIX_PATH}:/home/arthur/mrad_ws_2602_golf/install/ttc_follow_the_gap_2602_golf:/home/arthur/mrad_ws_2602_zulu/install/ttc_2602_zulu:/home/arthur/mrad_ws_2602_zulu/install/gazebo_2602_zulu:/home/arthur/mrad_ws_2602_zulu/install/description_2602_zulu:/home/arthur/mrad_ws_2602_zulu/install/bringup_2602_zulu:/home/arthur/mrad_ws_2602_golf/install/wall_following_2602_golf:/home/arthur/mrad_ws_2602_golf/install/ttc_2602_golf:/home/arthur/mrad_ws_2602_golf/install/gazebo_2602_golf:/home/arthur/mrad_ws_2602_golf/install/follow_the_gap_2602_golf:/home/arthur/mrad_ws_2602_golf/install/description_2602_golf:/home/arthur/mrad_ws_2602_golf/install/bringup_2602_golf:/home/arthur/remen_tuto/install/turtle_move_pkg_NNAA:/opt/ros/jazzy DEBUGINFOD_URLS=https://debuginfod.ubuntu.com /usr/bin/cmake --build /home/arthur/mrad_ws_2602_golf/build/control_2602_golf -- -j8 -l8
[0.752s] INFO:colcon.colcon_core.task.python.build:Building Python package in '/home/arthur/mrad_ws_2602_golf/src/description_2602_golf'
[0.752s] INFO:colcon.colcon_core.shell:Skip shell extension 'powershell' for command environment: Not usable outside of PowerShell
[0.752s] DEBUG:colcon.colcon_core.shell:Skip shell extension 'dsv' for command environment
[0.980s] INFO:colcon.colcon_core.task.python.build:Building Python package in '/home/arthur/mrad_ws_2602_golf/src/follow_the_gap_2602_golf'
[0.980s] INFO:colcon.colcon_core.shell:Skip shell extension 'powershell' for command environment: Not usable outside of PowerShell
[0.980s] DEBUG:colcon.colcon_core.shell:Skip shell extension 'dsv' for command environment
[1.192s] INFO:colcon.colcon_core.task.python.build:Building Python package in '/home/arthur/mrad_ws_2602_golf/src/gazebo_2602_golf'
[1.193s] INFO:colcon.colcon_core.shell:Skip shell extension 'powershell' for command environment: Not usable outside of PowerShell
[1.193s] DEBUG:colcon.colcon_core.shell:Skip shell extension 'dsv' for command environment
[1.405s] INFO:colcon.colcon_core.task.python.build:Building Python package in '/home/arthur/mrad_ws_2602_golf/src/ttc_2602_golf'
[1.405s] INFO:colcon.colcon_core.shell:Skip shell extension 'powershell' for command environment: Not usable outside of PowerShell
[1.405s] DEBUG:colcon.colcon_core.shell:Skip shell extension 'dsv' for command environment
[1.618s] INFO:colcon.colcon_core.task.python.build:Building Python package in '/home/arthur/mrad_ws_2602_golf/src/ttc_follow_the_gap_2602_golf'
[1.618s] INFO:colcon.colcon_core.shell:Skip shell extension 'powershell' for command environment: Not usable outside of PowerShell
[1.618s] DEBUG:colcon.colcon_core.shell:Skip shell extension 'dsv' for command environment
[1.831s] INFO:colcon.colcon_core.task.python.build:Building Python package in '/home/arthur/mrad_ws_2602_golf/src/wall_following_2602_golf'
[1.831s] INFO:colcon.colcon_core.shell:Skip shell extension 'powershell' for command environment: Not usable outside of PowerShell
[1.831s] DEBUG:colcon.colcon_core.shell:Skip shell extension 'dsv' for command environment
[1.837s] DEBUG:colcon.colcon_core.event_handler.log_command:Invoked command in '/home/arthur/mrad_ws_2602_golf/build/control_2602_golf' returned '0': CMAKE_PREFIX_PATH=${CMAKE_PREFIX_PATH}:/home/arthur/mrad_ws_2602_golf/install/ttc_follow_the_gap_2602_golf:/home/arthur/mrad_ws_2602_zulu/install/ttc_2602_zulu:/home/arthur/mrad_ws_2602_zulu/install/gazebo_2602_zulu:/home/arthur/mrad_ws_2602_zulu/install/description_2602_zulu:/home/arthur/mrad_ws_2602_zulu/install/bringup_2602_zulu:/home/arthur/mrad_ws_2602_golf/install/wall_following_2602_golf:/home/arthur/mrad_ws_2602_golf/install/ttc_2602_golf:/home/arthur/mrad_ws_2602_golf/install/gazebo_2602_golf:/home/arthur/mrad_ws_2602_golf/install/follow_the_gap_2602_golf:/home/arthur/mrad_ws_2602_golf/install/description_2602_golf:/home/arthur/mrad_ws_2602_golf/install/bringup_2602_golf:/home/arthur/remen_tuto/install/turtle_move_pkg_NNAA:/opt/ros/jazzy DEBUGINFOD_URLS=https://debuginfod.ubuntu.com /usr/bin/cmake --build /home/arthur/mrad_ws_2602_golf/build/control_2602_golf -- -j8 -l8
[1.844s] DEBUG:colcon.colcon_core.event_handler.log_command:Invoking command in '/home/arthur/mrad_ws_2602_golf/build/control_2602_golf': CMAKE_PREFIX_PATH=${CMAKE_PREFIX_PATH}:/home/arthur/mrad_ws_2602_golf/install/ttc_follow_the_gap_2602_golf:/home/arthur/mrad_ws_2602_zulu/install/ttc_2602_zulu:/home/arthur/mrad_ws_2602_zulu/install/gazebo_2602_zulu:/home/arthur/mrad_ws_2602_zulu/install/description_2602_zulu:/home/arthur/mrad_ws_2602_zulu/install/bringup_2602_zulu:/home/arthur/mrad_ws_2602_golf/install/wall_following_2602_golf:/home/arthur/mrad_ws_2602_golf/install/ttc_2602_golf:/home/arthur/mrad_ws_2602_golf/install/gazebo_2602_golf:/home/arthur/mrad_ws_2602_golf/install/follow_the_gap_2602_golf:/home/arthur/mrad_ws_2602_golf/install/description_2602_golf:/home/arthur/mrad_ws_2602_golf/install/bringup_2602_golf:/home/arthur/remen_tuto/install/turtle_move_pkg_NNAA:/opt/ros/jazzy DEBUGINFOD_URLS=https://debuginfod.ubuntu.com /usr/bin/cmake --install /home/arthur/mrad_ws_2602_golf/build/control_2602_golf
[1.871s] Level 1:colcon.colcon_core.environment:create_environment_scripts_only(control_2602_golf)
[1.871s] DEBUG:colcon.colcon_core.event_handler.log_command:Invoked command in '/home/arthur/mrad_ws_2602_golf/build/control_2602_golf' returned '0': CMAKE_PREFIX_PATH=${CMAKE_PREFIX_PATH}:/home/arthur/mrad_ws_2602_golf/install/ttc_follow_the_gap_2602_golf:/home/arthur/mrad_ws_2602_zulu/install/ttc_2602_zulu:/home/arthur/mrad_ws_2602_zulu/install/gazebo_2602_zulu:/home/arthur/mrad_ws_2602_zulu/install/description_2602_zulu:/home/arthur/mrad_ws_2602_zulu/install/bringup_2602_zulu:/home/arthur/mrad_ws_2602_golf/install/wall_following_2602_golf:/home/arthur/mrad_ws_2602_golf/install/ttc_2602_golf:/home/arthur/mrad_ws_2602_golf/install/gazebo_2602_golf:/home/arthur/mrad_ws_2602_golf/install/follow_the_gap_2602_golf:/home/arthur/mrad_ws_2602_golf/install/description_2602_golf:/home/arthur/mrad_ws_2602_golf/install/bringup_2602_golf:/home/arthur/remen_tuto/install/turtle_move_pkg_NNAA:/opt/ros/jazzy DEBUGINFOD_URLS=https://debuginfod.ubuntu.com /usr/bin/cmake --install /home/arthur/mrad_ws_2602_golf/build/control_2602_golf
[1.874s] Level 1:colcon.colcon_core.environment:checking '/home/arthur/mrad_ws_2602_golf/install/control_2602_golf' for CMake module files
[1.875s] Level 1:colcon.colcon_core.environment:checking '/home/arthur/mrad_ws_2602_golf/install/control_2602_golf' for CMake config files
[1.878s] Level 1:colcon.colcon_core.shell:create_environment_hook('control_2602_golf', 'cmake_prefix_path')
[1.878s] INFO:colcon.colcon_core.shell:Creating environment hook '/home/arthur/mrad_ws_2602_golf/install/control_2602_golf/share/control_2602_golf/hook/cmake_prefix_path.ps1'
[1.879s] INFO:colcon.colcon_core.shell:Creating environment descriptor '/home/arthur/mrad_ws_2602_golf/install/control_2602_golf/share/control_2602_golf/hook/cmake_prefix_path.dsv'
[1.879s] INFO:colcon.colcon_core.shell:Creating environment hook '/home/arthur/mrad_ws_2602_golf/install/control_2602_golf/share/control_2602_golf/hook/cmake_prefix_path.sh'
[1.880s] Level 1:colcon.colcon_core.environment:checking '/home/arthur/mrad_ws_2602_golf/install/control_2602_golf/bin'
[1.880s] Level 1:colcon.colcon_core.environment:checking '/home/arthur/mrad_ws_2602_golf/install/control_2602_golf/lib/pkgconfig/control_2602_golf.pc'
[1.881s] Level 1:colcon.colcon_core.environment:checking '/home/arthur/mrad_ws_2602_golf/install/control_2602_golf/lib/python3.12/site-packages'
[1.884s] Level 1:colcon.colcon_core.environment:checking '/home/arthur/mrad_ws_2602_golf/install/control_2602_golf/bin'
[1.885s] INFO:colcon.colcon_core.shell:Creating package script '/home/arthur/mrad_ws_2602_golf/install/control_2602_golf/share/control_2602_golf/package.ps1'
[1.886s] INFO:colcon.colcon_core.shell:Creating package descriptor '/home/arthur/mrad_ws_2602_golf/install/control_2602_golf/share/control_2602_golf/package.dsv'
[1.887s] INFO:colcon.colcon_core.shell:Creating package script '/home/arthur/mrad_ws_2602_golf/install/control_2602_golf/share/control_2602_golf/package.sh'
[1.891s] INFO:colcon.colcon_core.shell:Creating package script '/home/arthur/mrad_ws_2602_golf/install/control_2602_golf/share/control_2602_golf/package.bash'
[1.892s] INFO:colcon.colcon_core.shell:Creating package script '/home/arthur/mrad_ws_2602_golf/install/control_2602_golf/share/control_2602_golf/package.zsh'
[1.892s] Level 1:colcon.colcon_core.environment:create_file_with_runtime_dependencies(/home/arthur/mrad_ws_2602_golf/install/control_2602_golf/share/colcon-core/packages/control_2602_golf)
[1.896s] Level 1:colcon.colcon_core.environment:create_environment_scripts_only(control_2602_golf)
[1.897s] Level 1:colcon.colcon_core.environment:checking '/home/arthur/mrad_ws_2602_golf/install/control_2602_golf' for CMake module files
[1.897s] Level 1:colcon.colcon_core.environment:checking '/home/arthur/mrad_ws_2602_golf/install/control_2602_golf' for CMake config files
[1.898s] Level 1:colcon.colcon_core.shell:create_environment_hook('control_2602_golf', 'cmake_prefix_path')
[1.898s] INFO:colcon.colcon_core.shell:Creating environment hook '/home/arthur/mrad_ws_2602_golf/install/control_2602_golf/share/control_2602_golf/hook/cmake_prefix_path.ps1'
[1.898s] INFO:colcon.colcon_core.shell:Creating environment descriptor '/home/arthur/mrad_ws_2602_golf/install/control_2602_golf/share/control_2602_golf/hook/cmake_prefix_path.dsv'
[1.899s] INFO:colcon.colcon_core.shell:Creating environment hook '/home/arthur/mrad_ws_2602_golf/install/control_2602_golf/share/control_2602_golf/hook/cmake_prefix_path.sh'
[1.903s] Level 1:colcon.colcon_core.environment:checking '/home/arthur/mrad_ws_2602_golf/install/control_2602_golf/bin'
[1.903s] Level 1:colcon.colcon_core.environment:checking '/home/arthur/mrad_ws_2602_golf/install/control_2602_golf/lib/pkgconfig/control_2602_golf.pc'
[1.903s] Level 1:colcon.colcon_core.environment:checking '/home/arthur/mrad_ws_2602_golf/install/control_2602_golf/lib/python3.12/site-packages'
[1.904s] Level 1:colcon.colcon_core.environment:checking '/home/arthur/mrad_ws_2602_golf/install/control_2602_golf/bin'
[1.904s] INFO:colcon.colcon_core.shell:Creating package script '/home/arthur/mrad_ws_2602_golf/install/control_2602_golf/share/control_2602_golf/package.ps1'
[1.905s] INFO:colcon.colcon_core.shell:Creating package descriptor '/home/arthur/mrad_ws_2602_golf/install/control_2602_golf/share/control_2602_golf/package.dsv'
[1.909s] INFO:colcon.colcon_core.shell:Creating package script '/home/arthur/mrad_ws_2602_golf/install/control_2602_golf/share/control_2602_golf/package.sh'
[1.909s] INFO:colcon.colcon_core.shell:Creating package script '/home/arthur/mrad_ws_2602_golf/install/control_2602_golf/share/control_2602_golf/package.bash'
[1.910s] INFO:colcon.colcon_core.shell:Creating package script '/home/arthur/mrad_ws_2602_golf/install/control_2602_golf/share/control_2602_golf/package.zsh'
[1.910s] Level 1:colcon.colcon_core.environment:create_file_with_runtime_dependencies(/home/arthur/mrad_ws_2602_golf/install/control_2602_golf/share/colcon-core/packages/control_2602_golf)
[2.580s] DEBUG:colcon.colcon_core.task.python.build:Available setuptools commands: test, sdist, build_ext, bdist_rpm, pytest, build_scripts, easy_install, upload_docs, bdist, extract_messages, upload, editable_wheel, update_catalog, install_lib, saveopts, install, install_headers, bdist_dumb, check, install_scripts, clean, build, dist_info, setopt, symlink_data, develop, install_egg_info, rotate, compile_catalog, build_clib, build_py, alias, egg_info, init_catalog, register, install_data, ptr, bdist_egg, bdist_wheel
[2.856s] DEBUG:colcon.colcon_core.task.python.build:Available setuptools commands: test, sdist, build_ext, bdist_rpm, pytest, build_scripts, easy_install, upload_docs, bdist, extract_messages, upload, editable_wheel, update_catalog, install_lib, saveopts, install, install_headers, bdist_dumb, check, install_scripts, clean, build, dist_info, setopt, symlink_data, develop, install_egg_info, rotate, compile_catalog, build_clib, build_py, alias, egg_info, init_catalog, register, install_data, ptr, bdist_egg, bdist_wheel
[3.002s] DEBUG:colcon.colcon_core.task.python.build:Available setuptools commands: test, sdist, build_ext, bdist_rpm, pytest, build_scripts, easy_install, upload_docs, bdist, extract_messages, upload, editable_wheel, update_catalog, install_lib, saveopts, install, install_headers, bdist_dumb, check, install_scripts, clean, build, dist_info, setopt, symlink_data, develop, install_egg_info, rotate, compile_catalog, build_clib, build_py, alias, egg_info, init_catalog, register, install_data, ptr, bdist_egg, bdist_wheel
[3.004s] DEBUG:colcon.colcon_core.task.python.build:Available setuptools commands: test, sdist, build_ext, bdist_rpm, pytest, build_scripts, easy_install, upload_docs, bdist, extract_messages, upload, editable_wheel, update_catalog, install_lib, saveopts, install, install_headers, bdist_dumb, check, install_scripts, clean, build, dist_info, setopt, symlink_data, develop, install_egg_info, rotate, compile_catalog, build_clib, build_py, alias, egg_info, init_catalog, register, install_data, ptr, bdist_egg, bdist_wheel
[3.007s] DEBUG:colcon.colcon_core.task.python.build:Available setuptools commands: test, sdist, build_ext, bdist_rpm, pytest, build_scripts, easy_install, upload_docs, bdist, extract_messages, upload, editable_wheel, update_catalog, install_lib, saveopts, install, install_headers, bdist_dumb, check, install_scripts, clean, build, dist_info, setopt, symlink_data, develop, install_egg_info, rotate, compile_catalog, build_clib, build_py, alias, egg_info, init_catalog, register, install_data, ptr, bdist_egg, bdist_wheel
[3.008s] DEBUG:colcon.colcon_core.task.python.build:Available setuptools commands: test, sdist, build_ext, bdist_rpm, pytest, build_scripts, easy_install, upload_docs, bdist, extract_messages, upload, editable_wheel, update_catalog, install_lib, saveopts, install, install_headers, bdist_dumb, check, install_scripts, clean, build, dist_info, setopt, symlink_data, develop, install_egg_info, rotate, compile_catalog, build_clib, build_py, alias, egg_info, init_catalog, register, install_data, ptr, bdist_egg, bdist_wheel
[3.042s] DEBUG:colcon.colcon_core.task.python.build:Available setuptools commands: test, sdist, build_ext, bdist_rpm, pytest, build_scripts, easy_install, upload_docs, bdist, extract_messages, upload, editable_wheel, update_catalog, install_lib, saveopts, install, install_headers, bdist_dumb, check, install_scripts, clean, build, dist_info, setopt, symlink_data, develop, install_egg_info, rotate, compile_catalog, build_clib, build_py, alias, egg_info, init_catalog, register, install_data, ptr, bdist_egg, bdist_wheel
[3.095s] DEBUG:colcon.colcon_core.task.python.build:Available setuptools 'develop' options: --find-links, --exclude-scripts, --no-user-cfg, --install-dir, --site-dirs, --version, --prefix, --help, --always-copy, --uninstall, --script-dir, --no-find-links, --local-snapshots-ok, --index-url, --multi-version, --force-installation-into-system-dir, --quiet, --verbose, --always-unzip, --dry-run, --egg-path, --upgrade, --editable, --optimize, --zip-ok, --allow-hosts, --build-directory, --no-deps, --install-layout, --user, --record
[3.097s] DEBUG:colcon.colcon_core.event_handler.log_command:Invoking command in '/home/arthur/mrad_ws_2602_golf/build/gazebo_2602_golf': DEBUGINFOD_URLS=https://debuginfod.ubuntu.com PYTHONPATH=/home/arthur/mrad_ws_2602_golf/build/gazebo_2602_golf/prefix_override:/usr/lib/python3/dist-packages/colcon_core/task/python/colcon_distutils_commands:/home/arthur/mrad_ws_2602_golf/install/gazebo_2602_golf/lib/python3.12/site-packages:${PYTHONPATH} /usr/bin/python3 -W ignore:setup.py install is deprecated -W ignore:easy_install command is deprecated setup.py develop --editable --build-directory /home/arthur/mrad_ws_2602_golf/build/gazebo_2602_golf/build --no-deps symlink_data
[3.443s] DEBUG:colcon.colcon_core.task.python.build:Available setuptools 'develop' options: --find-links, --exclude-scripts, --no-user-cfg, --install-dir, --site-dirs, --version, --prefix, --help, --always-copy, --uninstall, --script-dir, --no-find-links, --local-snapshots-ok, --index-url, --multi-version, --force-installation-into-system-dir, --quiet, --verbose, --always-unzip, --dry-run, --egg-path, --upgrade, --editable, --optimize, --zip-ok, --allow-hosts, --build-directory, --no-deps, --install-layout, --user, --record
[3.445s] DEBUG:colcon.colcon_core.event_handler.log_command:Invoking command in '/home/arthur/mrad_ws_2602_golf/build/follow_the_gap_2602_golf': DEBUGINFOD_URLS=https://debuginfod.ubuntu.com PYTHONPATH=/home/arthur/mrad_ws_2602_golf/build/follow_the_gap_2602_golf/prefix_override:/usr/lib/python3/dist-packages/colcon_core/task/python/colcon_distutils_commands:/home/arthur/mrad_ws_2602_golf/install/follow_the_gap_2602_golf/lib/python3.12/site-packages:${PYTHONPATH} /usr/bin/python3 -W ignore:setup.py install is deprecated -W ignore:easy_install command is deprecated setup.py develop --editable --build-directory /home/arthur/mrad_ws_2602_golf/build/follow_the_gap_2602_golf/build --no-deps symlink_data
[3.469s] DEBUG:colcon.colcon_core.task.python.build:Available setuptools 'develop' options: --find-links, --exclude-scripts, --no-user-cfg, --install-dir, --site-dirs, --version, --prefix, --help, --always-copy, --uninstall, --script-dir, --no-find-links, --local-snapshots-ok, --index-url, --multi-version, --force-installation-into-system-dir, --quiet, --verbose, --always-unzip, --dry-run, --egg-path, --upgrade, --editable, --optimize, --zip-ok, --allow-hosts, --build-directory, --no-deps, --install-layout, --user, --record
[3.471s] DEBUG:colcon.colcon_core.event_handler.log_command:Invoking command in '/home/arthur/mrad_ws_2602_golf/build/bringup_2602_golf': DEBUGINFOD_URLS=https://debuginfod.ubuntu.com PYTHONPATH=/home/arthur/mrad_ws_2602_golf/build/bringup_2602_golf/prefix_override:/usr/lib/python3/dist-packages/colcon_core/task/python/colcon_distutils_commands:/home/arthur/mrad_ws_2602_golf/install/bringup_2602_golf/lib/python3.12/site-packages:${PYTHONPATH} /usr/bin/python3 -W ignore:setup.py install is deprecated -W ignore:easy_install command is deprecated setup.py develop --editable --build-directory /home/arthur/mrad_ws_2602_golf/build/bringup_2602_golf/build --no-deps symlink_data
[3.608s] DEBUG:colcon.colcon_core.task.python.build:Available setuptools 'develop' options: --find-links, --exclude-scripts, --no-user-cfg, --install-dir, --site-dirs, --version, --prefix, --help, --always-copy, --uninstall, --script-dir, --no-find-links, --local-snapshots-ok, --index-url, --multi-version, --force-installation-into-system-dir, --quiet, --verbose, --always-unzip, --dry-run, --egg-path, --upgrade, --editable, --optimize, --zip-ok, --allow-hosts, --build-directory, --no-deps, --install-layout, --user, --record
[3.610s] DEBUG:colcon.colcon_core.event_handler.log_command:Invoking command in '/home/arthur/mrad_ws_2602_golf/build/description_2602_golf': DEBUGINFOD_URLS=https://debuginfod.ubuntu.com PYTHONPATH=/home/arthur/mrad_ws_2602_golf/build/description_2602_golf/prefix_override:/usr/lib/python3/dist-packages/colcon_core/task/python/colcon_distutils_commands:/home/arthur/mrad_ws_2602_golf/install/description_2602_golf/lib/python3.12/site-packages:${PYTHONPATH} /usr/bin/python3 -W ignore:setup.py install is deprecated -W ignore:easy_install command is deprecated setup.py develop --editable --build-directory /home/arthur/mrad_ws_2602_golf/build/description_2602_golf/build --no-deps symlink_data
[3.643s] DEBUG:colcon.colcon_core.task.python.build:Available setuptools 'develop' options: --find-links, --exclude-scripts, --no-user-cfg, --install-dir, --site-dirs, --version, --prefix, --help, --always-copy, --uninstall, --script-dir, --no-find-links, --local-snapshots-ok, --index-url, --multi-version, --force-installation-into-system-dir, --quiet, --verbose, --always-unzip, --dry-run, --egg-path, --upgrade, --editable, --optimize, --zip-ok, --allow-hosts, --build-directory, --no-deps, --install-layout, --user, --record
[3.645s] DEBUG:colcon.colcon_core.event_handler.log_command:Invoking command in '/home/arthur/mrad_ws_2602_golf/build/wall_following_2602_golf': DEBUGINFOD_URLS=https://debuginfod.ubuntu.com PYTHONPATH=/home/arthur/mrad_ws_2602_golf/build/wall_following_2602_golf/prefix_override:/usr/lib/python3/dist-packages/colcon_core/task/python/colcon_distutils_commands:/home/arthur/mrad_ws_2602_golf/install/wall_following_2602_golf/lib/python3.12/site-packages:${PYTHONPATH} /usr/bin/python3 -W ignore:setup.py install is deprecated -W ignore:easy_install command is deprecated setup.py develop --editable --build-directory /home/arthur/mrad_ws_2602_golf/build/wall_following_2602_golf/build --no-deps symlink_data
[3.645s] DEBUG:colcon.colcon_core.task.python.build:Available setuptools 'develop' options: --find-links, --exclude-scripts, --no-user-cfg, --install-dir, --site-dirs, --version, --prefix, --help, --always-copy, --uninstall, --script-dir, --no-find-links, --local-snapshots-ok, --index-url, --multi-version, --force-installation-into-system-dir, --quiet, --verbose, --always-unzip, --dry-run, --egg-path, --upgrade, --editable, --optimize, --zip-ok, --allow-hosts, --build-directory, --no-deps, --install-layout, --user, --record
[3.647s] DEBUG:colcon.colcon_core.event_handler.log_command:Invoking command in '/home/arthur/mrad_ws_2602_golf/build/ttc_2602_golf': DEBUGINFOD_URLS=https://debuginfod.ubuntu.com PYTHONPATH=/home/arthur/mrad_ws_2602_golf/build/ttc_2602_golf/prefix_override:/usr/lib/python3/dist-packages/colcon_core/task/python/colcon_distutils_commands:/home/arthur/mrad_ws_2602_golf/install/ttc_2602_golf/lib/python3.12/site-packages:${PYTHONPATH} /usr/bin/python3 -W ignore:setup.py install is deprecated -W ignore:easy_install command is deprecated setup.py develop --editable --build-directory /home/arthur/mrad_ws_2602_golf/build/ttc_2602_golf/build --no-deps symlink_data
[3.694s] DEBUG:colcon.colcon_core.task.python.build:Available setuptools 'develop' options: --find-links, --exclude-scripts, --no-user-cfg, --install-dir, --site-dirs, --version, --prefix, --help, --always-copy, --uninstall, --script-dir, --no-find-links, --local-snapshots-ok, --index-url, --multi-version, --force-installation-into-system-dir, --quiet, --verbose, --always-unzip, --dry-run, --egg-path, --upgrade, --editable, --optimize, --zip-ok, --allow-hosts, --build-directory, --no-deps, --install-layout, --user, --record
[3.696s] DEBUG:colcon.colcon_core.event_handler.log_command:Invoking command in '/home/arthur/mrad_ws_2602_golf/build/ttc_follow_the_gap_2602_golf': DEBUGINFOD_URLS=https://debuginfod.ubuntu.com PYTHONPATH=/home/arthur/mrad_ws_2602_golf/build/ttc_follow_the_gap_2602_golf/prefix_override:/usr/lib/python3/dist-packages/colcon_core/task/python/colcon_distutils_commands:/home/arthur/mrad_ws_2602_golf/install/ttc_follow_the_gap_2602_golf/lib/python3.12/site-packages:${PYTHONPATH} /usr/bin/python3 -W ignore:setup.py install is deprecated -W ignore:easy_install command is deprecated setup.py develop --editable --build-directory /home/arthur/mrad_ws_2602_golf/build/ttc_follow_the_gap_2602_golf/build --no-deps symlink_data
[4.486s] Level 1:colcon.colcon_core.shell:create_environment_hook('gazebo_2602_golf', 'pythonpath_develop')
[4.487s] INFO:colcon.colcon_core.shell:Creating environment hook '/home/arthur/mrad_ws_2602_golf/build/gazebo_2602_golf/share/gazebo_2602_golf/hook/pythonpath_develop.ps1'
[4.487s] INFO:colcon.colcon_core.shell:Creating environment descriptor '/home/arthur/mrad_ws_2602_golf/build/gazebo_2602_golf/share/gazebo_2602_golf/hook/pythonpath_develop.dsv'
[4.488s] INFO:colcon.colcon_core.shell:Creating environment hook '/home/arthur/mrad_ws_2602_golf/build/gazebo_2602_golf/share/gazebo_2602_golf/hook/pythonpath_develop.sh'
[4.487s] DEBUG:colcon.colcon_core.event_handler.log_command:Invoked command in '/home/arthur/mrad_ws_2602_golf/build/gazebo_2602_golf' returned '0': DEBUGINFOD_URLS=https://debuginfod.ubuntu.com PYTHONPATH=/home/arthur/mrad_ws_2602_golf/build/gazebo_2602_golf/prefix_override:/usr/lib/python3/dist-packages/colcon_core/task/python/colcon_distutils_commands:/home/arthur/mrad_ws_2602_golf/install/gazebo_2602_golf/lib/python3.12/site-packages:${PYTHONPATH} /usr/bin/python3 -W ignore:setup.py install is deprecated -W ignore:easy_install command is deprecated setup.py develop --editable --build-directory /home/arthur/mrad_ws_2602_golf/build/gazebo_2602_golf/build --no-deps symlink_data
[4.489s] Level 1:colcon.colcon_core.environment:checking '/home/arthur/mrad_ws_2602_golf/install/gazebo_2602_golf' for CMake module files
[4.490s] Level 1:colcon.colcon_core.environment:checking '/home/arthur/mrad_ws_2602_golf/install/gazebo_2602_golf' for CMake config files
[4.490s] Level 1:colcon.colcon_core.environment:checking '/home/arthur/mrad_ws_2602_golf/install/gazebo_2602_golf/lib'
[4.491s] Level 1:colcon.colcon_core.environment:checking '/home/arthur/mrad_ws_2602_golf/install/gazebo_2602_golf/bin'
[4.491s] Level 1:colcon.colcon_core.environment:checking '/home/arthur/mrad_ws_2602_golf/install/gazebo_2602_golf/lib/pkgconfig/gazebo_2602_golf.pc'
[4.491s] Level 1:colcon.colcon_core.environment:checking '/home/arthur/mrad_ws_2602_golf/install/gazebo_2602_golf/lib/python3.12/site-packages'
[4.492s] Level 1:colcon.colcon_core.shell:create_environment_hook('gazebo_2602_golf', 'pythonpath')
[4.492s] INFO:colcon.colcon_core.shell:Creating environment hook '/home/arthur/mrad_ws_2602_golf/install/gazebo_2602_golf/share/gazebo_2602_golf/hook/pythonpath.ps1'
[4.492s] INFO:colcon.colcon_core.shell:Creating environment descriptor '/home/arthur/mrad_ws_2602_golf/install/gazebo_2602_golf/share/gazebo_2602_golf/hook/pythonpath.dsv'
[4.493s] INFO:colcon.colcon_core.shell:Creating environment hook '/home/arthur/mrad_ws_2602_golf/install/gazebo_2602_golf/share/gazebo_2602_golf/hook/pythonpath.sh'
[4.494s] Level 1:colcon.colcon_core.environment:checking '/home/arthur/mrad_ws_2602_golf/install/gazebo_2602_golf/bin'
[4.495s] Level 1:colcon.colcon_core.environment:create_environment_scripts_only(gazebo_2602_golf)
[4.495s] INFO:colcon.colcon_core.shell:Creating package script '/home/arthur/mrad_ws_2602_golf/install/gazebo_2602_golf/share/gazebo_2602_golf/package.ps1'
[4.496s] INFO:colcon.colcon_core.shell:Creating package descriptor '/home/arthur/mrad_ws_2602_golf/install/gazebo_2602_golf/share/gazebo_2602_golf/package.dsv'
[4.498s] INFO:colcon.colcon_core.shell:Creating package script '/home/arthur/mrad_ws_2602_golf/install/gazebo_2602_golf/share/gazebo_2602_golf/package.sh'
[4.499s] INFO:colcon.colcon_core.shell:Creating package script '/home/arthur/mrad_ws_2602_golf/install/gazebo_2602_golf/share/gazebo_2602_golf/package.bash'
[4.500s] INFO:colcon.colcon_core.shell:Creating package script '/home/arthur/mrad_ws_2602_golf/install/gazebo_2602_golf/share/gazebo_2602_golf/package.zsh'
[4.500s] Level 1:colcon.colcon_core.environment:create_file_with_runtime_dependencies(/home/arthur/mrad_ws_2602_golf/install/gazebo_2602_golf/share/colcon-core/packages/gazebo_2602_golf)
[4.709s] Level 1:colcon.colcon_core.shell:create_environment_hook('bringup_2602_golf', 'pythonpath_develop')
[4.709s] INFO:colcon.colcon_core.shell:Creating environment hook '/home/arthur/mrad_ws_2602_golf/build/bringup_2602_golf/share/bringup_2602_golf/hook/pythonpath_develop.ps1'
[4.710s] INFO:colcon.colcon_core.shell:Creating environment descriptor '/home/arthur/mrad_ws_2602_golf/build/bringup_2602_golf/share/bringup_2602_golf/hook/pythonpath_develop.dsv'
[4.710s] INFO:colcon.colcon_core.shell:Creating environment hook '/home/arthur/mrad_ws_2602_golf/build/bringup_2602_golf/share/bringup_2602_golf/hook/pythonpath_develop.sh'
[4.711s] Level 1:colcon.colcon_core.environment:checking '/home/arthur/mrad_ws_2602_golf/install/bringup_2602_golf' for CMake module files
[4.712s] Level 1:colcon.colcon_core.environment:checking '/home/arthur/mrad_ws_2602_golf/install/bringup_2602_golf' for CMake config files
[4.712s] DEBUG:colcon.colcon_core.event_handler.log_command:Invoked command in '/home/arthur/mrad_ws_2602_golf/build/bringup_2602_golf' returned '0': DEBUGINFOD_URLS=https://debuginfod.ubuntu.com PYTHONPATH=/home/arthur/mrad_ws_2602_golf/build/bringup_2602_golf/prefix_override:/usr/lib/python3/dist-packages/colcon_core/task/python/colcon_distutils_commands:/home/arthur/mrad_ws_2602_golf/install/bringup_2602_golf/lib/python3.12/site-packages:${PYTHONPATH} /usr/bin/python3 -W ignore:setup.py install is deprecated -W ignore:easy_install command is deprecated setup.py develop --editable --build-directory /home/arthur/mrad_ws_2602_golf/build/bringup_2602_golf/build --no-deps symlink_data
[4.713s] Level 1:colcon.colcon_core.environment:checking '/home/arthur/mrad_ws_2602_golf/install/bringup_2602_golf/lib'
[4.713s] Level 1:colcon.colcon_core.environment:checking '/home/arthur/mrad_ws_2602_golf/install/bringup_2602_golf/bin'
[4.713s] Level 1:colcon.colcon_core.environment:checking '/home/arthur/mrad_ws_2602_golf/install/bringup_2602_golf/lib/pkgconfig/bringup_2602_golf.pc'
[4.713s] Level 1:colcon.colcon_core.environment:checking '/home/arthur/mrad_ws_2602_golf/install/bringup_2602_golf/lib/python3.12/site-packages'
[4.714s] Level 1:colcon.colcon_core.shell:create_environment_hook('bringup_2602_golf', 'pythonpath')
[4.714s] INFO:colcon.colcon_core.shell:Creating environment hook '/home/arthur/mrad_ws_2602_golf/install/bringup_2602_golf/share/bringup_2602_golf/hook/pythonpath.ps1'
[4.715s] INFO:colcon.colcon_core.shell:Creating environment descriptor '/home/arthur/mrad_ws_2602_golf/install/bringup_2602_golf/share/bringup_2602_golf/hook/pythonpath.dsv'
[4.717s] INFO:colcon.colcon_core.shell:Creating environment hook '/home/arthur/mrad_ws_2602_golf/install/bringup_2602_golf/share/bringup_2602_golf/hook/pythonpath.sh'
[4.718s] Level 1:colcon.colcon_core.environment:checking '/home/arthur/mrad_ws_2602_golf/install/bringup_2602_golf/bin'
[4.718s] Level 1:colcon.colcon_core.environment:create_environment_scripts_only(bringup_2602_golf)
[4.719s] INFO:colcon.colcon_core.shell:Creating package script '/home/arthur/mrad_ws_2602_golf/install/bringup_2602_golf/share/bringup_2602_golf/package.ps1'
[4.720s] INFO:colcon.colcon_core.shell:Creating package descriptor '/home/arthur/mrad_ws_2602_golf/install/bringup_2602_golf/share/bringup_2602_golf/package.dsv'
[4.720s] INFO:colcon.colcon_core.shell:Creating package script '/home/arthur/mrad_ws_2602_golf/install/bringup_2602_golf/share/bringup_2602_golf/package.sh'
[4.721s] INFO:colcon.colcon_core.shell:Creating package script '/home/arthur/mrad_ws_2602_golf/install/bringup_2602_golf/share/bringup_2602_golf/package.bash'
[4.721s] INFO:colcon.colcon_core.shell:Creating package script '/home/arthur/mrad_ws_2602_golf/install/bringup_2602_golf/share/bringup_2602_golf/package.zsh'
[4.722s] Level 1:colcon.colcon_core.environment:create_file_with_runtime_dependencies(/home/arthur/mrad_ws_2602_golf/install/bringup_2602_golf/share/colcon-core/packages/bringup_2602_golf)
[4.723s] Level 1:colcon.colcon_core.shell:create_environment_hook('ttc_follow_the_gap_2602_golf', 'pythonpath_develop')
[4.723s] INFO:colcon.colcon_core.shell:Creating environment hook '/home/arthur/mrad_ws_2602_golf/build/ttc_follow_the_gap_2602_golf/share/ttc_follow_the_gap_2602_golf/hook/pythonpath_develop.ps1'
[4.724s] DEBUG:colcon.colcon_core.event_handler.log_command:Invoked command in '/home/arthur/mrad_ws_2602_golf/build/ttc_follow_the_gap_2602_golf' returned '0': DEBUGINFOD_URLS=https://debuginfod.ubuntu.com PYTHONPATH=/home/arthur/mrad_ws_2602_golf/build/ttc_follow_the_gap_2602_golf/prefix_override:/usr/lib/python3/dist-packages/colcon_core/task/python/colcon_distutils_commands:/home/arthur/mrad_ws_2602_golf/install/ttc_follow_the_gap_2602_golf/lib/python3.12/site-packages:${PYTHONPATH} /usr/bin/python3 -W ignore:setup.py install is deprecated -W ignore:easy_install command is deprecated setup.py develop --editable --build-directory /home/arthur/mrad_ws_2602_golf/build/ttc_follow_the_gap_2602_golf/build --no-deps symlink_data
[4.724s] INFO:colcon.colcon_core.shell:Creating environment descriptor '/home/arthur/mrad_ws_2602_golf/build/ttc_follow_the_gap_2602_golf/share/ttc_follow_the_gap_2602_golf/hook/pythonpath_develop.dsv'
[4.725s] INFO:colcon.colcon_core.shell:Creating environment hook '/home/arthur/mrad_ws_2602_golf/build/ttc_follow_the_gap_2602_golf/share/ttc_follow_the_gap_2602_golf/hook/pythonpath_develop.sh'
[4.726s] Level 1:colcon.colcon_core.environment:checking '/home/arthur/mrad_ws_2602_golf/install/ttc_follow_the_gap_2602_golf' for CMake module files
[4.726s] Level 1:colcon.colcon_core.environment:checking '/home/arthur/mrad_ws_2602_golf/install/ttc_follow_the_gap_2602_golf' for CMake config files
[4.727s] Level 1:colcon.colcon_core.environment:checking '/home/arthur/mrad_ws_2602_golf/install/ttc_follow_the_gap_2602_golf/lib'
[4.727s] Level 1:colcon.colcon_core.environment:checking '/home/arthur/mrad_ws_2602_golf/install/ttc_follow_the_gap_2602_golf/bin'
[4.727s] Level 1:colcon.colcon_core.environment:checking '/home/arthur/mrad_ws_2602_golf/install/ttc_follow_the_gap_2602_golf/lib/pkgconfig/ttc_follow_the_gap_2602_golf.pc'
[4.728s] Level 1:colcon.colcon_core.environment:checking '/home/arthur/mrad_ws_2602_golf/install/ttc_follow_the_gap_2602_golf/lib/python3.12/site-packages'
[4.728s] Level 1:colcon.colcon_core.shell:create_environment_hook('ttc_follow_the_gap_2602_golf', 'pythonpath')
[4.728s] INFO:colcon.colcon_core.shell:Creating environment hook '/home/arthur/mrad_ws_2602_golf/install/ttc_follow_the_gap_2602_golf/share/ttc_follow_the_gap_2602_golf/hook/pythonpath.ps1'
[4.729s] INFO:colcon.colcon_core.shell:Creating environment descriptor '/home/arthur/mrad_ws_2602_golf/install/ttc_follow_the_gap_2602_golf/share/ttc_follow_the_gap_2602_golf/hook/pythonpath.dsv'
[4.729s] INFO:colcon.colcon_core.shell:Creating environment hook '/home/arthur/mrad_ws_2602_golf/install/ttc_follow_the_gap_2602_golf/share/ttc_follow_the_gap_2602_golf/hook/pythonpath.sh'
[4.730s] Level 1:colcon.colcon_core.environment:checking '/home/arthur/mrad_ws_2602_golf/install/ttc_follow_the_gap_2602_golf/bin'
[4.730s] Level 1:colcon.colcon_core.environment:create_environment_scripts_only(ttc_follow_the_gap_2602_golf)
[4.731s] INFO:colcon.colcon_core.shell:Creating package script '/home/arthur/mrad_ws_2602_golf/install/ttc_follow_the_gap_2602_golf/share/ttc_follow_the_gap_2602_golf/package.ps1'
[4.732s] INFO:colcon.colcon_core.shell:Creating package descriptor '/home/arthur/mrad_ws_2602_golf/install/ttc_follow_the_gap_2602_golf/share/ttc_follow_the_gap_2602_golf/package.dsv'
[4.732s] INFO:colcon.colcon_core.shell:Creating package script '/home/arthur/mrad_ws_2602_golf/install/ttc_follow_the_gap_2602_golf/share/ttc_follow_the_gap_2602_golf/package.sh'
[4.733s] INFO:colcon.colcon_core.shell:Creating package script '/home/arthur/mrad_ws_2602_golf/install/ttc_follow_the_gap_2602_golf/share/ttc_follow_the_gap_2602_golf/package.bash'
[4.734s] INFO:colcon.colcon_core.shell:Creating package script '/home/arthur/mrad_ws_2602_golf/install/ttc_follow_the_gap_2602_golf/share/ttc_follow_the_gap_2602_golf/package.zsh'
[4.734s] Level 1:colcon.colcon_core.environment:create_file_with_runtime_dependencies(/home/arthur/mrad_ws_2602_golf/install/ttc_follow_the_gap_2602_golf/share/colcon-core/packages/ttc_follow_the_gap_2602_golf)
[4.755s] Level 1:colcon.colcon_core.shell:create_environment_hook('follow_the_gap_2602_golf', 'pythonpath_develop')
[4.755s] INFO:colcon.colcon_core.shell:Creating environment hook '/home/arthur/mrad_ws_2602_golf/build/follow_the_gap_2602_golf/share/follow_the_gap_2602_golf/hook/pythonpath_develop.ps1'
[4.756s] INFO:colcon.colcon_core.shell:Creating environment descriptor '/home/arthur/mrad_ws_2602_golf/build/follow_the_gap_2602_golf/share/follow_the_gap_2602_golf/hook/pythonpath_develop.dsv'
[4.756s] INFO:colcon.colcon_core.shell:Creating environment hook '/home/arthur/mrad_ws_2602_golf/build/follow_the_gap_2602_golf/share/follow_the_gap_2602_golf/hook/pythonpath_develop.sh'
[4.757s] Level 1:colcon.colcon_core.environment:checking '/home/arthur/mrad_ws_2602_golf/install/follow_the_gap_2602_golf' for CMake module files
[4.757s] Level 1:colcon.colcon_core.environment:checking '/home/arthur/mrad_ws_2602_golf/install/follow_the_gap_2602_golf' for CMake config files
[4.758s] Level 1:colcon.colcon_core.environment:checking '/home/arthur/mrad_ws_2602_golf/install/follow_the_gap_2602_golf/lib'
[4.758s] Level 1:colcon.colcon_core.environment:checking '/home/arthur/mrad_ws_2602_golf/install/follow_the_gap_2602_golf/bin'
[4.758s] Level 1:colcon.colcon_core.environment:checking '/home/arthur/mrad_ws_2602_golf/install/follow_the_gap_2602_golf/lib/pkgconfig/follow_the_gap_2602_golf.pc'
[4.758s] Level 1:colcon.colcon_core.environment:checking '/home/arthur/mrad_ws_2602_golf/install/follow_the_gap_2602_golf/lib/python3.12/site-packages'
[4.758s] Level 1:colcon.colcon_core.shell:create_environment_hook('follow_the_gap_2602_golf', 'pythonpath')
[4.759s] INFO:colcon.colcon_core.shell:Creating environment hook '/home/arthur/mrad_ws_2602_golf/install/follow_the_gap_2602_golf/share/follow_the_gap_2602_golf/hook/pythonpath.ps1'
[4.759s] DEBUG:colcon.colcon_core.event_handler.log_command:Invoked command in '/home/arthur/mrad_ws_2602_golf/build/follow_the_gap_2602_golf' returned '0': DEBUGINFOD_URLS=https://debuginfod.ubuntu.com PYTHONPATH=/home/arthur/mrad_ws_2602_golf/build/follow_the_gap_2602_golf/prefix_override:/usr/lib/python3/dist-packages/colcon_core/task/python/colcon_distutils_commands:/home/arthur/mrad_ws_2602_golf/install/follow_the_gap_2602_golf/lib/python3.12/site-packages:${PYTHONPATH} /usr/bin/python3 -W ignore:setup.py install is deprecated -W ignore:easy_install command is deprecated setup.py develop --editable --build-directory /home/arthur/mrad_ws_2602_golf/build/follow_the_gap_2602_golf/build --no-deps symlink_data
[4.759s] INFO:colcon.colcon_core.shell:Creating environment descriptor '/home/arthur/mrad_ws_2602_golf/install/follow_the_gap_2602_golf/share/follow_the_gap_2602_golf/hook/pythonpath.dsv'
[4.760s] INFO:colcon.colcon_core.shell:Creating environment hook '/home/arthur/mrad_ws_2602_golf/install/follow_the_gap_2602_golf/share/follow_the_gap_2602_golf/hook/pythonpath.sh'
[4.761s] Level 1:colcon.colcon_core.environment:checking '/home/arthur/mrad_ws_2602_golf/install/follow_the_gap_2602_golf/bin'
[4.761s] Level 1:colcon.colcon_core.environment:create_environment_scripts_only(follow_the_gap_2602_golf)
[4.761s] INFO:colcon.colcon_core.shell:Creating package script '/home/arthur/mrad_ws_2602_golf/install/follow_the_gap_2602_golf/share/follow_the_gap_2602_golf/package.ps1'
[4.762s] INFO:colcon.colcon_core.shell:Creating package descriptor '/home/arthur/mrad_ws_2602_golf/install/follow_the_gap_2602_golf/share/follow_the_gap_2602_golf/package.dsv'
[4.763s] INFO:colcon.colcon_core.shell:Creating package script '/home/arthur/mrad_ws_2602_golf/install/follow_the_gap_2602_golf/share/follow_the_gap_2602_golf/package.sh'
[4.764s] INFO:colcon.colcon_core.shell:Creating package script '/home/arthur/mrad_ws_2602_golf/install/follow_the_gap_2602_golf/share/follow_the_gap_2602_golf/package.bash'
[4.764s] INFO:colcon.colcon_core.shell:Creating package script '/home/arthur/mrad_ws_2602_golf/install/follow_the_gap_2602_golf/share/follow_the_gap_2602_golf/package.zsh'
[4.765s] Level 1:colcon.colcon_core.environment:create_file_with_runtime_dependencies(/home/arthur/mrad_ws_2602_golf/install/follow_the_gap_2602_golf/share/colcon-core/packages/follow_the_gap_2602_golf)
[4.810s] Level 1:colcon.colcon_core.shell:create_environment_hook('description_2602_golf', 'pythonpath_develop')
[4.810s] INFO:colcon.colcon_core.shell:Creating environment hook '/home/arthur/mrad_ws_2602_golf/build/description_2602_golf/share/description_2602_golf/hook/pythonpath_develop.ps1'
[4.810s] DEBUG:colcon.colcon_core.event_handler.log_command:Invoked command in '/home/arthur/mrad_ws_2602_golf/build/description_2602_golf' returned '0': DEBUGINFOD_URLS=https://debuginfod.ubuntu.com PYTHONPATH=/home/arthur/mrad_ws_2602_golf/build/description_2602_golf/prefix_override:/usr/lib/python3/dist-packages/colcon_core/task/python/colcon_distutils_commands:/home/arthur/mrad_ws_2602_golf/install/description_2602_golf/lib/python3.12/site-packages:${PYTHONPATH} /usr/bin/python3 -W ignore:setup.py install is deprecated -W ignore:easy_install command is deprecated setup.py develop --editable --build-directory /home/arthur/mrad_ws_2602_golf/build/description_2602_golf/build --no-deps symlink_data
[4.811s] INFO:colcon.colcon_core.shell:Creating environment descriptor '/home/arthur/mrad_ws_2602_golf/build/description_2602_golf/share/description_2602_golf/hook/pythonpath_develop.dsv'
[4.811s] INFO:colcon.colcon_core.shell:Creating environment hook '/home/arthur/mrad_ws_2602_golf/build/description_2602_golf/share/description_2602_golf/hook/pythonpath_develop.sh'
[4.811s] Level 1:colcon.colcon_core.environment:checking '/home/arthur/mrad_ws_2602_golf/install/description_2602_golf' for CMake module files
[4.812s] Level 1:colcon.colcon_core.environment:checking '/home/arthur/mrad_ws_2602_golf/install/description_2602_golf' for CMake config files
[4.812s] Level 1:colcon.colcon_core.environment:checking '/home/arthur/mrad_ws_2602_golf/install/description_2602_golf/lib'
[4.812s] Level 1:colcon.colcon_core.environment:checking '/home/arthur/mrad_ws_2602_golf/install/description_2602_golf/bin'
[4.812s] Level 1:colcon.colcon_core.environment:checking '/home/arthur/mrad_ws_2602_golf/install/description_2602_golf/lib/pkgconfig/description_2602_golf.pc'
[4.813s] Level 1:colcon.colcon_core.environment:checking '/home/arthur/mrad_ws_2602_golf/install/description_2602_golf/lib/python3.12/site-packages'
[4.813s] Level 1:colcon.colcon_core.shell:create_environment_hook('description_2602_golf', 'pythonpath')
[4.813s] INFO:colcon.colcon_core.shell:Creating environment hook '/home/arthur/mrad_ws_2602_golf/install/description_2602_golf/share/description_2602_golf/hook/pythonpath.ps1'
[4.813s] INFO:colcon.colcon_core.shell:Creating environment descriptor '/home/arthur/mrad_ws_2602_golf/install/description_2602_golf/share/description_2602_golf/hook/pythonpath.dsv'
[4.814s] INFO:colcon.colcon_core.shell:Creating environment hook '/home/arthur/mrad_ws_2602_golf/install/description_2602_golf/share/description_2602_golf/hook/pythonpath.sh'
[4.814s] Level 1:colcon.colcon_core.environment:checking '/home/arthur/mrad_ws_2602_golf/install/description_2602_golf/bin'
[4.814s] Level 1:colcon.colcon_core.environment:create_environment_scripts_only(description_2602_golf)
[4.814s] INFO:colcon.colcon_core.shell:Creating package script '/home/arthur/mrad_ws_2602_golf/install/description_2602_golf/share/description_2602_golf/package.ps1'
[4.815s] INFO:colcon.colcon_core.shell:Creating package descriptor '/home/arthur/mrad_ws_2602_golf/install/description_2602_golf/share/description_2602_golf/package.dsv'
[4.815s] INFO:colcon.colcon_core.shell:Creating package script '/home/arthur/mrad_ws_2602_golf/install/description_2602_golf/share/description_2602_golf/package.sh'
[4.816s] INFO:colcon.colcon_core.shell:Creating package script '/home/arthur/mrad_ws_2602_golf/install/description_2602_golf/share/description_2602_golf/package.bash'
[4.816s] INFO:colcon.colcon_core.shell:Creating package script '/home/arthur/mrad_ws_2602_golf/install/description_2602_golf/share/description_2602_golf/package.zsh'
[4.816s] Level 1:colcon.colcon_core.environment:create_file_with_runtime_dependencies(/home/arthur/mrad_ws_2602_golf/install/description_2602_golf/share/colcon-core/packages/description_2602_golf)
[4.884s] Level 1:colcon.colcon_core.shell:create_environment_hook('wall_following_2602_golf', 'pythonpath_develop')
[4.884s] INFO:colcon.colcon_core.shell:Creating environment hook '/home/arthur/mrad_ws_2602_golf/build/wall_following_2602_golf/share/wall_following_2602_golf/hook/pythonpath_develop.ps1'
[4.884s] DEBUG:colcon.colcon_core.event_handler.log_command:Invoked command in '/home/arthur/mrad_ws_2602_golf/build/wall_following_2602_golf' returned '0': DEBUGINFOD_URLS=https://debuginfod.ubuntu.com PYTHONPATH=/home/arthur/mrad_ws_2602_golf/build/wall_following_2602_golf/prefix_override:/usr/lib/python3/dist-packages/colcon_core/task/python/colcon_distutils_commands:/home/arthur/mrad_ws_2602_golf/install/wall_following_2602_golf/lib/python3.12/site-packages:${PYTHONPATH} /usr/bin/python3 -W ignore:setup.py install is deprecated -W ignore:easy_install command is deprecated setup.py develop --editable --build-directory /home/arthur/mrad_ws_2602_golf/build/wall_following_2602_golf/build --no-deps symlink_data
[4.885s] INFO:colcon.colcon_core.shell:Creating environment descriptor '/home/arthur/mrad_ws_2602_golf/build/wall_following_2602_golf/share/wall_following_2602_golf/hook/pythonpath_develop.dsv'
[4.885s] INFO:colcon.colcon_core.shell:Creating environment hook '/home/arthur/mrad_ws_2602_golf/build/wall_following_2602_golf/share/wall_following_2602_golf/hook/pythonpath_develop.sh'
[4.886s] Level 1:colcon.colcon_core.environment:checking '/home/arthur/mrad_ws_2602_golf/install/wall_following_2602_golf' for CMake module files
[4.886s] Level 1:colcon.colcon_core.environment:checking '/home/arthur/mrad_ws_2602_golf/install/wall_following_2602_golf' for CMake config files
[4.886s] Level 1:colcon.colcon_core.environment:checking '/home/arthur/mrad_ws_2602_golf/install/wall_following_2602_golf/lib'
[4.887s] Level 1:colcon.colcon_core.environment:checking '/home/arthur/mrad_ws_2602_golf/install/wall_following_2602_golf/bin'
[4.887s] Level 1:colcon.colcon_core.environment:checking '/home/arthur/mrad_ws_2602_golf/install/wall_following_2602_golf/lib/pkgconfig/wall_following_2602_golf.pc'
[4.887s] Level 1:colcon.colcon_core.environment:checking '/home/arthur/mrad_ws_2602_golf/install/wall_following_2602_golf/lib/python3.12/site-packages'
[4.887s] Level 1:colcon.colcon_core.shell:create_environment_hook('wall_following_2602_golf', 'pythonpath')
[4.887s] INFO:colcon.colcon_core.shell:Creating environment hook '/home/arthur/mrad_ws_2602_golf/install/wall_following_2602_golf/share/wall_following_2602_golf/hook/pythonpath.ps1'
[4.888s] INFO:colcon.colcon_core.shell:Creating environment descriptor '/home/arthur/mrad_ws_2602_golf/install/wall_following_2602_golf/share/wall_following_2602_golf/hook/pythonpath.dsv'
[4.888s] INFO:colcon.colcon_core.shell:Creating environment hook '/home/arthur/mrad_ws_2602_golf/install/wall_following_2602_golf/share/wall_following_2602_golf/hook/pythonpath.sh'
[4.888s] Level 1:colcon.colcon_core.environment:checking '/home/arthur/mrad_ws_2602_golf/install/wall_following_2602_golf/bin'
[4.889s] Level 1:colcon.colcon_core.environment:create_environment_scripts_only(wall_following_2602_golf)
[4.889s] INFO:colcon.colcon_core.shell:Creating package script '/home/arthur/mrad_ws_2602_golf/install/wall_following_2602_golf/share/wall_following_2602_golf/package.ps1'
[4.889s] INFO:colcon.colcon_core.shell:Creating package descriptor '/home/arthur/mrad_ws_2602_golf/install/wall_following_2602_golf/share/wall_following_2602_golf/package.dsv'
[4.890s] INFO:colcon.colcon_core.shell:Creating package script '/home/arthur/mrad_ws_2602_golf/install/wall_following_2602_golf/share/wall_following_2602_golf/package.sh'
[4.890s] INFO:colcon.colcon_core.shell:Creating package script '/home/arthur/mrad_ws_2602_golf/install/wall_following_2602_golf/share/wall_following_2602_golf/package.bash'
[4.890s] INFO:colcon.colcon_core.shell:Creating package script '/home/arthur/mrad_ws_2602_golf/install/wall_following_2602_golf/share/wall_following_2602_golf/package.zsh'
[4.891s] Level 1:colcon.colcon_core.environment:create_file_with_runtime_dependencies(/home/arthur/mrad_ws_2602_golf/install/wall_following_2602_golf/share/colcon-core/packages/wall_following_2602_golf)
[4.907s] Level 1:colcon.colcon_core.shell:create_environment_hook('ttc_2602_golf', 'pythonpath_develop')
[4.908s] INFO:colcon.colcon_core.shell:Creating environment hook '/home/arthur/mrad_ws_2602_golf/build/ttc_2602_golf/share/ttc_2602_golf/hook/pythonpath_develop.ps1'
[4.908s] DEBUG:colcon.colcon_core.event_handler.log_command:Invoked command in '/home/arthur/mrad_ws_2602_golf/build/ttc_2602_golf' returned '0': DEBUGINFOD_URLS=https://debuginfod.ubuntu.com PYTHONPATH=/home/arthur/mrad_ws_2602_golf/build/ttc_2602_golf/prefix_override:/usr/lib/python3/dist-packages/colcon_core/task/python/colcon_distutils_commands:/home/arthur/mrad_ws_2602_golf/install/ttc_2602_golf/lib/python3.12/site-packages:${PYTHONPATH} /usr/bin/python3 -W ignore:setup.py install is deprecated -W ignore:easy_install command is deprecated setup.py develop --editable --build-directory /home/arthur/mrad_ws_2602_golf/build/ttc_2602_golf/build --no-deps symlink_data
[4.908s] INFO:colcon.colcon_core.shell:Creating environment descriptor '/home/arthur/mrad_ws_2602_golf/build/ttc_2602_golf/share/ttc_2602_golf/hook/pythonpath_develop.dsv'
[4.909s] INFO:colcon.colcon_core.shell:Creating environment hook '/home/arthur/mrad_ws_2602_golf/build/ttc_2602_golf/share/ttc_2602_golf/hook/pythonpath_develop.sh'
[4.909s] Level 1:colcon.colcon_core.environment:checking '/home/arthur/mrad_ws_2602_golf/install/ttc_2602_golf' for CMake module files
[4.909s] Level 1:colcon.colcon_core.environment:checking '/home/arthur/mrad_ws_2602_golf/install/ttc_2602_golf' for CMake config files
[4.910s] Level 1:colcon.colcon_core.environment:checking '/home/arthur/mrad_ws_2602_golf/install/ttc_2602_golf/lib'
[4.910s] Level 1:colcon.colcon_core.environment:checking '/home/arthur/mrad_ws_2602_golf/install/ttc_2602_golf/bin'
[4.910s] Level 1:colcon.colcon_core.environment:checking '/home/arthur/mrad_ws_2602_golf/install/ttc_2602_golf/lib/pkgconfig/ttc_2602_golf.pc'
[4.910s] Level 1:colcon.colcon_core.environment:checking '/home/arthur/mrad_ws_2602_golf/install/ttc_2602_golf/lib/python3.12/site-packages'
[4.910s] Level 1:colcon.colcon_core.shell:create_environment_hook('ttc_2602_golf', 'pythonpath')
[4.910s] INFO:colcon.colcon_core.shell:Creating environment hook '/home/arthur/mrad_ws_2602_golf/install/ttc_2602_golf/share/ttc_2602_golf/hook/pythonpath.ps1'
[4.911s] INFO:colcon.colcon_core.shell:Creating environment descriptor '/home/arthur/mrad_ws_2602_golf/install/ttc_2602_golf/share/ttc_2602_golf/hook/pythonpath.dsv'
[4.911s] INFO:colcon.colcon_core.shell:Creating environment hook '/home/arthur/mrad_ws_2602_golf/install/ttc_2602_golf/share/ttc_2602_golf/hook/pythonpath.sh'
[4.911s] Level 1:colcon.colcon_core.environment:checking '/home/arthur/mrad_ws_2602_golf/install/ttc_2602_golf/bin'
[4.911s] Level 1:colcon.colcon_core.environment:create_environment_scripts_only(ttc_2602_golf)
[4.912s] INFO:colcon.colcon_core.shell:Creating package script '/home/arthur/mrad_ws_2602_golf/install/ttc_2602_golf/share/ttc_2602_golf/package.ps1'
[4.912s] INFO:colcon.colcon_core.shell:Creating package descriptor '/home/arthur/mrad_ws_2602_golf/install/ttc_2602_golf/share/ttc_2602_golf/package.dsv'
[4.912s] INFO:colcon.colcon_core.shell:Creating package script '/home/arthur/mrad_ws_2602_golf/install/ttc_2602_golf/share/ttc_2602_golf/package.sh'
[4.913s] INFO:colcon.colcon_core.shell:Creating package script '/home/arthur/mrad_ws_2602_golf/install/ttc_2602_golf/share/ttc_2602_golf/package.bash'
[4.913s] INFO:colcon.colcon_core.shell:Creating package script '/home/arthur/mrad_ws_2602_golf/install/ttc_2602_golf/share/ttc_2602_golf/package.zsh'
[4.913s] Level 1:colcon.colcon_core.environment:create_file_with_runtime_dependencies(/home/arthur/mrad_ws_2602_golf/install/ttc_2602_golf/share/colcon-core/packages/ttc_2602_golf)
[4.913s] DEBUG:colcon.colcon_parallel_executor.executor.parallel:closing loop
[4.914s] DEBUG:colcon.colcon_parallel_executor.executor.parallel:loop closed
[4.914s] DEBUG:colcon.colcon_parallel_executor.executor.parallel:run_until_complete finished with '0'
[4.914s] DEBUG:colcon.colcon_core.event_reactor:joining thread
[4.919s] INFO:colcon.colcon_core.plugin_system:Skipping extension 'colcon_notification.desktop_notification.terminal_notifier': Not used on non-Darwin systems
[4.919s] INFO:colcon.colcon_core.plugin_system:Skipping extension 'colcon_notification.desktop_notification.win32': Not used on non-Windows systems
[4.919s] INFO:colcon.colcon_notification.desktop_notification:Sending desktop notification using 'notify2'
[4.930s] DEBUG:colcon.colcon_core.event_reactor:joined thread
[4.930s] INFO:colcon.colcon_core.shell:Creating prefix script '/home/arthur/mrad_ws_2602_golf/install/local_setup.ps1'
[4.930s] INFO:colcon.colcon_core.shell:Creating prefix util module '/home/arthur/mrad_ws_2602_golf/install/_local_setup_util_ps1.py'
[4.931s] INFO:colcon.colcon_core.shell:Creating prefix chain script '/home/arthur/mrad_ws_2602_golf/install/setup.ps1'
[4.933s] INFO:colcon.colcon_core.shell:Creating prefix script '/home/arthur/mrad_ws_2602_golf/install/local_setup.sh'
[4.933s] INFO:colcon.colcon_core.shell:Creating prefix util module '/home/arthur/mrad_ws_2602_golf/install/_local_setup_util_sh.py'
[4.933s] INFO:colcon.colcon_core.shell:Creating prefix chain script '/home/arthur/mrad_ws_2602_golf/install/setup.sh'
[4.935s] INFO:colcon.colcon_core.shell:Creating prefix script '/home/arthur/mrad_ws_2602_golf/install/local_setup.bash'
[4.935s] INFO:colcon.colcon_core.shell:Creating prefix chain script '/home/arthur/mrad_ws_2602_golf/install/setup.bash'
[4.936s] INFO:colcon.colcon_core.shell:Creating prefix script '/home/arthur/mrad_ws_2602_golf/install/local_setup.zsh'
[4.936s] INFO:colcon.colcon_core.shell:Creating prefix chain script '/home/arthur/mrad_ws_2602_golf/install/setup.zsh'
