[0.276s] Invoking command in '/home/arthur/mrad_ws_2602_golf/build/control_2602_golf': CMAKE_PREFIX_PATH=${CMAKE_PREFIX_PATH}:/home/arthur/mrad_ws_2602_zulu/install/ttc_2602_zulu:/home/arthur/mrad_ws_2602_zulu/install/gazebo_2602_zulu:/home/arthur/mrad_ws_2602_zulu/install/description_2602_zulu:/home/arthur/mrad_ws_2602_zulu/install/bringup_2602_zulu:/home/arthur/mrad_ws_2602_golf/install/wall_following_2602_golf:/home/arthur/mrad_ws_2602_golf/install/ttc_follow_the_gap_2602_golf:/home/arthur/mrad_ws_2602_golf/install/ttc_2602_golf:/home/arthur/mrad_ws_2602_golf/install/gazebo_2602_golf:/home/arthur/mrad_ws_2602_golf/install/follow_the_gap_2602_golf:/home/arthur/mrad_ws_2602_golf/install/description_2602_golf:/home/arthur/mrad_ws_2602_golf/install/bringup_2602_golf:/home/arthur/remen_tuto/install/turtle_move_pkg_NNAA:/opt/ros/jazzy DEBUGINFOD_URLS=https://debuginfod.ubuntu.com /usr/bin/cmake --build /home/arthur/mrad_ws_2602_golf/build/control_2602_golf -- -j8 -l8
[1.623s] Invoked command in '/home/arthur/mrad_ws_2602_golf/build/control_2602_golf' returned '0': CMAKE_PREFIX_PATH=${CMAKE_PREFIX_PATH}:/home/arthur/mrad_ws_2602_zulu/install/ttc_2602_zulu:/home/arthur/mrad_ws_2602_zulu/install/gazebo_2602_zulu:/home/arthur/mrad_ws_2602_zulu/install/description_2602_zulu:/home/arthur/mrad_ws_2602_zulu/install/bringup_2602_zulu:/home/arthur/mrad_ws_2602_golf/install/wall_following_2602_golf:/home/arthur/mrad_ws_2602_golf/install/ttc_follow_the_gap_2602_golf:/home/arthur/mrad_ws_2602_golf/install/ttc_2602_golf:/home/arthur/mrad_ws_2602_golf/install/gazebo_2602_golf:/home/arthur/mrad_ws_2602_golf/install/follow_the_gap_2602_golf:/home/arthur/mrad_ws_2602_golf/install/description_2602_golf:/home/arthur/mrad_ws_2602_golf/install/bringup_2602_golf:/home/arthur/remen_tuto/install/turtle_move_pkg_NNAA:/opt/ros/jazzy DEBUGINFOD_URLS=https://debuginfod.ubuntu.com /usr/bin/cmake --build /home/arthur/mrad_ws_2602_golf/build/control_2602_golf -- -j8 -l8
[1.631s] Invoking command in '/home/arthur/mrad_ws_2602_golf/build/control_2602_golf': CMAKE_PREFIX_PATH=${CMAKE_PREFIX_PATH}:/home/arthur/mrad_ws_2602_zulu/install/ttc_2602_zulu:/home/arthur/mrad_ws_2602_zulu/install/gazebo_2602_zulu:/home/arthur/mrad_ws_2602_zulu/install/description_2602_zulu:/home/arthur/mrad_ws_2602_zulu/install/bringup_2602_zulu:/home/arthur/mrad_ws_2602_golf/install/wall_following_2602_golf:/home/arthur/mrad_ws_2602_golf/install/ttc_follow_the_gap_2602_golf:/home/arthur/mrad_ws_2602_golf/install/ttc_2602_golf:/home/arthur/mrad_ws_2602_golf/install/gazebo_2602_golf:/home/arthur/mrad_ws_2602_golf/install/follow_the_gap_2602_golf:/home/arthur/mrad_ws_2602_golf/install/description_2602_golf:/home/arthur/mrad_ws_2602_golf/install/bringup_2602_golf:/home/arthur/remen_tuto/install/turtle_move_pkg_NNAA:/opt/ros/jazzy DEBUGINFOD_URLS=https://debuginfod.ubuntu.com /usr/bin/cmake --install /home/arthur/mrad_ws_2602_golf/build/control_2602_golf
[1.637s] -- Install configuration: ""
[1.638s] -- Execute custom install script
[1.639s] -- Up-to-date symlink: /home/arthur/mrad_ws_2602_golf/install/control_2602_golf/share/ament_index/resource_index/package_run_dependencies/control_2602_golf
[1.639s] -- Up-to-date symlink: /home/arthur/mrad_ws_2602_golf/install/control_2602_golf/share/ament_index/resource_index/parent_prefix_path/control_2602_golf
[1.640s] -- Up-to-date symlink: /home/arthur/mrad_ws_2602_golf/install/control_2602_golf/share/control_2602_golf/environment/ament_prefix_path.sh
[1.640s] -- Up-to-date symlink: /home/arthur/mrad_ws_2602_golf/install/control_2602_golf/share/control_2602_golf/environment/ament_prefix_path.dsv
[1.641s] -- Up-to-date symlink: /home/arthur/mrad_ws_2602_golf/install/control_2602_golf/share/control_2602_golf/environment/path.sh
[1.641s] -- Up-to-date symlink: /home/arthur/mrad_ws_2602_golf/install/control_2602_golf/share/control_2602_golf/environment/path.dsv
[1.641s] -- Up-to-date symlink: /home/arthur/mrad_ws_2602_golf/install/control_2602_golf/share/control_2602_golf/local_setup.bash
[1.641s] -- Up-to-date symlink: /home/arthur/mrad_ws_2602_golf/install/control_2602_golf/share/control_2602_golf/local_setup.sh
[1.641s] -- Up-to-date symlink: /home/arthur/mrad_ws_2602_golf/install/control_2602_golf/share/control_2602_golf/local_setup.zsh
[1.641s] -- Up-to-date symlink: /home/arthur/mrad_ws_2602_golf/install/control_2602_golf/share/control_2602_golf/local_setup.dsv
[1.642s] -- Symlinking: /home/arthur/mrad_ws_2602_golf/install/control_2602_golf/share/control_2602_golf/package.dsv
[1.653s] -- Up-to-date symlink: /home/arthur/mrad_ws_2602_golf/install/control_2602_golf/share/ament_index/resource_index/packages/control_2602_golf
[1.654s] -- Up-to-date symlink: /home/arthur/mrad_ws_2602_golf/install/control_2602_golf/share/control_2602_golf/cmake/control_2602_golfConfig.cmake
[1.657s] -- Up-to-date symlink: /home/arthur/mrad_ws_2602_golf/install/control_2602_golf/share/control_2602_golf/cmake/control_2602_golfConfig-version.cmake
[1.657s] -- Up-to-date symlink: /home/arthur/mrad_ws_2602_golf/install/control_2602_golf/share/control_2602_golf/package.xml
[1.658s] Invoked command in '/home/arthur/mrad_ws_2602_golf/build/control_2602_golf' returned '0': CMAKE_PREFIX_PATH=${CMAKE_PREFIX_PATH}:/home/arthur/mrad_ws_2602_zulu/install/ttc_2602_zulu:/home/arthur/mrad_ws_2602_zulu/install/gazebo_2602_zulu:/home/arthur/mrad_ws_2602_zulu/install/description_2602_zulu:/home/arthur/mrad_ws_2602_zulu/install/bringup_2602_zulu:/home/arthur/mrad_ws_2602_golf/install/wall_following_2602_golf:/home/arthur/mrad_ws_2602_golf/install/ttc_follow_the_gap_2602_golf:/home/arthur/mrad_ws_2602_golf/install/ttc_2602_golf:/home/arthur/mrad_ws_2602_golf/install/gazebo_2602_golf:/home/arthur/mrad_ws_2602_golf/install/follow_the_gap_2602_golf:/home/arthur/mrad_ws_2602_golf/install/description_2602_golf:/home/arthur/mrad_ws_2602_golf/install/bringup_2602_golf:/home/arthur/remen_tuto/install/turtle_move_pkg_NNAA:/opt/ros/jazzy DEBUGINFOD_URLS=https://debuginfod.ubuntu.com /usr/bin/cmake --install /home/arthur/mrad_ws_2602_golf/build/control_2602_golf
