[7.565s] Invoking command in '/home/arthur/mrad_ws_2602_golf/build/follow_the_gap_2602_golf': DEBUGINFOD_URLS=https://debuginfod.ubuntu.com PYTHONPATH=/home/arthur/mrad_ws_2602_golf/build/follow_the_gap_2602_golf/prefix_override:/usr/lib/python3/dist-packages/colcon_core/task/python/colcon_distutils_commands:/home/arthur/mrad_ws_2602_golf/install/follow_the_gap_2602_golf/lib/python3.12/site-packages:${PYTHONPATH} /usr/bin/python3 -W ignore:setup.py install is deprecated -W ignore:easy_install command is deprecated setup.py develop --editable --build-directory /home/arthur/mrad_ws_2602_golf/build/follow_the_gap_2602_golf/build --no-deps symlink_data
[8.173s] running develop
[8.529s] /usr/lib/python3/dist-packages/setuptools/command/easy_install.py:363: UserWarning: Unbuilt egg for pytest-repeat [unknown version] (/usr/lib/python3/dist-packages)
[8.529s]   self.local_index = Environment(self.shadow_path + sys.path)
[8.538s] /usr/lib/python3/dist-packages/setuptools/command/easy_install.py:363: UserWarning: Unbuilt egg for wall-following-2602-golf [unknown version] (/home/arthur/mrad_ws_2602_golf/build/wall_following_2602_golf)
[8.538s]   self.local_index = Environment(self.shadow_path + sys.path)
[8.604s] running egg_info
[8.646s] writing follow_the_gap_2602_golf.egg-info/PKG-INFO
[8.647s] writing dependency_links to follow_the_gap_2602_golf.egg-info/dependency_links.txt
[8.647s] writing entry points to follow_the_gap_2602_golf.egg-info/entry_points.txt
[8.647s] writing requirements to follow_the_gap_2602_golf.egg-info/requires.txt
[8.647s] writing top-level names to follow_the_gap_2602_golf.egg-info/top_level.txt
[8.723s] reading manifest file 'follow_the_gap_2602_golf.egg-info/SOURCES.txt'
[8.724s] writing manifest file 'follow_the_gap_2602_golf.egg-info/SOURCES.txt'
[8.750s] running build_ext
[8.750s] Creating /home/arthur/mrad_ws_2602_golf/install/follow_the_gap_2602_golf/lib/python3.12/site-packages/follow-the-gap-2602-golf.egg-link (link to .)
[8.750s] Installing ftg_node script to /home/arthur/mrad_ws_2602_golf/install/follow_the_gap_2602_golf/lib/follow_the_gap_2602_golf
[8.750s] 
[8.751s] Installed /home/arthur/mrad_ws_2602_golf/build/follow_the_gap_2602_golf
[8.751s] running symlink_data
[8.794s] Invoked command in '/home/arthur/mrad_ws_2602_golf/build/follow_the_gap_2602_golf' returned '0': DEBUGINFOD_URLS=https://debuginfod.ubuntu.com PYTHONPATH=/home/arthur/mrad_ws_2602_golf/build/follow_the_gap_2602_golf/prefix_override:/usr/lib/python3/dist-packages/colcon_core/task/python/colcon_distutils_commands:/home/arthur/mrad_ws_2602_golf/install/follow_the_gap_2602_golf/lib/python3.12/site-packages:${PYTHONPATH} /usr/bin/python3 -W ignore:setup.py install is deprecated -W ignore:easy_install command is deprecated setup.py develop --editable --build-directory /home/arthur/mrad_ws_2602_golf/build/follow_the_gap_2602_golf/build --no-deps symlink_data
