[0.108s] DEBUG:colcon:Command line arguments: ['/usr/bin/colcon', 'build', '--symlink-install']
[0.108s] DEBUG:colcon:Parsed command line arguments: Namespace(log_base=None, log_level=None, verb_name='build', build_base='build', install_base='install', merge_install=False, symlink_install=True, test_result_base=None, continue_on_error=False, executor='parallel', parallel_workers=8, event_handlers=None, ignore_user_meta=False, metas=['./colcon.meta'], base_paths=['.'], packages_ignore=None, packages_ignore_regex=None, paths=None, packages_up_to=None, packages_up_to_regex=None, packages_above=None, packages_above_and_dependencies=None, packages_above_depth=None, packages_select_by_dep=None, packages_skip_by_dep=None, packages_skip_up_to=None, packages_select_build_failed=False, packages_skip_build_finished=False, packages_select_test_failures=False, packages_skip_test_passed=False, packages_select=None, packages_skip=None, packages_select_regex=None, packages_skip_regex=None, packages_start=None, packages_end=None, allow_overriding=[], cmake_args=None, cmake_target=None, cmake_target_skip_unavailable=False, cmake_clean_cache=False, cmake_clean_first=False, cmake_force_configure=False, ament_cmake_args=None, catkin_cmake_args=None, catkin_skip_building_tests=False, mixin_files=None, mixin=None, verb_parser=<colcon_mixin.mixin.mixin_argument.MixinArgumentDecorator object at 0x7dcd448a5b20>, verb_extension=<colcon_core.verb.build.BuildVerb object at 0x7dcd447ecda0>, main=<bound method BuildVerb.main of <colcon_core.verb.build.BuildVerb object at 0x7dcd447ecda0>>, mixin_verb=('build',))
[0.139s] Level 1:colcon.colcon_core.package_discovery:discover_packages(colcon_meta) check parameters
[0.139s] Level 1:colcon.colcon_core.package_discovery:discover_packages(recursive) check parameters
[0.139s] Level 1:colcon.colcon_core.package_discovery:discover_packages(ignore) check parameters
[0.139s] Level 1:colcon.colcon_core.package_discovery:discover_packages(path) check parameters
[0.139s] Level 1:colcon.colcon_core.package_discovery:discover_packages(colcon_meta) discover
[0.139s] Level 1:colcon.colcon_core.package_discovery:discover_packages(recursive) discover
[0.139s] INFO:colcon.colcon_core.package_discovery:Crawling recursively for packages in '/home/arthur/mrad_ws_2602_golf'
[0.139s] Level 1:colcon.colcon_core.package_identification:_identify(.) by extensions ['ignore', 'ignore_ament_install']
[0.140s] Level 1:colcon.colcon_core.package_identification:_identify(.) by extension 'ignore'
[0.140s] Level 1:colcon.colcon_core.package_identification:_identify(.) by extension 'ignore_ament_install'
[0.140s] Level 1:colcon.colcon_core.package_identification:_identify(.) by extensions ['colcon_pkg']
[0.140s] Level 1:colcon.colcon_core.package_identification:_identify(.) by extension 'colcon_pkg'
[0.140s] Level 1:colcon.colcon_core.package_identification:_identify(.) by extensions ['colcon_meta']
[0.140s] Level 1:colcon.colcon_core.package_identification:_identify(.) by extension 'colcon_meta'
[0.140s] Level 1:colcon.colcon_core.package_identification:_identify(.) by extensions ['ros']
[0.140s] Level 1:colcon.colcon_core.package_identification:_identify(.) by extension 'ros'
[0.161s] Level 1:colcon.colcon_core.package_identification:_identify(.) by extensions ['cmake', 'python']
[0.161s] Level 1:colcon.colcon_core.package_identification:_identify(.) by extension 'cmake'
[0.161s] Level 1:colcon.colcon_core.package_identification:_identify(.) by extension 'python'
[0.161s] Level 1:colcon.colcon_core.package_identification:_identify(.) by extensions ['python_setup_py']
[0.161s] Level 1:colcon.colcon_core.package_identification:_identify(.) by extension 'python_setup_py'
[0.161s] Level 1:colcon.colcon_core.package_identification:_identify(build) by extensions ['ignore', 'ignore_ament_install']
[0.161s] Level 1:colcon.colcon_core.package_identification:_identify(build) by extension 'ignore'
[0.162s] Level 1:colcon.colcon_core.package_identification:_identify(build) ignored
[0.162s] Level 1:colcon.colcon_core.package_identification:_identify(install) by extensions ['ignore', 'ignore_ament_install']
[0.162s] Level 1:colcon.colcon_core.package_identification:_identify(install) by extension 'ignore'
[0.162s] Level 1:colcon.colcon_core.package_identification:_identify(install) ignored
[0.162s] Level 1:colcon.colcon_core.package_identification:_identify(log) by extensions ['ignore', 'ignore_ament_install']
[0.162s] Level 1:colcon.colcon_core.package_identification:_identify(log) by extension 'ignore'
[0.162s] Level 1:colcon.colcon_core.package_identification:_identify(log) ignored
[0.162s] Level 1:colcon.colcon_core.package_identification:_identify(src) by extensions ['ignore', 'ignore_ament_install']
[0.162s] Level 1:colcon.colcon_core.package_identification:_identify(src) by extension 'ignore'
[0.162s] Level 1:colcon.colcon_core.package_identification:_identify(src) by extension 'ignore_ament_install'
[0.162s] Level 1:colcon.colcon_core.package_identification:_identify(src) by extensions ['colcon_pkg']
[0.162s] Level 1:colcon.colcon_core.package_identification:_identify(src) by extension 'colcon_pkg'
[0.162s] Level 1:colcon.colcon_core.package_identification:_identify(src) by extensions ['colcon_meta']
[0.162s] Level 1:colcon.colcon_core.package_identification:_identify(src) by extension 'colcon_meta'
[0.162s] Level 1:colcon.colcon_core.package_identification:_identify(src) by extensions ['ros']
[0.162s] Level 1:colcon.colcon_core.package_identification:_identify(src) by extension 'ros'
[0.162s] Level 1:colcon.colcon_core.package_identification:_identify(src) by extensions ['cmake', 'python']
[0.163s] Level 1:colcon.colcon_core.package_identification:_identify(src) by extension 'cmake'
[0.163s] Level 1:colcon.colcon_core.package_identification:_identify(src) by extension 'python'
[0.163s] Level 1:colcon.colcon_core.package_identification:_identify(src) by extensions ['python_setup_py']
[0.163s] Level 1:colcon.colcon_core.package_identification:_identify(src) by extension 'python_setup_py'
[0.163s] Level 1:colcon.colcon_core.package_identification:_identify(src/bringup_2602_golf) by extensions ['ignore', 'ignore_ament_install']
[0.163s] Level 1:colcon.colcon_core.package_identification:_identify(src/bringup_2602_golf) by extension 'ignore'
[0.163s] Level 1:colcon.colcon_core.package_identification:_identify(src/bringup_2602_golf) by extension 'ignore_ament_install'
[0.163s] Level 1:colcon.colcon_core.package_identification:_identify(src/bringup_2602_golf) by extensions ['colcon_pkg']
[0.163s] Level 1:colcon.colcon_core.package_identification:_identify(src/bringup_2602_golf) by extension 'colcon_pkg'
[0.163s] Level 1:colcon.colcon_core.package_identification:_identify(src/bringup_2602_golf) by extensions ['colcon_meta']
[0.163s] Level 1:colcon.colcon_core.package_identification:_identify(src/bringup_2602_golf) by extension 'colcon_meta'
[0.163s] Level 1:colcon.colcon_core.package_identification:_identify(src/bringup_2602_golf) by extensions ['ros']
[0.163s] Level 1:colcon.colcon_core.package_identification:_identify(src/bringup_2602_golf) by extension 'ros'
[0.165s] DEBUG:colcon.colcon_core.package_identification:Package 'src/bringup_2602_golf' with type 'ros.ament_python' and name 'bringup_2602_golf'
[0.165s] Level 1:colcon.colcon_core.package_identification:_identify(src/control_2602_golf) by extensions ['ignore', 'ignore_ament_install']
[0.165s] Level 1:colcon.colcon_core.package_identification:_identify(src/control_2602_golf) by extension 'ignore'
[0.165s] Level 1:colcon.colcon_core.package_identification:_identify(src/control_2602_golf) by extension 'ignore_ament_install'
[0.165s] Level 1:colcon.colcon_core.package_identification:_identify(src/control_2602_golf) by extensions ['colcon_pkg']
[0.165s] Level 1:colcon.colcon_core.package_identification:_identify(src/control_2602_golf) by extension 'colcon_pkg'
[0.165s] Level 1:colcon.colcon_core.package_identification:_identify(src/control_2602_golf) by extensions ['colcon_meta']
[0.165s] Level 1:colcon.colcon_core.package_identification:_identify(src/control_2602_golf) by extension 'colcon_meta'
[0.165s] Level 1:colcon.colcon_core.package_identification:_identify(src/control_2602_golf) by extensions ['ros']
[0.165s] Level 1:colcon.colcon_core.package_identification:_identify(src/control_2602_golf) by extension 'ros'
[0.166s] DEBUG:colcon.colcon_core.package_identification:Package 'src/control_2602_golf' with type 'ros.ament_cmake' and name 'control_2602_golf'
[0.166s] Level 1:colcon.colcon_core.package_identification:_identify(src/description_2602_golf) by extensions ['ignore', 'ignore_ament_install']
[0.166s] Level 1:colcon.colcon_core.package_identification:_identify(src/description_2602_golf) by extension 'ignore'
[0.166s] Level 1:colcon.colcon_core.package_identification:_identify(src/description_2602_golf) by extension 'ignore_ament_install'
[0.166s] Level 1:colcon.colcon_core.package_identification:_identify(src/description_2602_golf) by extensions ['colcon_pkg']
[0.166s] Level 1:colcon.colcon_core.package_identification:_identify(src/description_2602_golf) by extension 'colcon_pkg'
[0.166s] Level 1:colcon.colcon_core.package_identification:_identify(src/description_2602_golf) by extensions ['colcon_meta']
[0.166s] Level 1:colcon.colcon_core.package_identification:_identify(src/description_2602_golf) by extension 'colcon_meta'
[0.166s] Level 1:colcon.colcon_core.package_identification:_identify(src/description_2602_golf) by extensions ['ros']
[0.166s] Level 1:colcon.colcon_core.package_identification:_identify(src/description_2602_golf) by extension 'ros'
[0.166s] DEBUG:colcon.colcon_core.package_identification:Package 'src/description_2602_golf' with type 'ros.ament_python' and name 'description_2602_golf'
[0.166s] Level 1:colcon.colcon_core.package_identification:_identify(src/follow_the_gap_2602_golf) by extensions ['ignore', 'ignore_ament_install']
[0.166s] Level 1:colcon.colcon_core.package_identification:_identify(src/follow_the_gap_2602_golf) by extension 'ignore'
[0.167s] Level 1:colcon.colcon_core.package_identification:_identify(src/follow_the_gap_2602_golf) by extension 'ignore_ament_install'
[0.167s] Level 1:colcon.colcon_core.package_identification:_identify(src/follow_the_gap_2602_golf) by extensions ['colcon_pkg']
[0.167s] Level 1:colcon.colcon_core.package_identification:_identify(src/follow_the_gap_2602_golf) by extension 'colcon_pkg'
[0.167s] Level 1:colcon.colcon_core.package_identification:_identify(src/follow_the_gap_2602_golf) by extensions ['colcon_meta']
[0.167s] Level 1:colcon.colcon_core.package_identification:_identify(src/follow_the_gap_2602_golf) by extension 'colcon_meta'
[0.167s] Level 1:colcon.colcon_core.package_identification:_identify(src/follow_the_gap_2602_golf) by extensions ['ros']
[0.167s] Level 1:colcon.colcon_core.package_identification:_identify(src/follow_the_gap_2602_golf) by extension 'ros'
[0.167s] DEBUG:colcon.colcon_core.package_identification:Package 'src/follow_the_gap_2602_golf' with type 'ros.ament_python' and name 'follow_the_gap_2602_golf'
[0.167s] Level 1:colcon.colcon_core.package_identification:_identify(src/gazebo_2602_golf) by extensions ['ignore', 'ignore_ament_install']
[0.167s] Level 1:colcon.colcon_core.package_identification:_identify(src/gazebo_2602_golf) by extension 'ignore'
[0.167s] Level 1:colcon.colcon_core.package_identification:_identify(src/gazebo_2602_golf) by extension 'ignore_ament_install'
[0.167s] Level 1:colcon.colcon_core.package_identification:_identify(src/gazebo_2602_golf) by extensions ['colcon_pkg']
[0.167s] Level 1:colcon.colcon_core.package_identification:_identify(src/gazebo_2602_golf) by extension 'colcon_pkg'
[0.167s] Level 1:colcon.colcon_core.package_identification:_identify(src/gazebo_2602_golf) by extensions ['colcon_meta']
[0.167s] Level 1:colcon.colcon_core.package_identification:_identify(src/gazebo_2602_golf) by extension 'colcon_meta'
[0.167s] Level 1:colcon.colcon_core.package_identification:_identify(src/gazebo_2602_golf) by extensions ['ros']
[0.167s] Level 1:colcon.colcon_core.package_identification:_identify(src/gazebo_2602_golf) by extension 'ros'
[0.168s] DEBUG:colcon.colcon_core.package_identification:Package 'src/gazebo_2602_golf' with type 'ros.ament_python' and name 'gazebo_2602_golf'
[0.168s] Level 1:colcon.colcon_core.package_identification:_identify(src/ttc_2602_golf) by extensions ['ignore', 'ignore_ament_install']
[0.168s] Level 1:colcon.colcon_core.package_identification:_identify(src/ttc_2602_golf) by extension 'ignore'
[0.168s] Level 1:colcon.colcon_core.package_identification:_identify(src/ttc_2602_golf) by extension 'ignore_ament_install'
[0.168s] Level 1:colcon.colcon_core.package_identification:_identify(src/ttc_2602_golf) by extensions ['colcon_pkg']
[0.168s] Level 1:colcon.colcon_core.package_identification:_identify(src/ttc_2602_golf) by extension 'colcon_pkg'
[0.168s] Level 1:colcon.colcon_core.package_identification:_identify(src/ttc_2602_golf) by extensions ['colcon_meta']
[0.168s] Level 1:colcon.colcon_core.package_identification:_identify(src/ttc_2602_golf) by extension 'colcon_meta'
[0.168s] Level 1:colcon.colcon_core.package_identification:_identify(src/ttc_2602_golf) by extensions ['ros']
[0.168s] Level 1:colcon.colcon_core.package_identification:_identify(src/ttc_2602_golf) by extension 'ros'
[0.169s] DEBUG:colcon.colcon_core.package_identification:Package 'src/ttc_2602_golf' with type 'ros.ament_python' and name 'ttc_2602_golf'
[0.169s] Level 1:colcon.colcon_core.package_identification:_identify(src/ttc_follow_the_gap_2602_golf) by extensions ['ignore', 'ignore_ament_install']
[0.169s] Level 1:colcon.colcon_core.package_identification:_identify(src/ttc_follow_the_gap_2602_golf) by extension 'ignore'
[0.169s] Level 1:colcon.colcon_core.package_identification:_identify(src/ttc_follow_the_gap_2602_golf) by extension 'ignore_ament_install'
[0.169s] Level 1:colcon.colcon_core.package_identification:_identify(src/ttc_follow_the_gap_2602_golf) by extensions ['colcon_pkg']
[0.169s] Level 1:colcon.colcon_core.package_identification:_identify(src/ttc_follow_the_gap_2602_golf) by extension 'colcon_pkg'
[0.169s] Level 1:colcon.colcon_core.package_identification:_identify(src/ttc_follow_the_gap_2602_golf) by extensions ['colcon_meta']
[0.169s] Level 1:colcon.colcon_core.package_identification:_identify(src/ttc_follow_the_gap_2602_golf) by extension 'colcon_meta'
[0.169s] Level 1:colcon.colcon_core.package_identification:_identify(src/ttc_follow_the_gap_2602_golf) by extensions ['ros']
[0.169s] Level 1:colcon.colcon_core.package_identification:_identify(src/ttc_follow_the_gap_2602_golf) by extension 'ros'
[0.169s] DEBUG:colcon.colcon_core.package_identification:Package 'src/ttc_follow_the_gap_2602_golf' with type 'ros.ament_python' and name 'ttc_follow_the_gap_2602_golf'
[0.169s] Level 1:colcon.colcon_core.package_identification:_identify(src/wall_following_2602_golf) by extensions ['ignore', 'ignore_ament_install']
[0.169s] Level 1:colcon.colcon_core.package_identification:_identify(src/wall_following_2602_golf) by extension 'ignore'
[0.170s] Level 1:colcon.colcon_core.package_identification:_identify(src/wall_following_2602_golf) by extension 'ignore_ament_install'
[0.170s] Level 1:colcon.colcon_core.package_identification:_identify(src/wall_following_2602_golf) by extensions ['colcon_pkg']
[0.170s] Level 1:colcon.colcon_core.package_identification:_identify(src/wall_following_2602_golf) by extension 'colcon_pkg'
[0.170s] Level 1:colcon.colcon_core.package_identification:_identify(src/wall_following_2602_golf) by extensions ['colcon_meta']
[0.170s] Level 1:colcon.colcon_core.package_identification:_identify(src/wall_following_2602_golf) by extension 'colcon_meta'
[0.170s] Level 1:colcon.colcon_core.package_identification:_identify(src/wall_following_2602_golf) by extensions ['ros']
[0.170s] Level 1:colcon.colcon_core.package_identification:_identify(src/wall_following_2602_golf) by extension 'ros'
[0.170s] DEBUG:colcon.colcon_core.package_identification:Package 'src/wall_following_2602_golf' with type 'ros.ament_python' and name 'wall_following_2602_golf'
[0.170s] Level 1:colcon.colcon_core.package_discovery:discover_packages(recursive) using defaults
[0.170s] Level 1:colcon.colcon_core.package_discovery:discover_packages(ignore) discover
[0.170s] Level 1:colcon.colcon_core.package_discovery:discover_packages(ignore) using defaults
[0.170s] Level 1:colcon.colcon_core.package_discovery:discover_packages(path) discover
[0.170s] Level 1:colcon.colcon_core.package_discovery:discover_packages(path) using defaults
[0.188s] Level 1:colcon.colcon_core.package_discovery:discover_packages(prefix_path) check parameters
[0.188s] Level 1:colcon.colcon_core.package_discovery:discover_packages(prefix_path) discover
[0.190s] DEBUG:colcon.colcon_installed_package_information.package_discovery:Found 8 installed packages in /home/arthur/mrad_ws_2602_golf/install
[0.190s] DEBUG:colcon.colcon_installed_package_information.package_discovery:Found 5 installed packages in /home/arthur/mrad_ws_2602_zulu/install
[0.190s] DEBUG:colcon.colcon_installed_package_information.package_discovery:Found 1 installed packages in /home/arthur/remen_tuto/install
[0.192s] DEBUG:colcon.colcon_installed_package_information.package_discovery:Found 532 installed packages in /opt/ros/jazzy
[0.193s] Level 1:colcon.colcon_core.package_discovery:discover_packages(prefix_path) using defaults
[0.267s] Level 5:colcon.colcon_core.verb:set package 'bringup_2602_golf' build argument 'cmake_args' from command line to 'None'
[0.267s] Level 5:colcon.colcon_core.verb:set package 'bringup_2602_golf' build argument 'cmake_target' from command line to 'None'
[0.267s] Level 5:colcon.colcon_core.verb:set package 'bringup_2602_golf' build argument 'cmake_target_skip_unavailable' from command line to 'False'
[0.267s] Level 5:colcon.colcon_core.verb:set package 'bringup_2602_golf' build argument 'cmake_clean_cache' from command line to 'False'
[0.267s] Level 5:colcon.colcon_core.verb:set package 'bringup_2602_golf' build argument 'cmake_clean_first' from command line to 'False'
[0.267s] Level 5:colcon.colcon_core.verb:set package 'bringup_2602_golf' build argument 'cmake_force_configure' from command line to 'False'
[0.267s] Level 5:colcon.colcon_core.verb:set package 'bringup_2602_golf' build argument 'ament_cmake_args' from command line to 'None'
[0.267s] Level 5:colcon.colcon_core.verb:set package 'bringup_2602_golf' build argument 'catkin_cmake_args' from command line to 'None'
[0.267s] Level 5:colcon.colcon_core.verb:set package 'bringup_2602_golf' build argument 'catkin_skip_building_tests' from command line to 'False'
[0.267s] DEBUG:colcon.colcon_core.verb:Building package 'bringup_2602_golf' with the following arguments: {'ament_cmake_args': None, 'build_base': '/home/arthur/mrad_ws_2602_golf/build/bringup_2602_golf', 'catkin_cmake_args': None, 'catkin_skip_building_tests': False, 'cmake_args': None, 'cmake_clean_cache': False, 'cmake_clean_first': False, 'cmake_force_configure': False, 'cmake_target': None, 'cmake_target_skip_unavailable': False, 'install_base': '/home/arthur/mrad_ws_2602_golf/install/bringup_2602_golf', 'merge_install': False, 'path': '/home/arthur/mrad_ws_2602_golf/src/bringup_2602_golf', 'symlink_install': True, 'test_result_base': None}
[0.267s] Level 5:colcon.colcon_core.verb:set package 'control_2602_golf' build argument 'cmake_args' from command line to 'None'
[0.267s] Level 5:colcon.colcon_core.verb:set package 'control_2602_golf' build argument 'cmake_target' from command line to 'None'
[0.267s] Level 5:colcon.colcon_core.verb:set package 'control_2602_golf' build argument 'cmake_target_skip_unavailable' from command line to 'False'
[0.267s] Level 5:colcon.colcon_core.verb:set package 'control_2602_golf' build argument 'cmake_clean_cache' from command line to 'False'
[0.267s] Level 5:colcon.colcon_core.verb:set package 'control_2602_golf' build argument 'cmake_clean_first' from command line to 'False'
[0.267s] Level 5:colcon.colcon_core.verb:set package 'control_2602_golf' build argument 'cmake_force_configure' from command line to 'False'
[0.267s] Level 5:colcon.colcon_core.verb:set package 'control_2602_golf' build argument 'ament_cmake_args' from command line to 'None'
[0.267s] Level 5:colcon.colcon_core.verb:set package 'control_2602_golf' build argument 'catkin_cmake_args' from command line to 'None'
[0.267s] Level 5:colcon.colcon_core.verb:set package 'control_2602_golf' build argument 'catkin_skip_building_tests' from command line to 'False'
[0.267s] DEBUG:colcon.colcon_core.verb:Building package 'control_2602_golf' with the following arguments: {'ament_cmake_args': None, 'build_base': '/home/arthur/mrad_ws_2602_golf/build/control_2602_golf', 'catkin_cmake_args': None, 'catkin_skip_building_tests': False, 'cmake_args': None, 'cmake_clean_cache': False, 'cmake_clean_first': False, 'cmake_force_configure': False, 'cmake_target': None, 'cmake_target_skip_unavailable': False, 'install_base': '/home/arthur/mrad_ws_2602_golf/install/control_2602_golf', 'merge_install': False, 'path': '/home/arthur/mrad_ws_2602_golf/src/control_2602_golf', 'symlink_install': True, 'test_result_base': None}
[0.267s] Level 5:colcon.colcon_core.verb:set package 'description_2602_golf' build argument 'cmake_args' from command line to 'None'
[0.268s] Level 5:colcon.colcon_core.verb:set package 'description_2602_golf' build argument 'cmake_target' from command line to 'None'
[0.268s] Level 5:colcon.colcon_core.verb:set package 'description_2602_golf' build argument 'cmake_target_skip_unavailable' from command line to 'False'
[0.268s] Level 5:colcon.colcon_core.verb:set package 'description_2602_golf' build argument 'cmake_clean_cache' from command line to 'False'
[0.268s] Level 5:colcon.colcon_core.verb:set package 'description_2602_golf' build argument 'cmake_clean_first' from command line to 'False'
[0.268s] Level 5:colcon.colcon_core.verb:set package 'description_2602_golf' build argument 'cmake_force_configure' from command line to 'False'
[0.268s] Level 5:colcon.colcon_core.verb:set package 'description_2602_golf' build argument 'ament_cmake_args' from command line to 'None'
[0.268s] Level 5:colcon.colcon_core.verb:set package 'description_2602_golf' build argument 'catkin_cmake_args' from command line to 'None'
[0.268s] Level 5:colcon.colcon_core.verb:set package 'description_2602_golf' build argument 'catkin_skip_building_tests' from command line to 'False'
[0.268s] DEBUG:colcon.colcon_core.verb:Building package 'description_2602_golf' with the following arguments: {'ament_cmake_args': None, 'build_base': '/home/arthur/mrad_ws_2602_golf/build/description_2602_golf', 'catkin_cmake_args': None, 'catkin_skip_building_tests': False, 'cmake_args': None, 'cmake_clean_cache': False, 'cmake_clean_first': False, 'cmake_force_configure': False, 'cmake_target': None, 'cmake_target_skip_unavailable': False, 'install_base': '/home/arthur/mrad_ws_2602_golf/install/description_2602_golf', 'merge_install': False, 'path': '/home/arthur/mrad_ws_2602_golf/src/description_2602_golf', 'symlink_install': True, 'test_result_base': None}
[0.268s] Level 5:colcon.colcon_core.verb:set package 'follow_the_gap_2602_golf' build argument 'cmake_args' from command line to 'None'
[0.268s] Level 5:colcon.colcon_core.verb:set package 'follow_the_gap_2602_golf' build argument 'cmake_target' from command line to 'None'
[0.268s] Level 5:colcon.colcon_core.verb:set package 'follow_the_gap_2602_golf' build argument 'cmake_target_skip_unavailable' from command line to 'False'
[0.268s] Level 5:colcon.colcon_core.verb:set package 'follow_the_gap_2602_golf' build argument 'cmake_clean_cache' from command line to 'False'
[0.268s] Level 5:colcon.colcon_core.verb:set package 'follow_the_gap_2602_golf' build argument 'cmake_clean_first' from command line to 'False'
[0.268s] Level 5:colcon.colcon_core.verb:set package 'follow_the_gap_2602_golf' build argument 'cmake_force_configure' from command line to 'False'
[0.268s] Level 5:colcon.colcon_core.verb:set package 'follow_the_gap_2602_golf' build argument 'ament_cmake_args' from command line to 'None'
[0.268s] Level 5:colcon.colcon_core.verb:set package 'follow_the_gap_2602_golf' build argument 'catkin_cmake_args' from command line to 'None'
[0.268s] Level 5:colcon.colcon_core.verb:set package 'follow_the_gap_2602_golf' build argument 'catkin_skip_building_tests' from command line to 'False'
[0.268s] DEBUG:colcon.colcon_core.verb:Building package 'follow_the_gap_2602_golf' with the following arguments: {'ament_cmake_args': None, 'build_base': '/home/arthur/mrad_ws_2602_golf/build/follow_the_gap_2602_golf', 'catkin_cmake_args': None, 'catkin_skip_building_tests': False, 'cmake_args': None, 'cmake_clean_cache': False, 'cmake_clean_first': False, 'cmake_force_configure': False, 'cmake_target': None, 'cmake_target_skip_unavailable': False, 'install_base': '/home/arthur/mrad_ws_2602_golf/install/follow_the_gap_2602_golf', 'merge_install': False, 'path': '/home/arthur/mrad_ws_2602_golf/src/follow_the_gap_2602_golf', 'symlink_install': True, 'test_result_base': None}
[0.268s] Level 5:colcon.colcon_core.verb:set package 'gazebo_2602_golf' build argument 'cmake_args' from command line to 'None'
[0.268s] Level 5:colcon.colcon_core.verb:set package 'gazebo_2602_golf' build argument 'cmake_target' from command line to 'None'
[0.268s] Level 5:colcon.colcon_core.verb:set package 'gazebo_2602_golf' build argument 'cmake_target_skip_unavailable' from command line to 'False'
[0.268s] Level 5:colcon.colcon_core.verb:set package 'gazebo_2602_golf' build argument 'cmake_clean_cache' from command line to 'False'
[0.268s] Level 5:colcon.colcon_core.verb:set package 'gazebo_2602_golf' build argument 'cmake_clean_first' from command line to 'False'
[0.268s] Level 5:colcon.colcon_core.verb:set package 'gazebo_2602_golf' build argument 'cmake_force_configure' from command line to 'False'
[0.268s] Level 5:colcon.colcon_core.verb:set package 'gazebo_2602_golf' build argument 'ament_cmake_args' from command line to 'None'
[0.268s] Level 5:colcon.colcon_core.verb:set package 'gazebo_2602_golf' build argument 'catkin_cmake_args' from command line to 'None'
[0.269s] Level 5:colcon.colcon_core.verb:set package 'gazebo_2602_golf' build argument 'catkin_skip_building_tests' from command line to 'False'
[0.269s] DEBUG:colcon.colcon_core.verb:Building package 'gazebo_2602_golf' with the following arguments: {'ament_cmake_args': None, 'build_base': '/home/arthur/mrad_ws_2602_golf/build/gazebo_2602_golf', 'catkin_cmake_args': None, 'catkin_skip_building_tests': False, 'cmake_args': None, 'cmake_clean_cache': False, 'cmake_clean_first': False, 'cmake_force_configure': False, 'cmake_target': None, 'cmake_target_skip_unavailable': False, 'install_base': '/home/arthur/mrad_ws_2602_golf/install/gazebo_2602_golf', 'merge_install': False, 'path': '/home/arthur/mrad_ws_2602_golf/src/gazebo_2602_golf', 'symlink_install': True, 'test_result_base': None}
[0.269s] Level 5:colcon.colcon_core.verb:set package 'ttc_2602_golf' build argument 'cmake_args' from command line to 'None'
[0.269s] Level 5:colcon.colcon_core.verb:set package 'ttc_2602_golf' build argument 'cmake_target' from command line to 'None'
[0.269s] Level 5:colcon.colcon_core.verb:set package 'ttc_2602_golf' build argument 'cmake_target_skip_unavailable' from command line to 'False'
[0.269s] Level 5:colcon.colcon_core.verb:set package 'ttc_2602_golf' build argument 'cmake_clean_cache' from command line to 'False'
[0.269s] Level 5:colcon.colcon_core.verb:set package 'ttc_2602_golf' build argument 'cmake_clean_first' from command line to 'False'
[0.269s] Level 5:colcon.colcon_core.verb:set package 'ttc_2602_golf' build argument 'cmake_force_configure' from command line to 'False'
[0.269s] Level 5:colcon.colcon_core.verb:set package 'ttc_2602_golf' build argument 'ament_cmake_args' from command line to 'None'
[0.269s] Level 5:colcon.colcon_core.verb:set package 'ttc_2602_golf' build argument 'catkin_cmake_args' from command line to 'None'
[0.269s] Level 5:colcon.colcon_core.verb:set package 'ttc_2602_golf' build argument 'catkin_skip_building_tests' from command line to 'False'
[0.269s] DEBUG:colcon.colcon_core.verb:Building package 'ttc_2602_golf' with the following arguments: {'ament_cmake_args': None, 'build_base': '/home/arthur/mrad_ws_2602_golf/build/ttc_2602_golf', 'catkin_cmake_args': None, 'catkin_skip_building_tests': False, 'cmake_args': None, 'cmake_clean_cache': False, 'cmake_clean_first': False, 'cmake_force_configure': False, 'cmake_target': None, 'cmake_target_skip_unavailable': False, 'install_base': '/home/arthur/mrad_ws_2602_golf/install/ttc_2602_golf', 'merge_install': False, 'path': '/home/arthur/mrad_ws_2602_golf/src/ttc_2602_golf', 'symlink_install': True, 'test_result_base': None}
[0.269s] Level 5:colcon.colcon_core.verb:set package 'ttc_follow_the_gap_2602_golf' build argument 'cmake_args' from command line to 'None'
[0.269s] Level 5:colcon.colcon_core.verb:set package 'ttc_follow_the_gap_2602_golf' build argument 'cmake_target' from command line to 'None'
[0.269s] Level 5:colcon.colcon_core.verb:set package 'ttc_follow_the_gap_2602_golf' build argument 'cmake_target_skip_unavailable' from command line to 'False'
[0.269s] Level 5:colcon.colcon_core.verb:set package 'ttc_follow_the_gap_2602_golf' build argument 'cmake_clean_cache' from command line to 'False'
[0.269s] Level 5:colcon.colcon_core.verb:set package 'ttc_follow_the_gap_2602_golf' build argument 'cmake_clean_first' from command line to 'False'
[0.269s] Level 5:colcon.colcon_core.verb:set package 'ttc_follow_the_gap_2602_golf' build argument 'cmake_force_configure' from command line to 'False'
[0.269s] Level 5:colcon.colcon_core.verb:set package 'ttc_follow_the_gap_2602_golf' build argument 'ament_cmake_args' from command line to 'None'
[0.269s] Level 5:colcon.colcon_core.verb:set package 'ttc_follow_the_gap_2602_golf' build argument 'catkin_cmake_args' from command line to 'None'
[0.269s] Level 5:colcon.colcon_core.verb:set package 'ttc_follow_the_gap_2602_golf' build argument 'catkin_skip_building_tests' from command line to 'False'
[0.269s] DEBUG:colcon.colcon_core.verb:Building package 'ttc_follow_the_gap_2602_golf' with the following arguments: {'ament_cmake_args': None, 'build_base': '/home/arthur/mrad_ws_2602_golf/build/ttc_follow_the_gap_2602_golf', 'catkin_cmake_args': None, 'catkin_skip_building_tests': False, 'cmake_args': None, 'cmake_clean_cache': False, 'cmake_clean_first': False, 'cmake_force_configure': False, 'cmake_target': None, 'cmake_target_skip_unavailable': False, 'install_base': '/home/arthur/mrad_ws_2602_golf/install/ttc_follow_the_gap_2602_golf', 'merge_install': False, 'path': '/home/arthur/mrad_ws_2602_golf/src/ttc_follow_the_gap_2602_golf', 'symlink_install': True, 'test_result_base': None}
[0.270s] Level 5:colcon.colcon_core.verb:set package 'wall_following_2602_golf' build argument 'cmake_args' from command line to 'None'
[0.270s] Level 5:colcon.colcon_core.verb:set package 'wall_following_2602_golf' build argument 'cmake_target' from command line to 'None'
[0.270s] Level 5:colcon.colcon_core.verb:set package 'wall_following_2602_golf' build argument 'cmake_target_skip_unavailable' from command line to 'False'
[0.270s] Level 5:colcon.colcon_core.verb:set package 'wall_following_2602_golf' build argument 'cmake_clean_cache' from command line to 'False'
[0.270s] Level 5:colcon.colcon_core.verb:set package 'wall_following_2602_golf' build argument 'cmake_clean_first' from command line to 'False'
[0.270s] Level 5:colcon.colcon_core.verb:set package 'wall_following_2602_golf' build argument 'cmake_force_configure' from command line to 'False'
[0.270s] Level 5:colcon.colcon_core.verb:set package 'wall_following_2602_golf' build argument 'ament_cmake_args' from command line to 'None'
[0.270s] Level 5:colcon.colcon_core.verb:set package 'wall_following_2602_golf' build argument 'catkin_cmake_args' from command line to 'None'
[0.270s] Level 5:colcon.colcon_core.verb:set package 'wall_following_2602_golf' build argument 'catkin_skip_building_tests' from command line to 'False'
[0.270s] DEBUG:colcon.colcon_core.verb:Building package 'wall_following_2602_golf' with the following arguments: {'ament_cmake_args': None, 'build_base': '/home/arthur/mrad_ws_2602_golf/build/wall_following_2602_golf', 'catkin_cmake_args': None, 'catkin_skip_building_tests': False, 'cmake_args': None, 'cmake_clean_cache': False, 'cmake_clean_first': False, 'cmake_force_configure': False, 'cmake_target': None, 'cmake_target_skip_unavailable': False, 'install_base': '/home/arthur/mrad_ws_2602_golf/install/wall_following_2602_golf', 'merge_install': False, 'path': '/home/arthur/mrad_ws_2602_golf/src/wall_following_2602_golf', 'symlink_install': True, 'test_result_base': None}
[0.270s] INFO:colcon.colcon_core.executor:Executing jobs using 'parallel' executor
[0.271s] DEBUG:colcon.colcon_parallel_executor.executor.parallel:run_until_complete
[0.271s] INFO:colcon.colcon_ros.task.ament_python.build:Building ROS package in '/home/arthur/mrad_ws_2602_golf/src/bringup_2602_golf' with build type 'ament_python'
[0.271s] Level 1:colcon.colcon_core.shell:create_environment_hook('bringup_2602_golf', 'ament_prefix_path')
[0.273s] INFO:colcon.colcon_core.plugin_system:Skipping extension 'colcon_core.shell.bat': Not used on non-Windows systems
[0.274s] INFO:colcon.colcon_core.shell:Creating environment hook '/home/arthur/mrad_ws_2602_golf/install/bringup_2602_golf/share/bringup_2602_golf/hook/ament_prefix_path.ps1'
[0.274s] INFO:colcon.colcon_core.shell:Creating environment descriptor '/home/arthur/mrad_ws_2602_golf/install/bringup_2602_golf/share/bringup_2602_golf/hook/ament_prefix_path.dsv'
[0.275s] INFO:colcon.colcon_core.shell:Creating environment hook '/home/arthur/mrad_ws_2602_golf/install/bringup_2602_golf/share/bringup_2602_golf/hook/ament_prefix_path.sh'
[0.276s] INFO:colcon.colcon_core.shell:Skip shell extension 'powershell' for command environment: Not usable outside of PowerShell
[0.276s] DEBUG:colcon.colcon_core.shell:Skip shell extension 'dsv' for command environment
[0.280s] INFO:colcon.colcon_ros.task.ament_cmake.build:Building ROS package in '/home/arthur/mrad_ws_2602_golf/src/control_2602_golf' with build type 'ament_cmake'
[0.280s] INFO:colcon.colcon_cmake.task.cmake.build:Building CMake package in '/home/arthur/mrad_ws_2602_golf/src/control_2602_golf'
[0.281s] INFO:colcon.colcon_core.shell:Skip shell extension 'powershell' for command environment: Not usable outside of PowerShell
[0.281s] DEBUG:colcon.colcon_core.shell:Skip shell extension 'dsv' for command environment
[0.285s] INFO:colcon.colcon_ros.task.ament_python.build:Building ROS package in '/home/arthur/mrad_ws_2602_golf/src/description_2602_golf' with build type 'ament_python'
[0.285s] Level 1:colcon.colcon_core.shell:create_environment_hook('description_2602_golf', 'ament_prefix_path')
[0.285s] INFO:colcon.colcon_core.shell:Creating environment hook '/home/arthur/mrad_ws_2602_golf/install/description_2602_golf/share/description_2602_golf/hook/ament_prefix_path.ps1'
[0.286s] INFO:colcon.colcon_core.shell:Creating environment descriptor '/home/arthur/mrad_ws_2602_golf/install/description_2602_golf/share/description_2602_golf/hook/ament_prefix_path.dsv'
[0.286s] INFO:colcon.colcon_core.shell:Creating environment hook '/home/arthur/mrad_ws_2602_golf/install/description_2602_golf/share/description_2602_golf/hook/ament_prefix_path.sh'
[0.286s] INFO:colcon.colcon_core.shell:Skip shell extension 'powershell' for command environment: Not usable outside of PowerShell
[0.286s] DEBUG:colcon.colcon_core.shell:Skip shell extension 'dsv' for command environment
[0.291s] INFO:colcon.colcon_ros.task.ament_python.build:Building ROS package in '/home/arthur/mrad_ws_2602_golf/src/follow_the_gap_2602_golf' with build type 'ament_python'
[0.291s] Level 1:colcon.colcon_core.shell:create_environment_hook('follow_the_gap_2602_golf', 'ament_prefix_path')
[0.291s] INFO:colcon.colcon_core.shell:Creating environment hook '/home/arthur/mrad_ws_2602_golf/install/follow_the_gap_2602_golf/share/follow_the_gap_2602_golf/hook/ament_prefix_path.ps1'
[0.291s] INFO:colcon.colcon_core.shell:Creating environment descriptor '/home/arthur/mrad_ws_2602_golf/install/follow_the_gap_2602_golf/share/follow_the_gap_2602_golf/hook/ament_prefix_path.dsv'
[0.292s] INFO:colcon.colcon_core.shell:Creating environment hook '/home/arthur/mrad_ws_2602_golf/install/follow_the_gap_2602_golf/share/follow_the_gap_2602_golf/hook/ament_prefix_path.sh'
[0.292s] INFO:colcon.colcon_core.shell:Skip shell extension 'powershell' for command environment: Not usable outside of PowerShell
[0.292s] DEBUG:colcon.colcon_core.shell:Skip shell extension 'dsv' for command environment
[0.296s] INFO:colcon.colcon_ros.task.ament_python.build:Building ROS package in '/home/arthur/mrad_ws_2602_golf/src/gazebo_2602_golf' with build type 'ament_python'
[0.296s] Level 1:colcon.colcon_core.shell:create_environment_hook('gazebo_2602_golf', 'ament_prefix_path')
[0.297s] INFO:colcon.colcon_core.shell:Creating environment hook '/home/arthur/mrad_ws_2602_golf/install/gazebo_2602_golf/share/gazebo_2602_golf/hook/ament_prefix_path.ps1'
[0.297s] INFO:colcon.colcon_core.shell:Creating environment descriptor '/home/arthur/mrad_ws_2602_golf/install/gazebo_2602_golf/share/gazebo_2602_golf/hook/ament_prefix_path.dsv'
[0.297s] INFO:colcon.colcon_core.shell:Creating environment hook '/home/arthur/mrad_ws_2602_golf/install/gazebo_2602_golf/share/gazebo_2602_golf/hook/ament_prefix_path.sh'
[0.298s] INFO:colcon.colcon_core.shell:Skip shell extension 'powershell' for command environment: Not usable outside of PowerShell
[0.298s] DEBUG:colcon.colcon_core.shell:Skip shell extension 'dsv' for command environment
[0.302s] INFO:colcon.colcon_ros.task.ament_python.build:Building ROS package in '/home/arthur/mrad_ws_2602_golf/src/ttc_2602_golf' with build type 'ament_python'
[0.302s] Level 1:colcon.colcon_core.shell:create_environment_hook('ttc_2602_golf', 'ament_prefix_path')
[0.302s] INFO:colcon.colcon_core.shell:Creating environment hook '/home/arthur/mrad_ws_2602_golf/install/ttc_2602_golf/share/ttc_2602_golf/hook/ament_prefix_path.ps1'
[0.303s] INFO:colcon.colcon_core.shell:Creating environment descriptor '/home/arthur/mrad_ws_2602_golf/install/ttc_2602_golf/share/ttc_2602_golf/hook/ament_prefix_path.dsv'
[0.303s] INFO:colcon.colcon_core.shell:Creating environment hook '/home/arthur/mrad_ws_2602_golf/install/ttc_2602_golf/share/ttc_2602_golf/hook/ament_prefix_path.sh'
[0.303s] INFO:colcon.colcon_core.shell:Skip shell extension 'powershell' for command environment: Not usable outside of PowerShell
[0.303s] DEBUG:colcon.colcon_core.shell:Skip shell extension 'dsv' for command environment
[0.308s] INFO:colcon.colcon_ros.task.ament_python.build:Building ROS package in '/home/arthur/mrad_ws_2602_golf/src/ttc_follow_the_gap_2602_golf' with build type 'ament_python'
[0.308s] Level 1:colcon.colcon_core.shell:create_environment_hook('ttc_follow_the_gap_2602_golf', 'ament_prefix_path')
[0.308s] INFO:colcon.colcon_core.shell:Creating environment hook '/home/arthur/mrad_ws_2602_golf/install/ttc_follow_the_gap_2602_golf/share/ttc_follow_the_gap_2602_golf/hook/ament_prefix_path.ps1'
[0.308s] INFO:colcon.colcon_core.shell:Creating environment descriptor '/home/arthur/mrad_ws_2602_golf/install/ttc_follow_the_gap_2602_golf/share/ttc_follow_the_gap_2602_golf/hook/ament_prefix_path.dsv'
[0.309s] INFO:colcon.colcon_core.shell:Creating environment hook '/home/arthur/mrad_ws_2602_golf/install/ttc_follow_the_gap_2602_golf/share/ttc_follow_the_gap_2602_golf/hook/ament_prefix_path.sh'
[0.309s] INFO:colcon.colcon_core.shell:Skip shell extension 'powershell' for command environment: Not usable outside of PowerShell
[0.309s] DEBUG:colcon.colcon_core.shell:Skip shell extension 'dsv' for command environment
[0.313s] INFO:colcon.colcon_ros.task.ament_python.build:Building ROS package in '/home/arthur/mrad_ws_2602_golf/src/wall_following_2602_golf' with build type 'ament_python'
[0.314s] Level 1:colcon.colcon_core.shell:create_environment_hook('wall_following_2602_golf', 'ament_prefix_path')
[0.314s] INFO:colcon.colcon_core.shell:Creating environment hook '/home/arthur/mrad_ws_2602_golf/install/wall_following_2602_golf/share/wall_following_2602_golf/hook/ament_prefix_path.ps1'
[0.314s] INFO:colcon.colcon_core.shell:Creating environment descriptor '/home/arthur/mrad_ws_2602_golf/install/wall_following_2602_golf/share/wall_following_2602_golf/hook/ament_prefix_path.dsv'
[0.314s] INFO:colcon.colcon_core.shell:Creating environment hook '/home/arthur/mrad_ws_2602_golf/install/wall_following_2602_golf/share/wall_following_2602_golf/hook/ament_prefix_path.sh'
[0.315s] INFO:colcon.colcon_core.shell:Skip shell extension 'powershell' for command environment: Not usable outside of PowerShell
[0.315s] DEBUG:colcon.colcon_core.shell:Skip shell extension 'dsv' for command environment
[0.535s] INFO:colcon.colcon_core.task.python.build:Building Python package in '/home/arthur/mrad_ws_2602_golf/src/bringup_2602_golf'
[0.535s] INFO:colcon.colcon_core.shell:Skip shell extension 'powershell' for command environment: Not usable outside of PowerShell
[0.535s] DEBUG:colcon.colcon_core.shell:Skip shell extension 'dsv' for command environment
[0.543s] DEBUG:colcon.colcon_core.event_handler.log_command:Invoking command in '/home/arthur/mrad_ws_2602_golf/build/control_2602_golf': CMAKE_PREFIX_PATH=${CMAKE_PREFIX_PATH}:/home/arthur/mrad_ws_2602_zulu/install/ttc_2602_zulu:/home/arthur/mrad_ws_2602_zulu/install/gazebo_2602_zulu:/home/arthur/mrad_ws_2602_zulu/install/description_2602_zulu:/home/arthur/mrad_ws_2602_zulu/install/bringup_2602_zulu:/home/arthur/mrad_ws_2602_golf/install/wall_following_2602_golf:/home/arthur/mrad_ws_2602_golf/install/ttc_follow_the_gap_2602_golf:/home/arthur/mrad_ws_2602_golf/install/ttc_2602_golf:/home/arthur/mrad_ws_2602_golf/install/gazebo_2602_golf:/home/arthur/mrad_ws_2602_golf/install/follow_the_gap_2602_golf:/home/arthur/mrad_ws_2602_golf/install/description_2602_golf:/home/arthur/mrad_ws_2602_golf/install/bringup_2602_golf:/home/arthur/remen_tuto/install/turtle_move_pkg_NNAA:/opt/ros/jazzy DEBUGINFOD_URLS=https://debuginfod.ubuntu.com /usr/bin/cmake --build /home/arthur/mrad_ws_2602_golf/build/control_2602_golf -- -j8 -l8
[0.766s] INFO:colcon.colcon_core.task.python.build:Building Python package in '/home/arthur/mrad_ws_2602_golf/src/description_2602_golf'
[0.766s] INFO:colcon.colcon_core.shell:Skip shell extension 'powershell' for command environment: Not usable outside of PowerShell
[0.766s] DEBUG:colcon.colcon_core.shell:Skip shell extension 'dsv' for command environment
[0.999s] INFO:colcon.colcon_core.task.python.build:Building Python package in '/home/arthur/mrad_ws_2602_golf/src/follow_the_gap_2602_golf'
[0.999s] INFO:colcon.colcon_core.shell:Skip shell extension 'powershell' for command environment: Not usable outside of PowerShell
[0.999s] DEBUG:colcon.colcon_core.shell:Skip shell extension 'dsv' for command environment
[1.222s] INFO:colcon.colcon_core.task.python.build:Building Python package in '/home/arthur/mrad_ws_2602_golf/src/gazebo_2602_golf'
[1.222s] INFO:colcon.colcon_core.shell:Skip shell extension 'powershell' for command environment: Not usable outside of PowerShell
[1.222s] DEBUG:colcon.colcon_core.shell:Skip shell extension 'dsv' for command environment
[1.444s] INFO:colcon.colcon_core.task.python.build:Building Python package in '/home/arthur/mrad_ws_2602_golf/src/ttc_2602_golf'
[1.444s] INFO:colcon.colcon_core.shell:Skip shell extension 'powershell' for command environment: Not usable outside of PowerShell
[1.444s] DEBUG:colcon.colcon_core.shell:Skip shell extension 'dsv' for command environment
[1.663s] INFO:colcon.colcon_core.task.python.build:Building Python package in '/home/arthur/mrad_ws_2602_golf/src/ttc_follow_the_gap_2602_golf'
[1.663s] INFO:colcon.colcon_core.shell:Skip shell extension 'powershell' for command environment: Not usable outside of PowerShell
[1.663s] DEBUG:colcon.colcon_core.shell:Skip shell extension 'dsv' for command environment
[1.882s] INFO:colcon.colcon_core.task.python.build:Building Python package in '/home/arthur/mrad_ws_2602_golf/src/wall_following_2602_golf'
[1.882s] INFO:colcon.colcon_core.shell:Skip shell extension 'powershell' for command environment: Not usable outside of PowerShell
[1.882s] DEBUG:colcon.colcon_core.shell:Skip shell extension 'dsv' for command environment
[1.887s] DEBUG:colcon.colcon_core.event_handler.log_command:Invoked command in '/home/arthur/mrad_ws_2602_golf/build/control_2602_golf' returned '0': CMAKE_PREFIX_PATH=${CMAKE_PREFIX_PATH}:/home/arthur/mrad_ws_2602_zulu/install/ttc_2602_zulu:/home/arthur/mrad_ws_2602_zulu/install/gazebo_2602_zulu:/home/arthur/mrad_ws_2602_zulu/install/description_2602_zulu:/home/arthur/mrad_ws_2602_zulu/install/bringup_2602_zulu:/home/arthur/mrad_ws_2602_golf/install/wall_following_2602_golf:/home/arthur/mrad_ws_2602_golf/install/ttc_follow_the_gap_2602_golf:/home/arthur/mrad_ws_2602_golf/install/ttc_2602_golf:/home/arthur/mrad_ws_2602_golf/install/gazebo_2602_golf:/home/arthur/mrad_ws_2602_golf/install/follow_the_gap_2602_golf:/home/arthur/mrad_ws_2602_golf/install/description_2602_golf:/home/arthur/mrad_ws_2602_golf/install/bringup_2602_golf:/home/arthur/remen_tuto/install/turtle_move_pkg_NNAA:/opt/ros/jazzy DEBUGINFOD_URLS=https://debuginfod.ubuntu.com /usr/bin/cmake --build /home/arthur/mrad_ws_2602_golf/build/control_2602_golf -- -j8 -l8
[1.895s] DEBUG:colcon.colcon_core.event_handler.log_command:Invoking command in '/home/arthur/mrad_ws_2602_golf/build/control_2602_golf': CMAKE_PREFIX_PATH=${CMAKE_PREFIX_PATH}:/home/arthur/mrad_ws_2602_zulu/install/ttc_2602_zulu:/home/arthur/mrad_ws_2602_zulu/install/gazebo_2602_zulu:/home/arthur/mrad_ws_2602_zulu/install/description_2602_zulu:/home/arthur/mrad_ws_2602_zulu/install/bringup_2602_zulu:/home/arthur/mrad_ws_2602_golf/install/wall_following_2602_golf:/home/arthur/mrad_ws_2602_golf/install/ttc_follow_the_gap_2602_golf:/home/arthur/mrad_ws_2602_golf/install/ttc_2602_golf:/home/arthur/mrad_ws_2602_golf/install/gazebo_2602_golf:/home/arthur/mrad_ws_2602_golf/install/follow_the_gap_2602_golf:/home/arthur/mrad_ws_2602_golf/install/description_2602_golf:/home/arthur/mrad_ws_2602_golf/install/bringup_2602_golf:/home/arthur/remen_tuto/install/turtle_move_pkg_NNAA:/opt/ros/jazzy DEBUGINFOD_URLS=https://debuginfod.ubuntu.com /usr/bin/cmake --install /home/arthur/mrad_ws_2602_golf/build/control_2602_golf
[1.925s] Level 1:colcon.colcon_core.environment:create_environment_scripts_only(control_2602_golf)
[1.925s] DEBUG:colcon.colcon_core.event_handler.log_command:Invoked command in '/home/arthur/mrad_ws_2602_golf/build/control_2602_golf' returned '0': CMAKE_PREFIX_PATH=${CMAKE_PREFIX_PATH}:/home/arthur/mrad_ws_2602_zulu/install/ttc_2602_zulu:/home/arthur/mrad_ws_2602_zulu/install/gazebo_2602_zulu:/home/arthur/mrad_ws_2602_zulu/install/description_2602_zulu:/home/arthur/mrad_ws_2602_zulu/install/bringup_2602_zulu:/home/arthur/mrad_ws_2602_golf/install/wall_following_2602_golf:/home/arthur/mrad_ws_2602_golf/install/ttc_follow_the_gap_2602_golf:/home/arthur/mrad_ws_2602_golf/install/ttc_2602_golf:/home/arthur/mrad_ws_2602_golf/install/gazebo_2602_golf:/home/arthur/mrad_ws_2602_golf/install/follow_the_gap_2602_golf:/home/arthur/mrad_ws_2602_golf/install/description_2602_golf:/home/arthur/mrad_ws_2602_golf/install/bringup_2602_golf:/home/arthur/remen_tuto/install/turtle_move_pkg_NNAA:/opt/ros/jazzy DEBUGINFOD_URLS=https://debuginfod.ubuntu.com /usr/bin/cmake --install /home/arthur/mrad_ws_2602_golf/build/control_2602_golf
[1.929s] Level 1:colcon.colcon_core.environment:checking '/home/arthur/mrad_ws_2602_golf/install/control_2602_golf' for CMake module files
[1.930s] Level 1:colcon.colcon_core.environment:checking '/home/arthur/mrad_ws_2602_golf/install/control_2602_golf' for CMake config files
[1.930s] Level 1:colcon.colcon_core.shell:create_environment_hook('control_2602_golf', 'cmake_prefix_path')
[1.931s] INFO:colcon.colcon_core.shell:Creating environment hook '/home/arthur/mrad_ws_2602_golf/install/control_2602_golf/share/control_2602_golf/hook/cmake_prefix_path.ps1'
[1.932s] INFO:colcon.colcon_core.shell:Creating environment descriptor '/home/arthur/mrad_ws_2602_golf/install/control_2602_golf/share/control_2602_golf/hook/cmake_prefix_path.dsv'
[1.933s] INFO:colcon.colcon_core.shell:Creating environment hook '/home/arthur/mrad_ws_2602_golf/install/control_2602_golf/share/control_2602_golf/hook/cmake_prefix_path.sh'
[1.934s] Level 1:colcon.colcon_core.environment:checking '/home/arthur/mrad_ws_2602_golf/install/control_2602_golf/bin'
[1.934s] Level 1:colcon.colcon_core.environment:checking '/home/arthur/mrad_ws_2602_golf/install/control_2602_golf/lib/pkgconfig/control_2602_golf.pc'
[1.934s] Level 1:colcon.colcon_core.environment:checking '/home/arthur/mrad_ws_2602_golf/install/control_2602_golf/lib/python3.12/site-packages'
[1.935s] Level 1:colcon.colcon_core.environment:checking '/home/arthur/mrad_ws_2602_golf/install/control_2602_golf/bin'
[1.935s] INFO:colcon.colcon_core.shell:Creating package script '/home/arthur/mrad_ws_2602_golf/install/control_2602_golf/share/control_2602_golf/package.ps1'
[1.937s] INFO:colcon.colcon_core.shell:Creating package descriptor '/home/arthur/mrad_ws_2602_golf/install/control_2602_golf/share/control_2602_golf/package.dsv'
[1.937s] INFO:colcon.colcon_core.shell:Creating package script '/home/arthur/mrad_ws_2602_golf/install/control_2602_golf/share/control_2602_golf/package.sh'
[1.939s] INFO:colcon.colcon_core.shell:Creating package script '/home/arthur/mrad_ws_2602_golf/install/control_2602_golf/share/control_2602_golf/package.bash'
[1.940s] INFO:colcon.colcon_core.shell:Creating package script '/home/arthur/mrad_ws_2602_golf/install/control_2602_golf/share/control_2602_golf/package.zsh'
[1.941s] Level 1:colcon.colcon_core.environment:create_file_with_runtime_dependencies(/home/arthur/mrad_ws_2602_golf/install/control_2602_golf/share/colcon-core/packages/control_2602_golf)
[1.942s] Level 1:colcon.colcon_core.environment:create_environment_scripts_only(control_2602_golf)
[1.942s] Level 1:colcon.colcon_core.environment:checking '/home/arthur/mrad_ws_2602_golf/install/control_2602_golf' for CMake module files
[1.943s] Level 1:colcon.colcon_core.environment:checking '/home/arthur/mrad_ws_2602_golf/install/control_2602_golf' for CMake config files
[1.943s] Level 1:colcon.colcon_core.shell:create_environment_hook('control_2602_golf', 'cmake_prefix_path')
[1.944s] INFO:colcon.colcon_core.shell:Creating environment hook '/home/arthur/mrad_ws_2602_golf/install/control_2602_golf/share/control_2602_golf/hook/cmake_prefix_path.ps1'
[1.944s] INFO:colcon.colcon_core.shell:Creating environment descriptor '/home/arthur/mrad_ws_2602_golf/install/control_2602_golf/share/control_2602_golf/hook/cmake_prefix_path.dsv'
[1.946s] INFO:colcon.colcon_core.shell:Creating environment hook '/home/arthur/mrad_ws_2602_golf/install/control_2602_golf/share/control_2602_golf/hook/cmake_prefix_path.sh'
[1.947s] Level 1:colcon.colcon_core.environment:checking '/home/arthur/mrad_ws_2602_golf/install/control_2602_golf/bin'
[1.947s] Level 1:colcon.colcon_core.environment:checking '/home/arthur/mrad_ws_2602_golf/install/control_2602_golf/lib/pkgconfig/control_2602_golf.pc'
[1.947s] Level 1:colcon.colcon_core.environment:checking '/home/arthur/mrad_ws_2602_golf/install/control_2602_golf/lib/python3.12/site-packages'
[1.948s] Level 1:colcon.colcon_core.environment:checking '/home/arthur/mrad_ws_2602_golf/install/control_2602_golf/bin'
[1.948s] INFO:colcon.colcon_core.shell:Creating package script '/home/arthur/mrad_ws_2602_golf/install/control_2602_golf/share/control_2602_golf/package.ps1'
[1.949s] INFO:colcon.colcon_core.shell:Creating package descriptor '/home/arthur/mrad_ws_2602_golf/install/control_2602_golf/share/control_2602_golf/package.dsv'
[1.950s] INFO:colcon.colcon_core.shell:Creating package script '/home/arthur/mrad_ws_2602_golf/install/control_2602_golf/share/control_2602_golf/package.sh'
[1.951s] INFO:colcon.colcon_core.shell:Creating package script '/home/arthur/mrad_ws_2602_golf/install/control_2602_golf/share/control_2602_golf/package.bash'
[1.951s] INFO:colcon.colcon_core.shell:Creating package script '/home/arthur/mrad_ws_2602_golf/install/control_2602_golf/share/control_2602_golf/package.zsh'
[1.953s] Level 1:colcon.colcon_core.environment:create_file_with_runtime_dependencies(/home/arthur/mrad_ws_2602_golf/install/control_2602_golf/share/colcon-core/packages/control_2602_golf)
[2.971s] DEBUG:colcon.colcon_core.task.python.build:Available setuptools commands: pytest, bdist_rpm, build_clib, compile_catalog, bdist_egg, install, ptr, check, upload_docs, bdist_wheel, editable_wheel, setopt, develop, build_ext, install_headers, build_py, install_scripts, upload, build_scripts, clean, easy_install, install_egg_info, egg_info, dist_info, build, saveopts, test, init_catalog, bdist_dumb, register, sdist, extract_messages, alias, update_catalog, rotate, bdist, install_data, symlink_data, install_lib
[2.974s] DEBUG:colcon.colcon_core.task.python.build:Available setuptools commands: pytest, bdist_rpm, build_clib, compile_catalog, bdist_egg, install, ptr, check, upload_docs, bdist_wheel, editable_wheel, setopt, develop, build_ext, install_headers, build_py, install_scripts, upload, build_scripts, clean, easy_install, install_egg_info, egg_info, dist_info, build, saveopts, test, init_catalog, bdist_dumb, register, sdist, extract_messages, alias, update_catalog, rotate, bdist, install_data, symlink_data, install_lib
[3.180s] DEBUG:colcon.colcon_core.task.python.build:Available setuptools commands: pytest, bdist_rpm, build_clib, compile_catalog, bdist_egg, install, ptr, check, upload_docs, bdist_wheel, editable_wheel, setopt, develop, build_ext, install_headers, build_py, install_scripts, upload, build_scripts, clean, easy_install, install_egg_info, egg_info, dist_info, build, saveopts, test, init_catalog, bdist_dumb, register, sdist, extract_messages, alias, update_catalog, rotate, bdist, install_data, symlink_data, install_lib
[3.181s] DEBUG:colcon.colcon_core.task.python.build:Available setuptools commands: pytest, bdist_rpm, build_clib, compile_catalog, bdist_egg, install, ptr, check, upload_docs, bdist_wheel, editable_wheel, setopt, develop, build_ext, install_headers, build_py, install_scripts, upload, build_scripts, clean, easy_install, install_egg_info, egg_info, dist_info, build, saveopts, test, init_catalog, bdist_dumb, register, sdist, extract_messages, alias, update_catalog, rotate, bdist, install_data, symlink_data, install_lib
[3.233s] DEBUG:colcon.colcon_core.task.python.build:Available setuptools commands: pytest, bdist_rpm, build_clib, compile_catalog, bdist_egg, install, ptr, check, upload_docs, bdist_wheel, editable_wheel, setopt, develop, build_ext, install_headers, build_py, install_scripts, upload, build_scripts, clean, easy_install, install_egg_info, egg_info, dist_info, build, saveopts, test, init_catalog, bdist_dumb, register, sdist, extract_messages, alias, update_catalog, rotate, bdist, install_data, symlink_data, install_lib
[3.234s] DEBUG:colcon.colcon_core.task.python.build:Available setuptools commands: pytest, bdist_rpm, build_clib, compile_catalog, bdist_egg, install, ptr, check, upload_docs, bdist_wheel, editable_wheel, setopt, develop, build_ext, install_headers, build_py, install_scripts, upload, build_scripts, clean, easy_install, install_egg_info, egg_info, dist_info, build, saveopts, test, init_catalog, bdist_dumb, register, sdist, extract_messages, alias, update_catalog, rotate, bdist, install_data, symlink_data, install_lib
[3.265s] DEBUG:colcon.colcon_core.task.python.build:Available setuptools commands: pytest, bdist_rpm, build_clib, compile_catalog, bdist_egg, install, ptr, check, upload_docs, bdist_wheel, editable_wheel, setopt, develop, build_ext, install_headers, build_py, install_scripts, upload, build_scripts, clean, easy_install, install_egg_info, egg_info, dist_info, build, saveopts, test, init_catalog, bdist_dumb, register, sdist, extract_messages, alias, update_catalog, rotate, bdist, install_data, symlink_data, install_lib
[3.457s] DEBUG:colcon.colcon_core.task.python.build:Available setuptools 'develop' options: --exclude-scripts, --upgrade, --quiet, --editable, --no-find-links, --script-dir, --local-snapshots-ok, --dry-run, --prefix, --build-directory, --force-installation-into-system-dir, --install-layout, --verbose, --uninstall, --find-links, --optimize, --no-user-cfg, --allow-hosts, --user, --record, --zip-ok, --always-unzip, --egg-path, --install-dir, --site-dirs, --version, --no-deps, --always-copy, --index-url, --multi-version, --help
[3.459s] DEBUG:colcon.colcon_core.event_handler.log_command:Invoking command in '/home/arthur/mrad_ws_2602_golf/build/gazebo_2602_golf': DEBUGINFOD_URLS=https://debuginfod.ubuntu.com PYTHONPATH=/home/arthur/mrad_ws_2602_golf/build/gazebo_2602_golf/prefix_override:/usr/lib/python3/dist-packages/colcon_core/task/python/colcon_distutils_commands:/home/arthur/mrad_ws_2602_golf/install/gazebo_2602_golf/lib/python3.12/site-packages:${PYTHONPATH} /usr/bin/python3 -W ignore:setup.py install is deprecated -W ignore:easy_install command is deprecated setup.py develop --editable --build-directory /home/arthur/mrad_ws_2602_golf/build/gazebo_2602_golf/build --no-deps symlink_data
[3.715s] DEBUG:colcon.colcon_core.task.python.build:Available setuptools 'develop' options: --exclude-scripts, --upgrade, --quiet, --editable, --no-find-links, --script-dir, --local-snapshots-ok, --dry-run, --prefix, --build-directory, --force-installation-into-system-dir, --install-layout, --verbose, --uninstall, --find-links, --optimize, --no-user-cfg, --allow-hosts, --user, --record, --zip-ok, --always-unzip, --egg-path, --install-dir, --site-dirs, --version, --no-deps, --always-copy, --index-url, --multi-version, --help
[3.717s] DEBUG:colcon.colcon_core.event_handler.log_command:Invoking command in '/home/arthur/mrad_ws_2602_golf/build/description_2602_golf': DEBUGINFOD_URLS=https://debuginfod.ubuntu.com PYTHONPATH=/home/arthur/mrad_ws_2602_golf/build/description_2602_golf/prefix_override:/usr/lib/python3/dist-packages/colcon_core/task/python/colcon_distutils_commands:/home/arthur/mrad_ws_2602_golf/install/description_2602_golf/lib/python3.12/site-packages:${PYTHONPATH} /usr/bin/python3 -W ignore:setup.py install is deprecated -W ignore:easy_install command is deprecated setup.py develop --editable --build-directory /home/arthur/mrad_ws_2602_golf/build/description_2602_golf/build --no-deps symlink_data
[3.910s] DEBUG:colcon.colcon_core.task.python.build:Available setuptools 'develop' options: --exclude-scripts, --upgrade, --quiet, --editable, --no-find-links, --script-dir, --local-snapshots-ok, --dry-run, --prefix, --build-directory, --force-installation-into-system-dir, --install-layout, --verbose, --uninstall, --find-links, --optimize, --no-user-cfg, --allow-hosts, --user, --record, --zip-ok, --always-unzip, --egg-path, --install-dir, --site-dirs, --version, --no-deps, --always-copy, --index-url, --multi-version, --help
[3.911s] DEBUG:colcon.colcon_core.task.python.build:Available setuptools 'develop' options: --exclude-scripts, --upgrade, --quiet, --editable, --no-find-links, --script-dir, --local-snapshots-ok, --dry-run, --prefix, --build-directory, --force-installation-into-system-dir, --install-layout, --verbose, --uninstall, --find-links, --optimize, --no-user-cfg, --allow-hosts, --user, --record, --zip-ok, --always-unzip, --egg-path, --install-dir, --site-dirs, --version, --no-deps, --always-copy, --index-url, --multi-version, --help
[3.912s] DEBUG:colcon.colcon_core.event_handler.log_command:Invoking command in '/home/arthur/mrad_ws_2602_golf/build/ttc_2602_golf': DEBUGINFOD_URLS=https://debuginfod.ubuntu.com PYTHONPATH=/home/arthur/mrad_ws_2602_golf/build/ttc_2602_golf/prefix_override:/usr/lib/python3/dist-packages/colcon_core/task/python/colcon_distutils_commands:/home/arthur/mrad_ws_2602_golf/install/ttc_2602_golf/lib/python3.12/site-packages:${PYTHONPATH} /usr/bin/python3 -W ignore:setup.py install is deprecated -W ignore:easy_install command is deprecated setup.py develop --editable --build-directory /home/arthur/mrad_ws_2602_golf/build/ttc_2602_golf/build --no-deps symlink_data
[3.914s] DEBUG:colcon.colcon_core.event_handler.log_command:Invoking command in '/home/arthur/mrad_ws_2602_golf/build/follow_the_gap_2602_golf': DEBUGINFOD_URLS=https://debuginfod.ubuntu.com PYTHONPATH=/home/arthur/mrad_ws_2602_golf/build/follow_the_gap_2602_golf/prefix_override:/usr/lib/python3/dist-packages/colcon_core/task/python/colcon_distutils_commands:/home/arthur/mrad_ws_2602_golf/install/follow_the_gap_2602_golf/lib/python3.12/site-packages:${PYTHONPATH} /usr/bin/python3 -W ignore:setup.py install is deprecated -W ignore:easy_install command is deprecated setup.py develop --editable --build-directory /home/arthur/mrad_ws_2602_golf/build/follow_the_gap_2602_golf/build --no-deps symlink_data
[3.966s] DEBUG:colcon.colcon_core.task.python.build:Available setuptools 'develop' options: --exclude-scripts, --upgrade, --quiet, --editable, --no-find-links, --script-dir, --local-snapshots-ok, --dry-run, --prefix, --build-directory, --force-installation-into-system-dir, --install-layout, --verbose, --uninstall, --find-links, --optimize, --no-user-cfg, --allow-hosts, --user, --record, --zip-ok, --always-unzip, --egg-path, --install-dir, --site-dirs, --version, --no-deps, --always-copy, --index-url, --multi-version, --help
[3.967s] DEBUG:colcon.colcon_core.event_handler.log_command:Invoking command in '/home/arthur/mrad_ws_2602_golf/build/wall_following_2602_golf': DEBUGINFOD_URLS=https://debuginfod.ubuntu.com PYTHONPATH=/home/arthur/mrad_ws_2602_golf/build/wall_following_2602_golf/prefix_override:/usr/lib/python3/dist-packages/colcon_core/task/python/colcon_distutils_commands:/home/arthur/mrad_ws_2602_golf/install/wall_following_2602_golf/lib/python3.12/site-packages:${PYTHONPATH} /usr/bin/python3 -W ignore:setup.py install is deprecated -W ignore:easy_install command is deprecated setup.py develop --editable --build-directory /home/arthur/mrad_ws_2602_golf/build/wall_following_2602_golf/build --no-deps symlink_data
[3.969s] DEBUG:colcon.colcon_core.task.python.build:Available setuptools 'develop' options: --exclude-scripts, --upgrade, --quiet, --editable, --no-find-links, --script-dir, --local-snapshots-ok, --dry-run, --prefix, --build-directory, --force-installation-into-system-dir, --install-layout, --verbose, --uninstall, --find-links, --optimize, --no-user-cfg, --allow-hosts, --user, --record, --zip-ok, --always-unzip, --egg-path, --install-dir, --site-dirs, --version, --no-deps, --always-copy, --index-url, --multi-version, --help
[3.974s] DEBUG:colcon.colcon_core.event_handler.log_command:Invoking command in '/home/arthur/mrad_ws_2602_golf/build/bringup_2602_golf': DEBUGINFOD_URLS=https://debuginfod.ubuntu.com PYTHONPATH=/home/arthur/mrad_ws_2602_golf/build/bringup_2602_golf/prefix_override:/usr/lib/python3/dist-packages/colcon_core/task/python/colcon_distutils_commands:/home/arthur/mrad_ws_2602_golf/install/bringup_2602_golf/lib/python3.12/site-packages:${PYTHONPATH} /usr/bin/python3 -W ignore:setup.py install is deprecated -W ignore:easy_install command is deprecated setup.py develop --editable --build-directory /home/arthur/mrad_ws_2602_golf/build/bringup_2602_golf/build --no-deps symlink_data
[4.021s] DEBUG:colcon.colcon_core.task.python.build:Available setuptools 'develop' options: --exclude-scripts, --upgrade, --quiet, --editable, --no-find-links, --script-dir, --local-snapshots-ok, --dry-run, --prefix, --build-directory, --force-installation-into-system-dir, --install-layout, --verbose, --uninstall, --find-links, --optimize, --no-user-cfg, --allow-hosts, --user, --record, --zip-ok, --always-unzip, --egg-path, --install-dir, --site-dirs, --version, --no-deps, --always-copy, --index-url, --multi-version, --help
[4.026s] DEBUG:colcon.colcon_core.event_handler.log_command:Invoking command in '/home/arthur/mrad_ws_2602_golf/build/ttc_follow_the_gap_2602_golf': DEBUGINFOD_URLS=https://debuginfod.ubuntu.com PYTHONPATH=/home/arthur/mrad_ws_2602_golf/build/ttc_follow_the_gap_2602_golf/prefix_override:/usr/lib/python3/dist-packages/colcon_core/task/python/colcon_distutils_commands:/home/arthur/mrad_ws_2602_golf/install/ttc_follow_the_gap_2602_golf/lib/python3.12/site-packages:${PYTHONPATH} /usr/bin/python3 -W ignore:setup.py install is deprecated -W ignore:easy_install command is deprecated setup.py develop --editable --build-directory /home/arthur/mrad_ws_2602_golf/build/ttc_follow_the_gap_2602_golf/build --no-deps symlink_data
[4.475s] Level 1:colcon.colcon_core.shell:create_environment_hook('gazebo_2602_golf', 'pythonpath_develop')
[4.476s] INFO:colcon.colcon_core.shell:Creating environment hook '/home/arthur/mrad_ws_2602_golf/build/gazebo_2602_golf/share/gazebo_2602_golf/hook/pythonpath_develop.ps1'
[4.476s] DEBUG:colcon.colcon_core.event_handler.log_command:Invoked command in '/home/arthur/mrad_ws_2602_golf/build/gazebo_2602_golf' returned '0': DEBUGINFOD_URLS=https://debuginfod.ubuntu.com PYTHONPATH=/home/arthur/mrad_ws_2602_golf/build/gazebo_2602_golf/prefix_override:/usr/lib/python3/dist-packages/colcon_core/task/python/colcon_distutils_commands:/home/arthur/mrad_ws_2602_golf/install/gazebo_2602_golf/lib/python3.12/site-packages:${PYTHONPATH} /usr/bin/python3 -W ignore:setup.py install is deprecated -W ignore:easy_install command is deprecated setup.py develop --editable --build-directory /home/arthur/mrad_ws_2602_golf/build/gazebo_2602_golf/build --no-deps symlink_data
[4.477s] INFO:colcon.colcon_core.shell:Creating environment descriptor '/home/arthur/mrad_ws_2602_golf/build/gazebo_2602_golf/share/gazebo_2602_golf/hook/pythonpath_develop.dsv'
[4.477s] INFO:colcon.colcon_core.shell:Creating environment hook '/home/arthur/mrad_ws_2602_golf/build/gazebo_2602_golf/share/gazebo_2602_golf/hook/pythonpath_develop.sh'
[4.478s] Level 1:colcon.colcon_core.environment:checking '/home/arthur/mrad_ws_2602_golf/install/gazebo_2602_golf' for CMake module files
[4.478s] Level 1:colcon.colcon_core.environment:checking '/home/arthur/mrad_ws_2602_golf/install/gazebo_2602_golf' for CMake config files
[4.479s] Level 1:colcon.colcon_core.environment:checking '/home/arthur/mrad_ws_2602_golf/install/gazebo_2602_golf/lib'
[4.479s] Level 1:colcon.colcon_core.environment:checking '/home/arthur/mrad_ws_2602_golf/install/gazebo_2602_golf/bin'
[4.479s] Level 1:colcon.colcon_core.environment:checking '/home/arthur/mrad_ws_2602_golf/install/gazebo_2602_golf/lib/pkgconfig/gazebo_2602_golf.pc'
[4.479s] Level 1:colcon.colcon_core.environment:checking '/home/arthur/mrad_ws_2602_golf/install/gazebo_2602_golf/lib/python3.12/site-packages'
[4.479s] Level 1:colcon.colcon_core.shell:create_environment_hook('gazebo_2602_golf', 'pythonpath')
[4.480s] INFO:colcon.colcon_core.shell:Creating environment hook '/home/arthur/mrad_ws_2602_golf/install/gazebo_2602_golf/share/gazebo_2602_golf/hook/pythonpath.ps1'
[4.480s] INFO:colcon.colcon_core.shell:Creating environment descriptor '/home/arthur/mrad_ws_2602_golf/install/gazebo_2602_golf/share/gazebo_2602_golf/hook/pythonpath.dsv'
[4.480s] INFO:colcon.colcon_core.shell:Creating environment hook '/home/arthur/mrad_ws_2602_golf/install/gazebo_2602_golf/share/gazebo_2602_golf/hook/pythonpath.sh'
[4.481s] Level 1:colcon.colcon_core.environment:checking '/home/arthur/mrad_ws_2602_golf/install/gazebo_2602_golf/bin'
[4.481s] Level 1:colcon.colcon_core.environment:create_environment_scripts_only(gazebo_2602_golf)
[4.481s] INFO:colcon.colcon_core.shell:Creating package script '/home/arthur/mrad_ws_2602_golf/install/gazebo_2602_golf/share/gazebo_2602_golf/package.ps1'
[4.482s] INFO:colcon.colcon_core.shell:Creating package descriptor '/home/arthur/mrad_ws_2602_golf/install/gazebo_2602_golf/share/gazebo_2602_golf/package.dsv'
[4.483s] INFO:colcon.colcon_core.shell:Creating package script '/home/arthur/mrad_ws_2602_golf/install/gazebo_2602_golf/share/gazebo_2602_golf/package.sh'
[4.484s] INFO:colcon.colcon_core.shell:Creating package script '/home/arthur/mrad_ws_2602_golf/install/gazebo_2602_golf/share/gazebo_2602_golf/package.bash'
[4.484s] INFO:colcon.colcon_core.shell:Creating package script '/home/arthur/mrad_ws_2602_golf/install/gazebo_2602_golf/share/gazebo_2602_golf/package.zsh'
[4.484s] Level 1:colcon.colcon_core.environment:create_file_with_runtime_dependencies(/home/arthur/mrad_ws_2602_golf/install/gazebo_2602_golf/share/colcon-core/packages/gazebo_2602_golf)
[4.971s] Level 1:colcon.colcon_core.shell:create_environment_hook('description_2602_golf', 'pythonpath_develop')
[4.971s] INFO:colcon.colcon_core.shell:Creating environment hook '/home/arthur/mrad_ws_2602_golf/build/description_2602_golf/share/description_2602_golf/hook/pythonpath_develop.ps1'
[4.972s] INFO:colcon.colcon_core.shell:Creating environment descriptor '/home/arthur/mrad_ws_2602_golf/build/description_2602_golf/share/description_2602_golf/hook/pythonpath_develop.dsv'
[4.972s] INFO:colcon.colcon_core.shell:Creating environment hook '/home/arthur/mrad_ws_2602_golf/build/description_2602_golf/share/description_2602_golf/hook/pythonpath_develop.sh'
[4.973s] Level 1:colcon.colcon_core.environment:checking '/home/arthur/mrad_ws_2602_golf/install/description_2602_golf' for CMake module files
[4.973s] Level 1:colcon.colcon_core.environment:checking '/home/arthur/mrad_ws_2602_golf/install/description_2602_golf' for CMake config files
[4.973s] Level 1:colcon.colcon_core.environment:checking '/home/arthur/mrad_ws_2602_golf/install/description_2602_golf/lib'
[4.973s] Level 1:colcon.colcon_core.environment:checking '/home/arthur/mrad_ws_2602_golf/install/description_2602_golf/bin'
[4.973s] Level 1:colcon.colcon_core.environment:checking '/home/arthur/mrad_ws_2602_golf/install/description_2602_golf/lib/pkgconfig/description_2602_golf.pc'
[4.974s] Level 1:colcon.colcon_core.environment:checking '/home/arthur/mrad_ws_2602_golf/install/description_2602_golf/lib/python3.12/site-packages'
[4.974s] Level 1:colcon.colcon_core.shell:create_environment_hook('description_2602_golf', 'pythonpath')
[4.974s] INFO:colcon.colcon_core.shell:Creating environment hook '/home/arthur/mrad_ws_2602_golf/install/description_2602_golf/share/description_2602_golf/hook/pythonpath.ps1'
[4.974s] INFO:colcon.colcon_core.shell:Creating environment descriptor '/home/arthur/mrad_ws_2602_golf/install/description_2602_golf/share/description_2602_golf/hook/pythonpath.dsv'
[4.975s] DEBUG:colcon.colcon_core.event_handler.log_command:Invoked command in '/home/arthur/mrad_ws_2602_golf/build/description_2602_golf' returned '0': DEBUGINFOD_URLS=https://debuginfod.ubuntu.com PYTHONPATH=/home/arthur/mrad_ws_2602_golf/build/description_2602_golf/prefix_override:/usr/lib/python3/dist-packages/colcon_core/task/python/colcon_distutils_commands:/home/arthur/mrad_ws_2602_golf/install/description_2602_golf/lib/python3.12/site-packages:${PYTHONPATH} /usr/bin/python3 -W ignore:setup.py install is deprecated -W ignore:easy_install command is deprecated setup.py develop --editable --build-directory /home/arthur/mrad_ws_2602_golf/build/description_2602_golf/build --no-deps symlink_data
[4.975s] INFO:colcon.colcon_core.shell:Creating environment hook '/home/arthur/mrad_ws_2602_golf/install/description_2602_golf/share/description_2602_golf/hook/pythonpath.sh'
[4.976s] Level 1:colcon.colcon_core.environment:checking '/home/arthur/mrad_ws_2602_golf/install/description_2602_golf/bin'
[4.976s] Level 1:colcon.colcon_core.environment:create_environment_scripts_only(description_2602_golf)
[4.976s] INFO:colcon.colcon_core.shell:Creating package script '/home/arthur/mrad_ws_2602_golf/install/description_2602_golf/share/description_2602_golf/package.ps1'
[4.977s] INFO:colcon.colcon_core.shell:Creating package descriptor '/home/arthur/mrad_ws_2602_golf/install/description_2602_golf/share/description_2602_golf/package.dsv'
[4.977s] INFO:colcon.colcon_core.shell:Creating package script '/home/arthur/mrad_ws_2602_golf/install/description_2602_golf/share/description_2602_golf/package.sh'
[4.978s] INFO:colcon.colcon_core.shell:Creating package script '/home/arthur/mrad_ws_2602_golf/install/description_2602_golf/share/description_2602_golf/package.bash'
[4.978s] INFO:colcon.colcon_core.shell:Creating package script '/home/arthur/mrad_ws_2602_golf/install/description_2602_golf/share/description_2602_golf/package.zsh'
[4.979s] Level 1:colcon.colcon_core.environment:create_file_with_runtime_dependencies(/home/arthur/mrad_ws_2602_golf/install/description_2602_golf/share/colcon-core/packages/description_2602_golf)
[5.163s] Level 1:colcon.colcon_core.shell:create_environment_hook('ttc_follow_the_gap_2602_golf', 'pythonpath_develop')
[5.163s] INFO:colcon.colcon_core.shell:Creating environment hook '/home/arthur/mrad_ws_2602_golf/build/ttc_follow_the_gap_2602_golf/share/ttc_follow_the_gap_2602_golf/hook/pythonpath_develop.ps1'
[5.164s] DEBUG:colcon.colcon_core.event_handler.log_command:Invoked command in '/home/arthur/mrad_ws_2602_golf/build/ttc_follow_the_gap_2602_golf' returned '0': DEBUGINFOD_URLS=https://debuginfod.ubuntu.com PYTHONPATH=/home/arthur/mrad_ws_2602_golf/build/ttc_follow_the_gap_2602_golf/prefix_override:/usr/lib/python3/dist-packages/colcon_core/task/python/colcon_distutils_commands:/home/arthur/mrad_ws_2602_golf/install/ttc_follow_the_gap_2602_golf/lib/python3.12/site-packages:${PYTHONPATH} /usr/bin/python3 -W ignore:setup.py install is deprecated -W ignore:easy_install command is deprecated setup.py develop --editable --build-directory /home/arthur/mrad_ws_2602_golf/build/ttc_follow_the_gap_2602_golf/build --no-deps symlink_data
[5.164s] INFO:colcon.colcon_core.shell:Creating environment descriptor '/home/arthur/mrad_ws_2602_golf/build/ttc_follow_the_gap_2602_golf/share/ttc_follow_the_gap_2602_golf/hook/pythonpath_develop.dsv'
[5.165s] INFO:colcon.colcon_core.shell:Creating environment hook '/home/arthur/mrad_ws_2602_golf/build/ttc_follow_the_gap_2602_golf/share/ttc_follow_the_gap_2602_golf/hook/pythonpath_develop.sh'
[5.166s] Level 1:colcon.colcon_core.environment:checking '/home/arthur/mrad_ws_2602_golf/install/ttc_follow_the_gap_2602_golf' for CMake module files
[5.166s] Level 1:colcon.colcon_core.environment:checking '/home/arthur/mrad_ws_2602_golf/install/ttc_follow_the_gap_2602_golf' for CMake config files
[5.167s] Level 1:colcon.colcon_core.environment:checking '/home/arthur/mrad_ws_2602_golf/install/ttc_follow_the_gap_2602_golf/lib'
[5.167s] Level 1:colcon.colcon_core.environment:checking '/home/arthur/mrad_ws_2602_golf/install/ttc_follow_the_gap_2602_golf/bin'
[5.167s] Level 1:colcon.colcon_core.environment:checking '/home/arthur/mrad_ws_2602_golf/install/ttc_follow_the_gap_2602_golf/lib/pkgconfig/ttc_follow_the_gap_2602_golf.pc'
[5.168s] Level 1:colcon.colcon_core.environment:checking '/home/arthur/mrad_ws_2602_golf/install/ttc_follow_the_gap_2602_golf/lib/python3.12/site-packages'
[5.168s] Level 1:colcon.colcon_core.shell:create_environment_hook('ttc_follow_the_gap_2602_golf', 'pythonpath')
[5.168s] INFO:colcon.colcon_core.shell:Creating environment hook '/home/arthur/mrad_ws_2602_golf/install/ttc_follow_the_gap_2602_golf/share/ttc_follow_the_gap_2602_golf/hook/pythonpath.ps1'
[5.169s] INFO:colcon.colcon_core.shell:Creating environment descriptor '/home/arthur/mrad_ws_2602_golf/install/ttc_follow_the_gap_2602_golf/share/ttc_follow_the_gap_2602_golf/hook/pythonpath.dsv'
[5.169s] INFO:colcon.colcon_core.shell:Creating environment hook '/home/arthur/mrad_ws_2602_golf/install/ttc_follow_the_gap_2602_golf/share/ttc_follow_the_gap_2602_golf/hook/pythonpath.sh'
[5.171s] Level 1:colcon.colcon_core.environment:checking '/home/arthur/mrad_ws_2602_golf/install/ttc_follow_the_gap_2602_golf/bin'
[5.171s] Level 1:colcon.colcon_core.environment:create_environment_scripts_only(ttc_follow_the_gap_2602_golf)
[5.171s] INFO:colcon.colcon_core.shell:Creating package script '/home/arthur/mrad_ws_2602_golf/install/ttc_follow_the_gap_2602_golf/share/ttc_follow_the_gap_2602_golf/package.ps1'
[5.173s] INFO:colcon.colcon_core.shell:Creating package descriptor '/home/arthur/mrad_ws_2602_golf/install/ttc_follow_the_gap_2602_golf/share/ttc_follow_the_gap_2602_golf/package.dsv'
[5.174s] INFO:colcon.colcon_core.shell:Creating package script '/home/arthur/mrad_ws_2602_golf/install/ttc_follow_the_gap_2602_golf/share/ttc_follow_the_gap_2602_golf/package.sh'
[5.174s] INFO:colcon.colcon_core.shell:Creating package script '/home/arthur/mrad_ws_2602_golf/install/ttc_follow_the_gap_2602_golf/share/ttc_follow_the_gap_2602_golf/package.bash'
[5.175s] INFO:colcon.colcon_core.shell:Creating package script '/home/arthur/mrad_ws_2602_golf/install/ttc_follow_the_gap_2602_golf/share/ttc_follow_the_gap_2602_golf/package.zsh'
[5.175s] Level 1:colcon.colcon_core.environment:create_file_with_runtime_dependencies(/home/arthur/mrad_ws_2602_golf/install/ttc_follow_the_gap_2602_golf/share/colcon-core/packages/ttc_follow_the_gap_2602_golf)
[5.320s] Level 1:colcon.colcon_core.shell:create_environment_hook('bringup_2602_golf', 'pythonpath_develop')
[5.320s] INFO:colcon.colcon_core.shell:Creating environment hook '/home/arthur/mrad_ws_2602_golf/build/bringup_2602_golf/share/bringup_2602_golf/hook/pythonpath_develop.ps1'
[5.321s] DEBUG:colcon.colcon_core.event_handler.log_command:Invoked command in '/home/arthur/mrad_ws_2602_golf/build/bringup_2602_golf' returned '0': DEBUGINFOD_URLS=https://debuginfod.ubuntu.com PYTHONPATH=/home/arthur/mrad_ws_2602_golf/build/bringup_2602_golf/prefix_override:/usr/lib/python3/dist-packages/colcon_core/task/python/colcon_distutils_commands:/home/arthur/mrad_ws_2602_golf/install/bringup_2602_golf/lib/python3.12/site-packages:${PYTHONPATH} /usr/bin/python3 -W ignore:setup.py install is deprecated -W ignore:easy_install command is deprecated setup.py develop --editable --build-directory /home/arthur/mrad_ws_2602_golf/build/bringup_2602_golf/build --no-deps symlink_data
[5.321s] INFO:colcon.colcon_core.shell:Creating environment descriptor '/home/arthur/mrad_ws_2602_golf/build/bringup_2602_golf/share/bringup_2602_golf/hook/pythonpath_develop.dsv'
[5.322s] INFO:colcon.colcon_core.shell:Creating environment hook '/home/arthur/mrad_ws_2602_golf/build/bringup_2602_golf/share/bringup_2602_golf/hook/pythonpath_develop.sh'
[5.322s] Level 1:colcon.colcon_core.environment:checking '/home/arthur/mrad_ws_2602_golf/install/bringup_2602_golf' for CMake module files
[5.323s] Level 1:colcon.colcon_core.environment:checking '/home/arthur/mrad_ws_2602_golf/install/bringup_2602_golf' for CMake config files
[5.323s] Level 1:colcon.colcon_core.environment:checking '/home/arthur/mrad_ws_2602_golf/install/bringup_2602_golf/lib'
[5.323s] Level 1:colcon.colcon_core.environment:checking '/home/arthur/mrad_ws_2602_golf/install/bringup_2602_golf/bin'
[5.323s] Level 1:colcon.colcon_core.environment:checking '/home/arthur/mrad_ws_2602_golf/install/bringup_2602_golf/lib/pkgconfig/bringup_2602_golf.pc'
[5.323s] Level 1:colcon.colcon_core.environment:checking '/home/arthur/mrad_ws_2602_golf/install/bringup_2602_golf/lib/python3.12/site-packages'
[5.323s] Level 1:colcon.colcon_core.shell:create_environment_hook('bringup_2602_golf', 'pythonpath')
[5.324s] INFO:colcon.colcon_core.shell:Creating environment hook '/home/arthur/mrad_ws_2602_golf/install/bringup_2602_golf/share/bringup_2602_golf/hook/pythonpath.ps1'
[5.324s] INFO:colcon.colcon_core.shell:Creating environment descriptor '/home/arthur/mrad_ws_2602_golf/install/bringup_2602_golf/share/bringup_2602_golf/hook/pythonpath.dsv'
[5.324s] INFO:colcon.colcon_core.shell:Creating environment hook '/home/arthur/mrad_ws_2602_golf/install/bringup_2602_golf/share/bringup_2602_golf/hook/pythonpath.sh'
[5.325s] Level 1:colcon.colcon_core.environment:checking '/home/arthur/mrad_ws_2602_golf/install/bringup_2602_golf/bin'
[5.325s] Level 1:colcon.colcon_core.environment:create_environment_scripts_only(bringup_2602_golf)
[5.325s] INFO:colcon.colcon_core.shell:Creating package script '/home/arthur/mrad_ws_2602_golf/install/bringup_2602_golf/share/bringup_2602_golf/package.ps1'
[5.326s] INFO:colcon.colcon_core.shell:Creating package descriptor '/home/arthur/mrad_ws_2602_golf/install/bringup_2602_golf/share/bringup_2602_golf/package.dsv'
[5.326s] INFO:colcon.colcon_core.shell:Creating package script '/home/arthur/mrad_ws_2602_golf/install/bringup_2602_golf/share/bringup_2602_golf/package.sh'
[5.327s] INFO:colcon.colcon_core.shell:Creating package script '/home/arthur/mrad_ws_2602_golf/install/bringup_2602_golf/share/bringup_2602_golf/package.bash'
[5.328s] INFO:colcon.colcon_core.shell:Creating package script '/home/arthur/mrad_ws_2602_golf/install/bringup_2602_golf/share/bringup_2602_golf/package.zsh'
[5.329s] Level 1:colcon.colcon_core.environment:create_file_with_runtime_dependencies(/home/arthur/mrad_ws_2602_golf/install/bringup_2602_golf/share/colcon-core/packages/bringup_2602_golf)
[5.332s] Level 1:colcon.colcon_core.shell:create_environment_hook('wall_following_2602_golf', 'pythonpath_develop')
[5.332s] INFO:colcon.colcon_core.shell:Creating environment hook '/home/arthur/mrad_ws_2602_golf/build/wall_following_2602_golf/share/wall_following_2602_golf/hook/pythonpath_develop.ps1'
[5.333s] DEBUG:colcon.colcon_core.event_handler.log_command:Invoked command in '/home/arthur/mrad_ws_2602_golf/build/wall_following_2602_golf' returned '0': DEBUGINFOD_URLS=https://debuginfod.ubuntu.com PYTHONPATH=/home/arthur/mrad_ws_2602_golf/build/wall_following_2602_golf/prefix_override:/usr/lib/python3/dist-packages/colcon_core/task/python/colcon_distutils_commands:/home/arthur/mrad_ws_2602_golf/install/wall_following_2602_golf/lib/python3.12/site-packages:${PYTHONPATH} /usr/bin/python3 -W ignore:setup.py install is deprecated -W ignore:easy_install command is deprecated setup.py develop --editable --build-directory /home/arthur/mrad_ws_2602_golf/build/wall_following_2602_golf/build --no-deps symlink_data
[5.334s] INFO:colcon.colcon_core.shell:Creating environment descriptor '/home/arthur/mrad_ws_2602_golf/build/wall_following_2602_golf/share/wall_following_2602_golf/hook/pythonpath_develop.dsv'
[5.334s] INFO:colcon.colcon_core.shell:Creating environment hook '/home/arthur/mrad_ws_2602_golf/build/wall_following_2602_golf/share/wall_following_2602_golf/hook/pythonpath_develop.sh'
[5.335s] Level 1:colcon.colcon_core.environment:checking '/home/arthur/mrad_ws_2602_golf/install/wall_following_2602_golf' for CMake module files
[5.335s] Level 1:colcon.colcon_core.environment:checking '/home/arthur/mrad_ws_2602_golf/install/wall_following_2602_golf' for CMake config files
[5.335s] Level 1:colcon.colcon_core.environment:checking '/home/arthur/mrad_ws_2602_golf/install/wall_following_2602_golf/lib'
[5.336s] Level 1:colcon.colcon_core.environment:checking '/home/arthur/mrad_ws_2602_golf/install/wall_following_2602_golf/bin'
[5.336s] Level 1:colcon.colcon_core.environment:checking '/home/arthur/mrad_ws_2602_golf/install/wall_following_2602_golf/lib/pkgconfig/wall_following_2602_golf.pc'
[5.336s] Level 1:colcon.colcon_core.environment:checking '/home/arthur/mrad_ws_2602_golf/install/wall_following_2602_golf/lib/python3.12/site-packages'
[5.336s] Level 1:colcon.colcon_core.shell:create_environment_hook('wall_following_2602_golf', 'pythonpath')
[5.336s] INFO:colcon.colcon_core.shell:Creating environment hook '/home/arthur/mrad_ws_2602_golf/install/wall_following_2602_golf/share/wall_following_2602_golf/hook/pythonpath.ps1'
[5.337s] INFO:colcon.colcon_core.shell:Creating environment descriptor '/home/arthur/mrad_ws_2602_golf/install/wall_following_2602_golf/share/wall_following_2602_golf/hook/pythonpath.dsv'
[5.337s] INFO:colcon.colcon_core.shell:Creating environment hook '/home/arthur/mrad_ws_2602_golf/install/wall_following_2602_golf/share/wall_following_2602_golf/hook/pythonpath.sh'
[5.338s] Level 1:colcon.colcon_core.environment:checking '/home/arthur/mrad_ws_2602_golf/install/wall_following_2602_golf/bin'
[5.338s] Level 1:colcon.colcon_core.environment:create_environment_scripts_only(wall_following_2602_golf)
[5.338s] INFO:colcon.colcon_core.shell:Creating package script '/home/arthur/mrad_ws_2602_golf/install/wall_following_2602_golf/share/wall_following_2602_golf/package.ps1'
[5.338s] INFO:colcon.colcon_core.shell:Creating package descriptor '/home/arthur/mrad_ws_2602_golf/install/wall_following_2602_golf/share/wall_following_2602_golf/package.dsv'
[5.339s] INFO:colcon.colcon_core.shell:Creating package script '/home/arthur/mrad_ws_2602_golf/install/wall_following_2602_golf/share/wall_following_2602_golf/package.sh'
[5.339s] INFO:colcon.colcon_core.shell:Creating package script '/home/arthur/mrad_ws_2602_golf/install/wall_following_2602_golf/share/wall_following_2602_golf/package.bash'
[5.339s] INFO:colcon.colcon_core.shell:Creating package script '/home/arthur/mrad_ws_2602_golf/install/wall_following_2602_golf/share/wall_following_2602_golf/package.zsh'
[5.340s] Level 1:colcon.colcon_core.environment:create_file_with_runtime_dependencies(/home/arthur/mrad_ws_2602_golf/install/wall_following_2602_golf/share/colcon-core/packages/wall_following_2602_golf)
[5.369s] Level 1:colcon.colcon_core.shell:create_environment_hook('follow_the_gap_2602_golf', 'pythonpath_develop')
[5.369s] INFO:colcon.colcon_core.shell:Creating environment hook '/home/arthur/mrad_ws_2602_golf/build/follow_the_gap_2602_golf/share/follow_the_gap_2602_golf/hook/pythonpath_develop.ps1'
[5.369s] DEBUG:colcon.colcon_core.event_handler.log_command:Invoked command in '/home/arthur/mrad_ws_2602_golf/build/follow_the_gap_2602_golf' returned '0': DEBUGINFOD_URLS=https://debuginfod.ubuntu.com PYTHONPATH=/home/arthur/mrad_ws_2602_golf/build/follow_the_gap_2602_golf/prefix_override:/usr/lib/python3/dist-packages/colcon_core/task/python/colcon_distutils_commands:/home/arthur/mrad_ws_2602_golf/install/follow_the_gap_2602_golf/lib/python3.12/site-packages:${PYTHONPATH} /usr/bin/python3 -W ignore:setup.py install is deprecated -W ignore:easy_install command is deprecated setup.py develop --editable --build-directory /home/arthur/mrad_ws_2602_golf/build/follow_the_gap_2602_golf/build --no-deps symlink_data
[5.370s] INFO:colcon.colcon_core.shell:Creating environment descriptor '/home/arthur/mrad_ws_2602_golf/build/follow_the_gap_2602_golf/share/follow_the_gap_2602_golf/hook/pythonpath_develop.dsv'
[5.370s] INFO:colcon.colcon_core.shell:Creating environment hook '/home/arthur/mrad_ws_2602_golf/build/follow_the_gap_2602_golf/share/follow_the_gap_2602_golf/hook/pythonpath_develop.sh'
[5.370s] Level 1:colcon.colcon_core.environment:checking '/home/arthur/mrad_ws_2602_golf/install/follow_the_gap_2602_golf' for CMake module files
[5.371s] Level 1:colcon.colcon_core.environment:checking '/home/arthur/mrad_ws_2602_golf/install/follow_the_gap_2602_golf' for CMake config files
[5.371s] Level 1:colcon.colcon_core.environment:checking '/home/arthur/mrad_ws_2602_golf/install/follow_the_gap_2602_golf/lib'
[5.371s] Level 1:colcon.colcon_core.environment:checking '/home/arthur/mrad_ws_2602_golf/install/follow_the_gap_2602_golf/bin'
[5.371s] Level 1:colcon.colcon_core.environment:checking '/home/arthur/mrad_ws_2602_golf/install/follow_the_gap_2602_golf/lib/pkgconfig/follow_the_gap_2602_golf.pc'
[5.372s] Level 1:colcon.colcon_core.environment:checking '/home/arthur/mrad_ws_2602_golf/install/follow_the_gap_2602_golf/lib/python3.12/site-packages'
[5.372s] Level 1:colcon.colcon_core.shell:create_environment_hook('follow_the_gap_2602_golf', 'pythonpath')
[5.372s] INFO:colcon.colcon_core.shell:Creating environment hook '/home/arthur/mrad_ws_2602_golf/install/follow_the_gap_2602_golf/share/follow_the_gap_2602_golf/hook/pythonpath.ps1'
[5.372s] INFO:colcon.colcon_core.shell:Creating environment descriptor '/home/arthur/mrad_ws_2602_golf/install/follow_the_gap_2602_golf/share/follow_the_gap_2602_golf/hook/pythonpath.dsv'
[5.372s] INFO:colcon.colcon_core.shell:Creating environment hook '/home/arthur/mrad_ws_2602_golf/install/follow_the_gap_2602_golf/share/follow_the_gap_2602_golf/hook/pythonpath.sh'
[5.373s] Level 1:colcon.colcon_core.environment:checking '/home/arthur/mrad_ws_2602_golf/install/follow_the_gap_2602_golf/bin'
[5.373s] Level 1:colcon.colcon_core.environment:create_environment_scripts_only(follow_the_gap_2602_golf)
[5.373s] INFO:colcon.colcon_core.shell:Creating package script '/home/arthur/mrad_ws_2602_golf/install/follow_the_gap_2602_golf/share/follow_the_gap_2602_golf/package.ps1'
[5.374s] INFO:colcon.colcon_core.shell:Creating package descriptor '/home/arthur/mrad_ws_2602_golf/install/follow_the_gap_2602_golf/share/follow_the_gap_2602_golf/package.dsv'
[5.374s] INFO:colcon.colcon_core.shell:Creating package script '/home/arthur/mrad_ws_2602_golf/install/follow_the_gap_2602_golf/share/follow_the_gap_2602_golf/package.sh'
[5.375s] INFO:colcon.colcon_core.shell:Creating package script '/home/arthur/mrad_ws_2602_golf/install/follow_the_gap_2602_golf/share/follow_the_gap_2602_golf/package.bash'
[5.375s] INFO:colcon.colcon_core.shell:Creating package script '/home/arthur/mrad_ws_2602_golf/install/follow_the_gap_2602_golf/share/follow_the_gap_2602_golf/package.zsh'
[5.375s] Level 1:colcon.colcon_core.environment:create_file_with_runtime_dependencies(/home/arthur/mrad_ws_2602_golf/install/follow_the_gap_2602_golf/share/colcon-core/packages/follow_the_gap_2602_golf)
[5.376s] Level 1:colcon.colcon_core.shell:create_environment_hook('ttc_2602_golf', 'pythonpath_develop')
[5.376s] INFO:colcon.colcon_core.shell:Creating environment hook '/home/arthur/mrad_ws_2602_golf/build/ttc_2602_golf/share/ttc_2602_golf/hook/pythonpath_develop.ps1'
[5.377s] DEBUG:colcon.colcon_core.event_handler.log_command:Invoked command in '/home/arthur/mrad_ws_2602_golf/build/ttc_2602_golf' returned '0': DEBUGINFOD_URLS=https://debuginfod.ubuntu.com PYTHONPATH=/home/arthur/mrad_ws_2602_golf/build/ttc_2602_golf/prefix_override:/usr/lib/python3/dist-packages/colcon_core/task/python/colcon_distutils_commands:/home/arthur/mrad_ws_2602_golf/install/ttc_2602_golf/lib/python3.12/site-packages:${PYTHONPATH} /usr/bin/python3 -W ignore:setup.py install is deprecated -W ignore:easy_install command is deprecated setup.py develop --editable --build-directory /home/arthur/mrad_ws_2602_golf/build/ttc_2602_golf/build --no-deps symlink_data
[5.377s] INFO:colcon.colcon_core.shell:Creating environment descriptor '/home/arthur/mrad_ws_2602_golf/build/ttc_2602_golf/share/ttc_2602_golf/hook/pythonpath_develop.dsv'
[5.377s] INFO:colcon.colcon_core.shell:Creating environment hook '/home/arthur/mrad_ws_2602_golf/build/ttc_2602_golf/share/ttc_2602_golf/hook/pythonpath_develop.sh'
[5.377s] Level 1:colcon.colcon_core.environment:checking '/home/arthur/mrad_ws_2602_golf/install/ttc_2602_golf' for CMake module files
[5.378s] Level 1:colcon.colcon_core.environment:checking '/home/arthur/mrad_ws_2602_golf/install/ttc_2602_golf' for CMake config files
[5.378s] Level 1:colcon.colcon_core.environment:checking '/home/arthur/mrad_ws_2602_golf/install/ttc_2602_golf/lib'
[5.379s] Level 1:colcon.colcon_core.environment:checking '/home/arthur/mrad_ws_2602_golf/install/ttc_2602_golf/bin'
[5.379s] Level 1:colcon.colcon_core.environment:checking '/home/arthur/mrad_ws_2602_golf/install/ttc_2602_golf/lib/pkgconfig/ttc_2602_golf.pc'
[5.379s] Level 1:colcon.colcon_core.environment:checking '/home/arthur/mrad_ws_2602_golf/install/ttc_2602_golf/lib/python3.12/site-packages'
[5.379s] Level 1:colcon.colcon_core.shell:create_environment_hook('ttc_2602_golf', 'pythonpath')
[5.379s] INFO:colcon.colcon_core.shell:Creating environment hook '/home/arthur/mrad_ws_2602_golf/install/ttc_2602_golf/share/ttc_2602_golf/hook/pythonpath.ps1'
[5.380s] INFO:colcon.colcon_core.shell:Creating environment descriptor '/home/arthur/mrad_ws_2602_golf/install/ttc_2602_golf/share/ttc_2602_golf/hook/pythonpath.dsv'
[5.380s] INFO:colcon.colcon_core.shell:Creating environment hook '/home/arthur/mrad_ws_2602_golf/install/ttc_2602_golf/share/ttc_2602_golf/hook/pythonpath.sh'
[5.381s] Level 1:colcon.colcon_core.environment:checking '/home/arthur/mrad_ws_2602_golf/install/ttc_2602_golf/bin'
[5.381s] Level 1:colcon.colcon_core.environment:create_environment_scripts_only(ttc_2602_golf)
[5.381s] INFO:colcon.colcon_core.shell:Creating package script '/home/arthur/mrad_ws_2602_golf/install/ttc_2602_golf/share/ttc_2602_golf/package.ps1'
[5.382s] INFO:colcon.colcon_core.shell:Creating package descriptor '/home/arthur/mrad_ws_2602_golf/install/ttc_2602_golf/share/ttc_2602_golf/package.dsv'
[5.382s] INFO:colcon.colcon_core.shell:Creating package script '/home/arthur/mrad_ws_2602_golf/install/ttc_2602_golf/share/ttc_2602_golf/package.sh'
[5.383s] INFO:colcon.colcon_core.shell:Creating package script '/home/arthur/mrad_ws_2602_golf/install/ttc_2602_golf/share/ttc_2602_golf/package.bash'
[5.383s] INFO:colcon.colcon_core.shell:Creating package script '/home/arthur/mrad_ws_2602_golf/install/ttc_2602_golf/share/ttc_2602_golf/package.zsh'
[5.383s] Level 1:colcon.colcon_core.environment:create_file_with_runtime_dependencies(/home/arthur/mrad_ws_2602_golf/install/ttc_2602_golf/share/colcon-core/packages/ttc_2602_golf)
[5.384s] DEBUG:colcon.colcon_parallel_executor.executor.parallel:closing loop
[5.384s] DEBUG:colcon.colcon_parallel_executor.executor.parallel:loop closed
[5.384s] DEBUG:colcon.colcon_parallel_executor.executor.parallel:run_until_complete finished with '0'
[5.384s] DEBUG:colcon.colcon_core.event_reactor:joining thread
[5.389s] INFO:colcon.colcon_core.plugin_system:Skipping extension 'colcon_notification.desktop_notification.terminal_notifier': Not used on non-Darwin systems
[5.389s] INFO:colcon.colcon_core.plugin_system:Skipping extension 'colcon_notification.desktop_notification.win32': Not used on non-Windows systems
[5.389s] INFO:colcon.colcon_notification.desktop_notification:Sending desktop notification using 'notify2'
[5.399s] DEBUG:colcon.colcon_core.event_reactor:joined thread
[5.399s] INFO:colcon.colcon_core.shell:Creating prefix script '/home/arthur/mrad_ws_2602_golf/install/local_setup.ps1'
[5.400s] INFO:colcon.colcon_core.shell:Creating prefix util module '/home/arthur/mrad_ws_2602_golf/install/_local_setup_util_ps1.py'
[5.402s] INFO:colcon.colcon_core.shell:Creating prefix chain script '/home/arthur/mrad_ws_2602_golf/install/setup.ps1'
[5.404s] INFO:colcon.colcon_core.shell:Creating prefix script '/home/arthur/mrad_ws_2602_golf/install/local_setup.sh'
[5.405s] INFO:colcon.colcon_core.shell:Creating prefix util module '/home/arthur/mrad_ws_2602_golf/install/_local_setup_util_sh.py'
[5.405s] INFO:colcon.colcon_core.shell:Creating prefix chain script '/home/arthur/mrad_ws_2602_golf/install/setup.sh'
[5.407s] INFO:colcon.colcon_core.shell:Creating prefix script '/home/arthur/mrad_ws_2602_golf/install/local_setup.bash'
[5.407s] INFO:colcon.colcon_core.shell:Creating prefix chain script '/home/arthur/mrad_ws_2602_golf/install/setup.bash'
[5.408s] INFO:colcon.colcon_core.shell:Creating prefix script '/home/arthur/mrad_ws_2602_golf/install/local_setup.zsh'
[5.409s] INFO:colcon.colcon_core.shell:Creating prefix chain script '/home/arthur/mrad_ws_2602_golf/install/setup.zsh'
