[0.106s] DEBUG:colcon:Command line arguments: ['/usr/bin/colcon', 'build', '--symlink-install']
[0.106s] DEBUG:colcon:Parsed command line arguments: Namespace(log_base=None, log_level=None, verb_name='build', build_base='build', install_base='install', merge_install=False, symlink_install=True, test_result_base=None, continue_on_error=False, executor='parallel', parallel_workers=8, event_handlers=None, ignore_user_meta=False, metas=['./colcon.meta'], base_paths=['.'], packages_ignore=None, packages_ignore_regex=None, paths=None, packages_up_to=None, packages_up_to_regex=None, packages_above=None, packages_above_and_dependencies=None, packages_above_depth=None, packages_select_by_dep=None, packages_skip_by_dep=None, packages_skip_up_to=None, packages_select_build_failed=False, packages_skip_build_finished=False, packages_select_test_failures=False, packages_skip_test_passed=False, packages_select=None, packages_skip=None, packages_select_regex=None, packages_skip_regex=None, packages_start=None, packages_end=None, allow_overriding=[], cmake_args=None, cmake_target=None, cmake_target_skip_unavailable=False, cmake_clean_cache=False, cmake_clean_first=False, cmake_force_configure=False, ament_cmake_args=None, catkin_cmake_args=None, catkin_skip_building_tests=False, mixin_files=None, mixin=None, verb_parser=<colcon_mixin.mixin.mixin_argument.MixinArgumentDecorator object at 0x75d5628eda60>, verb_extension=<colcon_core.verb.build.BuildVerb object at 0x75d5639097c0>, main=<bound method BuildVerb.main of <colcon_core.verb.build.BuildVerb object at 0x75d5639097c0>>, mixin_verb=('build',))
[0.136s] Level 1:colcon.colcon_core.package_discovery:discover_packages(colcon_meta) check parameters
[0.136s] Level 1:colcon.colcon_core.package_discovery:discover_packages(recursive) check parameters
[0.136s] Level 1:colcon.colcon_core.package_discovery:discover_packages(ignore) check parameters
[0.136s] Level 1:colcon.colcon_core.package_discovery:discover_packages(path) check parameters
[0.136s] Level 1:colcon.colcon_core.package_discovery:discover_packages(colcon_meta) discover
[0.136s] Level 1:colcon.colcon_core.package_discovery:discover_packages(recursive) discover
[0.136s] INFO:colcon.colcon_core.package_discovery:Crawling recursively for packages in '/home/arthur/mrad_ws_2602_golf'
[0.136s] Level 1:colcon.colcon_core.package_identification:_identify(.) by extensions ['ignore', 'ignore_ament_install']
[0.136s] Level 1:colcon.colcon_core.package_identification:_identify(.) by extension 'ignore'
[0.136s] Level 1:colcon.colcon_core.package_identification:_identify(.) by extension 'ignore_ament_install'
[0.136s] Level 1:colcon.colcon_core.package_identification:_identify(.) by extensions ['colcon_pkg']
[0.136s] Level 1:colcon.colcon_core.package_identification:_identify(.) by extension 'colcon_pkg'
[0.136s] Level 1:colcon.colcon_core.package_identification:_identify(.) by extensions ['colcon_meta']
[0.136s] Level 1:colcon.colcon_core.package_identification:_identify(.) by extension 'colcon_meta'
[0.136s] Level 1:colcon.colcon_core.package_identification:_identify(.) by extensions ['ros']
[0.136s] Level 1:colcon.colcon_core.package_identification:_identify(.) by extension 'ros'
[0.157s] Level 1:colcon.colcon_core.package_identification:_identify(.) by extensions ['cmake', 'python']
[0.157s] Level 1:colcon.colcon_core.package_identification:_identify(.) by extension 'cmake'
[0.157s] Level 1:colcon.colcon_core.package_identification:_identify(.) by extension 'python'
[0.157s] Level 1:colcon.colcon_core.package_identification:_identify(.) by extensions ['python_setup_py']
[0.157s] Level 1:colcon.colcon_core.package_identification:_identify(.) by extension 'python_setup_py'
[0.157s] Level 1:colcon.colcon_core.package_identification:_identify(build) by extensions ['ignore', 'ignore_ament_install']
[0.157s] Level 1:colcon.colcon_core.package_identification:_identify(build) by extension 'ignore'
[0.157s] Level 1:colcon.colcon_core.package_identification:_identify(build) ignored
[0.157s] Level 1:colcon.colcon_core.package_identification:_identify(install) by extensions ['ignore', 'ignore_ament_install']
[0.158s] Level 1:colcon.colcon_core.package_identification:_identify(install) by extension 'ignore'
[0.158s] Level 1:colcon.colcon_core.package_identification:_identify(install) ignored
[0.158s] Level 1:colcon.colcon_core.package_identification:_identify(log) by extensions ['ignore', 'ignore_ament_install']
[0.158s] Level 1:colcon.colcon_core.package_identification:_identify(log) by extension 'ignore'
[0.158s] Level 1:colcon.colcon_core.package_identification:_identify(log) ignored
[0.158s] Level 1:colcon.colcon_core.package_identification:_identify(src) by extensions ['ignore', 'ignore_ament_install']
[0.158s] Level 1:colcon.colcon_core.package_identification:_identify(src) by extension 'ignore'
[0.158s] Level 1:colcon.colcon_core.package_identification:_identify(src) by extension 'ignore_ament_install'
[0.158s] Level 1:colcon.colcon_core.package_identification:_identify(src) by extensions ['colcon_pkg']
[0.158s] Level 1:colcon.colcon_core.package_identification:_identify(src) by extension 'colcon_pkg'
[0.158s] Level 1:colcon.colcon_core.package_identification:_identify(src) by extensions ['colcon_meta']
[0.158s] Level 1:colcon.colcon_core.package_identification:_identify(src) by extension 'colcon_meta'
[0.158s] Level 1:colcon.colcon_core.package_identification:_identify(src) by extensions ['ros']
[0.158s] Level 1:colcon.colcon_core.package_identification:_identify(src) by extension 'ros'
[0.159s] Level 1:colcon.colcon_core.package_identification:_identify(src) by extensions ['cmake', 'python']
[0.159s] Level 1:colcon.colcon_core.package_identification:_identify(src) by extension 'cmake'
[0.159s] Level 1:colcon.colcon_core.package_identification:_identify(src) by extension 'python'
[0.159s] Level 1:colcon.colcon_core.package_identification:_identify(src) by extensions ['python_setup_py']
[0.159s] Level 1:colcon.colcon_core.package_identification:_identify(src) by extension 'python_setup_py'
[0.159s] Level 1:colcon.colcon_core.package_identification:_identify(src/bringup_2602_golf) by extensions ['ignore', 'ignore_ament_install']
[0.159s] Level 1:colcon.colcon_core.package_identification:_identify(src/bringup_2602_golf) by extension 'ignore'
[0.159s] Level 1:colcon.colcon_core.package_identification:_identify(src/bringup_2602_golf) by extension 'ignore_ament_install'
[0.159s] Level 1:colcon.colcon_core.package_identification:_identify(src/bringup_2602_golf) by extensions ['colcon_pkg']
[0.159s] Level 1:colcon.colcon_core.package_identification:_identify(src/bringup_2602_golf) by extension 'colcon_pkg'
[0.159s] Level 1:colcon.colcon_core.package_identification:_identify(src/bringup_2602_golf) by extensions ['colcon_meta']
[0.159s] Level 1:colcon.colcon_core.package_identification:_identify(src/bringup_2602_golf) by extension 'colcon_meta'
[0.159s] Level 1:colcon.colcon_core.package_identification:_identify(src/bringup_2602_golf) by extensions ['ros']
[0.159s] Level 1:colcon.colcon_core.package_identification:_identify(src/bringup_2602_golf) by extension 'ros'
[0.161s] DEBUG:colcon.colcon_core.package_identification:Package 'src/bringup_2602_golf' with type 'ros.ament_python' and name 'bringup_2602_golf'
[0.161s] Level 1:colcon.colcon_core.package_identification:_identify(src/control_2602_golf) by extensions ['ignore', 'ignore_ament_install']
[0.161s] Level 1:colcon.colcon_core.package_identification:_identify(src/control_2602_golf) by extension 'ignore'
[0.161s] Level 1:colcon.colcon_core.package_identification:_identify(src/control_2602_golf) by extension 'ignore_ament_install'
[0.161s] Level 1:colcon.colcon_core.package_identification:_identify(src/control_2602_golf) by extensions ['colcon_pkg']
[0.161s] Level 1:colcon.colcon_core.package_identification:_identify(src/control_2602_golf) by extension 'colcon_pkg'
[0.162s] Level 1:colcon.colcon_core.package_identification:_identify(src/control_2602_golf) by extensions ['colcon_meta']
[0.162s] Level 1:colcon.colcon_core.package_identification:_identify(src/control_2602_golf) by extension 'colcon_meta'
[0.162s] Level 1:colcon.colcon_core.package_identification:_identify(src/control_2602_golf) by extensions ['ros']
[0.162s] Level 1:colcon.colcon_core.package_identification:_identify(src/control_2602_golf) by extension 'ros'
[0.162s] DEBUG:colcon.colcon_core.package_identification:Package 'src/control_2602_golf' with type 'ros.ament_cmake' and name 'control_2602_golf'
[0.162s] Level 1:colcon.colcon_core.package_identification:_identify(src/description_2602_golf) by extensions ['ignore', 'ignore_ament_install']
[0.162s] Level 1:colcon.colcon_core.package_identification:_identify(src/description_2602_golf) by extension 'ignore'
[0.162s] Level 1:colcon.colcon_core.package_identification:_identify(src/description_2602_golf) by extension 'ignore_ament_install'
[0.162s] Level 1:colcon.colcon_core.package_identification:_identify(src/description_2602_golf) by extensions ['colcon_pkg']
[0.162s] Level 1:colcon.colcon_core.package_identification:_identify(src/description_2602_golf) by extension 'colcon_pkg'
[0.162s] Level 1:colcon.colcon_core.package_identification:_identify(src/description_2602_golf) by extensions ['colcon_meta']
[0.162s] Level 1:colcon.colcon_core.package_identification:_identify(src/description_2602_golf) by extension 'colcon_meta'
[0.163s] Level 1:colcon.colcon_core.package_identification:_identify(src/description_2602_golf) by extensions ['ros']
[0.163s] Level 1:colcon.colcon_core.package_identification:_identify(src/description_2602_golf) by extension 'ros'
[0.163s] DEBUG:colcon.colcon_core.package_identification:Package 'src/description_2602_golf' with type 'ros.ament_python' and name 'description_2602_golf'
[0.163s] Level 1:colcon.colcon_core.package_identification:_identify(src/follow_the_gap_2602_golf) by extensions ['ignore', 'ignore_ament_install']
[0.163s] Level 1:colcon.colcon_core.package_identification:_identify(src/follow_the_gap_2602_golf) by extension 'ignore'
[0.163s] Level 1:colcon.colcon_core.package_identification:_identify(src/follow_the_gap_2602_golf) by extension 'ignore_ament_install'
[0.163s] Level 1:colcon.colcon_core.package_identification:_identify(src/follow_the_gap_2602_golf) by extensions ['colcon_pkg']
[0.163s] Level 1:colcon.colcon_core.package_identification:_identify(src/follow_the_gap_2602_golf) by extension 'colcon_pkg'
[0.163s] Level 1:colcon.colcon_core.package_identification:_identify(src/follow_the_gap_2602_golf) by extensions ['colcon_meta']
[0.163s] Level 1:colcon.colcon_core.package_identification:_identify(src/follow_the_gap_2602_golf) by extension 'colcon_meta'
[0.163s] Level 1:colcon.colcon_core.package_identification:_identify(src/follow_the_gap_2602_golf) by extensions ['ros']
[0.163s] Level 1:colcon.colcon_core.package_identification:_identify(src/follow_the_gap_2602_golf) by extension 'ros'
[0.164s] DEBUG:colcon.colcon_core.package_identification:Package 'src/follow_the_gap_2602_golf' with type 'ros.ament_python' and name 'follow_the_gap_2602_golf'
[0.164s] Level 1:colcon.colcon_core.package_identification:_identify(src/gazebo_2602_golf) by extensions ['ignore', 'ignore_ament_install']
[0.164s] Level 1:colcon.colcon_core.package_identification:_identify(src/gazebo_2602_golf) by extension 'ignore'
[0.164s] Level 1:colcon.colcon_core.package_identification:_identify(src/gazebo_2602_golf) by extension 'ignore_ament_install'
[0.164s] Level 1:colcon.colcon_core.package_identification:_identify(src/gazebo_2602_golf) by extensions ['colcon_pkg']
[0.164s] Level 1:colcon.colcon_core.package_identification:_identify(src/gazebo_2602_golf) by extension 'colcon_pkg'
[0.164s] Level 1:colcon.colcon_core.package_identification:_identify(src/gazebo_2602_golf) by extensions ['colcon_meta']
[0.164s] Level 1:colcon.colcon_core.package_identification:_identify(src/gazebo_2602_golf) by extension 'colcon_meta'
[0.164s] Level 1:colcon.colcon_core.package_identification:_identify(src/gazebo_2602_golf) by extensions ['ros']
[0.164s] Level 1:colcon.colcon_core.package_identification:_identify(src/gazebo_2602_golf) by extension 'ros'
[0.165s] DEBUG:colcon.colcon_core.package_identification:Package 'src/gazebo_2602_golf' with type 'ros.ament_python' and name 'gazebo_2602_golf'
[0.165s] Level 1:colcon.colcon_core.package_identification:_identify(src/ttc_2602_golf) by extensions ['ignore', 'ignore_ament_install']
[0.165s] Level 1:colcon.colcon_core.package_identification:_identify(src/ttc_2602_golf) by extension 'ignore'
[0.165s] Level 1:colcon.colcon_core.package_identification:_identify(src/ttc_2602_golf) by extension 'ignore_ament_install'
[0.165s] Level 1:colcon.colcon_core.package_identification:_identify(src/ttc_2602_golf) by extensions ['colcon_pkg']
[0.165s] Level 1:colcon.colcon_core.package_identification:_identify(src/ttc_2602_golf) by extension 'colcon_pkg'
[0.165s] Level 1:colcon.colcon_core.package_identification:_identify(src/ttc_2602_golf) by extensions ['colcon_meta']
[0.165s] Level 1:colcon.colcon_core.package_identification:_identify(src/ttc_2602_golf) by extension 'colcon_meta'
[0.165s] Level 1:colcon.colcon_core.package_identification:_identify(src/ttc_2602_golf) by extensions ['ros']
[0.165s] Level 1:colcon.colcon_core.package_identification:_identify(src/ttc_2602_golf) by extension 'ros'
[0.165s] DEBUG:colcon.colcon_core.package_identification:Package 'src/ttc_2602_golf' with type 'ros.ament_python' and name 'ttc_2602_golf'
[0.166s] Level 1:colcon.colcon_core.package_identification:_identify(src/ttc_follow_the_gap_2602_golf) by extensions ['ignore', 'ignore_ament_install']
[0.166s] Level 1:colcon.colcon_core.package_identification:_identify(src/ttc_follow_the_gap_2602_golf) by extension 'ignore'
[0.166s] Level 1:colcon.colcon_core.package_identification:_identify(src/ttc_follow_the_gap_2602_golf) by extension 'ignore_ament_install'
[0.166s] Level 1:colcon.colcon_core.package_identification:_identify(src/ttc_follow_the_gap_2602_golf) by extensions ['colcon_pkg']
[0.166s] Level 1:colcon.colcon_core.package_identification:_identify(src/ttc_follow_the_gap_2602_golf) by extension 'colcon_pkg'
[0.166s] Level 1:colcon.colcon_core.package_identification:_identify(src/ttc_follow_the_gap_2602_golf) by extensions ['colcon_meta']
[0.166s] Level 1:colcon.colcon_core.package_identification:_identify(src/ttc_follow_the_gap_2602_golf) by extension 'colcon_meta'
[0.166s] Level 1:colcon.colcon_core.package_identification:_identify(src/ttc_follow_the_gap_2602_golf) by extensions ['ros']
[0.166s] Level 1:colcon.colcon_core.package_identification:_identify(src/ttc_follow_the_gap_2602_golf) by extension 'ros'
[0.166s] DEBUG:colcon.colcon_core.package_identification:Package 'src/ttc_follow_the_gap_2602_golf' with type 'ros.ament_python' and name 'ttc_follow_the_gap_2602_golf'
[0.166s] Level 1:colcon.colcon_core.package_identification:_identify(src/wall_following_2602_golf) by extensions ['ignore', 'ignore_ament_install']
[0.166s] Level 1:colcon.colcon_core.package_identification:_identify(src/wall_following_2602_golf) by extension 'ignore'
[0.167s] Level 1:colcon.colcon_core.package_identification:_identify(src/wall_following_2602_golf) by extension 'ignore_ament_install'
[0.167s] Level 1:colcon.colcon_core.package_identification:_identify(src/wall_following_2602_golf) by extensions ['colcon_pkg']
[0.167s] Level 1:colcon.colcon_core.package_identification:_identify(src/wall_following_2602_golf) by extension 'colcon_pkg'
[0.167s] Level 1:colcon.colcon_core.package_identification:_identify(src/wall_following_2602_golf) by extensions ['colcon_meta']
[0.167s] Level 1:colcon.colcon_core.package_identification:_identify(src/wall_following_2602_golf) by extension 'colcon_meta'
[0.167s] Level 1:colcon.colcon_core.package_identification:_identify(src/wall_following_2602_golf) by extensions ['ros']
[0.167s] Level 1:colcon.colcon_core.package_identification:_identify(src/wall_following_2602_golf) by extension 'ros'
[0.167s] DEBUG:colcon.colcon_core.package_identification:Package 'src/wall_following_2602_golf' with type 'ros.ament_python' and name 'wall_following_2602_golf'
[0.167s] Level 1:colcon.colcon_core.package_discovery:discover_packages(recursive) using defaults
[0.167s] Level 1:colcon.colcon_core.package_discovery:discover_packages(ignore) discover
[0.167s] Level 1:colcon.colcon_core.package_discovery:discover_packages(ignore) using defaults
[0.167s] Level 1:colcon.colcon_core.package_discovery:discover_packages(path) discover
[0.167s] Level 1:colcon.colcon_core.package_discovery:discover_packages(path) using defaults
[0.184s] Level 1:colcon.colcon_core.package_discovery:discover_packages(prefix_path) check parameters
[0.184s] Level 1:colcon.colcon_core.package_discovery:discover_packages(prefix_path) discover
[0.186s] DEBUG:colcon.colcon_installed_package_information.package_discovery:Found 8 installed packages in /home/arthur/mrad_ws_2602_golf/install
[0.186s] DEBUG:colcon.colcon_installed_package_information.package_discovery:Found 5 installed packages in /home/arthur/mrad_ws_2602_zulu/install
[0.186s] DEBUG:colcon.colcon_installed_package_information.package_discovery:Found 1 installed packages in /home/arthur/remen_tuto/install
[0.188s] DEBUG:colcon.colcon_installed_package_information.package_discovery:Found 532 installed packages in /opt/ros/jazzy
[0.189s] Level 1:colcon.colcon_core.package_discovery:discover_packages(prefix_path) using defaults
[0.260s] Level 5:colcon.colcon_core.verb:set package 'bringup_2602_golf' build argument 'cmake_args' from command line to 'None'
[0.260s] Level 5:colcon.colcon_core.verb:set package 'bringup_2602_golf' build argument 'cmake_target' from command line to 'None'
[0.260s] Level 5:colcon.colcon_core.verb:set package 'bringup_2602_golf' build argument 'cmake_target_skip_unavailable' from command line to 'False'
[0.260s] Level 5:colcon.colcon_core.verb:set package 'bringup_2602_golf' build argument 'cmake_clean_cache' from command line to 'False'
[0.260s] Level 5:colcon.colcon_core.verb:set package 'bringup_2602_golf' build argument 'cmake_clean_first' from command line to 'False'
[0.260s] Level 5:colcon.colcon_core.verb:set package 'bringup_2602_golf' build argument 'cmake_force_configure' from command line to 'False'
[0.260s] Level 5:colcon.colcon_core.verb:set package 'bringup_2602_golf' build argument 'ament_cmake_args' from command line to 'None'
[0.260s] Level 5:colcon.colcon_core.verb:set package 'bringup_2602_golf' build argument 'catkin_cmake_args' from command line to 'None'
[0.260s] Level 5:colcon.colcon_core.verb:set package 'bringup_2602_golf' build argument 'catkin_skip_building_tests' from command line to 'False'
[0.260s] DEBUG:colcon.colcon_core.verb:Building package 'bringup_2602_golf' with the following arguments: {'ament_cmake_args': None, 'build_base': '/home/arthur/mrad_ws_2602_golf/build/bringup_2602_golf', 'catkin_cmake_args': None, 'catkin_skip_building_tests': False, 'cmake_args': None, 'cmake_clean_cache': False, 'cmake_clean_first': False, 'cmake_force_configure': False, 'cmake_target': None, 'cmake_target_skip_unavailable': False, 'install_base': '/home/arthur/mrad_ws_2602_golf/install/bringup_2602_golf', 'merge_install': False, 'path': '/home/arthur/mrad_ws_2602_golf/src/bringup_2602_golf', 'symlink_install': True, 'test_result_base': None}
[0.261s] Level 5:colcon.colcon_core.verb:set package 'control_2602_golf' build argument 'cmake_args' from command line to 'None'
[0.261s] Level 5:colcon.colcon_core.verb:set package 'control_2602_golf' build argument 'cmake_target' from command line to 'None'
[0.261s] Level 5:colcon.colcon_core.verb:set package 'control_2602_golf' build argument 'cmake_target_skip_unavailable' from command line to 'False'
[0.261s] Level 5:colcon.colcon_core.verb:set package 'control_2602_golf' build argument 'cmake_clean_cache' from command line to 'False'
[0.261s] Level 5:colcon.colcon_core.verb:set package 'control_2602_golf' build argument 'cmake_clean_first' from command line to 'False'
[0.261s] Level 5:colcon.colcon_core.verb:set package 'control_2602_golf' build argument 'cmake_force_configure' from command line to 'False'
[0.261s] Level 5:colcon.colcon_core.verb:set package 'control_2602_golf' build argument 'ament_cmake_args' from command line to 'None'
[0.261s] Level 5:colcon.colcon_core.verb:set package 'control_2602_golf' build argument 'catkin_cmake_args' from command line to 'None'
[0.261s] Level 5:colcon.colcon_core.verb:set package 'control_2602_golf' build argument 'catkin_skip_building_tests' from command line to 'False'
[0.261s] DEBUG:colcon.colcon_core.verb:Building package 'control_2602_golf' with the following arguments: {'ament_cmake_args': None, 'build_base': '/home/arthur/mrad_ws_2602_golf/build/control_2602_golf', 'catkin_cmake_args': None, 'catkin_skip_building_tests': False, 'cmake_args': None, 'cmake_clean_cache': False, 'cmake_clean_first': False, 'cmake_force_configure': False, 'cmake_target': None, 'cmake_target_skip_unavailable': False, 'install_base': '/home/arthur/mrad_ws_2602_golf/install/control_2602_golf', 'merge_install': False, 'path': '/home/arthur/mrad_ws_2602_golf/src/control_2602_golf', 'symlink_install': True, 'test_result_base': None}
[0.261s] Level 5:colcon.colcon_core.verb:set package 'description_2602_golf' build argument 'cmake_args' from command line to 'None'
[0.261s] Level 5:colcon.colcon_core.verb:set package 'description_2602_golf' build argument 'cmake_target' from command line to 'None'
[0.261s] Level 5:colcon.colcon_core.verb:set package 'description_2602_golf' build argument 'cmake_target_skip_unavailable' from command line to 'False'
[0.261s] Level 5:colcon.colcon_core.verb:set package 'description_2602_golf' build argument 'cmake_clean_cache' from command line to 'False'
[0.261s] Level 5:colcon.colcon_core.verb:set package 'description_2602_golf' build argument 'cmake_clean_first' from command line to 'False'
[0.261s] Level 5:colcon.colcon_core.verb:set package 'description_2602_golf' build argument 'cmake_force_configure' from command line to 'False'
[0.261s] Level 5:colcon.colcon_core.verb:set package 'description_2602_golf' build argument 'ament_cmake_args' from command line to 'None'
[0.261s] Level 5:colcon.colcon_core.verb:set package 'description_2602_golf' build argument 'catkin_cmake_args' from command line to 'None'
[0.261s] Level 5:colcon.colcon_core.verb:set package 'description_2602_golf' build argument 'catkin_skip_building_tests' from command line to 'False'
[0.261s] DEBUG:colcon.colcon_core.verb:Building package 'description_2602_golf' with the following arguments: {'ament_cmake_args': None, 'build_base': '/home/arthur/mrad_ws_2602_golf/build/description_2602_golf', 'catkin_cmake_args': None, 'catkin_skip_building_tests': False, 'cmake_args': None, 'cmake_clean_cache': False, 'cmake_clean_first': False, 'cmake_force_configure': False, 'cmake_target': None, 'cmake_target_skip_unavailable': False, 'install_base': '/home/arthur/mrad_ws_2602_golf/install/description_2602_golf', 'merge_install': False, 'path': '/home/arthur/mrad_ws_2602_golf/src/description_2602_golf', 'symlink_install': True, 'test_result_base': None}
[0.262s] Level 5:colcon.colcon_core.verb:set package 'follow_the_gap_2602_golf' build argument 'cmake_args' from command line to 'None'
[0.262s] Level 5:colcon.colcon_core.verb:set package 'follow_the_gap_2602_golf' build argument 'cmake_target' from command line to 'None'
[0.262s] Level 5:colcon.colcon_core.verb:set package 'follow_the_gap_2602_golf' build argument 'cmake_target_skip_unavailable' from command line to 'False'
[0.262s] Level 5:colcon.colcon_core.verb:set package 'follow_the_gap_2602_golf' build argument 'cmake_clean_cache' from command line to 'False'
[0.262s] Level 5:colcon.colcon_core.verb:set package 'follow_the_gap_2602_golf' build argument 'cmake_clean_first' from command line to 'False'
[0.262s] Level 5:colcon.colcon_core.verb:set package 'follow_the_gap_2602_golf' build argument 'cmake_force_configure' from command line to 'False'
[0.262s] Level 5:colcon.colcon_core.verb:set package 'follow_the_gap_2602_golf' build argument 'ament_cmake_args' from command line to 'None'
[0.262s] Level 5:colcon.colcon_core.verb:set package 'follow_the_gap_2602_golf' build argument 'catkin_cmake_args' from command line to 'None'
[0.262s] Level 5:colcon.colcon_core.verb:set package 'follow_the_gap_2602_golf' build argument 'catkin_skip_building_tests' from command line to 'False'
[0.262s] DEBUG:colcon.colcon_core.verb:Building package 'follow_the_gap_2602_golf' with the following arguments: {'ament_cmake_args': None, 'build_base': '/home/arthur/mrad_ws_2602_golf/build/follow_the_gap_2602_golf', 'catkin_cmake_args': None, 'catkin_skip_building_tests': False, 'cmake_args': None, 'cmake_clean_cache': False, 'cmake_clean_first': False, 'cmake_force_configure': False, 'cmake_target': None, 'cmake_target_skip_unavailable': False, 'install_base': '/home/arthur/mrad_ws_2602_golf/install/follow_the_gap_2602_golf', 'merge_install': False, 'path': '/home/arthur/mrad_ws_2602_golf/src/follow_the_gap_2602_golf', 'symlink_install': True, 'test_result_base': None}
[0.262s] Level 5:colcon.colcon_core.verb:set package 'gazebo_2602_golf' build argument 'cmake_args' from command line to 'None'
[0.262s] Level 5:colcon.colcon_core.verb:set package 'gazebo_2602_golf' build argument 'cmake_target' from command line to 'None'
[0.262s] Level 5:colcon.colcon_core.verb:set package 'gazebo_2602_golf' build argument 'cmake_target_skip_unavailable' from command line to 'False'
[0.262s] Level 5:colcon.colcon_core.verb:set package 'gazebo_2602_golf' build argument 'cmake_clean_cache' from command line to 'False'
[0.262s] Level 5:colcon.colcon_core.verb:set package 'gazebo_2602_golf' build argument 'cmake_clean_first' from command line to 'False'
[0.262s] Level 5:colcon.colcon_core.verb:set package 'gazebo_2602_golf' build argument 'cmake_force_configure' from command line to 'False'
[0.262s] Level 5:colcon.colcon_core.verb:set package 'gazebo_2602_golf' build argument 'ament_cmake_args' from command line to 'None'
[0.262s] Level 5:colcon.colcon_core.verb:set package 'gazebo_2602_golf' build argument 'catkin_cmake_args' from command line to 'None'
[0.262s] Level 5:colcon.colcon_core.verb:set package 'gazebo_2602_golf' build argument 'catkin_skip_building_tests' from command line to 'False'
[0.262s] DEBUG:colcon.colcon_core.verb:Building package 'gazebo_2602_golf' with the following arguments: {'ament_cmake_args': None, 'build_base': '/home/arthur/mrad_ws_2602_golf/build/gazebo_2602_golf', 'catkin_cmake_args': None, 'catkin_skip_building_tests': False, 'cmake_args': None, 'cmake_clean_cache': False, 'cmake_clean_first': False, 'cmake_force_configure': False, 'cmake_target': None, 'cmake_target_skip_unavailable': False, 'install_base': '/home/arthur/mrad_ws_2602_golf/install/gazebo_2602_golf', 'merge_install': False, 'path': '/home/arthur/mrad_ws_2602_golf/src/gazebo_2602_golf', 'symlink_install': True, 'test_result_base': None}
[0.263s] Level 5:colcon.colcon_core.verb:set package 'ttc_2602_golf' build argument 'cmake_args' from command line to 'None'
[0.263s] Level 5:colcon.colcon_core.verb:set package 'ttc_2602_golf' build argument 'cmake_target' from command line to 'None'
[0.263s] Level 5:colcon.colcon_core.verb:set package 'ttc_2602_golf' build argument 'cmake_target_skip_unavailable' from command line to 'False'
[0.263s] Level 5:colcon.colcon_core.verb:set package 'ttc_2602_golf' build argument 'cmake_clean_cache' from command line to 'False'
[0.263s] Level 5:colcon.colcon_core.verb:set package 'ttc_2602_golf' build argument 'cmake_clean_first' from command line to 'False'
[0.263s] Level 5:colcon.colcon_core.verb:set package 'ttc_2602_golf' build argument 'cmake_force_configure' from command line to 'False'
[0.263s] Level 5:colcon.colcon_core.verb:set package 'ttc_2602_golf' build argument 'ament_cmake_args' from command line to 'None'
[0.263s] Level 5:colcon.colcon_core.verb:set package 'ttc_2602_golf' build argument 'catkin_cmake_args' from command line to 'None'
[0.263s] Level 5:colcon.colcon_core.verb:set package 'ttc_2602_golf' build argument 'catkin_skip_building_tests' from command line to 'False'
[0.263s] DEBUG:colcon.colcon_core.verb:Building package 'ttc_2602_golf' with the following arguments: {'ament_cmake_args': None, 'build_base': '/home/arthur/mrad_ws_2602_golf/build/ttc_2602_golf', 'catkin_cmake_args': None, 'catkin_skip_building_tests': False, 'cmake_args': None, 'cmake_clean_cache': False, 'cmake_clean_first': False, 'cmake_force_configure': False, 'cmake_target': None, 'cmake_target_skip_unavailable': False, 'install_base': '/home/arthur/mrad_ws_2602_golf/install/ttc_2602_golf', 'merge_install': False, 'path': '/home/arthur/mrad_ws_2602_golf/src/ttc_2602_golf', 'symlink_install': True, 'test_result_base': None}
[0.263s] Level 5:colcon.colcon_core.verb:set package 'ttc_follow_the_gap_2602_golf' build argument 'cmake_args' from command line to 'None'
[0.263s] Level 5:colcon.colcon_core.verb:set package 'ttc_follow_the_gap_2602_golf' build argument 'cmake_target' from command line to 'None'
[0.263s] Level 5:colcon.colcon_core.verb:set package 'ttc_follow_the_gap_2602_golf' build argument 'cmake_target_skip_unavailable' from command line to 'False'
[0.263s] Level 5:colcon.colcon_core.verb:set package 'ttc_follow_the_gap_2602_golf' build argument 'cmake_clean_cache' from command line to 'False'
[0.263s] Level 5:colcon.colcon_core.verb:set package 'ttc_follow_the_gap_2602_golf' build argument 'cmake_clean_first' from command line to 'False'
[0.263s] Level 5:colcon.colcon_core.verb:set package 'ttc_follow_the_gap_2602_golf' build argument 'cmake_force_configure' from command line to 'False'
[0.263s] Level 5:colcon.colcon_core.verb:set package 'ttc_follow_the_gap_2602_golf' build argument 'ament_cmake_args' from command line to 'None'
[0.263s] Level 5:colcon.colcon_core.verb:set package 'ttc_follow_the_gap_2602_golf' build argument 'catkin_cmake_args' from command line to 'None'
[0.263s] Level 5:colcon.colcon_core.verb:set package 'ttc_follow_the_gap_2602_golf' build argument 'catkin_skip_building_tests' from command line to 'False'
[0.264s] DEBUG:colcon.colcon_core.verb:Building package 'ttc_follow_the_gap_2602_golf' with the following arguments: {'ament_cmake_args': None, 'build_base': '/home/arthur/mrad_ws_2602_golf/build/ttc_follow_the_gap_2602_golf', 'catkin_cmake_args': None, 'catkin_skip_building_tests': False, 'cmake_args': None, 'cmake_clean_cache': False, 'cmake_clean_first': False, 'cmake_force_configure': False, 'cmake_target': None, 'cmake_target_skip_unavailable': False, 'install_base': '/home/arthur/mrad_ws_2602_golf/install/ttc_follow_the_gap_2602_golf', 'merge_install': False, 'path': '/home/arthur/mrad_ws_2602_golf/src/ttc_follow_the_gap_2602_golf', 'symlink_install': True, 'test_result_base': None}
[0.264s] Level 5:colcon.colcon_core.verb:set package 'wall_following_2602_golf' build argument 'cmake_args' from command line to 'None'
[0.264s] Level 5:colcon.colcon_core.verb:set package 'wall_following_2602_golf' build argument 'cmake_target' from command line to 'None'
[0.264s] Level 5:colcon.colcon_core.verb:set package 'wall_following_2602_golf' build argument 'cmake_target_skip_unavailable' from command line to 'False'
[0.264s] Level 5:colcon.colcon_core.verb:set package 'wall_following_2602_golf' build argument 'cmake_clean_cache' from command line to 'False'
[0.264s] Level 5:colcon.colcon_core.verb:set package 'wall_following_2602_golf' build argument 'cmake_clean_first' from command line to 'False'
[0.264s] Level 5:colcon.colcon_core.verb:set package 'wall_following_2602_golf' build argument 'cmake_force_configure' from command line to 'False'
[0.264s] Level 5:colcon.colcon_core.verb:set package 'wall_following_2602_golf' build argument 'ament_cmake_args' from command line to 'None'
[0.264s] Level 5:colcon.colcon_core.verb:set package 'wall_following_2602_golf' build argument 'catkin_cmake_args' from command line to 'None'
[0.264s] Level 5:colcon.colcon_core.verb:set package 'wall_following_2602_golf' build argument 'catkin_skip_building_tests' from command line to 'False'
[0.264s] DEBUG:colcon.colcon_core.verb:Building package 'wall_following_2602_golf' with the following arguments: {'ament_cmake_args': None, 'build_base': '/home/arthur/mrad_ws_2602_golf/build/wall_following_2602_golf', 'catkin_cmake_args': None, 'catkin_skip_building_tests': False, 'cmake_args': None, 'cmake_clean_cache': False, 'cmake_clean_first': False, 'cmake_force_configure': False, 'cmake_target': None, 'cmake_target_skip_unavailable': False, 'install_base': '/home/arthur/mrad_ws_2602_golf/install/wall_following_2602_golf', 'merge_install': False, 'path': '/home/arthur/mrad_ws_2602_golf/src/wall_following_2602_golf', 'symlink_install': True, 'test_result_base': None}
[0.264s] INFO:colcon.colcon_core.executor:Executing jobs using 'parallel' executor
[0.265s] DEBUG:colcon.colcon_parallel_executor.executor.parallel:run_until_complete
[0.265s] INFO:colcon.colcon_ros.task.ament_python.build:Building ROS package in '/home/arthur/mrad_ws_2602_golf/src/bringup_2602_golf' with build type 'ament_python'
[0.265s] Level 1:colcon.colcon_core.shell:create_environment_hook('bringup_2602_golf', 'ament_prefix_path')
[0.268s] INFO:colcon.colcon_core.plugin_system:Skipping extension 'colcon_core.shell.bat': Not used on non-Windows systems
[0.268s] INFO:colcon.colcon_core.shell:Creating environment hook '/home/arthur/mrad_ws_2602_golf/install/bringup_2602_golf/share/bringup_2602_golf/hook/ament_prefix_path.ps1'
[0.268s] INFO:colcon.colcon_core.shell:Creating environment descriptor '/home/arthur/mrad_ws_2602_golf/install/bringup_2602_golf/share/bringup_2602_golf/hook/ament_prefix_path.dsv'
[0.269s] INFO:colcon.colcon_core.shell:Creating environment hook '/home/arthur/mrad_ws_2602_golf/install/bringup_2602_golf/share/bringup_2602_golf/hook/ament_prefix_path.sh'
[0.270s] INFO:colcon.colcon_core.shell:Skip shell extension 'powershell' for command environment: Not usable outside of PowerShell
[0.270s] DEBUG:colcon.colcon_core.shell:Skip shell extension 'dsv' for command environment
[0.274s] INFO:colcon.colcon_ros.task.ament_cmake.build:Building ROS package in '/home/arthur/mrad_ws_2602_golf/src/control_2602_golf' with build type 'ament_cmake'
[0.274s] INFO:colcon.colcon_cmake.task.cmake.build:Building CMake package in '/home/arthur/mrad_ws_2602_golf/src/control_2602_golf'
[0.274s] INFO:colcon.colcon_core.shell:Skip shell extension 'powershell' for command environment: Not usable outside of PowerShell
[0.274s] DEBUG:colcon.colcon_core.shell:Skip shell extension 'dsv' for command environment
[0.278s] INFO:colcon.colcon_ros.task.ament_python.build:Building ROS package in '/home/arthur/mrad_ws_2602_golf/src/description_2602_golf' with build type 'ament_python'
[0.279s] Level 1:colcon.colcon_core.shell:create_environment_hook('description_2602_golf', 'ament_prefix_path')
[0.279s] INFO:colcon.colcon_core.shell:Creating environment hook '/home/arthur/mrad_ws_2602_golf/install/description_2602_golf/share/description_2602_golf/hook/ament_prefix_path.ps1'
[0.279s] INFO:colcon.colcon_core.shell:Creating environment descriptor '/home/arthur/mrad_ws_2602_golf/install/description_2602_golf/share/description_2602_golf/hook/ament_prefix_path.dsv'
[0.280s] INFO:colcon.colcon_core.shell:Creating environment hook '/home/arthur/mrad_ws_2602_golf/install/description_2602_golf/share/description_2602_golf/hook/ament_prefix_path.sh'
[0.280s] INFO:colcon.colcon_core.shell:Skip shell extension 'powershell' for command environment: Not usable outside of PowerShell
[0.280s] DEBUG:colcon.colcon_core.shell:Skip shell extension 'dsv' for command environment
[0.284s] INFO:colcon.colcon_ros.task.ament_python.build:Building ROS package in '/home/arthur/mrad_ws_2602_golf/src/follow_the_gap_2602_golf' with build type 'ament_python'
[0.284s] Level 1:colcon.colcon_core.shell:create_environment_hook('follow_the_gap_2602_golf', 'ament_prefix_path')
[0.285s] INFO:colcon.colcon_core.shell:Creating environment hook '/home/arthur/mrad_ws_2602_golf/install/follow_the_gap_2602_golf/share/follow_the_gap_2602_golf/hook/ament_prefix_path.ps1'
[0.285s] INFO:colcon.colcon_core.shell:Creating environment descriptor '/home/arthur/mrad_ws_2602_golf/install/follow_the_gap_2602_golf/share/follow_the_gap_2602_golf/hook/ament_prefix_path.dsv'
[0.285s] INFO:colcon.colcon_core.shell:Creating environment hook '/home/arthur/mrad_ws_2602_golf/install/follow_the_gap_2602_golf/share/follow_the_gap_2602_golf/hook/ament_prefix_path.sh'
[0.286s] INFO:colcon.colcon_core.shell:Skip shell extension 'powershell' for command environment: Not usable outside of PowerShell
[0.286s] DEBUG:colcon.colcon_core.shell:Skip shell extension 'dsv' for command environment
[0.290s] INFO:colcon.colcon_ros.task.ament_python.build:Building ROS package in '/home/arthur/mrad_ws_2602_golf/src/gazebo_2602_golf' with build type 'ament_python'
[0.290s] Level 1:colcon.colcon_core.shell:create_environment_hook('gazebo_2602_golf', 'ament_prefix_path')
[0.290s] INFO:colcon.colcon_core.shell:Creating environment hook '/home/arthur/mrad_ws_2602_golf/install/gazebo_2602_golf/share/gazebo_2602_golf/hook/ament_prefix_path.ps1'
[0.291s] INFO:colcon.colcon_core.shell:Creating environment descriptor '/home/arthur/mrad_ws_2602_golf/install/gazebo_2602_golf/share/gazebo_2602_golf/hook/ament_prefix_path.dsv'
[0.291s] INFO:colcon.colcon_core.shell:Creating environment hook '/home/arthur/mrad_ws_2602_golf/install/gazebo_2602_golf/share/gazebo_2602_golf/hook/ament_prefix_path.sh'
[0.292s] INFO:colcon.colcon_core.shell:Skip shell extension 'powershell' for command environment: Not usable outside of PowerShell
[0.292s] DEBUG:colcon.colcon_core.shell:Skip shell extension 'dsv' for command environment
[0.296s] INFO:colcon.colcon_ros.task.ament_python.build:Building ROS package in '/home/arthur/mrad_ws_2602_golf/src/ttc_2602_golf' with build type 'ament_python'
[0.296s] Level 1:colcon.colcon_core.shell:create_environment_hook('ttc_2602_golf', 'ament_prefix_path')
[0.296s] INFO:colcon.colcon_core.shell:Creating environment hook '/home/arthur/mrad_ws_2602_golf/install/ttc_2602_golf/share/ttc_2602_golf/hook/ament_prefix_path.ps1'
[0.297s] INFO:colcon.colcon_core.shell:Creating environment descriptor '/home/arthur/mrad_ws_2602_golf/install/ttc_2602_golf/share/ttc_2602_golf/hook/ament_prefix_path.dsv'
[0.297s] INFO:colcon.colcon_core.shell:Creating environment hook '/home/arthur/mrad_ws_2602_golf/install/ttc_2602_golf/share/ttc_2602_golf/hook/ament_prefix_path.sh'
[0.297s] INFO:colcon.colcon_core.shell:Skip shell extension 'powershell' for command environment: Not usable outside of PowerShell
[0.297s] DEBUG:colcon.colcon_core.shell:Skip shell extension 'dsv' for command environment
[0.301s] INFO:colcon.colcon_ros.task.ament_python.build:Building ROS package in '/home/arthur/mrad_ws_2602_golf/src/ttc_follow_the_gap_2602_golf' with build type 'ament_python'
[0.302s] Level 1:colcon.colcon_core.shell:create_environment_hook('ttc_follow_the_gap_2602_golf', 'ament_prefix_path')
[0.302s] INFO:colcon.colcon_core.shell:Creating environment hook '/home/arthur/mrad_ws_2602_golf/install/ttc_follow_the_gap_2602_golf/share/ttc_follow_the_gap_2602_golf/hook/ament_prefix_path.ps1'
[0.302s] INFO:colcon.colcon_core.shell:Creating environment descriptor '/home/arthur/mrad_ws_2602_golf/install/ttc_follow_the_gap_2602_golf/share/ttc_follow_the_gap_2602_golf/hook/ament_prefix_path.dsv'
[0.303s] INFO:colcon.colcon_core.shell:Creating environment hook '/home/arthur/mrad_ws_2602_golf/install/ttc_follow_the_gap_2602_golf/share/ttc_follow_the_gap_2602_golf/hook/ament_prefix_path.sh'
[0.303s] INFO:colcon.colcon_core.shell:Skip shell extension 'powershell' for command environment: Not usable outside of PowerShell
[0.303s] DEBUG:colcon.colcon_core.shell:Skip shell extension 'dsv' for command environment
[0.307s] INFO:colcon.colcon_ros.task.ament_python.build:Building ROS package in '/home/arthur/mrad_ws_2602_golf/src/wall_following_2602_golf' with build type 'ament_python'
[0.308s] Level 1:colcon.colcon_core.shell:create_environment_hook('wall_following_2602_golf', 'ament_prefix_path')
[0.308s] INFO:colcon.colcon_core.shell:Creating environment hook '/home/arthur/mrad_ws_2602_golf/install/wall_following_2602_golf/share/wall_following_2602_golf/hook/ament_prefix_path.ps1'
[0.308s] INFO:colcon.colcon_core.shell:Creating environment descriptor '/home/arthur/mrad_ws_2602_golf/install/wall_following_2602_golf/share/wall_following_2602_golf/hook/ament_prefix_path.dsv'
[0.308s] INFO:colcon.colcon_core.shell:Creating environment hook '/home/arthur/mrad_ws_2602_golf/install/wall_following_2602_golf/share/wall_following_2602_golf/hook/ament_prefix_path.sh'
[0.309s] INFO:colcon.colcon_core.shell:Skip shell extension 'powershell' for command environment: Not usable outside of PowerShell
[0.309s] DEBUG:colcon.colcon_core.shell:Skip shell extension 'dsv' for command environment
[0.525s] INFO:colcon.colcon_core.task.python.build:Building Python package in '/home/arthur/mrad_ws_2602_golf/src/bringup_2602_golf'
[0.526s] INFO:colcon.colcon_core.shell:Skip shell extension 'powershell' for command environment: Not usable outside of PowerShell
[0.526s] DEBUG:colcon.colcon_core.shell:Skip shell extension 'dsv' for command environment
[0.533s] DEBUG:colcon.colcon_core.event_handler.log_command:Invoking command in '/home/arthur/mrad_ws_2602_golf/build/control_2602_golf': CMAKE_PREFIX_PATH=${CMAKE_PREFIX_PATH}:/home/arthur/mrad_ws_2602_zulu/install/ttc_2602_zulu:/home/arthur/mrad_ws_2602_zulu/install/gazebo_2602_zulu:/home/arthur/mrad_ws_2602_zulu/install/description_2602_zulu:/home/arthur/mrad_ws_2602_zulu/install/bringup_2602_zulu:/home/arthur/mrad_ws_2602_golf/install/wall_following_2602_golf:/home/arthur/mrad_ws_2602_golf/install/ttc_follow_the_gap_2602_golf:/home/arthur/mrad_ws_2602_golf/install/ttc_2602_golf:/home/arthur/mrad_ws_2602_golf/install/gazebo_2602_golf:/home/arthur/mrad_ws_2602_golf/install/follow_the_gap_2602_golf:/home/arthur/mrad_ws_2602_golf/install/description_2602_golf:/home/arthur/mrad_ws_2602_golf/install/bringup_2602_golf:/home/arthur/remen_tuto/install/turtle_move_pkg_NNAA:/opt/ros/jazzy DEBUGINFOD_URLS=https://debuginfod.ubuntu.com /usr/bin/cmake --build /home/arthur/mrad_ws_2602_golf/build/control_2602_golf -- -j8 -l8
[0.749s] INFO:colcon.colcon_core.task.python.build:Building Python package in '/home/arthur/mrad_ws_2602_golf/src/description_2602_golf'
[0.749s] INFO:colcon.colcon_core.shell:Skip shell extension 'powershell' for command environment: Not usable outside of PowerShell
[0.749s] DEBUG:colcon.colcon_core.shell:Skip shell extension 'dsv' for command environment
[0.962s] INFO:colcon.colcon_core.task.python.build:Building Python package in '/home/arthur/mrad_ws_2602_golf/src/follow_the_gap_2602_golf'
[0.962s] INFO:colcon.colcon_core.shell:Skip shell extension 'powershell' for command environment: Not usable outside of PowerShell
[0.962s] DEBUG:colcon.colcon_core.shell:Skip shell extension 'dsv' for command environment
[1.178s] INFO:colcon.colcon_core.task.python.build:Building Python package in '/home/arthur/mrad_ws_2602_golf/src/gazebo_2602_golf'
[1.178s] INFO:colcon.colcon_core.shell:Skip shell extension 'powershell' for command environment: Not usable outside of PowerShell
[1.178s] DEBUG:colcon.colcon_core.shell:Skip shell extension 'dsv' for command environment
[1.392s] INFO:colcon.colcon_core.task.python.build:Building Python package in '/home/arthur/mrad_ws_2602_golf/src/ttc_2602_golf'
[1.393s] INFO:colcon.colcon_core.shell:Skip shell extension 'powershell' for command environment: Not usable outside of PowerShell
[1.393s] DEBUG:colcon.colcon_core.shell:Skip shell extension 'dsv' for command environment
[1.605s] INFO:colcon.colcon_core.task.python.build:Building Python package in '/home/arthur/mrad_ws_2602_golf/src/ttc_follow_the_gap_2602_golf'
[1.606s] INFO:colcon.colcon_core.shell:Skip shell extension 'powershell' for command environment: Not usable outside of PowerShell
[1.606s] DEBUG:colcon.colcon_core.shell:Skip shell extension 'dsv' for command environment
[1.966s] DEBUG:colcon.colcon_parallel_executor.executor.parallel:closing loop
[1.966s] DEBUG:colcon.colcon_parallel_executor.executor.parallel:loop closed
[1.966s] DEBUG:colcon.colcon_parallel_executor.executor.parallel:run_until_complete finished with 'Command '['/usr/bin/python3', '-c', 'import sys;from contextlib import suppress;exec("with suppress(ImportError):    from setuptools.extern.packaging.specifiers    import SpecifierSet");exec("with suppress(ImportError):    from packaging.specifiers import SpecifierSet");from distutils.core import run_setup;dist = run_setup(    \'setup.py\', script_args=(\'--dry-run\',), stop_after=\'config\');skip_keys = (\'cmdclass\', \'distclass\', \'ext_modules\', \'metadata\');data = {    key: value for key, value in dist.__dict__.items()     if (        not key.startswith(\'_\') and         not callable(value) and         key not in skip_keys and         key not in dist.display_option_names    )};data[\'metadata\'] = {    k: v for k, v in dist.metadata.__dict__.items()     if k not in (\'license_files\', \'provides_extras\')};sys.stdout.buffer.write(repr(data).encode(\'utf-8\'))']' returned non-zero exit status 1.'
[1.966s] DEBUG:colcon.colcon_core.event_reactor:joining thread
[1.971s] INFO:colcon.colcon_core.plugin_system:Skipping extension 'colcon_notification.desktop_notification.terminal_notifier': Not used on non-Darwin systems
[1.971s] INFO:colcon.colcon_core.plugin_system:Skipping extension 'colcon_notification.desktop_notification.win32': Not used on non-Windows systems
[1.971s] INFO:colcon.colcon_notification.desktop_notification:Sending desktop notification using 'notify2'
[1.982s] DEBUG:colcon.colcon_core.event_reactor:joined thread
[1.983s] INFO:colcon.colcon_core.shell:Creating prefix script '/home/arthur/mrad_ws_2602_golf/install/local_setup.ps1'
[1.984s] INFO:colcon.colcon_core.shell:Creating prefix util module '/home/arthur/mrad_ws_2602_golf/install/_local_setup_util_ps1.py'
[1.985s] INFO:colcon.colcon_core.shell:Creating prefix chain script '/home/arthur/mrad_ws_2602_golf/install/setup.ps1'
[1.987s] INFO:colcon.colcon_core.shell:Creating prefix script '/home/arthur/mrad_ws_2602_golf/install/local_setup.sh'
[1.988s] INFO:colcon.colcon_core.shell:Creating prefix util module '/home/arthur/mrad_ws_2602_golf/install/_local_setup_util_sh.py'
[1.989s] INFO:colcon.colcon_core.shell:Creating prefix chain script '/home/arthur/mrad_ws_2602_golf/install/setup.sh'
[1.990s] INFO:colcon.colcon_core.shell:Creating prefix script '/home/arthur/mrad_ws_2602_golf/install/local_setup.bash'
[1.991s] INFO:colcon.colcon_core.shell:Creating prefix chain script '/home/arthur/mrad_ws_2602_golf/install/setup.bash'
[1.992s] INFO:colcon.colcon_core.shell:Creating prefix script '/home/arthur/mrad_ws_2602_golf/install/local_setup.zsh'
[1.992s] INFO:colcon.colcon_core.shell:Creating prefix chain script '/home/arthur/mrad_ws_2602_golf/install/setup.zsh'
