[0.108s] DEBUG:colcon:Command line arguments: ['/usr/bin/colcon', 'build', '--symlink-install']
[0.108s] DEBUG:colcon:Parsed command line arguments: Namespace(log_base=None, log_level=None, verb_name='build', build_base='build', install_base='install', merge_install=False, symlink_install=True, test_result_base=None, continue_on_error=False, executor='parallel', parallel_workers=8, event_handlers=None, ignore_user_meta=False, metas=['./colcon.meta'], base_paths=['.'], packages_ignore=None, packages_ignore_regex=None, paths=None, packages_up_to=None, packages_up_to_regex=None, packages_above=None, packages_above_and_dependencies=None, packages_above_depth=None, packages_select_by_dep=None, packages_skip_by_dep=None, packages_skip_up_to=None, packages_select_build_failed=False, packages_skip_build_finished=False, packages_select_test_failures=False, packages_skip_test_passed=False, packages_select=None, packages_skip=None, packages_select_regex=None, packages_skip_regex=None, packages_start=None, packages_end=None, allow_overriding=[], cmake_args=None, cmake_target=None, cmake_target_skip_unavailable=False, cmake_clean_cache=False, cmake_clean_first=False, cmake_force_configure=False, ament_cmake_args=None, catkin_cmake_args=None, catkin_skip_building_tests=False, mixin_files=None, mixin=None, verb_parser=<colcon_mixin.mixin.mixin_argument.MixinArgumentDecorator object at 0x7fe226bcdb20>, verb_extension=<colcon_core.verb.build.BuildVerb object at 0x7fe226c674d0>, main=<bound method BuildVerb.main of <colcon_core.verb.build.BuildVerb object at 0x7fe226c674d0>>, mixin_verb=('build',))
[0.139s] Level 1:colcon.colcon_core.package_discovery:discover_packages(colcon_meta) check parameters
[0.139s] Level 1:colcon.colcon_core.package_discovery:discover_packages(recursive) check parameters
[0.139s] Level 1:colcon.colcon_core.package_discovery:discover_packages(ignore) check parameters
[0.139s] Level 1:colcon.colcon_core.package_discovery:discover_packages(path) check parameters
[0.139s] Level 1:colcon.colcon_core.package_discovery:discover_packages(colcon_meta) discover
[0.139s] Level 1:colcon.colcon_core.package_discovery:discover_packages(recursive) discover
[0.139s] INFO:colcon.colcon_core.package_discovery:Crawling recursively for packages in '/home/arthur/mrad_ws_2602_golf'
[0.140s] Level 1:colcon.colcon_core.package_identification:_identify(.) by extensions ['ignore', 'ignore_ament_install']
[0.140s] Level 1:colcon.colcon_core.package_identification:_identify(.) by extension 'ignore'
[0.140s] Level 1:colcon.colcon_core.package_identification:_identify(.) by extension 'ignore_ament_install'
[0.140s] Level 1:colcon.colcon_core.package_identification:_identify(.) by extensions ['colcon_pkg']
[0.140s] Level 1:colcon.colcon_core.package_identification:_identify(.) by extension 'colcon_pkg'
[0.140s] Level 1:colcon.colcon_core.package_identification:_identify(.) by extensions ['colcon_meta']
[0.140s] Level 1:colcon.colcon_core.package_identification:_identify(.) by extension 'colcon_meta'
[0.140s] Level 1:colcon.colcon_core.package_identification:_identify(.) by extensions ['ros']
[0.140s] Level 1:colcon.colcon_core.package_identification:_identify(.) by extension 'ros'
[0.162s] Level 1:colcon.colcon_core.package_identification:_identify(.) by extensions ['cmake', 'python']
[0.162s] Level 1:colcon.colcon_core.package_identification:_identify(.) by extension 'cmake'
[0.162s] Level 1:colcon.colcon_core.package_identification:_identify(.) by extension 'python'
[0.162s] Level 1:colcon.colcon_core.package_identification:_identify(.) by extensions ['python_setup_py']
[0.162s] Level 1:colcon.colcon_core.package_identification:_identify(.) by extension 'python_setup_py'
[0.162s] Level 1:colcon.colcon_core.package_identification:_identify(build) by extensions ['ignore', 'ignore_ament_install']
[0.162s] Level 1:colcon.colcon_core.package_identification:_identify(build) by extension 'ignore'
[0.163s] Level 1:colcon.colcon_core.package_identification:_identify(build) ignored
[0.163s] Level 1:colcon.colcon_core.package_identification:_identify(install) by extensions ['ignore', 'ignore_ament_install']
[0.163s] Level 1:colcon.colcon_core.package_identification:_identify(install) by extension 'ignore'
[0.163s] Level 1:colcon.colcon_core.package_identification:_identify(install) ignored
[0.163s] Level 1:colcon.colcon_core.package_identification:_identify(log) by extensions ['ignore', 'ignore_ament_install']
[0.163s] Level 1:colcon.colcon_core.package_identification:_identify(log) by extension 'ignore'
[0.163s] Level 1:colcon.colcon_core.package_identification:_identify(log) ignored
[0.163s] Level 1:colcon.colcon_core.package_identification:_identify(src) by extensions ['ignore', 'ignore_ament_install']
[0.163s] Level 1:colcon.colcon_core.package_identification:_identify(src) by extension 'ignore'
[0.163s] Level 1:colcon.colcon_core.package_identification:_identify(src) by extension 'ignore_ament_install'
[0.163s] Level 1:colcon.colcon_core.package_identification:_identify(src) by extensions ['colcon_pkg']
[0.163s] Level 1:colcon.colcon_core.package_identification:_identify(src) by extension 'colcon_pkg'
[0.163s] Level 1:colcon.colcon_core.package_identification:_identify(src) by extensions ['colcon_meta']
[0.163s] Level 1:colcon.colcon_core.package_identification:_identify(src) by extension 'colcon_meta'
[0.163s] Level 1:colcon.colcon_core.package_identification:_identify(src) by extensions ['ros']
[0.163s] Level 1:colcon.colcon_core.package_identification:_identify(src) by extension 'ros'
[0.164s] Level 1:colcon.colcon_core.package_identification:_identify(src) by extensions ['cmake', 'python']
[0.164s] Level 1:colcon.colcon_core.package_identification:_identify(src) by extension 'cmake'
[0.164s] Level 1:colcon.colcon_core.package_identification:_identify(src) by extension 'python'
[0.164s] Level 1:colcon.colcon_core.package_identification:_identify(src) by extensions ['python_setup_py']
[0.164s] Level 1:colcon.colcon_core.package_identification:_identify(src) by extension 'python_setup_py'
[0.164s] Level 1:colcon.colcon_core.package_identification:_identify(src/bringup_2602_golf) by extensions ['ignore', 'ignore_ament_install']
[0.164s] Level 1:colcon.colcon_core.package_identification:_identify(src/bringup_2602_golf) by extension 'ignore'
[0.164s] Level 1:colcon.colcon_core.package_identification:_identify(src/bringup_2602_golf) by extension 'ignore_ament_install'
[0.164s] Level 1:colcon.colcon_core.package_identification:_identify(src/bringup_2602_golf) by extensions ['colcon_pkg']
[0.164s] Level 1:colcon.colcon_core.package_identification:_identify(src/bringup_2602_golf) by extension 'colcon_pkg'
[0.164s] Level 1:colcon.colcon_core.package_identification:_identify(src/bringup_2602_golf) by extensions ['colcon_meta']
[0.164s] Level 1:colcon.colcon_core.package_identification:_identify(src/bringup_2602_golf) by extension 'colcon_meta'
[0.164s] Level 1:colcon.colcon_core.package_identification:_identify(src/bringup_2602_golf) by extensions ['ros']
[0.164s] Level 1:colcon.colcon_core.package_identification:_identify(src/bringup_2602_golf) by extension 'ros'
[0.166s] DEBUG:colcon.colcon_core.package_identification:Package 'src/bringup_2602_golf' with type 'ros.ament_python' and name 'bringup_2602_golf'
[0.166s] Level 1:colcon.colcon_core.package_identification:_identify(src/control_2602_golf) by extensions ['ignore', 'ignore_ament_install']
[0.166s] Level 1:colcon.colcon_core.package_identification:_identify(src/control_2602_golf) by extension 'ignore'
[0.166s] Level 1:colcon.colcon_core.package_identification:_identify(src/control_2602_golf) by extension 'ignore_ament_install'
[0.166s] Level 1:colcon.colcon_core.package_identification:_identify(src/control_2602_golf) by extensions ['colcon_pkg']
[0.166s] Level 1:colcon.colcon_core.package_identification:_identify(src/control_2602_golf) by extension 'colcon_pkg'
[0.166s] Level 1:colcon.colcon_core.package_identification:_identify(src/control_2602_golf) by extensions ['colcon_meta']
[0.166s] Level 1:colcon.colcon_core.package_identification:_identify(src/control_2602_golf) by extension 'colcon_meta'
[0.166s] Level 1:colcon.colcon_core.package_identification:_identify(src/control_2602_golf) by extensions ['ros']
[0.166s] Level 1:colcon.colcon_core.package_identification:_identify(src/control_2602_golf) by extension 'ros'
[0.167s] DEBUG:colcon.colcon_core.package_identification:Package 'src/control_2602_golf' with type 'ros.ament_cmake' and name 'control_2602_golf'
[0.167s] Level 1:colcon.colcon_core.package_identification:_identify(src/description_2602_golf) by extensions ['ignore', 'ignore_ament_install']
[0.167s] Level 1:colcon.colcon_core.package_identification:_identify(src/description_2602_golf) by extension 'ignore'
[0.167s] Level 1:colcon.colcon_core.package_identification:_identify(src/description_2602_golf) by extension 'ignore_ament_install'
[0.167s] Level 1:colcon.colcon_core.package_identification:_identify(src/description_2602_golf) by extensions ['colcon_pkg']
[0.167s] Level 1:colcon.colcon_core.package_identification:_identify(src/description_2602_golf) by extension 'colcon_pkg'
[0.167s] Level 1:colcon.colcon_core.package_identification:_identify(src/description_2602_golf) by extensions ['colcon_meta']
[0.167s] Level 1:colcon.colcon_core.package_identification:_identify(src/description_2602_golf) by extension 'colcon_meta'
[0.167s] Level 1:colcon.colcon_core.package_identification:_identify(src/description_2602_golf) by extensions ['ros']
[0.167s] Level 1:colcon.colcon_core.package_identification:_identify(src/description_2602_golf) by extension 'ros'
[0.168s] DEBUG:colcon.colcon_core.package_identification:Package 'src/description_2602_golf' with type 'ros.ament_python' and name 'description_2602_golf'
[0.168s] Level 1:colcon.colcon_core.package_identification:_identify(src/follow_the_gap_2602_golf) by extensions ['ignore', 'ignore_ament_install']
[0.168s] Level 1:colcon.colcon_core.package_identification:_identify(src/follow_the_gap_2602_golf) by extension 'ignore'
[0.168s] Level 1:colcon.colcon_core.package_identification:_identify(src/follow_the_gap_2602_golf) by extension 'ignore_ament_install'
[0.168s] Level 1:colcon.colcon_core.package_identification:_identify(src/follow_the_gap_2602_golf) by extensions ['colcon_pkg']
[0.168s] Level 1:colcon.colcon_core.package_identification:_identify(src/follow_the_gap_2602_golf) by extension 'colcon_pkg'
[0.168s] Level 1:colcon.colcon_core.package_identification:_identify(src/follow_the_gap_2602_golf) by extensions ['colcon_meta']
[0.168s] Level 1:colcon.colcon_core.package_identification:_identify(src/follow_the_gap_2602_golf) by extension 'colcon_meta'
[0.168s] Level 1:colcon.colcon_core.package_identification:_identify(src/follow_the_gap_2602_golf) by extensions ['ros']
[0.168s] Level 1:colcon.colcon_core.package_identification:_identify(src/follow_the_gap_2602_golf) by extension 'ros'
[0.168s] DEBUG:colcon.colcon_core.package_identification:Package 'src/follow_the_gap_2602_golf' with type 'ros.ament_python' and name 'follow_the_gap_2602_golf'
[0.168s] Level 1:colcon.colcon_core.package_identification:_identify(src/gazebo_2602_golf) by extensions ['ignore', 'ignore_ament_install']
[0.168s] Level 1:colcon.colcon_core.package_identification:_identify(src/gazebo_2602_golf) by extension 'ignore'
[0.169s] Level 1:colcon.colcon_core.package_identification:_identify(src/gazebo_2602_golf) by extension 'ignore_ament_install'
[0.169s] Level 1:colcon.colcon_core.package_identification:_identify(src/gazebo_2602_golf) by extensions ['colcon_pkg']
[0.169s] Level 1:colcon.colcon_core.package_identification:_identify(src/gazebo_2602_golf) by extension 'colcon_pkg'
[0.169s] Level 1:colcon.colcon_core.package_identification:_identify(src/gazebo_2602_golf) by extensions ['colcon_meta']
[0.169s] Level 1:colcon.colcon_core.package_identification:_identify(src/gazebo_2602_golf) by extension 'colcon_meta'
[0.169s] Level 1:colcon.colcon_core.package_identification:_identify(src/gazebo_2602_golf) by extensions ['ros']
[0.169s] Level 1:colcon.colcon_core.package_identification:_identify(src/gazebo_2602_golf) by extension 'ros'
[0.169s] DEBUG:colcon.colcon_core.package_identification:Package 'src/gazebo_2602_golf' with type 'ros.ament_python' and name 'gazebo_2602_golf'
[0.169s] Level 1:colcon.colcon_core.package_identification:_identify(src/ttc_2602_golf) by extensions ['ignore', 'ignore_ament_install']
[0.169s] Level 1:colcon.colcon_core.package_identification:_identify(src/ttc_2602_golf) by extension 'ignore'
[0.169s] Level 1:colcon.colcon_core.package_identification:_identify(src/ttc_2602_golf) by extension 'ignore_ament_install'
[0.169s] Level 1:colcon.colcon_core.package_identification:_identify(src/ttc_2602_golf) by extensions ['colcon_pkg']
[0.169s] Level 1:colcon.colcon_core.package_identification:_identify(src/ttc_2602_golf) by extension 'colcon_pkg'
[0.170s] Level 1:colcon.colcon_core.package_identification:_identify(src/ttc_2602_golf) by extensions ['colcon_meta']
[0.170s] Level 1:colcon.colcon_core.package_identification:_identify(src/ttc_2602_golf) by extension 'colcon_meta'
[0.170s] Level 1:colcon.colcon_core.package_identification:_identify(src/ttc_2602_golf) by extensions ['ros']
[0.170s] Level 1:colcon.colcon_core.package_identification:_identify(src/ttc_2602_golf) by extension 'ros'
[0.170s] DEBUG:colcon.colcon_core.package_identification:Package 'src/ttc_2602_golf' with type 'ros.ament_python' and name 'ttc_2602_golf'
[0.170s] Level 1:colcon.colcon_core.package_identification:_identify(src/ttc_follow_the_gap_2602_golf) by extensions ['ignore', 'ignore_ament_install']
[0.170s] Level 1:colcon.colcon_core.package_identification:_identify(src/ttc_follow_the_gap_2602_golf) by extension 'ignore'
[0.170s] Level 1:colcon.colcon_core.package_identification:_identify(src/ttc_follow_the_gap_2602_golf) by extension 'ignore_ament_install'
[0.170s] Level 1:colcon.colcon_core.package_identification:_identify(src/ttc_follow_the_gap_2602_golf) by extensions ['colcon_pkg']
[0.170s] Level 1:colcon.colcon_core.package_identification:_identify(src/ttc_follow_the_gap_2602_golf) by extension 'colcon_pkg'
[0.170s] Level 1:colcon.colcon_core.package_identification:_identify(src/ttc_follow_the_gap_2602_golf) by extensions ['colcon_meta']
[0.170s] Level 1:colcon.colcon_core.package_identification:_identify(src/ttc_follow_the_gap_2602_golf) by extension 'colcon_meta'
[0.170s] Level 1:colcon.colcon_core.package_identification:_identify(src/ttc_follow_the_gap_2602_golf) by extensions ['ros']
[0.170s] Level 1:colcon.colcon_core.package_identification:_identify(src/ttc_follow_the_gap_2602_golf) by extension 'ros'
[0.171s] DEBUG:colcon.colcon_core.package_identification:Package 'src/ttc_follow_the_gap_2602_golf' with type 'ros.ament_python' and name 'ttc_follow_the_gap_2602_golf'
[0.171s] Level 1:colcon.colcon_core.package_identification:_identify(src/wall_following_2602_golf) by extensions ['ignore', 'ignore_ament_install']
[0.171s] Level 1:colcon.colcon_core.package_identification:_identify(src/wall_following_2602_golf) by extension 'ignore'
[0.171s] Level 1:colcon.colcon_core.package_identification:_identify(src/wall_following_2602_golf) by extension 'ignore_ament_install'
[0.171s] Level 1:colcon.colcon_core.package_identification:_identify(src/wall_following_2602_golf) by extensions ['colcon_pkg']
[0.171s] Level 1:colcon.colcon_core.package_identification:_identify(src/wall_following_2602_golf) by extension 'colcon_pkg'
[0.171s] Level 1:colcon.colcon_core.package_identification:_identify(src/wall_following_2602_golf) by extensions ['colcon_meta']
[0.171s] Level 1:colcon.colcon_core.package_identification:_identify(src/wall_following_2602_golf) by extension 'colcon_meta'
[0.171s] Level 1:colcon.colcon_core.package_identification:_identify(src/wall_following_2602_golf) by extensions ['ros']
[0.171s] Level 1:colcon.colcon_core.package_identification:_identify(src/wall_following_2602_golf) by extension 'ros'
[0.171s] DEBUG:colcon.colcon_core.package_identification:Package 'src/wall_following_2602_golf' with type 'ros.ament_python' and name 'wall_following_2602_golf'
[0.171s] Level 1:colcon.colcon_core.package_discovery:discover_packages(recursive) using defaults
[0.172s] Level 1:colcon.colcon_core.package_discovery:discover_packages(ignore) discover
[0.172s] Level 1:colcon.colcon_core.package_discovery:discover_packages(ignore) using defaults
[0.172s] Level 1:colcon.colcon_core.package_discovery:discover_packages(path) discover
[0.172s] Level 1:colcon.colcon_core.package_discovery:discover_packages(path) using defaults
[0.189s] Level 1:colcon.colcon_core.package_discovery:discover_packages(prefix_path) check parameters
[0.189s] Level 1:colcon.colcon_core.package_discovery:discover_packages(prefix_path) discover
[0.190s] DEBUG:colcon.colcon_installed_package_information.package_discovery:Found 8 installed packages in /home/arthur/mrad_ws_2602_golf/install
[0.191s] DEBUG:colcon.colcon_installed_package_information.package_discovery:Found 5 installed packages in /home/arthur/mrad_ws_2602_zulu/install
[0.191s] DEBUG:colcon.colcon_installed_package_information.package_discovery:Found 1 installed packages in /home/arthur/remen_tuto/install
[0.193s] DEBUG:colcon.colcon_installed_package_information.package_discovery:Found 532 installed packages in /opt/ros/jazzy
[0.194s] Level 1:colcon.colcon_core.package_discovery:discover_packages(prefix_path) using defaults
[0.267s] Level 5:colcon.colcon_core.verb:set package 'bringup_2602_golf' build argument 'cmake_args' from command line to 'None'
[0.267s] Level 5:colcon.colcon_core.verb:set package 'bringup_2602_golf' build argument 'cmake_target' from command line to 'None'
[0.268s] Level 5:colcon.colcon_core.verb:set package 'bringup_2602_golf' build argument 'cmake_target_skip_unavailable' from command line to 'False'
[0.268s] Level 5:colcon.colcon_core.verb:set package 'bringup_2602_golf' build argument 'cmake_clean_cache' from command line to 'False'
[0.268s] Level 5:colcon.colcon_core.verb:set package 'bringup_2602_golf' build argument 'cmake_clean_first' from command line to 'False'
[0.268s] Level 5:colcon.colcon_core.verb:set package 'bringup_2602_golf' build argument 'cmake_force_configure' from command line to 'False'
[0.268s] Level 5:colcon.colcon_core.verb:set package 'bringup_2602_golf' build argument 'ament_cmake_args' from command line to 'None'
[0.268s] Level 5:colcon.colcon_core.verb:set package 'bringup_2602_golf' build argument 'catkin_cmake_args' from command line to 'None'
[0.268s] Level 5:colcon.colcon_core.verb:set package 'bringup_2602_golf' build argument 'catkin_skip_building_tests' from command line to 'False'
[0.268s] DEBUG:colcon.colcon_core.verb:Building package 'bringup_2602_golf' with the following arguments: {'ament_cmake_args': None, 'build_base': '/home/arthur/mrad_ws_2602_golf/build/bringup_2602_golf', 'catkin_cmake_args': None, 'catkin_skip_building_tests': False, 'cmake_args': None, 'cmake_clean_cache': False, 'cmake_clean_first': False, 'cmake_force_configure': False, 'cmake_target': None, 'cmake_target_skip_unavailable': False, 'install_base': '/home/arthur/mrad_ws_2602_golf/install/bringup_2602_golf', 'merge_install': False, 'path': '/home/arthur/mrad_ws_2602_golf/src/bringup_2602_golf', 'symlink_install': True, 'test_result_base': None}
[0.268s] Level 5:colcon.colcon_core.verb:set package 'control_2602_golf' build argument 'cmake_args' from command line to 'None'
[0.268s] Level 5:colcon.colcon_core.verb:set package 'control_2602_golf' build argument 'cmake_target' from command line to 'None'
[0.268s] Level 5:colcon.colcon_core.verb:set package 'control_2602_golf' build argument 'cmake_target_skip_unavailable' from command line to 'False'
[0.268s] Level 5:colcon.colcon_core.verb:set package 'control_2602_golf' build argument 'cmake_clean_cache' from command line to 'False'
[0.268s] Level 5:colcon.colcon_core.verb:set package 'control_2602_golf' build argument 'cmake_clean_first' from command line to 'False'
[0.268s] Level 5:colcon.colcon_core.verb:set package 'control_2602_golf' build argument 'cmake_force_configure' from command line to 'False'
[0.268s] Level 5:colcon.colcon_core.verb:set package 'control_2602_golf' build argument 'ament_cmake_args' from command line to 'None'
[0.268s] Level 5:colcon.colcon_core.verb:set package 'control_2602_golf' build argument 'catkin_cmake_args' from command line to 'None'
[0.268s] Level 5:colcon.colcon_core.verb:set package 'control_2602_golf' build argument 'catkin_skip_building_tests' from command line to 'False'
[0.268s] DEBUG:colcon.colcon_core.verb:Building package 'control_2602_golf' with the following arguments: {'ament_cmake_args': None, 'build_base': '/home/arthur/mrad_ws_2602_golf/build/control_2602_golf', 'catkin_cmake_args': None, 'catkin_skip_building_tests': False, 'cmake_args': None, 'cmake_clean_cache': False, 'cmake_clean_first': False, 'cmake_force_configure': False, 'cmake_target': None, 'cmake_target_skip_unavailable': False, 'install_base': '/home/arthur/mrad_ws_2602_golf/install/control_2602_golf', 'merge_install': False, 'path': '/home/arthur/mrad_ws_2602_golf/src/control_2602_golf', 'symlink_install': True, 'test_result_base': None}
[0.268s] Level 5:colcon.colcon_core.verb:set package 'description_2602_golf' build argument 'cmake_args' from command line to 'None'
[0.268s] Level 5:colcon.colcon_core.verb:set package 'description_2602_golf' build argument 'cmake_target' from command line to 'None'
[0.268s] Level 5:colcon.colcon_core.verb:set package 'description_2602_golf' build argument 'cmake_target_skip_unavailable' from command line to 'False'
[0.268s] Level 5:colcon.colcon_core.verb:set package 'description_2602_golf' build argument 'cmake_clean_cache' from command line to 'False'
[0.269s] Level 5:colcon.colcon_core.verb:set package 'description_2602_golf' build argument 'cmake_clean_first' from command line to 'False'
[0.269s] Level 5:colcon.colcon_core.verb:set package 'description_2602_golf' build argument 'cmake_force_configure' from command line to 'False'
[0.269s] Level 5:colcon.colcon_core.verb:set package 'description_2602_golf' build argument 'ament_cmake_args' from command line to 'None'
[0.269s] Level 5:colcon.colcon_core.verb:set package 'description_2602_golf' build argument 'catkin_cmake_args' from command line to 'None'
[0.269s] Level 5:colcon.colcon_core.verb:set package 'description_2602_golf' build argument 'catkin_skip_building_tests' from command line to 'False'
[0.269s] DEBUG:colcon.colcon_core.verb:Building package 'description_2602_golf' with the following arguments: {'ament_cmake_args': None, 'build_base': '/home/arthur/mrad_ws_2602_golf/build/description_2602_golf', 'catkin_cmake_args': None, 'catkin_skip_building_tests': False, 'cmake_args': None, 'cmake_clean_cache': False, 'cmake_clean_first': False, 'cmake_force_configure': False, 'cmake_target': None, 'cmake_target_skip_unavailable': False, 'install_base': '/home/arthur/mrad_ws_2602_golf/install/description_2602_golf', 'merge_install': False, 'path': '/home/arthur/mrad_ws_2602_golf/src/description_2602_golf', 'symlink_install': True, 'test_result_base': None}
[0.269s] Level 5:colcon.colcon_core.verb:set package 'follow_the_gap_2602_golf' build argument 'cmake_args' from command line to 'None'
[0.269s] Level 5:colcon.colcon_core.verb:set package 'follow_the_gap_2602_golf' build argument 'cmake_target' from command line to 'None'
[0.269s] Level 5:colcon.colcon_core.verb:set package 'follow_the_gap_2602_golf' build argument 'cmake_target_skip_unavailable' from command line to 'False'
[0.269s] Level 5:colcon.colcon_core.verb:set package 'follow_the_gap_2602_golf' build argument 'cmake_clean_cache' from command line to 'False'
[0.269s] Level 5:colcon.colcon_core.verb:set package 'follow_the_gap_2602_golf' build argument 'cmake_clean_first' from command line to 'False'
[0.269s] Level 5:colcon.colcon_core.verb:set package 'follow_the_gap_2602_golf' build argument 'cmake_force_configure' from command line to 'False'
[0.269s] Level 5:colcon.colcon_core.verb:set package 'follow_the_gap_2602_golf' build argument 'ament_cmake_args' from command line to 'None'
[0.269s] Level 5:colcon.colcon_core.verb:set package 'follow_the_gap_2602_golf' build argument 'catkin_cmake_args' from command line to 'None'
[0.269s] Level 5:colcon.colcon_core.verb:set package 'follow_the_gap_2602_golf' build argument 'catkin_skip_building_tests' from command line to 'False'
[0.269s] DEBUG:colcon.colcon_core.verb:Building package 'follow_the_gap_2602_golf' with the following arguments: {'ament_cmake_args': None, 'build_base': '/home/arthur/mrad_ws_2602_golf/build/follow_the_gap_2602_golf', 'catkin_cmake_args': None, 'catkin_skip_building_tests': False, 'cmake_args': None, 'cmake_clean_cache': False, 'cmake_clean_first': False, 'cmake_force_configure': False, 'cmake_target': None, 'cmake_target_skip_unavailable': False, 'install_base': '/home/arthur/mrad_ws_2602_golf/install/follow_the_gap_2602_golf', 'merge_install': False, 'path': '/home/arthur/mrad_ws_2602_golf/src/follow_the_gap_2602_golf', 'symlink_install': True, 'test_result_base': None}
[0.269s] Level 5:colcon.colcon_core.verb:set package 'gazebo_2602_golf' build argument 'cmake_args' from command line to 'None'
[0.269s] Level 5:colcon.colcon_core.verb:set package 'gazebo_2602_golf' build argument 'cmake_target' from command line to 'None'
[0.269s] Level 5:colcon.colcon_core.verb:set package 'gazebo_2602_golf' build argument 'cmake_target_skip_unavailable' from command line to 'False'
[0.269s] Level 5:colcon.colcon_core.verb:set package 'gazebo_2602_golf' build argument 'cmake_clean_cache' from command line to 'False'
[0.269s] Level 5:colcon.colcon_core.verb:set package 'gazebo_2602_golf' build argument 'cmake_clean_first' from command line to 'False'
[0.269s] Level 5:colcon.colcon_core.verb:set package 'gazebo_2602_golf' build argument 'cmake_force_configure' from command line to 'False'
[0.269s] Level 5:colcon.colcon_core.verb:set package 'gazebo_2602_golf' build argument 'ament_cmake_args' from command line to 'None'
[0.270s] Level 5:colcon.colcon_core.verb:set package 'gazebo_2602_golf' build argument 'catkin_cmake_args' from command line to 'None'
[0.270s] Level 5:colcon.colcon_core.verb:set package 'gazebo_2602_golf' build argument 'catkin_skip_building_tests' from command line to 'False'
[0.270s] DEBUG:colcon.colcon_core.verb:Building package 'gazebo_2602_golf' with the following arguments: {'ament_cmake_args': None, 'build_base': '/home/arthur/mrad_ws_2602_golf/build/gazebo_2602_golf', 'catkin_cmake_args': None, 'catkin_skip_building_tests': False, 'cmake_args': None, 'cmake_clean_cache': False, 'cmake_clean_first': False, 'cmake_force_configure': False, 'cmake_target': None, 'cmake_target_skip_unavailable': False, 'install_base': '/home/arthur/mrad_ws_2602_golf/install/gazebo_2602_golf', 'merge_install': False, 'path': '/home/arthur/mrad_ws_2602_golf/src/gazebo_2602_golf', 'symlink_install': True, 'test_result_base': None}
[0.270s] Level 5:colcon.colcon_core.verb:set package 'ttc_2602_golf' build argument 'cmake_args' from command line to 'None'
[0.270s] Level 5:colcon.colcon_core.verb:set package 'ttc_2602_golf' build argument 'cmake_target' from command line to 'None'
[0.270s] Level 5:colcon.colcon_core.verb:set package 'ttc_2602_golf' build argument 'cmake_target_skip_unavailable' from command line to 'False'
[0.270s] Level 5:colcon.colcon_core.verb:set package 'ttc_2602_golf' build argument 'cmake_clean_cache' from command line to 'False'
[0.270s] Level 5:colcon.colcon_core.verb:set package 'ttc_2602_golf' build argument 'cmake_clean_first' from command line to 'False'
[0.270s] Level 5:colcon.colcon_core.verb:set package 'ttc_2602_golf' build argument 'cmake_force_configure' from command line to 'False'
[0.270s] Level 5:colcon.colcon_core.verb:set package 'ttc_2602_golf' build argument 'ament_cmake_args' from command line to 'None'
[0.270s] Level 5:colcon.colcon_core.verb:set package 'ttc_2602_golf' build argument 'catkin_cmake_args' from command line to 'None'
[0.270s] Level 5:colcon.colcon_core.verb:set package 'ttc_2602_golf' build argument 'catkin_skip_building_tests' from command line to 'False'
[0.270s] DEBUG:colcon.colcon_core.verb:Building package 'ttc_2602_golf' with the following arguments: {'ament_cmake_args': None, 'build_base': '/home/arthur/mrad_ws_2602_golf/build/ttc_2602_golf', 'catkin_cmake_args': None, 'catkin_skip_building_tests': False, 'cmake_args': None, 'cmake_clean_cache': False, 'cmake_clean_first': False, 'cmake_force_configure': False, 'cmake_target': None, 'cmake_target_skip_unavailable': False, 'install_base': '/home/arthur/mrad_ws_2602_golf/install/ttc_2602_golf', 'merge_install': False, 'path': '/home/arthur/mrad_ws_2602_golf/src/ttc_2602_golf', 'symlink_install': True, 'test_result_base': None}
[0.270s] Level 5:colcon.colcon_core.verb:set package 'ttc_follow_the_gap_2602_golf' build argument 'cmake_args' from command line to 'None'
[0.270s] Level 5:colcon.colcon_core.verb:set package 'ttc_follow_the_gap_2602_golf' build argument 'cmake_target' from command line to 'None'
[0.270s] Level 5:colcon.colcon_core.verb:set package 'ttc_follow_the_gap_2602_golf' build argument 'cmake_target_skip_unavailable' from command line to 'False'
[0.270s] Level 5:colcon.colcon_core.verb:set package 'ttc_follow_the_gap_2602_golf' build argument 'cmake_clean_cache' from command line to 'False'
[0.270s] Level 5:colcon.colcon_core.verb:set package 'ttc_follow_the_gap_2602_golf' build argument 'cmake_clean_first' from command line to 'False'
[0.270s] Level 5:colcon.colcon_core.verb:set package 'ttc_follow_the_gap_2602_golf' build argument 'cmake_force_configure' from command line to 'False'
[0.270s] Level 5:colcon.colcon_core.verb:set package 'ttc_follow_the_gap_2602_golf' build argument 'ament_cmake_args' from command line to 'None'
[0.270s] Level 5:colcon.colcon_core.verb:set package 'ttc_follow_the_gap_2602_golf' build argument 'catkin_cmake_args' from command line to 'None'
[0.270s] Level 5:colcon.colcon_core.verb:set package 'ttc_follow_the_gap_2602_golf' build argument 'catkin_skip_building_tests' from command line to 'False'
[0.271s] DEBUG:colcon.colcon_core.verb:Building package 'ttc_follow_the_gap_2602_golf' with the following arguments: {'ament_cmake_args': None, 'build_base': '/home/arthur/mrad_ws_2602_golf/build/ttc_follow_the_gap_2602_golf', 'catkin_cmake_args': None, 'catkin_skip_building_tests': False, 'cmake_args': None, 'cmake_clean_cache': False, 'cmake_clean_first': False, 'cmake_force_configure': False, 'cmake_target': None, 'cmake_target_skip_unavailable': False, 'install_base': '/home/arthur/mrad_ws_2602_golf/install/ttc_follow_the_gap_2602_golf', 'merge_install': False, 'path': '/home/arthur/mrad_ws_2602_golf/src/ttc_follow_the_gap_2602_golf', 'symlink_install': True, 'test_result_base': None}
[0.271s] Level 5:colcon.colcon_core.verb:set package 'wall_following_2602_golf' build argument 'cmake_args' from command line to 'None'
[0.271s] Level 5:colcon.colcon_core.verb:set package 'wall_following_2602_golf' build argument 'cmake_target' from command line to 'None'
[0.271s] Level 5:colcon.colcon_core.verb:set package 'wall_following_2602_golf' build argument 'cmake_target_skip_unavailable' from command line to 'False'
[0.271s] Level 5:colcon.colcon_core.verb:set package 'wall_following_2602_golf' build argument 'cmake_clean_cache' from command line to 'False'
[0.271s] Level 5:colcon.colcon_core.verb:set package 'wall_following_2602_golf' build argument 'cmake_clean_first' from command line to 'False'
[0.271s] Level 5:colcon.colcon_core.verb:set package 'wall_following_2602_golf' build argument 'cmake_force_configure' from command line to 'False'
[0.271s] Level 5:colcon.colcon_core.verb:set package 'wall_following_2602_golf' build argument 'ament_cmake_args' from command line to 'None'
[0.271s] Level 5:colcon.colcon_core.verb:set package 'wall_following_2602_golf' build argument 'catkin_cmake_args' from command line to 'None'
[0.271s] Level 5:colcon.colcon_core.verb:set package 'wall_following_2602_golf' build argument 'catkin_skip_building_tests' from command line to 'False'
[0.271s] DEBUG:colcon.colcon_core.verb:Building package 'wall_following_2602_golf' with the following arguments: {'ament_cmake_args': None, 'build_base': '/home/arthur/mrad_ws_2602_golf/build/wall_following_2602_golf', 'catkin_cmake_args': None, 'catkin_skip_building_tests': False, 'cmake_args': None, 'cmake_clean_cache': False, 'cmake_clean_first': False, 'cmake_force_configure': False, 'cmake_target': None, 'cmake_target_skip_unavailable': False, 'install_base': '/home/arthur/mrad_ws_2602_golf/install/wall_following_2602_golf', 'merge_install': False, 'path': '/home/arthur/mrad_ws_2602_golf/src/wall_following_2602_golf', 'symlink_install': True, 'test_result_base': None}
[0.271s] INFO:colcon.colcon_core.executor:Executing jobs using 'parallel' executor
[0.272s] DEBUG:colcon.colcon_parallel_executor.executor.parallel:run_until_complete
[0.272s] INFO:colcon.colcon_ros.task.ament_python.build:Building ROS package in '/home/arthur/mrad_ws_2602_golf/src/bringup_2602_golf' with build type 'ament_python'
[0.272s] Level 1:colcon.colcon_core.shell:create_environment_hook('bringup_2602_golf', 'ament_prefix_path')
[0.274s] INFO:colcon.colcon_core.plugin_system:Skipping extension 'colcon_core.shell.bat': Not used on non-Windows systems
[0.275s] INFO:colcon.colcon_core.shell:Creating environment hook '/home/arthur/mrad_ws_2602_golf/install/bringup_2602_golf/share/bringup_2602_golf/hook/ament_prefix_path.ps1'
[0.275s] INFO:colcon.colcon_core.shell:Creating environment descriptor '/home/arthur/mrad_ws_2602_golf/install/bringup_2602_golf/share/bringup_2602_golf/hook/ament_prefix_path.dsv'
[0.276s] INFO:colcon.colcon_core.shell:Creating environment hook '/home/arthur/mrad_ws_2602_golf/install/bringup_2602_golf/share/bringup_2602_golf/hook/ament_prefix_path.sh'
[0.276s] INFO:colcon.colcon_core.shell:Skip shell extension 'powershell' for command environment: Not usable outside of PowerShell
[0.276s] DEBUG:colcon.colcon_core.shell:Skip shell extension 'dsv' for command environment
[0.281s] INFO:colcon.colcon_ros.task.ament_cmake.build:Building ROS package in '/home/arthur/mrad_ws_2602_golf/src/control_2602_golf' with build type 'ament_cmake'
[0.281s] INFO:colcon.colcon_cmake.task.cmake.build:Building CMake package in '/home/arthur/mrad_ws_2602_golf/src/control_2602_golf'
[0.281s] INFO:colcon.colcon_core.shell:Skip shell extension 'powershell' for command environment: Not usable outside of PowerShell
[0.281s] DEBUG:colcon.colcon_core.shell:Skip shell extension 'dsv' for command environment
[0.286s] INFO:colcon.colcon_ros.task.ament_python.build:Building ROS package in '/home/arthur/mrad_ws_2602_golf/src/description_2602_golf' with build type 'ament_python'
[0.286s] Level 1:colcon.colcon_core.shell:create_environment_hook('description_2602_golf', 'ament_prefix_path')
[0.286s] INFO:colcon.colcon_core.shell:Creating environment hook '/home/arthur/mrad_ws_2602_golf/install/description_2602_golf/share/description_2602_golf/hook/ament_prefix_path.ps1'
[0.287s] INFO:colcon.colcon_core.shell:Creating environment descriptor '/home/arthur/mrad_ws_2602_golf/install/description_2602_golf/share/description_2602_golf/hook/ament_prefix_path.dsv'
[0.287s] INFO:colcon.colcon_core.shell:Creating environment hook '/home/arthur/mrad_ws_2602_golf/install/description_2602_golf/share/description_2602_golf/hook/ament_prefix_path.sh'
[0.288s] INFO:colcon.colcon_core.shell:Skip shell extension 'powershell' for command environment: Not usable outside of PowerShell
[0.288s] DEBUG:colcon.colcon_core.shell:Skip shell extension 'dsv' for command environment
[0.293s] INFO:colcon.colcon_ros.task.ament_python.build:Building ROS package in '/home/arthur/mrad_ws_2602_golf/src/follow_the_gap_2602_golf' with build type 'ament_python'
[0.293s] Level 1:colcon.colcon_core.shell:create_environment_hook('follow_the_gap_2602_golf', 'ament_prefix_path')
[0.293s] INFO:colcon.colcon_core.shell:Creating environment hook '/home/arthur/mrad_ws_2602_golf/install/follow_the_gap_2602_golf/share/follow_the_gap_2602_golf/hook/ament_prefix_path.ps1'
[0.293s] INFO:colcon.colcon_core.shell:Creating environment descriptor '/home/arthur/mrad_ws_2602_golf/install/follow_the_gap_2602_golf/share/follow_the_gap_2602_golf/hook/ament_prefix_path.dsv'
[0.294s] INFO:colcon.colcon_core.shell:Creating environment hook '/home/arthur/mrad_ws_2602_golf/install/follow_the_gap_2602_golf/share/follow_the_gap_2602_golf/hook/ament_prefix_path.sh'
[0.294s] INFO:colcon.colcon_core.shell:Skip shell extension 'powershell' for command environment: Not usable outside of PowerShell
[0.294s] DEBUG:colcon.colcon_core.shell:Skip shell extension 'dsv' for command environment
[0.299s] INFO:colcon.colcon_ros.task.ament_python.build:Building ROS package in '/home/arthur/mrad_ws_2602_golf/src/gazebo_2602_golf' with build type 'ament_python'
[0.299s] Level 1:colcon.colcon_core.shell:create_environment_hook('gazebo_2602_golf', 'ament_prefix_path')
[0.299s] INFO:colcon.colcon_core.shell:Creating environment hook '/home/arthur/mrad_ws_2602_golf/install/gazebo_2602_golf/share/gazebo_2602_golf/hook/ament_prefix_path.ps1'
[0.299s] INFO:colcon.colcon_core.shell:Creating environment descriptor '/home/arthur/mrad_ws_2602_golf/install/gazebo_2602_golf/share/gazebo_2602_golf/hook/ament_prefix_path.dsv'
[0.300s] INFO:colcon.colcon_core.shell:Creating environment hook '/home/arthur/mrad_ws_2602_golf/install/gazebo_2602_golf/share/gazebo_2602_golf/hook/ament_prefix_path.sh'
[0.300s] INFO:colcon.colcon_core.shell:Skip shell extension 'powershell' for command environment: Not usable outside of PowerShell
[0.300s] DEBUG:colcon.colcon_core.shell:Skip shell extension 'dsv' for command environment
[0.305s] INFO:colcon.colcon_ros.task.ament_python.build:Building ROS package in '/home/arthur/mrad_ws_2602_golf/src/ttc_2602_golf' with build type 'ament_python'
[0.305s] Level 1:colcon.colcon_core.shell:create_environment_hook('ttc_2602_golf', 'ament_prefix_path')
[0.305s] INFO:colcon.colcon_core.shell:Creating environment hook '/home/arthur/mrad_ws_2602_golf/install/ttc_2602_golf/share/ttc_2602_golf/hook/ament_prefix_path.ps1'
[0.306s] INFO:colcon.colcon_core.shell:Creating environment descriptor '/home/arthur/mrad_ws_2602_golf/install/ttc_2602_golf/share/ttc_2602_golf/hook/ament_prefix_path.dsv'
[0.306s] INFO:colcon.colcon_core.shell:Creating environment hook '/home/arthur/mrad_ws_2602_golf/install/ttc_2602_golf/share/ttc_2602_golf/hook/ament_prefix_path.sh'
[0.306s] INFO:colcon.colcon_core.shell:Skip shell extension 'powershell' for command environment: Not usable outside of PowerShell
[0.306s] DEBUG:colcon.colcon_core.shell:Skip shell extension 'dsv' for command environment
[0.311s] INFO:colcon.colcon_ros.task.ament_python.build:Building ROS package in '/home/arthur/mrad_ws_2602_golf/src/ttc_follow_the_gap_2602_golf' with build type 'ament_python'
[0.311s] Level 1:colcon.colcon_core.shell:create_environment_hook('ttc_follow_the_gap_2602_golf', 'ament_prefix_path')
[0.311s] INFO:colcon.colcon_core.shell:Creating environment hook '/home/arthur/mrad_ws_2602_golf/install/ttc_follow_the_gap_2602_golf/share/ttc_follow_the_gap_2602_golf/hook/ament_prefix_path.ps1'
[0.312s] INFO:colcon.colcon_core.shell:Creating environment descriptor '/home/arthur/mrad_ws_2602_golf/install/ttc_follow_the_gap_2602_golf/share/ttc_follow_the_gap_2602_golf/hook/ament_prefix_path.dsv'
[0.312s] INFO:colcon.colcon_core.shell:Creating environment hook '/home/arthur/mrad_ws_2602_golf/install/ttc_follow_the_gap_2602_golf/share/ttc_follow_the_gap_2602_golf/hook/ament_prefix_path.sh'
[0.312s] INFO:colcon.colcon_core.shell:Skip shell extension 'powershell' for command environment: Not usable outside of PowerShell
[0.312s] DEBUG:colcon.colcon_core.shell:Skip shell extension 'dsv' for command environment
[0.317s] INFO:colcon.colcon_ros.task.ament_python.build:Building ROS package in '/home/arthur/mrad_ws_2602_golf/src/wall_following_2602_golf' with build type 'ament_python'
[0.317s] Level 1:colcon.colcon_core.shell:create_environment_hook('wall_following_2602_golf', 'ament_prefix_path')
[0.318s] INFO:colcon.colcon_core.shell:Creating environment hook '/home/arthur/mrad_ws_2602_golf/install/wall_following_2602_golf/share/wall_following_2602_golf/hook/ament_prefix_path.ps1'
[0.318s] INFO:colcon.colcon_core.shell:Creating environment descriptor '/home/arthur/mrad_ws_2602_golf/install/wall_following_2602_golf/share/wall_following_2602_golf/hook/ament_prefix_path.dsv'
[0.318s] INFO:colcon.colcon_core.shell:Creating environment hook '/home/arthur/mrad_ws_2602_golf/install/wall_following_2602_golf/share/wall_following_2602_golf/hook/ament_prefix_path.sh'
[0.319s] INFO:colcon.colcon_core.shell:Skip shell extension 'powershell' for command environment: Not usable outside of PowerShell
[0.319s] DEBUG:colcon.colcon_core.shell:Skip shell extension 'dsv' for command environment
[0.538s] INFO:colcon.colcon_core.task.python.build:Building Python package in '/home/arthur/mrad_ws_2602_golf/src/bringup_2602_golf'
[0.538s] INFO:colcon.colcon_core.shell:Skip shell extension 'powershell' for command environment: Not usable outside of PowerShell
[0.538s] DEBUG:colcon.colcon_core.shell:Skip shell extension 'dsv' for command environment
[0.547s] DEBUG:colcon.colcon_core.event_handler.log_command:Invoking command in '/home/arthur/mrad_ws_2602_golf/build/control_2602_golf': CMAKE_PREFIX_PATH=${CMAKE_PREFIX_PATH}:/home/arthur/mrad_ws_2602_zulu/install/ttc_2602_zulu:/home/arthur/mrad_ws_2602_zulu/install/gazebo_2602_zulu:/home/arthur/mrad_ws_2602_zulu/install/description_2602_zulu:/home/arthur/mrad_ws_2602_zulu/install/bringup_2602_zulu:/home/arthur/mrad_ws_2602_golf/install/wall_following_2602_golf:/home/arthur/mrad_ws_2602_golf/install/ttc_follow_the_gap_2602_golf:/home/arthur/mrad_ws_2602_golf/install/ttc_2602_golf:/home/arthur/mrad_ws_2602_golf/install/gazebo_2602_golf:/home/arthur/mrad_ws_2602_golf/install/follow_the_gap_2602_golf:/home/arthur/mrad_ws_2602_golf/install/description_2602_golf:/home/arthur/mrad_ws_2602_golf/install/bringup_2602_golf:/home/arthur/remen_tuto/install/turtle_move_pkg_NNAA:/opt/ros/jazzy DEBUGINFOD_URLS=https://debuginfod.ubuntu.com /usr/bin/cmake --build /home/arthur/mrad_ws_2602_golf/build/control_2602_golf -- -j8 -l8
[0.761s] INFO:colcon.colcon_core.task.python.build:Building Python package in '/home/arthur/mrad_ws_2602_golf/src/description_2602_golf'
[0.761s] INFO:colcon.colcon_core.shell:Skip shell extension 'powershell' for command environment: Not usable outside of PowerShell
[0.761s] DEBUG:colcon.colcon_core.shell:Skip shell extension 'dsv' for command environment
[0.982s] INFO:colcon.colcon_core.task.python.build:Building Python package in '/home/arthur/mrad_ws_2602_golf/src/follow_the_gap_2602_golf'
[0.982s] INFO:colcon.colcon_core.shell:Skip shell extension 'powershell' for command environment: Not usable outside of PowerShell
[0.982s] DEBUG:colcon.colcon_core.shell:Skip shell extension 'dsv' for command environment
[1.196s] INFO:colcon.colcon_core.task.python.build:Building Python package in '/home/arthur/mrad_ws_2602_golf/src/gazebo_2602_golf'
[1.197s] INFO:colcon.colcon_core.shell:Skip shell extension 'powershell' for command environment: Not usable outside of PowerShell
[1.197s] DEBUG:colcon.colcon_core.shell:Skip shell extension 'dsv' for command environment
[1.413s] INFO:colcon.colcon_core.task.python.build:Building Python package in '/home/arthur/mrad_ws_2602_golf/src/ttc_2602_golf'
[1.413s] INFO:colcon.colcon_core.shell:Skip shell extension 'powershell' for command environment: Not usable outside of PowerShell
[1.413s] DEBUG:colcon.colcon_core.shell:Skip shell extension 'dsv' for command environment
[1.630s] INFO:colcon.colcon_core.task.python.build:Building Python package in '/home/arthur/mrad_ws_2602_golf/src/ttc_follow_the_gap_2602_golf'
[1.630s] INFO:colcon.colcon_core.shell:Skip shell extension 'powershell' for command environment: Not usable outside of PowerShell
[1.630s] DEBUG:colcon.colcon_core.shell:Skip shell extension 'dsv' for command environment
[1.854s] INFO:colcon.colcon_core.task.python.build:Building Python package in '/home/arthur/mrad_ws_2602_golf/src/wall_following_2602_golf'
[1.854s] INFO:colcon.colcon_core.shell:Skip shell extension 'powershell' for command environment: Not usable outside of PowerShell
[1.854s] DEBUG:colcon.colcon_core.shell:Skip shell extension 'dsv' for command environment
[1.860s] DEBUG:colcon.colcon_core.event_handler.log_command:Invoked command in '/home/arthur/mrad_ws_2602_golf/build/control_2602_golf' returned '0': CMAKE_PREFIX_PATH=${CMAKE_PREFIX_PATH}:/home/arthur/mrad_ws_2602_zulu/install/ttc_2602_zulu:/home/arthur/mrad_ws_2602_zulu/install/gazebo_2602_zulu:/home/arthur/mrad_ws_2602_zulu/install/description_2602_zulu:/home/arthur/mrad_ws_2602_zulu/install/bringup_2602_zulu:/home/arthur/mrad_ws_2602_golf/install/wall_following_2602_golf:/home/arthur/mrad_ws_2602_golf/install/ttc_follow_the_gap_2602_golf:/home/arthur/mrad_ws_2602_golf/install/ttc_2602_golf:/home/arthur/mrad_ws_2602_golf/install/gazebo_2602_golf:/home/arthur/mrad_ws_2602_golf/install/follow_the_gap_2602_golf:/home/arthur/mrad_ws_2602_golf/install/description_2602_golf:/home/arthur/mrad_ws_2602_golf/install/bringup_2602_golf:/home/arthur/remen_tuto/install/turtle_move_pkg_NNAA:/opt/ros/jazzy DEBUGINFOD_URLS=https://debuginfod.ubuntu.com /usr/bin/cmake --build /home/arthur/mrad_ws_2602_golf/build/control_2602_golf -- -j8 -l8
[1.868s] DEBUG:colcon.colcon_core.event_handler.log_command:Invoking command in '/home/arthur/mrad_ws_2602_golf/build/control_2602_golf': CMAKE_PREFIX_PATH=${CMAKE_PREFIX_PATH}:/home/arthur/mrad_ws_2602_zulu/install/ttc_2602_zulu:/home/arthur/mrad_ws_2602_zulu/install/gazebo_2602_zulu:/home/arthur/mrad_ws_2602_zulu/install/description_2602_zulu:/home/arthur/mrad_ws_2602_zulu/install/bringup_2602_zulu:/home/arthur/mrad_ws_2602_golf/install/wall_following_2602_golf:/home/arthur/mrad_ws_2602_golf/install/ttc_follow_the_gap_2602_golf:/home/arthur/mrad_ws_2602_golf/install/ttc_2602_golf:/home/arthur/mrad_ws_2602_golf/install/gazebo_2602_golf:/home/arthur/mrad_ws_2602_golf/install/follow_the_gap_2602_golf:/home/arthur/mrad_ws_2602_golf/install/description_2602_golf:/home/arthur/mrad_ws_2602_golf/install/bringup_2602_golf:/home/arthur/remen_tuto/install/turtle_move_pkg_NNAA:/opt/ros/jazzy DEBUGINFOD_URLS=https://debuginfod.ubuntu.com /usr/bin/cmake --install /home/arthur/mrad_ws_2602_golf/build/control_2602_golf
[1.892s] Level 1:colcon.colcon_core.environment:create_environment_scripts_only(control_2602_golf)
[1.895s] Level 1:colcon.colcon_core.environment:checking '/home/arthur/mrad_ws_2602_golf/install/control_2602_golf' for CMake module files
[1.896s] DEBUG:colcon.colcon_core.event_handler.log_command:Invoked command in '/home/arthur/mrad_ws_2602_golf/build/control_2602_golf' returned '0': CMAKE_PREFIX_PATH=${CMAKE_PREFIX_PATH}:/home/arthur/mrad_ws_2602_zulu/install/ttc_2602_zulu:/home/arthur/mrad_ws_2602_zulu/install/gazebo_2602_zulu:/home/arthur/mrad_ws_2602_zulu/install/description_2602_zulu:/home/arthur/mrad_ws_2602_zulu/install/bringup_2602_zulu:/home/arthur/mrad_ws_2602_golf/install/wall_following_2602_golf:/home/arthur/mrad_ws_2602_golf/install/ttc_follow_the_gap_2602_golf:/home/arthur/mrad_ws_2602_golf/install/ttc_2602_golf:/home/arthur/mrad_ws_2602_golf/install/gazebo_2602_golf:/home/arthur/mrad_ws_2602_golf/install/follow_the_gap_2602_golf:/home/arthur/mrad_ws_2602_golf/install/description_2602_golf:/home/arthur/mrad_ws_2602_golf/install/bringup_2602_golf:/home/arthur/remen_tuto/install/turtle_move_pkg_NNAA:/opt/ros/jazzy DEBUGINFOD_URLS=https://debuginfod.ubuntu.com /usr/bin/cmake --install /home/arthur/mrad_ws_2602_golf/build/control_2602_golf
[1.896s] Level 1:colcon.colcon_core.environment:checking '/home/arthur/mrad_ws_2602_golf/install/control_2602_golf' for CMake config files
[1.897s] Level 1:colcon.colcon_core.shell:create_environment_hook('control_2602_golf', 'cmake_prefix_path')
[1.897s] INFO:colcon.colcon_core.shell:Creating environment hook '/home/arthur/mrad_ws_2602_golf/install/control_2602_golf/share/control_2602_golf/hook/cmake_prefix_path.ps1'
[1.898s] INFO:colcon.colcon_core.shell:Creating environment descriptor '/home/arthur/mrad_ws_2602_golf/install/control_2602_golf/share/control_2602_golf/hook/cmake_prefix_path.dsv'
[1.898s] INFO:colcon.colcon_core.shell:Creating environment hook '/home/arthur/mrad_ws_2602_golf/install/control_2602_golf/share/control_2602_golf/hook/cmake_prefix_path.sh'
[1.899s] Level 1:colcon.colcon_core.environment:checking '/home/arthur/mrad_ws_2602_golf/install/control_2602_golf/bin'
[1.899s] Level 1:colcon.colcon_core.environment:checking '/home/arthur/mrad_ws_2602_golf/install/control_2602_golf/lib/pkgconfig/control_2602_golf.pc'
[1.899s] Level 1:colcon.colcon_core.environment:checking '/home/arthur/mrad_ws_2602_golf/install/control_2602_golf/lib/python3.12/site-packages'
[1.900s] Level 1:colcon.colcon_core.environment:checking '/home/arthur/mrad_ws_2602_golf/install/control_2602_golf/bin'
[1.900s] INFO:colcon.colcon_core.shell:Creating package script '/home/arthur/mrad_ws_2602_golf/install/control_2602_golf/share/control_2602_golf/package.ps1'
[1.902s] INFO:colcon.colcon_core.shell:Creating package descriptor '/home/arthur/mrad_ws_2602_golf/install/control_2602_golf/share/control_2602_golf/package.dsv'
[1.903s] INFO:colcon.colcon_core.shell:Creating package script '/home/arthur/mrad_ws_2602_golf/install/control_2602_golf/share/control_2602_golf/package.sh'
[1.903s] INFO:colcon.colcon_core.shell:Creating package script '/home/arthur/mrad_ws_2602_golf/install/control_2602_golf/share/control_2602_golf/package.bash'
[1.904s] INFO:colcon.colcon_core.shell:Creating package script '/home/arthur/mrad_ws_2602_golf/install/control_2602_golf/share/control_2602_golf/package.zsh'
[1.905s] Level 1:colcon.colcon_core.environment:create_file_with_runtime_dependencies(/home/arthur/mrad_ws_2602_golf/install/control_2602_golf/share/colcon-core/packages/control_2602_golf)
[1.906s] Level 1:colcon.colcon_core.environment:create_environment_scripts_only(control_2602_golf)
[1.906s] Level 1:colcon.colcon_core.environment:checking '/home/arthur/mrad_ws_2602_golf/install/control_2602_golf' for CMake module files
[1.907s] Level 1:colcon.colcon_core.environment:checking '/home/arthur/mrad_ws_2602_golf/install/control_2602_golf' for CMake config files
[1.907s] Level 1:colcon.colcon_core.shell:create_environment_hook('control_2602_golf', 'cmake_prefix_path')
[1.907s] INFO:colcon.colcon_core.shell:Creating environment hook '/home/arthur/mrad_ws_2602_golf/install/control_2602_golf/share/control_2602_golf/hook/cmake_prefix_path.ps1'
[1.908s] INFO:colcon.colcon_core.shell:Creating environment descriptor '/home/arthur/mrad_ws_2602_golf/install/control_2602_golf/share/control_2602_golf/hook/cmake_prefix_path.dsv'
[1.908s] INFO:colcon.colcon_core.shell:Creating environment hook '/home/arthur/mrad_ws_2602_golf/install/control_2602_golf/share/control_2602_golf/hook/cmake_prefix_path.sh'
[1.909s] Level 1:colcon.colcon_core.environment:checking '/home/arthur/mrad_ws_2602_golf/install/control_2602_golf/bin'
[1.909s] Level 1:colcon.colcon_core.environment:checking '/home/arthur/mrad_ws_2602_golf/install/control_2602_golf/lib/pkgconfig/control_2602_golf.pc'
[1.909s] Level 1:colcon.colcon_core.environment:checking '/home/arthur/mrad_ws_2602_golf/install/control_2602_golf/lib/python3.12/site-packages'
[1.910s] Level 1:colcon.colcon_core.environment:checking '/home/arthur/mrad_ws_2602_golf/install/control_2602_golf/bin'
[1.910s] INFO:colcon.colcon_core.shell:Creating package script '/home/arthur/mrad_ws_2602_golf/install/control_2602_golf/share/control_2602_golf/package.ps1'
[1.911s] INFO:colcon.colcon_core.shell:Creating package descriptor '/home/arthur/mrad_ws_2602_golf/install/control_2602_golf/share/control_2602_golf/package.dsv'
[1.911s] INFO:colcon.colcon_core.shell:Creating package script '/home/arthur/mrad_ws_2602_golf/install/control_2602_golf/share/control_2602_golf/package.sh'
[1.912s] INFO:colcon.colcon_core.shell:Creating package script '/home/arthur/mrad_ws_2602_golf/install/control_2602_golf/share/control_2602_golf/package.bash'
[1.912s] INFO:colcon.colcon_core.shell:Creating package script '/home/arthur/mrad_ws_2602_golf/install/control_2602_golf/share/control_2602_golf/package.zsh'
[1.913s] Level 1:colcon.colcon_core.environment:create_file_with_runtime_dependencies(/home/arthur/mrad_ws_2602_golf/install/control_2602_golf/share/colcon-core/packages/control_2602_golf)
[2.660s] DEBUG:colcon.colcon_core.task.python.build:Available setuptools commands: update_catalog, ptr, install_data, check, init_catalog, build_ext, install_lib, setopt, build_py, install_headers, bdist_wheel, develop, editable_wheel, clean, install_egg_info, build_scripts, dist_info, sdist, build, compile_catalog, bdist, saveopts, rotate, easy_install, test, build_clib, upload, egg_info, bdist_rpm, extract_messages, install, install_scripts, bdist_dumb, bdist_egg, symlink_data, register, pytest, alias, upload_docs
[2.912s] DEBUG:colcon.colcon_core.task.python.build:Available setuptools commands: update_catalog, ptr, install_data, check, init_catalog, build_ext, install_lib, setopt, build_py, install_headers, bdist_wheel, develop, editable_wheel, clean, install_egg_info, build_scripts, dist_info, sdist, build, compile_catalog, bdist, saveopts, rotate, easy_install, test, build_clib, upload, egg_info, bdist_rpm, extract_messages, install, install_scripts, bdist_dumb, bdist_egg, symlink_data, register, pytest, alias, upload_docs
[2.997s] DEBUG:colcon.colcon_core.task.python.build:Available setuptools commands: update_catalog, ptr, install_data, check, init_catalog, build_ext, install_lib, setopt, build_py, install_headers, bdist_wheel, develop, editable_wheel, clean, install_egg_info, build_scripts, dist_info, sdist, build, compile_catalog, bdist, saveopts, rotate, easy_install, test, build_clib, upload, egg_info, bdist_rpm, extract_messages, install, install_scripts, bdist_dumb, bdist_egg, symlink_data, register, pytest, alias, upload_docs
[3.008s] DEBUG:colcon.colcon_core.task.python.build:Available setuptools commands: update_catalog, ptr, install_data, check, init_catalog, build_ext, install_lib, setopt, build_py, install_headers, bdist_wheel, develop, editable_wheel, clean, install_egg_info, build_scripts, dist_info, sdist, build, compile_catalog, bdist, saveopts, rotate, easy_install, test, build_clib, upload, egg_info, bdist_rpm, extract_messages, install, install_scripts, bdist_dumb, bdist_egg, symlink_data, register, pytest, alias, upload_docs
[3.009s] DEBUG:colcon.colcon_core.task.python.build:Available setuptools commands: update_catalog, ptr, install_data, check, init_catalog, build_ext, install_lib, setopt, build_py, install_headers, bdist_wheel, develop, editable_wheel, clean, install_egg_info, build_scripts, dist_info, sdist, build, compile_catalog, bdist, saveopts, rotate, easy_install, test, build_clib, upload, egg_info, bdist_rpm, extract_messages, install, install_scripts, bdist_dumb, bdist_egg, symlink_data, register, pytest, alias, upload_docs
[3.021s] DEBUG:colcon.colcon_core.task.python.build:Available setuptools commands: update_catalog, ptr, install_data, check, init_catalog, build_ext, install_lib, setopt, build_py, install_headers, bdist_wheel, develop, editable_wheel, clean, install_egg_info, build_scripts, dist_info, sdist, build, compile_catalog, bdist, saveopts, rotate, easy_install, test, build_clib, upload, egg_info, bdist_rpm, extract_messages, install, install_scripts, bdist_dumb, bdist_egg, symlink_data, register, pytest, alias, upload_docs
[3.032s] DEBUG:colcon.colcon_core.task.python.build:Available setuptools commands: update_catalog, ptr, install_data, check, init_catalog, build_ext, install_lib, setopt, build_py, install_headers, bdist_wheel, develop, editable_wheel, clean, install_egg_info, build_scripts, dist_info, sdist, build, compile_catalog, bdist, saveopts, rotate, easy_install, test, build_clib, upload, egg_info, bdist_rpm, extract_messages, install, install_scripts, bdist_dumb, bdist_egg, symlink_data, register, pytest, alias, upload_docs
[3.081s] DEBUG:colcon.colcon_core.task.python.build:Available setuptools 'develop' options: --build-directory, --always-unzip, --upgrade, --no-user-cfg, --no-deps, --install-layout, --optimize, --multi-version, --script-dir, --prefix, --always-copy, --uninstall, --index-url, --site-dirs, --allow-hosts, --version, --find-links, --no-find-links, --verbose, --help, --force-installation-into-system-dir, --local-snapshots-ok, --install-dir, --dry-run, --editable, --user, --record, --egg-path, --zip-ok, --quiet, --exclude-scripts
[3.083s] DEBUG:colcon.colcon_core.event_handler.log_command:Invoking command in '/home/arthur/mrad_ws_2602_golf/build/bringup_2602_golf': DEBUGINFOD_URLS=https://debuginfod.ubuntu.com PYTHONPATH=/home/arthur/mrad_ws_2602_golf/build/bringup_2602_golf/prefix_override:/usr/lib/python3/dist-packages/colcon_core/task/python/colcon_distutils_commands:/home/arthur/mrad_ws_2602_golf/install/bringup_2602_golf/lib/python3.12/site-packages:${PYTHONPATH} /usr/bin/python3 -W ignore:setup.py install is deprecated -W ignore:easy_install command is deprecated setup.py develop --editable --build-directory /home/arthur/mrad_ws_2602_golf/build/bringup_2602_golf/build --no-deps symlink_data
[3.540s] DEBUG:colcon.colcon_core.task.python.build:Available setuptools 'develop' options: --build-directory, --always-unzip, --upgrade, --no-user-cfg, --no-deps, --install-layout, --optimize, --multi-version, --script-dir, --prefix, --always-copy, --uninstall, --index-url, --site-dirs, --allow-hosts, --version, --find-links, --no-find-links, --verbose, --help, --force-installation-into-system-dir, --local-snapshots-ok, --install-dir, --dry-run, --editable, --user, --record, --egg-path, --zip-ok, --quiet, --exclude-scripts
[3.541s] DEBUG:colcon.colcon_core.event_handler.log_command:Invoking command in '/home/arthur/mrad_ws_2602_golf/build/ttc_2602_golf': DEBUGINFOD_URLS=https://debuginfod.ubuntu.com PYTHONPATH=/home/arthur/mrad_ws_2602_golf/build/ttc_2602_golf/prefix_override:/usr/lib/python3/dist-packages/colcon_core/task/python/colcon_distutils_commands:/home/arthur/mrad_ws_2602_golf/install/ttc_2602_golf/lib/python3.12/site-packages:${PYTHONPATH} /usr/bin/python3 -W ignore:setup.py install is deprecated -W ignore:easy_install command is deprecated setup.py develop --editable --build-directory /home/arthur/mrad_ws_2602_golf/build/ttc_2602_golf/build --no-deps symlink_data
[3.628s] DEBUG:colcon.colcon_core.task.python.build:Available setuptools 'develop' options: --build-directory, --always-unzip, --upgrade, --no-user-cfg, --no-deps, --install-layout, --optimize, --multi-version, --script-dir, --prefix, --always-copy, --uninstall, --index-url, --site-dirs, --allow-hosts, --version, --find-links, --no-find-links, --verbose, --help, --force-installation-into-system-dir, --local-snapshots-ok, --install-dir, --dry-run, --editable, --user, --record, --egg-path, --zip-ok, --quiet, --exclude-scripts
[3.629s] DEBUG:colcon.colcon_core.event_handler.log_command:Invoking command in '/home/arthur/mrad_ws_2602_golf/build/follow_the_gap_2602_golf': DEBUGINFOD_URLS=https://debuginfod.ubuntu.com PYTHONPATH=/home/arthur/mrad_ws_2602_golf/build/follow_the_gap_2602_golf/prefix_override:/usr/lib/python3/dist-packages/colcon_core/task/python/colcon_distutils_commands:/home/arthur/mrad_ws_2602_golf/install/follow_the_gap_2602_golf/lib/python3.12/site-packages:${PYTHONPATH} /usr/bin/python3 -W ignore:setup.py install is deprecated -W ignore:easy_install command is deprecated setup.py develop --editable --build-directory /home/arthur/mrad_ws_2602_golf/build/follow_the_gap_2602_golf/build --no-deps symlink_data
[3.641s] DEBUG:colcon.colcon_core.task.python.build:Available setuptools 'develop' options: --build-directory, --always-unzip, --upgrade, --no-user-cfg, --no-deps, --install-layout, --optimize, --multi-version, --script-dir, --prefix, --always-copy, --uninstall, --index-url, --site-dirs, --allow-hosts, --version, --find-links, --no-find-links, --verbose, --help, --force-installation-into-system-dir, --local-snapshots-ok, --install-dir, --dry-run, --editable, --user, --record, --egg-path, --zip-ok, --quiet, --exclude-scripts
[3.643s] DEBUG:colcon.colcon_core.event_handler.log_command:Invoking command in '/home/arthur/mrad_ws_2602_golf/build/ttc_follow_the_gap_2602_golf': DEBUGINFOD_URLS=https://debuginfod.ubuntu.com PYTHONPATH=/home/arthur/mrad_ws_2602_golf/build/ttc_follow_the_gap_2602_golf/prefix_override:/usr/lib/python3/dist-packages/colcon_core/task/python/colcon_distutils_commands:/home/arthur/mrad_ws_2602_golf/install/ttc_follow_the_gap_2602_golf/lib/python3.12/site-packages:${PYTHONPATH} /usr/bin/python3 -W ignore:setup.py install is deprecated -W ignore:easy_install command is deprecated setup.py develop --editable --build-directory /home/arthur/mrad_ws_2602_golf/build/ttc_follow_the_gap_2602_golf/build --no-deps symlink_data
[3.646s] DEBUG:colcon.colcon_core.task.python.build:Available setuptools 'develop' options: --build-directory, --always-unzip, --upgrade, --no-user-cfg, --no-deps, --install-layout, --optimize, --multi-version, --script-dir, --prefix, --always-copy, --uninstall, --index-url, --site-dirs, --allow-hosts, --version, --find-links, --no-find-links, --verbose, --help, --force-installation-into-system-dir, --local-snapshots-ok, --install-dir, --dry-run, --editable, --user, --record, --egg-path, --zip-ok, --quiet, --exclude-scripts
[3.648s] DEBUG:colcon.colcon_core.event_handler.log_command:Invoking command in '/home/arthur/mrad_ws_2602_golf/build/description_2602_golf': DEBUGINFOD_URLS=https://debuginfod.ubuntu.com PYTHONPATH=/home/arthur/mrad_ws_2602_golf/build/description_2602_golf/prefix_override:/usr/lib/python3/dist-packages/colcon_core/task/python/colcon_distutils_commands:/home/arthur/mrad_ws_2602_golf/install/description_2602_golf/lib/python3.12/site-packages:${PYTHONPATH} /usr/bin/python3 -W ignore:setup.py install is deprecated -W ignore:easy_install command is deprecated setup.py develop --editable --build-directory /home/arthur/mrad_ws_2602_golf/build/description_2602_golf/build --no-deps symlink_data
[3.671s] DEBUG:colcon.colcon_core.task.python.build:Available setuptools 'develop' options: --build-directory, --always-unzip, --upgrade, --no-user-cfg, --no-deps, --install-layout, --optimize, --multi-version, --script-dir, --prefix, --always-copy, --uninstall, --index-url, --site-dirs, --allow-hosts, --version, --find-links, --no-find-links, --verbose, --help, --force-installation-into-system-dir, --local-snapshots-ok, --install-dir, --dry-run, --editable, --user, --record, --egg-path, --zip-ok, --quiet, --exclude-scripts
[3.673s] DEBUG:colcon.colcon_core.event_handler.log_command:Invoking command in '/home/arthur/mrad_ws_2602_golf/build/gazebo_2602_golf': DEBUGINFOD_URLS=https://debuginfod.ubuntu.com PYTHONPATH=/home/arthur/mrad_ws_2602_golf/build/gazebo_2602_golf/prefix_override:/usr/lib/python3/dist-packages/colcon_core/task/python/colcon_distutils_commands:/home/arthur/mrad_ws_2602_golf/install/gazebo_2602_golf/lib/python3.12/site-packages:${PYTHONPATH} /usr/bin/python3 -W ignore:setup.py install is deprecated -W ignore:easy_install command is deprecated setup.py develop --editable --build-directory /home/arthur/mrad_ws_2602_golf/build/gazebo_2602_golf/build --no-deps symlink_data
[3.673s] DEBUG:colcon.colcon_core.task.python.build:Available setuptools 'develop' options: --build-directory, --always-unzip, --upgrade, --no-user-cfg, --no-deps, --install-layout, --optimize, --multi-version, --script-dir, --prefix, --always-copy, --uninstall, --index-url, --site-dirs, --allow-hosts, --version, --find-links, --no-find-links, --verbose, --help, --force-installation-into-system-dir, --local-snapshots-ok, --install-dir, --dry-run, --editable, --user, --record, --egg-path, --zip-ok, --quiet, --exclude-scripts
[3.674s] DEBUG:colcon.colcon_core.event_handler.log_command:Invoking command in '/home/arthur/mrad_ws_2602_golf/build/wall_following_2602_golf': DEBUGINFOD_URLS=https://debuginfod.ubuntu.com PYTHONPATH=/home/arthur/mrad_ws_2602_golf/build/wall_following_2602_golf/prefix_override:/usr/lib/python3/dist-packages/colcon_core/task/python/colcon_distutils_commands:/home/arthur/mrad_ws_2602_golf/install/wall_following_2602_golf/lib/python3.12/site-packages:${PYTHONPATH} /usr/bin/python3 -W ignore:setup.py install is deprecated -W ignore:easy_install command is deprecated setup.py develop --editable --build-directory /home/arthur/mrad_ws_2602_golf/build/wall_following_2602_golf/build --no-deps symlink_data
[4.012s] Level 1:colcon.colcon_core.shell:create_environment_hook('bringup_2602_golf', 'pythonpath_develop')
[4.013s] INFO:colcon.colcon_core.shell:Creating environment hook '/home/arthur/mrad_ws_2602_golf/build/bringup_2602_golf/share/bringup_2602_golf/hook/pythonpath_develop.ps1'
[4.013s] INFO:colcon.colcon_core.shell:Creating environment descriptor '/home/arthur/mrad_ws_2602_golf/build/bringup_2602_golf/share/bringup_2602_golf/hook/pythonpath_develop.dsv'
[4.014s] DEBUG:colcon.colcon_core.event_handler.log_command:Invoked command in '/home/arthur/mrad_ws_2602_golf/build/bringup_2602_golf' returned '0': DEBUGINFOD_URLS=https://debuginfod.ubuntu.com PYTHONPATH=/home/arthur/mrad_ws_2602_golf/build/bringup_2602_golf/prefix_override:/usr/lib/python3/dist-packages/colcon_core/task/python/colcon_distutils_commands:/home/arthur/mrad_ws_2602_golf/install/bringup_2602_golf/lib/python3.12/site-packages:${PYTHONPATH} /usr/bin/python3 -W ignore:setup.py install is deprecated -W ignore:easy_install command is deprecated setup.py develop --editable --build-directory /home/arthur/mrad_ws_2602_golf/build/bringup_2602_golf/build --no-deps symlink_data
[4.014s] INFO:colcon.colcon_core.shell:Creating environment hook '/home/arthur/mrad_ws_2602_golf/build/bringup_2602_golf/share/bringup_2602_golf/hook/pythonpath_develop.sh'
[4.014s] Level 1:colcon.colcon_core.environment:checking '/home/arthur/mrad_ws_2602_golf/install/bringup_2602_golf' for CMake module files
[4.015s] Level 1:colcon.colcon_core.environment:checking '/home/arthur/mrad_ws_2602_golf/install/bringup_2602_golf' for CMake config files
[4.015s] Level 1:colcon.colcon_core.environment:checking '/home/arthur/mrad_ws_2602_golf/install/bringup_2602_golf/lib'
[4.015s] Level 1:colcon.colcon_core.environment:checking '/home/arthur/mrad_ws_2602_golf/install/bringup_2602_golf/bin'
[4.015s] Level 1:colcon.colcon_core.environment:checking '/home/arthur/mrad_ws_2602_golf/install/bringup_2602_golf/lib/pkgconfig/bringup_2602_golf.pc'
[4.016s] Level 1:colcon.colcon_core.environment:checking '/home/arthur/mrad_ws_2602_golf/install/bringup_2602_golf/lib/python3.12/site-packages'
[4.016s] Level 1:colcon.colcon_core.shell:create_environment_hook('bringup_2602_golf', 'pythonpath')
[4.016s] INFO:colcon.colcon_core.shell:Creating environment hook '/home/arthur/mrad_ws_2602_golf/install/bringup_2602_golf/share/bringup_2602_golf/hook/pythonpath.ps1'
[4.016s] INFO:colcon.colcon_core.shell:Creating environment descriptor '/home/arthur/mrad_ws_2602_golf/install/bringup_2602_golf/share/bringup_2602_golf/hook/pythonpath.dsv'
[4.017s] INFO:colcon.colcon_core.shell:Creating environment hook '/home/arthur/mrad_ws_2602_golf/install/bringup_2602_golf/share/bringup_2602_golf/hook/pythonpath.sh'
[4.017s] Level 1:colcon.colcon_core.environment:checking '/home/arthur/mrad_ws_2602_golf/install/bringup_2602_golf/bin'
[4.017s] Level 1:colcon.colcon_core.environment:create_environment_scripts_only(bringup_2602_golf)
[4.019s] INFO:colcon.colcon_core.shell:Creating package script '/home/arthur/mrad_ws_2602_golf/install/bringup_2602_golf/share/bringup_2602_golf/package.ps1'
[4.020s] INFO:colcon.colcon_core.shell:Creating package descriptor '/home/arthur/mrad_ws_2602_golf/install/bringup_2602_golf/share/bringup_2602_golf/package.dsv'
[4.020s] INFO:colcon.colcon_core.shell:Creating package script '/home/arthur/mrad_ws_2602_golf/install/bringup_2602_golf/share/bringup_2602_golf/package.sh'
[4.020s] INFO:colcon.colcon_core.shell:Creating package script '/home/arthur/mrad_ws_2602_golf/install/bringup_2602_golf/share/bringup_2602_golf/package.bash'
[4.021s] INFO:colcon.colcon_core.shell:Creating package script '/home/arthur/mrad_ws_2602_golf/install/bringup_2602_golf/share/bringup_2602_golf/package.zsh'
[4.021s] Level 1:colcon.colcon_core.environment:create_file_with_runtime_dependencies(/home/arthur/mrad_ws_2602_golf/install/bringup_2602_golf/share/colcon-core/packages/bringup_2602_golf)
[4.540s] Level 1:colcon.colcon_core.shell:create_environment_hook('ttc_2602_golf', 'pythonpath_develop')
[4.541s] INFO:colcon.colcon_core.shell:Creating environment hook '/home/arthur/mrad_ws_2602_golf/build/ttc_2602_golf/share/ttc_2602_golf/hook/pythonpath_develop.ps1'
[4.541s] INFO:colcon.colcon_core.shell:Creating environment descriptor '/home/arthur/mrad_ws_2602_golf/build/ttc_2602_golf/share/ttc_2602_golf/hook/pythonpath_develop.dsv'
[4.542s] INFO:colcon.colcon_core.shell:Creating environment hook '/home/arthur/mrad_ws_2602_golf/build/ttc_2602_golf/share/ttc_2602_golf/hook/pythonpath_develop.sh'
[4.542s] Level 1:colcon.colcon_core.environment:checking '/home/arthur/mrad_ws_2602_golf/install/ttc_2602_golf' for CMake module files
[4.543s] Level 1:colcon.colcon_core.environment:checking '/home/arthur/mrad_ws_2602_golf/install/ttc_2602_golf' for CMake config files
[4.544s] Level 1:colcon.colcon_core.environment:checking '/home/arthur/mrad_ws_2602_golf/install/ttc_2602_golf/lib'
[4.546s] DEBUG:colcon.colcon_core.event_handler.log_command:Invoked command in '/home/arthur/mrad_ws_2602_golf/build/ttc_2602_golf' returned '0': DEBUGINFOD_URLS=https://debuginfod.ubuntu.com PYTHONPATH=/home/arthur/mrad_ws_2602_golf/build/ttc_2602_golf/prefix_override:/usr/lib/python3/dist-packages/colcon_core/task/python/colcon_distutils_commands:/home/arthur/mrad_ws_2602_golf/install/ttc_2602_golf/lib/python3.12/site-packages:${PYTHONPATH} /usr/bin/python3 -W ignore:setup.py install is deprecated -W ignore:easy_install command is deprecated setup.py develop --editable --build-directory /home/arthur/mrad_ws_2602_golf/build/ttc_2602_golf/build --no-deps symlink_data
[4.547s] Level 1:colcon.colcon_core.environment:checking '/home/arthur/mrad_ws_2602_golf/install/ttc_2602_golf/bin'
[4.547s] Level 1:colcon.colcon_core.environment:checking '/home/arthur/mrad_ws_2602_golf/install/ttc_2602_golf/lib/pkgconfig/ttc_2602_golf.pc'
[4.548s] Level 1:colcon.colcon_core.environment:checking '/home/arthur/mrad_ws_2602_golf/install/ttc_2602_golf/lib/python3.12/site-packages'
[4.548s] Level 1:colcon.colcon_core.shell:create_environment_hook('ttc_2602_golf', 'pythonpath')
[4.548s] INFO:colcon.colcon_core.shell:Creating environment hook '/home/arthur/mrad_ws_2602_golf/install/ttc_2602_golf/share/ttc_2602_golf/hook/pythonpath.ps1'
[4.549s] INFO:colcon.colcon_core.shell:Creating environment descriptor '/home/arthur/mrad_ws_2602_golf/install/ttc_2602_golf/share/ttc_2602_golf/hook/pythonpath.dsv'
[4.550s] INFO:colcon.colcon_core.shell:Creating environment hook '/home/arthur/mrad_ws_2602_golf/install/ttc_2602_golf/share/ttc_2602_golf/hook/pythonpath.sh'
[4.551s] Level 1:colcon.colcon_core.environment:checking '/home/arthur/mrad_ws_2602_golf/install/ttc_2602_golf/bin'
[4.552s] Level 1:colcon.colcon_core.environment:create_environment_scripts_only(ttc_2602_golf)
[4.553s] INFO:colcon.colcon_core.shell:Creating package script '/home/arthur/mrad_ws_2602_golf/install/ttc_2602_golf/share/ttc_2602_golf/package.ps1'
[4.554s] INFO:colcon.colcon_core.shell:Creating package descriptor '/home/arthur/mrad_ws_2602_golf/install/ttc_2602_golf/share/ttc_2602_golf/package.dsv'
[4.555s] INFO:colcon.colcon_core.shell:Creating package script '/home/arthur/mrad_ws_2602_golf/install/ttc_2602_golf/share/ttc_2602_golf/package.sh'
[4.555s] INFO:colcon.colcon_core.shell:Creating package script '/home/arthur/mrad_ws_2602_golf/install/ttc_2602_golf/share/ttc_2602_golf/package.bash'
[4.556s] INFO:colcon.colcon_core.shell:Creating package script '/home/arthur/mrad_ws_2602_golf/install/ttc_2602_golf/share/ttc_2602_golf/package.zsh'
[4.556s] Level 1:colcon.colcon_core.environment:create_file_with_runtime_dependencies(/home/arthur/mrad_ws_2602_golf/install/ttc_2602_golf/share/colcon-core/packages/ttc_2602_golf)
[4.684s] Level 1:colcon.colcon_core.shell:create_environment_hook('wall_following_2602_golf', 'pythonpath_develop')
[4.684s] INFO:colcon.colcon_core.shell:Creating environment hook '/home/arthur/mrad_ws_2602_golf/build/wall_following_2602_golf/share/wall_following_2602_golf/hook/pythonpath_develop.ps1'
[4.685s] DEBUG:colcon.colcon_core.event_handler.log_command:Invoked command in '/home/arthur/mrad_ws_2602_golf/build/wall_following_2602_golf' returned '0': DEBUGINFOD_URLS=https://debuginfod.ubuntu.com PYTHONPATH=/home/arthur/mrad_ws_2602_golf/build/wall_following_2602_golf/prefix_override:/usr/lib/python3/dist-packages/colcon_core/task/python/colcon_distutils_commands:/home/arthur/mrad_ws_2602_golf/install/wall_following_2602_golf/lib/python3.12/site-packages:${PYTHONPATH} /usr/bin/python3 -W ignore:setup.py install is deprecated -W ignore:easy_install command is deprecated setup.py develop --editable --build-directory /home/arthur/mrad_ws_2602_golf/build/wall_following_2602_golf/build --no-deps symlink_data
[4.685s] INFO:colcon.colcon_core.shell:Creating environment descriptor '/home/arthur/mrad_ws_2602_golf/build/wall_following_2602_golf/share/wall_following_2602_golf/hook/pythonpath_develop.dsv'
[4.685s] INFO:colcon.colcon_core.shell:Creating environment hook '/home/arthur/mrad_ws_2602_golf/build/wall_following_2602_golf/share/wall_following_2602_golf/hook/pythonpath_develop.sh'
[4.685s] Level 1:colcon.colcon_core.environment:checking '/home/arthur/mrad_ws_2602_golf/install/wall_following_2602_golf' for CMake module files
[4.686s] Level 1:colcon.colcon_core.environment:checking '/home/arthur/mrad_ws_2602_golf/install/wall_following_2602_golf' for CMake config files
[4.686s] Level 1:colcon.colcon_core.environment:checking '/home/arthur/mrad_ws_2602_golf/install/wall_following_2602_golf/lib'
[4.686s] Level 1:colcon.colcon_core.environment:checking '/home/arthur/mrad_ws_2602_golf/install/wall_following_2602_golf/bin'
[4.686s] Level 1:colcon.colcon_core.environment:checking '/home/arthur/mrad_ws_2602_golf/install/wall_following_2602_golf/lib/pkgconfig/wall_following_2602_golf.pc'
[4.687s] Level 1:colcon.colcon_core.environment:checking '/home/arthur/mrad_ws_2602_golf/install/wall_following_2602_golf/lib/python3.12/site-packages'
[4.687s] Level 1:colcon.colcon_core.shell:create_environment_hook('wall_following_2602_golf', 'pythonpath')
[4.687s] INFO:colcon.colcon_core.shell:Creating environment hook '/home/arthur/mrad_ws_2602_golf/install/wall_following_2602_golf/share/wall_following_2602_golf/hook/pythonpath.ps1'
[4.687s] INFO:colcon.colcon_core.shell:Creating environment descriptor '/home/arthur/mrad_ws_2602_golf/install/wall_following_2602_golf/share/wall_following_2602_golf/hook/pythonpath.dsv'
[4.688s] INFO:colcon.colcon_core.shell:Creating environment hook '/home/arthur/mrad_ws_2602_golf/install/wall_following_2602_golf/share/wall_following_2602_golf/hook/pythonpath.sh'
[4.689s] Level 1:colcon.colcon_core.environment:checking '/home/arthur/mrad_ws_2602_golf/install/wall_following_2602_golf/bin'
[4.689s] Level 1:colcon.colcon_core.environment:create_environment_scripts_only(wall_following_2602_golf)
[4.689s] INFO:colcon.colcon_core.shell:Creating package script '/home/arthur/mrad_ws_2602_golf/install/wall_following_2602_golf/share/wall_following_2602_golf/package.ps1'
[4.689s] INFO:colcon.colcon_core.shell:Creating package descriptor '/home/arthur/mrad_ws_2602_golf/install/wall_following_2602_golf/share/wall_following_2602_golf/package.dsv'
[4.690s] INFO:colcon.colcon_core.shell:Creating package script '/home/arthur/mrad_ws_2602_golf/install/wall_following_2602_golf/share/wall_following_2602_golf/package.sh'
[4.690s] INFO:colcon.colcon_core.shell:Creating package script '/home/arthur/mrad_ws_2602_golf/install/wall_following_2602_golf/share/wall_following_2602_golf/package.bash'
[4.691s] INFO:colcon.colcon_core.shell:Creating package script '/home/arthur/mrad_ws_2602_golf/install/wall_following_2602_golf/share/wall_following_2602_golf/package.zsh'
[4.691s] Level 1:colcon.colcon_core.environment:create_file_with_runtime_dependencies(/home/arthur/mrad_ws_2602_golf/install/wall_following_2602_golf/share/colcon-core/packages/wall_following_2602_golf)
[4.821s] Level 1:colcon.colcon_core.shell:create_environment_hook('description_2602_golf', 'pythonpath_develop')
[4.821s] INFO:colcon.colcon_core.shell:Creating environment hook '/home/arthur/mrad_ws_2602_golf/build/description_2602_golf/share/description_2602_golf/hook/pythonpath_develop.ps1'
[4.822s] DEBUG:colcon.colcon_core.event_handler.log_command:Invoked command in '/home/arthur/mrad_ws_2602_golf/build/description_2602_golf' returned '0': DEBUGINFOD_URLS=https://debuginfod.ubuntu.com PYTHONPATH=/home/arthur/mrad_ws_2602_golf/build/description_2602_golf/prefix_override:/usr/lib/python3/dist-packages/colcon_core/task/python/colcon_distutils_commands:/home/arthur/mrad_ws_2602_golf/install/description_2602_golf/lib/python3.12/site-packages:${PYTHONPATH} /usr/bin/python3 -W ignore:setup.py install is deprecated -W ignore:easy_install command is deprecated setup.py develop --editable --build-directory /home/arthur/mrad_ws_2602_golf/build/description_2602_golf/build --no-deps symlink_data
[4.822s] INFO:colcon.colcon_core.shell:Creating environment descriptor '/home/arthur/mrad_ws_2602_golf/build/description_2602_golf/share/description_2602_golf/hook/pythonpath_develop.dsv'
[4.823s] INFO:colcon.colcon_core.shell:Creating environment hook '/home/arthur/mrad_ws_2602_golf/build/description_2602_golf/share/description_2602_golf/hook/pythonpath_develop.sh'
[4.823s] Level 1:colcon.colcon_core.environment:checking '/home/arthur/mrad_ws_2602_golf/install/description_2602_golf' for CMake module files
[4.824s] Level 1:colcon.colcon_core.environment:checking '/home/arthur/mrad_ws_2602_golf/install/description_2602_golf' for CMake config files
[4.825s] Level 1:colcon.colcon_core.environment:checking '/home/arthur/mrad_ws_2602_golf/install/description_2602_golf/lib'
[4.825s] Level 1:colcon.colcon_core.environment:checking '/home/arthur/mrad_ws_2602_golf/install/description_2602_golf/bin'
[4.825s] Level 1:colcon.colcon_core.environment:checking '/home/arthur/mrad_ws_2602_golf/install/description_2602_golf/lib/pkgconfig/description_2602_golf.pc'
[4.825s] Level 1:colcon.colcon_core.environment:checking '/home/arthur/mrad_ws_2602_golf/install/description_2602_golf/lib/python3.12/site-packages'
[4.826s] Level 1:colcon.colcon_core.shell:create_environment_hook('description_2602_golf', 'pythonpath')
[4.826s] INFO:colcon.colcon_core.shell:Creating environment hook '/home/arthur/mrad_ws_2602_golf/install/description_2602_golf/share/description_2602_golf/hook/pythonpath.ps1'
[4.826s] INFO:colcon.colcon_core.shell:Creating environment descriptor '/home/arthur/mrad_ws_2602_golf/install/description_2602_golf/share/description_2602_golf/hook/pythonpath.dsv'
[4.827s] INFO:colcon.colcon_core.shell:Creating environment hook '/home/arthur/mrad_ws_2602_golf/install/description_2602_golf/share/description_2602_golf/hook/pythonpath.sh'
[4.828s] Level 1:colcon.colcon_core.environment:checking '/home/arthur/mrad_ws_2602_golf/install/description_2602_golf/bin'
[4.828s] Level 1:colcon.colcon_core.environment:create_environment_scripts_only(description_2602_golf)
[4.828s] INFO:colcon.colcon_core.shell:Creating package script '/home/arthur/mrad_ws_2602_golf/install/description_2602_golf/share/description_2602_golf/package.ps1'
[4.829s] INFO:colcon.colcon_core.shell:Creating package descriptor '/home/arthur/mrad_ws_2602_golf/install/description_2602_golf/share/description_2602_golf/package.dsv'
[4.830s] INFO:colcon.colcon_core.shell:Creating package script '/home/arthur/mrad_ws_2602_golf/install/description_2602_golf/share/description_2602_golf/package.sh'
[4.830s] INFO:colcon.colcon_core.shell:Creating package script '/home/arthur/mrad_ws_2602_golf/install/description_2602_golf/share/description_2602_golf/package.bash'
[4.830s] INFO:colcon.colcon_core.shell:Creating package script '/home/arthur/mrad_ws_2602_golf/install/description_2602_golf/share/description_2602_golf/package.zsh'
[4.831s] Level 1:colcon.colcon_core.environment:create_file_with_runtime_dependencies(/home/arthur/mrad_ws_2602_golf/install/description_2602_golf/share/colcon-core/packages/description_2602_golf)
[4.847s] Level 1:colcon.colcon_core.shell:create_environment_hook('gazebo_2602_golf', 'pythonpath_develop')
[4.847s] INFO:colcon.colcon_core.shell:Creating environment hook '/home/arthur/mrad_ws_2602_golf/build/gazebo_2602_golf/share/gazebo_2602_golf/hook/pythonpath_develop.ps1'
[4.848s] DEBUG:colcon.colcon_core.event_handler.log_command:Invoked command in '/home/arthur/mrad_ws_2602_golf/build/gazebo_2602_golf' returned '0': DEBUGINFOD_URLS=https://debuginfod.ubuntu.com PYTHONPATH=/home/arthur/mrad_ws_2602_golf/build/gazebo_2602_golf/prefix_override:/usr/lib/python3/dist-packages/colcon_core/task/python/colcon_distutils_commands:/home/arthur/mrad_ws_2602_golf/install/gazebo_2602_golf/lib/python3.12/site-packages:${PYTHONPATH} /usr/bin/python3 -W ignore:setup.py install is deprecated -W ignore:easy_install command is deprecated setup.py develop --editable --build-directory /home/arthur/mrad_ws_2602_golf/build/gazebo_2602_golf/build --no-deps symlink_data
[4.849s] INFO:colcon.colcon_core.shell:Creating environment descriptor '/home/arthur/mrad_ws_2602_golf/build/gazebo_2602_golf/share/gazebo_2602_golf/hook/pythonpath_develop.dsv'
[4.849s] INFO:colcon.colcon_core.shell:Creating environment hook '/home/arthur/mrad_ws_2602_golf/build/gazebo_2602_golf/share/gazebo_2602_golf/hook/pythonpath_develop.sh'
[4.850s] Level 1:colcon.colcon_core.environment:checking '/home/arthur/mrad_ws_2602_golf/install/gazebo_2602_golf' for CMake module files
[4.850s] Level 1:colcon.colcon_core.environment:checking '/home/arthur/mrad_ws_2602_golf/install/gazebo_2602_golf' for CMake config files
[4.850s] Level 1:colcon.colcon_core.environment:checking '/home/arthur/mrad_ws_2602_golf/install/gazebo_2602_golf/lib'
[4.851s] Level 1:colcon.colcon_core.environment:checking '/home/arthur/mrad_ws_2602_golf/install/gazebo_2602_golf/bin'
[4.851s] Level 1:colcon.colcon_core.environment:checking '/home/arthur/mrad_ws_2602_golf/install/gazebo_2602_golf/lib/pkgconfig/gazebo_2602_golf.pc'
[4.851s] Level 1:colcon.colcon_core.environment:checking '/home/arthur/mrad_ws_2602_golf/install/gazebo_2602_golf/lib/python3.12/site-packages'
[4.851s] Level 1:colcon.colcon_core.shell:create_environment_hook('gazebo_2602_golf', 'pythonpath')
[4.851s] INFO:colcon.colcon_core.shell:Creating environment hook '/home/arthur/mrad_ws_2602_golf/install/gazebo_2602_golf/share/gazebo_2602_golf/hook/pythonpath.ps1'
[4.851s] INFO:colcon.colcon_core.shell:Creating environment descriptor '/home/arthur/mrad_ws_2602_golf/install/gazebo_2602_golf/share/gazebo_2602_golf/hook/pythonpath.dsv'
[4.852s] INFO:colcon.colcon_core.shell:Creating environment hook '/home/arthur/mrad_ws_2602_golf/install/gazebo_2602_golf/share/gazebo_2602_golf/hook/pythonpath.sh'
[4.852s] Level 1:colcon.colcon_core.environment:checking '/home/arthur/mrad_ws_2602_golf/install/gazebo_2602_golf/bin'
[4.852s] Level 1:colcon.colcon_core.environment:create_environment_scripts_only(gazebo_2602_golf)
[4.853s] INFO:colcon.colcon_core.shell:Creating package script '/home/arthur/mrad_ws_2602_golf/install/gazebo_2602_golf/share/gazebo_2602_golf/package.ps1'
[4.853s] INFO:colcon.colcon_core.shell:Creating package descriptor '/home/arthur/mrad_ws_2602_golf/install/gazebo_2602_golf/share/gazebo_2602_golf/package.dsv'
[4.854s] INFO:colcon.colcon_core.shell:Creating package script '/home/arthur/mrad_ws_2602_golf/install/gazebo_2602_golf/share/gazebo_2602_golf/package.sh'
[4.854s] INFO:colcon.colcon_core.shell:Creating package script '/home/arthur/mrad_ws_2602_golf/install/gazebo_2602_golf/share/gazebo_2602_golf/package.bash'
[4.854s] INFO:colcon.colcon_core.shell:Creating package script '/home/arthur/mrad_ws_2602_golf/install/gazebo_2602_golf/share/gazebo_2602_golf/package.zsh'
[4.855s] Level 1:colcon.colcon_core.environment:create_file_with_runtime_dependencies(/home/arthur/mrad_ws_2602_golf/install/gazebo_2602_golf/share/colcon-core/packages/gazebo_2602_golf)
[4.856s] Level 1:colcon.colcon_core.shell:create_environment_hook('follow_the_gap_2602_golf', 'pythonpath_develop')
[4.856s] INFO:colcon.colcon_core.shell:Creating environment hook '/home/arthur/mrad_ws_2602_golf/build/follow_the_gap_2602_golf/share/follow_the_gap_2602_golf/hook/pythonpath_develop.ps1'
[4.856s] DEBUG:colcon.colcon_core.event_handler.log_command:Invoked command in '/home/arthur/mrad_ws_2602_golf/build/follow_the_gap_2602_golf' returned '0': DEBUGINFOD_URLS=https://debuginfod.ubuntu.com PYTHONPATH=/home/arthur/mrad_ws_2602_golf/build/follow_the_gap_2602_golf/prefix_override:/usr/lib/python3/dist-packages/colcon_core/task/python/colcon_distutils_commands:/home/arthur/mrad_ws_2602_golf/install/follow_the_gap_2602_golf/lib/python3.12/site-packages:${PYTHONPATH} /usr/bin/python3 -W ignore:setup.py install is deprecated -W ignore:easy_install command is deprecated setup.py develop --editable --build-directory /home/arthur/mrad_ws_2602_golf/build/follow_the_gap_2602_golf/build --no-deps symlink_data
[4.857s] INFO:colcon.colcon_core.shell:Creating environment descriptor '/home/arthur/mrad_ws_2602_golf/build/follow_the_gap_2602_golf/share/follow_the_gap_2602_golf/hook/pythonpath_develop.dsv'
[4.857s] INFO:colcon.colcon_core.shell:Creating environment hook '/home/arthur/mrad_ws_2602_golf/build/follow_the_gap_2602_golf/share/follow_the_gap_2602_golf/hook/pythonpath_develop.sh'
[4.857s] Level 1:colcon.colcon_core.environment:checking '/home/arthur/mrad_ws_2602_golf/install/follow_the_gap_2602_golf' for CMake module files
[4.858s] Level 1:colcon.colcon_core.environment:checking '/home/arthur/mrad_ws_2602_golf/install/follow_the_gap_2602_golf' for CMake config files
[4.858s] Level 1:colcon.colcon_core.environment:checking '/home/arthur/mrad_ws_2602_golf/install/follow_the_gap_2602_golf/lib'
[4.858s] Level 1:colcon.colcon_core.environment:checking '/home/arthur/mrad_ws_2602_golf/install/follow_the_gap_2602_golf/bin'
[4.858s] Level 1:colcon.colcon_core.environment:checking '/home/arthur/mrad_ws_2602_golf/install/follow_the_gap_2602_golf/lib/pkgconfig/follow_the_gap_2602_golf.pc'
[4.859s] Level 1:colcon.colcon_core.environment:checking '/home/arthur/mrad_ws_2602_golf/install/follow_the_gap_2602_golf/lib/python3.12/site-packages'
[4.859s] Level 1:colcon.colcon_core.shell:create_environment_hook('follow_the_gap_2602_golf', 'pythonpath')
[4.859s] INFO:colcon.colcon_core.shell:Creating environment hook '/home/arthur/mrad_ws_2602_golf/install/follow_the_gap_2602_golf/share/follow_the_gap_2602_golf/hook/pythonpath.ps1'
[4.859s] INFO:colcon.colcon_core.shell:Creating environment descriptor '/home/arthur/mrad_ws_2602_golf/install/follow_the_gap_2602_golf/share/follow_the_gap_2602_golf/hook/pythonpath.dsv'
[4.860s] INFO:colcon.colcon_core.shell:Creating environment hook '/home/arthur/mrad_ws_2602_golf/install/follow_the_gap_2602_golf/share/follow_the_gap_2602_golf/hook/pythonpath.sh'
[4.860s] Level 1:colcon.colcon_core.environment:checking '/home/arthur/mrad_ws_2602_golf/install/follow_the_gap_2602_golf/bin'
[4.860s] Level 1:colcon.colcon_core.environment:create_environment_scripts_only(follow_the_gap_2602_golf)
[4.861s] INFO:colcon.colcon_core.shell:Creating package script '/home/arthur/mrad_ws_2602_golf/install/follow_the_gap_2602_golf/share/follow_the_gap_2602_golf/package.ps1'
[4.861s] INFO:colcon.colcon_core.shell:Creating package descriptor '/home/arthur/mrad_ws_2602_golf/install/follow_the_gap_2602_golf/share/follow_the_gap_2602_golf/package.dsv'
[4.862s] INFO:colcon.colcon_core.shell:Creating package script '/home/arthur/mrad_ws_2602_golf/install/follow_the_gap_2602_golf/share/follow_the_gap_2602_golf/package.sh'
[4.862s] INFO:colcon.colcon_core.shell:Creating package script '/home/arthur/mrad_ws_2602_golf/install/follow_the_gap_2602_golf/share/follow_the_gap_2602_golf/package.bash'
[4.862s] INFO:colcon.colcon_core.shell:Creating package script '/home/arthur/mrad_ws_2602_golf/install/follow_the_gap_2602_golf/share/follow_the_gap_2602_golf/package.zsh'
[4.863s] Level 1:colcon.colcon_core.environment:create_file_with_runtime_dependencies(/home/arthur/mrad_ws_2602_golf/install/follow_the_gap_2602_golf/share/colcon-core/packages/follow_the_gap_2602_golf)
[4.863s] Level 1:colcon.colcon_core.shell:create_environment_hook('ttc_follow_the_gap_2602_golf', 'pythonpath_develop')
[4.863s] INFO:colcon.colcon_core.shell:Creating environment hook '/home/arthur/mrad_ws_2602_golf/build/ttc_follow_the_gap_2602_golf/share/ttc_follow_the_gap_2602_golf/hook/pythonpath_develop.ps1'
[4.864s] INFO:colcon.colcon_core.shell:Creating environment descriptor '/home/arthur/mrad_ws_2602_golf/build/ttc_follow_the_gap_2602_golf/share/ttc_follow_the_gap_2602_golf/hook/pythonpath_develop.dsv'
[4.864s] DEBUG:colcon.colcon_core.event_handler.log_command:Invoked command in '/home/arthur/mrad_ws_2602_golf/build/ttc_follow_the_gap_2602_golf' returned '0': DEBUGINFOD_URLS=https://debuginfod.ubuntu.com PYTHONPATH=/home/arthur/mrad_ws_2602_golf/build/ttc_follow_the_gap_2602_golf/prefix_override:/usr/lib/python3/dist-packages/colcon_core/task/python/colcon_distutils_commands:/home/arthur/mrad_ws_2602_golf/install/ttc_follow_the_gap_2602_golf/lib/python3.12/site-packages:${PYTHONPATH} /usr/bin/python3 -W ignore:setup.py install is deprecated -W ignore:easy_install command is deprecated setup.py develop --editable --build-directory /home/arthur/mrad_ws_2602_golf/build/ttc_follow_the_gap_2602_golf/build --no-deps symlink_data
[4.864s] INFO:colcon.colcon_core.shell:Creating environment hook '/home/arthur/mrad_ws_2602_golf/build/ttc_follow_the_gap_2602_golf/share/ttc_follow_the_gap_2602_golf/hook/pythonpath_develop.sh'
[4.865s] Level 1:colcon.colcon_core.environment:checking '/home/arthur/mrad_ws_2602_golf/install/ttc_follow_the_gap_2602_golf' for CMake module files
[4.865s] Level 1:colcon.colcon_core.environment:checking '/home/arthur/mrad_ws_2602_golf/install/ttc_follow_the_gap_2602_golf' for CMake config files
[4.865s] Level 1:colcon.colcon_core.environment:checking '/home/arthur/mrad_ws_2602_golf/install/ttc_follow_the_gap_2602_golf/lib'
[4.865s] Level 1:colcon.colcon_core.environment:checking '/home/arthur/mrad_ws_2602_golf/install/ttc_follow_the_gap_2602_golf/bin'
[4.866s] Level 1:colcon.colcon_core.environment:checking '/home/arthur/mrad_ws_2602_golf/install/ttc_follow_the_gap_2602_golf/lib/pkgconfig/ttc_follow_the_gap_2602_golf.pc'
[4.866s] Level 1:colcon.colcon_core.environment:checking '/home/arthur/mrad_ws_2602_golf/install/ttc_follow_the_gap_2602_golf/lib/python3.12/site-packages'
[4.866s] Level 1:colcon.colcon_core.shell:create_environment_hook('ttc_follow_the_gap_2602_golf', 'pythonpath')
[4.866s] INFO:colcon.colcon_core.shell:Creating environment hook '/home/arthur/mrad_ws_2602_golf/install/ttc_follow_the_gap_2602_golf/share/ttc_follow_the_gap_2602_golf/hook/pythonpath.ps1'
[4.866s] INFO:colcon.colcon_core.shell:Creating environment descriptor '/home/arthur/mrad_ws_2602_golf/install/ttc_follow_the_gap_2602_golf/share/ttc_follow_the_gap_2602_golf/hook/pythonpath.dsv'
[4.867s] INFO:colcon.colcon_core.shell:Creating environment hook '/home/arthur/mrad_ws_2602_golf/install/ttc_follow_the_gap_2602_golf/share/ttc_follow_the_gap_2602_golf/hook/pythonpath.sh'
[4.867s] Level 1:colcon.colcon_core.environment:checking '/home/arthur/mrad_ws_2602_golf/install/ttc_follow_the_gap_2602_golf/bin'
[4.867s] Level 1:colcon.colcon_core.environment:create_environment_scripts_only(ttc_follow_the_gap_2602_golf)
[4.868s] INFO:colcon.colcon_core.shell:Creating package script '/home/arthur/mrad_ws_2602_golf/install/ttc_follow_the_gap_2602_golf/share/ttc_follow_the_gap_2602_golf/package.ps1'
[4.868s] INFO:colcon.colcon_core.shell:Creating package descriptor '/home/arthur/mrad_ws_2602_golf/install/ttc_follow_the_gap_2602_golf/share/ttc_follow_the_gap_2602_golf/package.dsv'
[4.869s] INFO:colcon.colcon_core.shell:Creating package script '/home/arthur/mrad_ws_2602_golf/install/ttc_follow_the_gap_2602_golf/share/ttc_follow_the_gap_2602_golf/package.sh'
[4.869s] INFO:colcon.colcon_core.shell:Creating package script '/home/arthur/mrad_ws_2602_golf/install/ttc_follow_the_gap_2602_golf/share/ttc_follow_the_gap_2602_golf/package.bash'
[4.869s] INFO:colcon.colcon_core.shell:Creating package script '/home/arthur/mrad_ws_2602_golf/install/ttc_follow_the_gap_2602_golf/share/ttc_follow_the_gap_2602_golf/package.zsh'
[4.869s] Level 1:colcon.colcon_core.environment:create_file_with_runtime_dependencies(/home/arthur/mrad_ws_2602_golf/install/ttc_follow_the_gap_2602_golf/share/colcon-core/packages/ttc_follow_the_gap_2602_golf)
[4.870s] DEBUG:colcon.colcon_parallel_executor.executor.parallel:closing loop
[4.870s] DEBUG:colcon.colcon_parallel_executor.executor.parallel:loop closed
[4.870s] DEBUG:colcon.colcon_parallel_executor.executor.parallel:run_until_complete finished with '0'
[4.870s] DEBUG:colcon.colcon_core.event_reactor:joining thread
[4.876s] INFO:colcon.colcon_core.plugin_system:Skipping extension 'colcon_notification.desktop_notification.terminal_notifier': Not used on non-Darwin systems
[4.876s] INFO:colcon.colcon_core.plugin_system:Skipping extension 'colcon_notification.desktop_notification.win32': Not used on non-Windows systems
[4.876s] INFO:colcon.colcon_notification.desktop_notification:Sending desktop notification using 'notify2'
[4.886s] DEBUG:colcon.colcon_core.event_reactor:joined thread
[4.886s] INFO:colcon.colcon_core.shell:Creating prefix script '/home/arthur/mrad_ws_2602_golf/install/local_setup.ps1'
[4.887s] INFO:colcon.colcon_core.shell:Creating prefix util module '/home/arthur/mrad_ws_2602_golf/install/_local_setup_util_ps1.py'
[4.888s] INFO:colcon.colcon_core.shell:Creating prefix chain script '/home/arthur/mrad_ws_2602_golf/install/setup.ps1'
[4.889s] INFO:colcon.colcon_core.shell:Creating prefix script '/home/arthur/mrad_ws_2602_golf/install/local_setup.sh'
[4.889s] INFO:colcon.colcon_core.shell:Creating prefix util module '/home/arthur/mrad_ws_2602_golf/install/_local_setup_util_sh.py'
[4.890s] INFO:colcon.colcon_core.shell:Creating prefix chain script '/home/arthur/mrad_ws_2602_golf/install/setup.sh'
[4.891s] INFO:colcon.colcon_core.shell:Creating prefix script '/home/arthur/mrad_ws_2602_golf/install/local_setup.bash'
[4.892s] INFO:colcon.colcon_core.shell:Creating prefix chain script '/home/arthur/mrad_ws_2602_golf/install/setup.bash'
[4.893s] INFO:colcon.colcon_core.shell:Creating prefix script '/home/arthur/mrad_ws_2602_golf/install/local_setup.zsh'
[4.893s] INFO:colcon.colcon_core.shell:Creating prefix chain script '/home/arthur/mrad_ws_2602_golf/install/setup.zsh'
