[0.104s] DEBUG:colcon:Command line arguments: ['/usr/bin/colcon', 'build', '--symlink-install']
[0.104s] DEBUG:colcon:Parsed command line arguments: Namespace(log_base=None, log_level=None, verb_name='build', build_base='build', install_base='install', merge_install=False, symlink_install=True, test_result_base=None, continue_on_error=False, executor='parallel', parallel_workers=8, event_handlers=None, ignore_user_meta=False, metas=['./colcon.meta'], base_paths=['.'], packages_ignore=None, packages_ignore_regex=None, paths=None, packages_up_to=None, packages_up_to_regex=None, packages_above=None, packages_above_and_dependencies=None, packages_above_depth=None, packages_select_by_dep=None, packages_skip_by_dep=None, packages_skip_up_to=None, packages_select_build_failed=False, packages_skip_build_finished=False, packages_select_test_failures=False, packages_skip_test_passed=False, packages_select=None, packages_skip=None, packages_select_regex=None, packages_skip_regex=None, packages_start=None, packages_end=None, allow_overriding=[], cmake_args=None, cmake_target=None, cmake_target_skip_unavailable=False, cmake_clean_cache=False, cmake_clean_first=False, cmake_force_configure=False, ament_cmake_args=None, catkin_cmake_args=None, catkin_skip_building_tests=False, mixin_files=None, mixin=None, verb_parser=<colcon_mixin.mixin.mixin_argument.MixinArgumentDecorator object at 0x7611fc1d8890>, verb_extension=<colcon_core.verb.build.BuildVerb object at 0x7611fc1abf20>, main=<bound method BuildVerb.main of <colcon_core.verb.build.BuildVerb object at 0x7611fc1abf20>>, mixin_verb=('build',))
[0.136s] Level 1:colcon.colcon_core.package_discovery:discover_packages(colcon_meta) check parameters
[0.136s] Level 1:colcon.colcon_core.package_discovery:discover_packages(recursive) check parameters
[0.136s] Level 1:colcon.colcon_core.package_discovery:discover_packages(ignore) check parameters
[0.136s] Level 1:colcon.colcon_core.package_discovery:discover_packages(path) check parameters
[0.136s] Level 1:colcon.colcon_core.package_discovery:discover_packages(colcon_meta) discover
[0.136s] Level 1:colcon.colcon_core.package_discovery:discover_packages(recursive) discover
[0.136s] INFO:colcon.colcon_core.package_discovery:Crawling recursively for packages in '/home/arthur/mrad_ws_2602_golf'
[0.136s] Level 1:colcon.colcon_core.package_identification:_identify(.) by extensions ['ignore', 'ignore_ament_install']
[0.136s] Level 1:colcon.colcon_core.package_identification:_identify(.) by extension 'ignore'
[0.137s] Level 1:colcon.colcon_core.package_identification:_identify(.) by extension 'ignore_ament_install'
[0.137s] Level 1:colcon.colcon_core.package_identification:_identify(.) by extensions ['colcon_pkg']
[0.137s] Level 1:colcon.colcon_core.package_identification:_identify(.) by extension 'colcon_pkg'
[0.137s] Level 1:colcon.colcon_core.package_identification:_identify(.) by extensions ['colcon_meta']
[0.137s] Level 1:colcon.colcon_core.package_identification:_identify(.) by extension 'colcon_meta'
[0.137s] Level 1:colcon.colcon_core.package_identification:_identify(.) by extensions ['ros']
[0.137s] Level 1:colcon.colcon_core.package_identification:_identify(.) by extension 'ros'
[0.157s] Level 1:colcon.colcon_core.package_identification:_identify(.) by extensions ['cmake', 'python']
[0.157s] Level 1:colcon.colcon_core.package_identification:_identify(.) by extension 'cmake'
[0.157s] Level 1:colcon.colcon_core.package_identification:_identify(.) by extension 'python'
[0.157s] Level 1:colcon.colcon_core.package_identification:_identify(.) by extensions ['python_setup_py']
[0.157s] Level 1:colcon.colcon_core.package_identification:_identify(.) by extension 'python_setup_py'
[0.158s] Level 1:colcon.colcon_core.package_identification:_identify(build) by extensions ['ignore', 'ignore_ament_install']
[0.158s] Level 1:colcon.colcon_core.package_identification:_identify(build) by extension 'ignore'
[0.158s] Level 1:colcon.colcon_core.package_identification:_identify(build) ignored
[0.158s] Level 1:colcon.colcon_core.package_identification:_identify(install) by extensions ['ignore', 'ignore_ament_install']
[0.158s] Level 1:colcon.colcon_core.package_identification:_identify(install) by extension 'ignore'
[0.158s] Level 1:colcon.colcon_core.package_identification:_identify(install) ignored
[0.158s] Level 1:colcon.colcon_core.package_identification:_identify(log) by extensions ['ignore', 'ignore_ament_install']
[0.158s] Level 1:colcon.colcon_core.package_identification:_identify(log) by extension 'ignore'
[0.159s] Level 1:colcon.colcon_core.package_identification:_identify(log) ignored
[0.159s] Level 1:colcon.colcon_core.package_identification:_identify(src) by extensions ['ignore', 'ignore_ament_install']
[0.159s] Level 1:colcon.colcon_core.package_identification:_identify(src) by extension 'ignore'
[0.159s] Level 1:colcon.colcon_core.package_identification:_identify(src) by extension 'ignore_ament_install'
[0.159s] Level 1:colcon.colcon_core.package_identification:_identify(src) by extensions ['colcon_pkg']
[0.159s] Level 1:colcon.colcon_core.package_identification:_identify(src) by extension 'colcon_pkg'
[0.159s] Level 1:colcon.colcon_core.package_identification:_identify(src) by extensions ['colcon_meta']
[0.159s] Level 1:colcon.colcon_core.package_identification:_identify(src) by extension 'colcon_meta'
[0.159s] Level 1:colcon.colcon_core.package_identification:_identify(src) by extensions ['ros']
[0.159s] Level 1:colcon.colcon_core.package_identification:_identify(src) by extension 'ros'
[0.159s] Level 1:colcon.colcon_core.package_identification:_identify(src) by extensions ['cmake', 'python']
[0.159s] Level 1:colcon.colcon_core.package_identification:_identify(src) by extension 'cmake'
[0.159s] Level 1:colcon.colcon_core.package_identification:_identify(src) by extension 'python'
[0.160s] Level 1:colcon.colcon_core.package_identification:_identify(src) by extensions ['python_setup_py']
[0.160s] Level 1:colcon.colcon_core.package_identification:_identify(src) by extension 'python_setup_py'
[0.160s] Level 1:colcon.colcon_core.package_identification:_identify(src/bringup_2602_golf) by extensions ['ignore', 'ignore_ament_install']
[0.160s] Level 1:colcon.colcon_core.package_identification:_identify(src/bringup_2602_golf) by extension 'ignore'
[0.160s] Level 1:colcon.colcon_core.package_identification:_identify(src/bringup_2602_golf) by extension 'ignore_ament_install'
[0.160s] Level 1:colcon.colcon_core.package_identification:_identify(src/bringup_2602_golf) by extensions ['colcon_pkg']
[0.160s] Level 1:colcon.colcon_core.package_identification:_identify(src/bringup_2602_golf) by extension 'colcon_pkg'
[0.160s] Level 1:colcon.colcon_core.package_identification:_identify(src/bringup_2602_golf) by extensions ['colcon_meta']
[0.160s] Level 1:colcon.colcon_core.package_identification:_identify(src/bringup_2602_golf) by extension 'colcon_meta'
[0.160s] Level 1:colcon.colcon_core.package_identification:_identify(src/bringup_2602_golf) by extensions ['ros']
[0.160s] Level 1:colcon.colcon_core.package_identification:_identify(src/bringup_2602_golf) by extension 'ros'
[0.162s] DEBUG:colcon.colcon_core.package_identification:Package 'src/bringup_2602_golf' with type 'ros.ament_python' and name 'bringup_2602_golf'
[0.163s] Level 1:colcon.colcon_core.package_identification:_identify(src/control_2602_golf) by extensions ['ignore', 'ignore_ament_install']
[0.163s] Level 1:colcon.colcon_core.package_identification:_identify(src/control_2602_golf) by extension 'ignore'
[0.163s] Level 1:colcon.colcon_core.package_identification:_identify(src/control_2602_golf) by extension 'ignore_ament_install'
[0.163s] Level 1:colcon.colcon_core.package_identification:_identify(src/control_2602_golf) by extensions ['colcon_pkg']
[0.163s] Level 1:colcon.colcon_core.package_identification:_identify(src/control_2602_golf) by extension 'colcon_pkg'
[0.163s] Level 1:colcon.colcon_core.package_identification:_identify(src/control_2602_golf) by extensions ['colcon_meta']
[0.163s] Level 1:colcon.colcon_core.package_identification:_identify(src/control_2602_golf) by extension 'colcon_meta'
[0.163s] Level 1:colcon.colcon_core.package_identification:_identify(src/control_2602_golf) by extensions ['ros']
[0.163s] Level 1:colcon.colcon_core.package_identification:_identify(src/control_2602_golf) by extension 'ros'
[0.164s] DEBUG:colcon.colcon_core.package_identification:Package 'src/control_2602_golf' with type 'ros.ament_cmake' and name 'control_2602_golf'
[0.164s] Level 1:colcon.colcon_core.package_identification:_identify(src/description_2602_golf) by extensions ['ignore', 'ignore_ament_install']
[0.164s] Level 1:colcon.colcon_core.package_identification:_identify(src/description_2602_golf) by extension 'ignore'
[0.164s] Level 1:colcon.colcon_core.package_identification:_identify(src/description_2602_golf) by extension 'ignore_ament_install'
[0.164s] Level 1:colcon.colcon_core.package_identification:_identify(src/description_2602_golf) by extensions ['colcon_pkg']
[0.164s] Level 1:colcon.colcon_core.package_identification:_identify(src/description_2602_golf) by extension 'colcon_pkg'
[0.164s] Level 1:colcon.colcon_core.package_identification:_identify(src/description_2602_golf) by extensions ['colcon_meta']
[0.164s] Level 1:colcon.colcon_core.package_identification:_identify(src/description_2602_golf) by extension 'colcon_meta'
[0.164s] Level 1:colcon.colcon_core.package_identification:_identify(src/description_2602_golf) by extensions ['ros']
[0.164s] Level 1:colcon.colcon_core.package_identification:_identify(src/description_2602_golf) by extension 'ros'
[0.165s] DEBUG:colcon.colcon_core.package_identification:Package 'src/description_2602_golf' with type 'ros.ament_python' and name 'description_2602_golf'
[0.165s] Level 1:colcon.colcon_core.package_identification:_identify(src/gazebo_2602_golf) by extensions ['ignore', 'ignore_ament_install']
[0.165s] Level 1:colcon.colcon_core.package_identification:_identify(src/gazebo_2602_golf) by extension 'ignore'
[0.165s] Level 1:colcon.colcon_core.package_identification:_identify(src/gazebo_2602_golf) by extension 'ignore_ament_install'
[0.165s] Level 1:colcon.colcon_core.package_identification:_identify(src/gazebo_2602_golf) by extensions ['colcon_pkg']
[0.165s] Level 1:colcon.colcon_core.package_identification:_identify(src/gazebo_2602_golf) by extension 'colcon_pkg'
[0.165s] Level 1:colcon.colcon_core.package_identification:_identify(src/gazebo_2602_golf) by extensions ['colcon_meta']
[0.165s] Level 1:colcon.colcon_core.package_identification:_identify(src/gazebo_2602_golf) by extension 'colcon_meta'
[0.165s] Level 1:colcon.colcon_core.package_identification:_identify(src/gazebo_2602_golf) by extensions ['ros']
[0.165s] Level 1:colcon.colcon_core.package_identification:_identify(src/gazebo_2602_golf) by extension 'ros'
[0.166s] DEBUG:colcon.colcon_core.package_identification:Package 'src/gazebo_2602_golf' with type 'ros.ament_python' and name 'gazebo_2602_golf'
[0.166s] Level 1:colcon.colcon_core.package_discovery:discover_packages(recursive) using defaults
[0.166s] Level 1:colcon.colcon_core.package_discovery:discover_packages(ignore) discover
[0.166s] Level 1:colcon.colcon_core.package_discovery:discover_packages(ignore) using defaults
[0.166s] Level 1:colcon.colcon_core.package_discovery:discover_packages(path) discover
[0.166s] Level 1:colcon.colcon_core.package_discovery:discover_packages(path) using defaults
[0.185s] Level 1:colcon.colcon_core.package_discovery:discover_packages(prefix_path) check parameters
[0.185s] Level 1:colcon.colcon_core.package_discovery:discover_packages(prefix_path) discover
[0.187s] DEBUG:colcon.colcon_installed_package_information.package_discovery:Found 4 installed packages in /home/arthur/mrad_ws_2602_golf/install
[0.187s] DEBUG:colcon.colcon_installed_package_information.package_discovery:Found 4 installed packages in /home/arthur/mrad_ws_2602_zulu/install
[0.188s] DEBUG:colcon.colcon_installed_package_information.package_discovery:Found 1 installed packages in /home/arthur/remen_tuto/install
[0.189s] DEBUG:colcon.colcon_installed_package_information.package_discovery:Found 532 installed packages in /opt/ros/jazzy
[0.191s] Level 1:colcon.colcon_core.package_discovery:discover_packages(prefix_path) using defaults
[0.261s] Level 5:colcon.colcon_core.verb:set package 'bringup_2602_golf' build argument 'cmake_args' from command line to 'None'
[0.261s] Level 5:colcon.colcon_core.verb:set package 'bringup_2602_golf' build argument 'cmake_target' from command line to 'None'
[0.261s] Level 5:colcon.colcon_core.verb:set package 'bringup_2602_golf' build argument 'cmake_target_skip_unavailable' from command line to 'False'
[0.262s] Level 5:colcon.colcon_core.verb:set package 'bringup_2602_golf' build argument 'cmake_clean_cache' from command line to 'False'
[0.262s] Level 5:colcon.colcon_core.verb:set package 'bringup_2602_golf' build argument 'cmake_clean_first' from command line to 'False'
[0.262s] Level 5:colcon.colcon_core.verb:set package 'bringup_2602_golf' build argument 'cmake_force_configure' from command line to 'False'
[0.262s] Level 5:colcon.colcon_core.verb:set package 'bringup_2602_golf' build argument 'ament_cmake_args' from command line to 'None'
[0.262s] Level 5:colcon.colcon_core.verb:set package 'bringup_2602_golf' build argument 'catkin_cmake_args' from command line to 'None'
[0.262s] Level 5:colcon.colcon_core.verb:set package 'bringup_2602_golf' build argument 'catkin_skip_building_tests' from command line to 'False'
[0.262s] DEBUG:colcon.colcon_core.verb:Building package 'bringup_2602_golf' with the following arguments: {'ament_cmake_args': None, 'build_base': '/home/arthur/mrad_ws_2602_golf/build/bringup_2602_golf', 'catkin_cmake_args': None, 'catkin_skip_building_tests': False, 'cmake_args': None, 'cmake_clean_cache': False, 'cmake_clean_first': False, 'cmake_force_configure': False, 'cmake_target': None, 'cmake_target_skip_unavailable': False, 'install_base': '/home/arthur/mrad_ws_2602_golf/install/bringup_2602_golf', 'merge_install': False, 'path': '/home/arthur/mrad_ws_2602_golf/src/bringup_2602_golf', 'symlink_install': True, 'test_result_base': None}
[0.262s] Level 5:colcon.colcon_core.verb:set package 'control_2602_golf' build argument 'cmake_args' from command line to 'None'
[0.262s] Level 5:colcon.colcon_core.verb:set package 'control_2602_golf' build argument 'cmake_target' from command line to 'None'
[0.262s] Level 5:colcon.colcon_core.verb:set package 'control_2602_golf' build argument 'cmake_target_skip_unavailable' from command line to 'False'
[0.262s] Level 5:colcon.colcon_core.verb:set package 'control_2602_golf' build argument 'cmake_clean_cache' from command line to 'False'
[0.262s] Level 5:colcon.colcon_core.verb:set package 'control_2602_golf' build argument 'cmake_clean_first' from command line to 'False'
[0.262s] Level 5:colcon.colcon_core.verb:set package 'control_2602_golf' build argument 'cmake_force_configure' from command line to 'False'
[0.262s] Level 5:colcon.colcon_core.verb:set package 'control_2602_golf' build argument 'ament_cmake_args' from command line to 'None'
[0.262s] Level 5:colcon.colcon_core.verb:set package 'control_2602_golf' build argument 'catkin_cmake_args' from command line to 'None'
[0.262s] Level 5:colcon.colcon_core.verb:set package 'control_2602_golf' build argument 'catkin_skip_building_tests' from command line to 'False'
[0.262s] DEBUG:colcon.colcon_core.verb:Building package 'control_2602_golf' with the following arguments: {'ament_cmake_args': None, 'build_base': '/home/arthur/mrad_ws_2602_golf/build/control_2602_golf', 'catkin_cmake_args': None, 'catkin_skip_building_tests': False, 'cmake_args': None, 'cmake_clean_cache': False, 'cmake_clean_first': False, 'cmake_force_configure': False, 'cmake_target': None, 'cmake_target_skip_unavailable': False, 'install_base': '/home/arthur/mrad_ws_2602_golf/install/control_2602_golf', 'merge_install': False, 'path': '/home/arthur/mrad_ws_2602_golf/src/control_2602_golf', 'symlink_install': True, 'test_result_base': None}
[0.263s] Level 5:colcon.colcon_core.verb:set package 'description_2602_golf' build argument 'cmake_args' from command line to 'None'
[0.263s] Level 5:colcon.colcon_core.verb:set package 'description_2602_golf' build argument 'cmake_target' from command line to 'None'
[0.263s] Level 5:colcon.colcon_core.verb:set package 'description_2602_golf' build argument 'cmake_target_skip_unavailable' from command line to 'False'
[0.263s] Level 5:colcon.colcon_core.verb:set package 'description_2602_golf' build argument 'cmake_clean_cache' from command line to 'False'
[0.263s] Level 5:colcon.colcon_core.verb:set package 'description_2602_golf' build argument 'cmake_clean_first' from command line to 'False'
[0.263s] Level 5:colcon.colcon_core.verb:set package 'description_2602_golf' build argument 'cmake_force_configure' from command line to 'False'
[0.263s] Level 5:colcon.colcon_core.verb:set package 'description_2602_golf' build argument 'ament_cmake_args' from command line to 'None'
[0.263s] Level 5:colcon.colcon_core.verb:set package 'description_2602_golf' build argument 'catkin_cmake_args' from command line to 'None'
[0.263s] Level 5:colcon.colcon_core.verb:set package 'description_2602_golf' build argument 'catkin_skip_building_tests' from command line to 'False'
[0.263s] DEBUG:colcon.colcon_core.verb:Building package 'description_2602_golf' with the following arguments: {'ament_cmake_args': None, 'build_base': '/home/arthur/mrad_ws_2602_golf/build/description_2602_golf', 'catkin_cmake_args': None, 'catkin_skip_building_tests': False, 'cmake_args': None, 'cmake_clean_cache': False, 'cmake_clean_first': False, 'cmake_force_configure': False, 'cmake_target': None, 'cmake_target_skip_unavailable': False, 'install_base': '/home/arthur/mrad_ws_2602_golf/install/description_2602_golf', 'merge_install': False, 'path': '/home/arthur/mrad_ws_2602_golf/src/description_2602_golf', 'symlink_install': True, 'test_result_base': None}
[0.263s] Level 5:colcon.colcon_core.verb:set package 'gazebo_2602_golf' build argument 'cmake_args' from command line to 'None'
[0.263s] Level 5:colcon.colcon_core.verb:set package 'gazebo_2602_golf' build argument 'cmake_target' from command line to 'None'
[0.264s] Level 5:colcon.colcon_core.verb:set package 'gazebo_2602_golf' build argument 'cmake_target_skip_unavailable' from command line to 'False'
[0.264s] Level 5:colcon.colcon_core.verb:set package 'gazebo_2602_golf' build argument 'cmake_clean_cache' from command line to 'False'
[0.264s] Level 5:colcon.colcon_core.verb:set package 'gazebo_2602_golf' build argument 'cmake_clean_first' from command line to 'False'
[0.264s] Level 5:colcon.colcon_core.verb:set package 'gazebo_2602_golf' build argument 'cmake_force_configure' from command line to 'False'
[0.264s] Level 5:colcon.colcon_core.verb:set package 'gazebo_2602_golf' build argument 'ament_cmake_args' from command line to 'None'
[0.264s] Level 5:colcon.colcon_core.verb:set package 'gazebo_2602_golf' build argument 'catkin_cmake_args' from command line to 'None'
[0.264s] Level 5:colcon.colcon_core.verb:set package 'gazebo_2602_golf' build argument 'catkin_skip_building_tests' from command line to 'False'
[0.264s] DEBUG:colcon.colcon_core.verb:Building package 'gazebo_2602_golf' with the following arguments: {'ament_cmake_args': None, 'build_base': '/home/arthur/mrad_ws_2602_golf/build/gazebo_2602_golf', 'catkin_cmake_args': None, 'catkin_skip_building_tests': False, 'cmake_args': None, 'cmake_clean_cache': False, 'cmake_clean_first': False, 'cmake_force_configure': False, 'cmake_target': None, 'cmake_target_skip_unavailable': False, 'install_base': '/home/arthur/mrad_ws_2602_golf/install/gazebo_2602_golf', 'merge_install': False, 'path': '/home/arthur/mrad_ws_2602_golf/src/gazebo_2602_golf', 'symlink_install': True, 'test_result_base': None}
[0.264s] INFO:colcon.colcon_core.executor:Executing jobs using 'parallel' executor
[0.265s] DEBUG:colcon.colcon_parallel_executor.executor.parallel:run_until_complete
[0.265s] INFO:colcon.colcon_ros.task.ament_python.build:Building ROS package in '/home/arthur/mrad_ws_2602_golf/src/bringup_2602_golf' with build type 'ament_python'
[0.265s] Level 1:colcon.colcon_core.shell:create_environment_hook('bringup_2602_golf', 'ament_prefix_path')
[0.268s] INFO:colcon.colcon_core.plugin_system:Skipping extension 'colcon_core.shell.bat': Not used on non-Windows systems
[0.269s] INFO:colcon.colcon_core.shell:Creating environment hook '/home/arthur/mrad_ws_2602_golf/install/bringup_2602_golf/share/bringup_2602_golf/hook/ament_prefix_path.ps1'
[0.270s] INFO:colcon.colcon_core.shell:Creating environment descriptor '/home/arthur/mrad_ws_2602_golf/install/bringup_2602_golf/share/bringup_2602_golf/hook/ament_prefix_path.dsv'
[0.270s] INFO:colcon.colcon_core.shell:Creating environment hook '/home/arthur/mrad_ws_2602_golf/install/bringup_2602_golf/share/bringup_2602_golf/hook/ament_prefix_path.sh'
[0.271s] INFO:colcon.colcon_core.shell:Skip shell extension 'powershell' for command environment: Not usable outside of PowerShell
[0.271s] DEBUG:colcon.colcon_core.shell:Skip shell extension 'dsv' for command environment
[0.277s] INFO:colcon.colcon_ros.task.ament_cmake.build:Building ROS package in '/home/arthur/mrad_ws_2602_golf/src/control_2602_golf' with build type 'ament_cmake'
[0.277s] INFO:colcon.colcon_cmake.task.cmake.build:Building CMake package in '/home/arthur/mrad_ws_2602_golf/src/control_2602_golf'
[0.278s] INFO:colcon.colcon_core.shell:Skip shell extension 'powershell' for command environment: Not usable outside of PowerShell
[0.278s] DEBUG:colcon.colcon_core.shell:Skip shell extension 'dsv' for command environment
[0.283s] INFO:colcon.colcon_ros.task.ament_python.build:Building ROS package in '/home/arthur/mrad_ws_2602_golf/src/description_2602_golf' with build type 'ament_python'
[0.283s] Level 1:colcon.colcon_core.shell:create_environment_hook('description_2602_golf', 'ament_prefix_path')
[0.283s] INFO:colcon.colcon_core.shell:Creating environment hook '/home/arthur/mrad_ws_2602_golf/install/description_2602_golf/share/description_2602_golf/hook/ament_prefix_path.ps1'
[0.284s] INFO:colcon.colcon_core.shell:Creating environment descriptor '/home/arthur/mrad_ws_2602_golf/install/description_2602_golf/share/description_2602_golf/hook/ament_prefix_path.dsv'
[0.284s] INFO:colcon.colcon_core.shell:Creating environment hook '/home/arthur/mrad_ws_2602_golf/install/description_2602_golf/share/description_2602_golf/hook/ament_prefix_path.sh'
[0.285s] INFO:colcon.colcon_core.shell:Skip shell extension 'powershell' for command environment: Not usable outside of PowerShell
[0.285s] DEBUG:colcon.colcon_core.shell:Skip shell extension 'dsv' for command environment
[0.292s] INFO:colcon.colcon_ros.task.ament_python.build:Building ROS package in '/home/arthur/mrad_ws_2602_golf/src/gazebo_2602_golf' with build type 'ament_python'
[0.292s] Level 1:colcon.colcon_core.shell:create_environment_hook('gazebo_2602_golf', 'ament_prefix_path')
[0.292s] INFO:colcon.colcon_core.shell:Creating environment hook '/home/arthur/mrad_ws_2602_golf/install/gazebo_2602_golf/share/gazebo_2602_golf/hook/ament_prefix_path.ps1'
[0.293s] INFO:colcon.colcon_core.shell:Creating environment descriptor '/home/arthur/mrad_ws_2602_golf/install/gazebo_2602_golf/share/gazebo_2602_golf/hook/ament_prefix_path.dsv'
[0.294s] INFO:colcon.colcon_core.shell:Creating environment hook '/home/arthur/mrad_ws_2602_golf/install/gazebo_2602_golf/share/gazebo_2602_golf/hook/ament_prefix_path.sh'
[0.294s] INFO:colcon.colcon_core.shell:Skip shell extension 'powershell' for command environment: Not usable outside of PowerShell
[0.294s] DEBUG:colcon.colcon_core.shell:Skip shell extension 'dsv' for command environment
[0.526s] INFO:colcon.colcon_core.task.python.build:Building Python package in '/home/arthur/mrad_ws_2602_golf/src/bringup_2602_golf'
[0.526s] INFO:colcon.colcon_core.shell:Skip shell extension 'powershell' for command environment: Not usable outside of PowerShell
[0.526s] DEBUG:colcon.colcon_core.shell:Skip shell extension 'dsv' for command environment
[0.535s] DEBUG:colcon.colcon_core.event_handler.log_command:Invoking command in '/home/arthur/mrad_ws_2602_golf/build/control_2602_golf': CMAKE_PREFIX_PATH=${CMAKE_PREFIX_PATH}:/home/arthur/mrad_ws_2602_golf/install/gazebo_2602_golf:/home/arthur/mrad_ws_2602_golf/install/description_2602_golf:/home/arthur/mrad_ws_2602_golf/install/bringup_2602_golf:/home/arthur/mrad_ws_2602_zulu/install/gazebo_2602_zulu:/home/arthur/mrad_ws_2602_zulu/install/description_2602_zulu:/home/arthur/mrad_ws_2602_zulu/install/bringup_2602_zulu:/home/arthur/remen_tuto/install/turtle_move_pkg_NNAA:/opt/ros/jazzy DEBUGINFOD_URLS=https://debuginfod.ubuntu.com /usr/bin/cmake --build /home/arthur/mrad_ws_2602_golf/build/control_2602_golf -- -j8 -l8
[0.769s] INFO:colcon.colcon_core.task.python.build:Building Python package in '/home/arthur/mrad_ws_2602_golf/src/description_2602_golf'
[0.769s] INFO:colcon.colcon_core.shell:Skip shell extension 'powershell' for command environment: Not usable outside of PowerShell
[0.769s] DEBUG:colcon.colcon_core.shell:Skip shell extension 'dsv' for command environment
[0.777s] DEBUG:colcon.colcon_core.event_handler.log_command:Invoked command in '/home/arthur/mrad_ws_2602_golf/build/control_2602_golf' returned '0': CMAKE_PREFIX_PATH=${CMAKE_PREFIX_PATH}:/home/arthur/mrad_ws_2602_golf/install/gazebo_2602_golf:/home/arthur/mrad_ws_2602_golf/install/description_2602_golf:/home/arthur/mrad_ws_2602_golf/install/bringup_2602_golf:/home/arthur/mrad_ws_2602_zulu/install/gazebo_2602_zulu:/home/arthur/mrad_ws_2602_zulu/install/description_2602_zulu:/home/arthur/mrad_ws_2602_zulu/install/bringup_2602_zulu:/home/arthur/remen_tuto/install/turtle_move_pkg_NNAA:/opt/ros/jazzy DEBUGINFOD_URLS=https://debuginfod.ubuntu.com /usr/bin/cmake --build /home/arthur/mrad_ws_2602_golf/build/control_2602_golf -- -j8 -l8
[0.786s] DEBUG:colcon.colcon_core.event_handler.log_command:Invoking command in '/home/arthur/mrad_ws_2602_golf/build/control_2602_golf': CMAKE_PREFIX_PATH=${CMAKE_PREFIX_PATH}:/home/arthur/mrad_ws_2602_golf/install/gazebo_2602_golf:/home/arthur/mrad_ws_2602_golf/install/description_2602_golf:/home/arthur/mrad_ws_2602_golf/install/bringup_2602_golf:/home/arthur/mrad_ws_2602_zulu/install/gazebo_2602_zulu:/home/arthur/mrad_ws_2602_zulu/install/description_2602_zulu:/home/arthur/mrad_ws_2602_zulu/install/bringup_2602_zulu:/home/arthur/remen_tuto/install/turtle_move_pkg_NNAA:/opt/ros/jazzy DEBUGINFOD_URLS=https://debuginfod.ubuntu.com /usr/bin/cmake --install /home/arthur/mrad_ws_2602_golf/build/control_2602_golf
[1.005s] INFO:colcon.colcon_core.task.python.build:Building Python package in '/home/arthur/mrad_ws_2602_golf/src/gazebo_2602_golf'
[1.005s] INFO:colcon.colcon_core.shell:Skip shell extension 'powershell' for command environment: Not usable outside of PowerShell
[1.005s] DEBUG:colcon.colcon_core.shell:Skip shell extension 'dsv' for command environment
[1.016s] Level 1:colcon.colcon_core.environment:create_environment_scripts_only(control_2602_golf)
[1.018s] DEBUG:colcon.colcon_core.event_handler.log_command:Invoked command in '/home/arthur/mrad_ws_2602_golf/build/control_2602_golf' returned '0': CMAKE_PREFIX_PATH=${CMAKE_PREFIX_PATH}:/home/arthur/mrad_ws_2602_golf/install/gazebo_2602_golf:/home/arthur/mrad_ws_2602_golf/install/description_2602_golf:/home/arthur/mrad_ws_2602_golf/install/bringup_2602_golf:/home/arthur/mrad_ws_2602_zulu/install/gazebo_2602_zulu:/home/arthur/mrad_ws_2602_zulu/install/description_2602_zulu:/home/arthur/mrad_ws_2602_zulu/install/bringup_2602_zulu:/home/arthur/remen_tuto/install/turtle_move_pkg_NNAA:/opt/ros/jazzy DEBUGINFOD_URLS=https://debuginfod.ubuntu.com /usr/bin/cmake --install /home/arthur/mrad_ws_2602_golf/build/control_2602_golf
[1.020s] Level 1:colcon.colcon_core.environment:checking '/home/arthur/mrad_ws_2602_golf/install/control_2602_golf' for CMake module files
[1.021s] Level 1:colcon.colcon_core.environment:checking '/home/arthur/mrad_ws_2602_golf/install/control_2602_golf' for CMake config files
[1.021s] Level 1:colcon.colcon_core.shell:create_environment_hook('control_2602_golf', 'cmake_prefix_path')
[1.021s] INFO:colcon.colcon_core.shell:Creating environment hook '/home/arthur/mrad_ws_2602_golf/install/control_2602_golf/share/control_2602_golf/hook/cmake_prefix_path.ps1'
[1.022s] INFO:colcon.colcon_core.shell:Creating environment descriptor '/home/arthur/mrad_ws_2602_golf/install/control_2602_golf/share/control_2602_golf/hook/cmake_prefix_path.dsv'
[1.022s] INFO:colcon.colcon_core.shell:Creating environment hook '/home/arthur/mrad_ws_2602_golf/install/control_2602_golf/share/control_2602_golf/hook/cmake_prefix_path.sh'
[1.023s] Level 1:colcon.colcon_core.environment:checking '/home/arthur/mrad_ws_2602_golf/install/control_2602_golf/bin'
[1.023s] Level 1:colcon.colcon_core.environment:checking '/home/arthur/mrad_ws_2602_golf/install/control_2602_golf/lib/pkgconfig/control_2602_golf.pc'
[1.023s] Level 1:colcon.colcon_core.environment:checking '/home/arthur/mrad_ws_2602_golf/install/control_2602_golf/lib/python3.12/site-packages'
[1.024s] Level 1:colcon.colcon_core.environment:checking '/home/arthur/mrad_ws_2602_golf/install/control_2602_golf/bin'
[1.024s] INFO:colcon.colcon_core.shell:Creating package script '/home/arthur/mrad_ws_2602_golf/install/control_2602_golf/share/control_2602_golf/package.ps1'
[1.025s] INFO:colcon.colcon_core.shell:Creating package descriptor '/home/arthur/mrad_ws_2602_golf/install/control_2602_golf/share/control_2602_golf/package.dsv'
[1.026s] INFO:colcon.colcon_core.shell:Creating package script '/home/arthur/mrad_ws_2602_golf/install/control_2602_golf/share/control_2602_golf/package.sh'
[1.027s] INFO:colcon.colcon_core.shell:Creating package script '/home/arthur/mrad_ws_2602_golf/install/control_2602_golf/share/control_2602_golf/package.bash'
[1.028s] INFO:colcon.colcon_core.shell:Creating package script '/home/arthur/mrad_ws_2602_golf/install/control_2602_golf/share/control_2602_golf/package.zsh'
[1.028s] Level 1:colcon.colcon_core.environment:create_file_with_runtime_dependencies(/home/arthur/mrad_ws_2602_golf/install/control_2602_golf/share/colcon-core/packages/control_2602_golf)
[1.029s] Level 1:colcon.colcon_core.environment:create_environment_scripts_only(control_2602_golf)
[1.029s] Level 1:colcon.colcon_core.environment:checking '/home/arthur/mrad_ws_2602_golf/install/control_2602_golf' for CMake module files
[1.030s] Level 1:colcon.colcon_core.environment:checking '/home/arthur/mrad_ws_2602_golf/install/control_2602_golf' for CMake config files
[1.030s] Level 1:colcon.colcon_core.shell:create_environment_hook('control_2602_golf', 'cmake_prefix_path')
[1.030s] INFO:colcon.colcon_core.shell:Creating environment hook '/home/arthur/mrad_ws_2602_golf/install/control_2602_golf/share/control_2602_golf/hook/cmake_prefix_path.ps1'
[1.031s] INFO:colcon.colcon_core.shell:Creating environment descriptor '/home/arthur/mrad_ws_2602_golf/install/control_2602_golf/share/control_2602_golf/hook/cmake_prefix_path.dsv'
[1.031s] INFO:colcon.colcon_core.shell:Creating environment hook '/home/arthur/mrad_ws_2602_golf/install/control_2602_golf/share/control_2602_golf/hook/cmake_prefix_path.sh'
[1.032s] Level 1:colcon.colcon_core.environment:checking '/home/arthur/mrad_ws_2602_golf/install/control_2602_golf/bin'
[1.032s] Level 1:colcon.colcon_core.environment:checking '/home/arthur/mrad_ws_2602_golf/install/control_2602_golf/lib/pkgconfig/control_2602_golf.pc'
[1.032s] Level 1:colcon.colcon_core.environment:checking '/home/arthur/mrad_ws_2602_golf/install/control_2602_golf/lib/python3.12/site-packages'
[1.032s] Level 1:colcon.colcon_core.environment:checking '/home/arthur/mrad_ws_2602_golf/install/control_2602_golf/bin'
[1.033s] INFO:colcon.colcon_core.shell:Creating package script '/home/arthur/mrad_ws_2602_golf/install/control_2602_golf/share/control_2602_golf/package.ps1'
[1.033s] INFO:colcon.colcon_core.shell:Creating package descriptor '/home/arthur/mrad_ws_2602_golf/install/control_2602_golf/share/control_2602_golf/package.dsv'
[1.034s] INFO:colcon.colcon_core.shell:Creating package script '/home/arthur/mrad_ws_2602_golf/install/control_2602_golf/share/control_2602_golf/package.sh'
[1.034s] INFO:colcon.colcon_core.shell:Creating package script '/home/arthur/mrad_ws_2602_golf/install/control_2602_golf/share/control_2602_golf/package.bash'
[1.035s] INFO:colcon.colcon_core.shell:Creating package script '/home/arthur/mrad_ws_2602_golf/install/control_2602_golf/share/control_2602_golf/package.zsh'
[1.035s] Level 1:colcon.colcon_core.environment:create_file_with_runtime_dependencies(/home/arthur/mrad_ws_2602_golf/install/control_2602_golf/share/colcon-core/packages/control_2602_golf)
[1.935s] DEBUG:colcon.colcon_core.task.python.build:Available setuptools commands: install_lib, build_clib, bdist, build_scripts, install_scripts, upload_docs, install_headers, egg_info, rotate, update_catalog, install_egg_info, upload, build_py, init_catalog, build, editable_wheel, bdist_rpm, develop, register, symlink_data, setopt, install, saveopts, alias, sdist, dist_info, extract_messages, ptr, easy_install, compile_catalog, bdist_wheel, test, bdist_dumb, bdist_egg, install_data, pytest, build_ext, clean, check
[1.936s] DEBUG:colcon.colcon_core.task.python.build:Available setuptools commands: install_lib, build_clib, bdist, build_scripts, install_scripts, upload_docs, install_headers, egg_info, rotate, update_catalog, install_egg_info, upload, build_py, init_catalog, build, editable_wheel, bdist_rpm, develop, register, symlink_data, setopt, install, saveopts, alias, sdist, dist_info, extract_messages, ptr, easy_install, compile_catalog, bdist_wheel, test, bdist_dumb, bdist_egg, install_data, pytest, build_ext, clean, check
[1.970s] DEBUG:colcon.colcon_core.task.python.build:Available setuptools commands: install_lib, build_clib, bdist, build_scripts, install_scripts, upload_docs, install_headers, egg_info, rotate, update_catalog, install_egg_info, upload, build_py, init_catalog, build, editable_wheel, bdist_rpm, develop, register, symlink_data, setopt, install, saveopts, alias, sdist, dist_info, extract_messages, ptr, easy_install, compile_catalog, bdist_wheel, test, bdist_dumb, bdist_egg, install_data, pytest, build_ext, clean, check
[2.440s] DEBUG:colcon.colcon_core.task.python.build:Available setuptools 'develop' options: --help, --zip-ok, --user, --version, --site-dirs, --upgrade, --build-directory, --local-snapshots-ok, --exclude-scripts, --egg-path, --multi-version, --install-dir, --uninstall, --no-find-links, --install-layout, --always-unzip, --find-links, --prefix, --dry-run, --always-copy, --editable, --quiet, --verbose, --record, --no-deps, --allow-hosts, --index-url, --no-user-cfg, --optimize, --script-dir, --force-installation-into-system-dir
[2.442s] DEBUG:colcon.colcon_core.task.python.build:Available setuptools 'develop' options: --help, --zip-ok, --user, --version, --site-dirs, --upgrade, --build-directory, --local-snapshots-ok, --exclude-scripts, --egg-path, --multi-version, --install-dir, --uninstall, --no-find-links, --install-layout, --always-unzip, --find-links, --prefix, --dry-run, --always-copy, --editable, --quiet, --verbose, --record, --no-deps, --allow-hosts, --index-url, --no-user-cfg, --optimize, --script-dir, --force-installation-into-system-dir
[2.443s] DEBUG:colcon.colcon_core.event_handler.log_command:Invoking command in '/home/arthur/mrad_ws_2602_golf/build/description_2602_golf': DEBUGINFOD_URLS=https://debuginfod.ubuntu.com PYTHONPATH=/home/arthur/mrad_ws_2602_golf/build/description_2602_golf/prefix_override:/usr/lib/python3/dist-packages/colcon_core/task/python/colcon_distutils_commands:/home/arthur/mrad_ws_2602_golf/install/description_2602_golf/lib/python3.12/site-packages:${PYTHONPATH} /usr/bin/python3 -W ignore:setup.py install is deprecated -W ignore:easy_install command is deprecated setup.py develop --editable --build-directory /home/arthur/mrad_ws_2602_golf/build/description_2602_golf/build --no-deps symlink_data
[2.445s] DEBUG:colcon.colcon_core.event_handler.log_command:Invoking command in '/home/arthur/mrad_ws_2602_golf/build/bringup_2602_golf': DEBUGINFOD_URLS=https://debuginfod.ubuntu.com PYTHONPATH=/home/arthur/mrad_ws_2602_golf/build/bringup_2602_golf/prefix_override:/usr/lib/python3/dist-packages/colcon_core/task/python/colcon_distutils_commands:/home/arthur/mrad_ws_2602_golf/install/bringup_2602_golf/lib/python3.12/site-packages:${PYTHONPATH} /usr/bin/python3 -W ignore:setup.py install is deprecated -W ignore:easy_install command is deprecated setup.py develop --editable --build-directory /home/arthur/mrad_ws_2602_golf/build/bringup_2602_golf/build --no-deps symlink_data
[2.477s] DEBUG:colcon.colcon_core.task.python.build:Available setuptools 'develop' options: --help, --zip-ok, --user, --version, --site-dirs, --upgrade, --build-directory, --local-snapshots-ok, --exclude-scripts, --egg-path, --multi-version, --install-dir, --uninstall, --no-find-links, --install-layout, --always-unzip, --find-links, --prefix, --dry-run, --always-copy, --editable, --quiet, --verbose, --record, --no-deps, --allow-hosts, --index-url, --no-user-cfg, --optimize, --script-dir, --force-installation-into-system-dir
[2.480s] DEBUG:colcon.colcon_core.event_handler.log_command:Invoking command in '/home/arthur/mrad_ws_2602_golf/build/gazebo_2602_golf': DEBUGINFOD_URLS=https://debuginfod.ubuntu.com PYTHONPATH=/home/arthur/mrad_ws_2602_golf/build/gazebo_2602_golf/prefix_override:/usr/lib/python3/dist-packages/colcon_core/task/python/colcon_distutils_commands:/home/arthur/mrad_ws_2602_golf/install/gazebo_2602_golf/lib/python3.12/site-packages:${PYTHONPATH} /usr/bin/python3 -W ignore:setup.py install is deprecated -W ignore:easy_install command is deprecated setup.py develop --editable --build-directory /home/arthur/mrad_ws_2602_golf/build/gazebo_2602_golf/build --no-deps symlink_data
[3.502s] Level 1:colcon.colcon_core.shell:create_environment_hook('description_2602_golf', 'pythonpath_develop')
[3.503s] INFO:colcon.colcon_core.shell:Creating environment hook '/home/arthur/mrad_ws_2602_golf/build/description_2602_golf/share/description_2602_golf/hook/pythonpath_develop.ps1'
[3.503s] DEBUG:colcon.colcon_core.event_handler.log_command:Invoked command in '/home/arthur/mrad_ws_2602_golf/build/description_2602_golf' returned '0': DEBUGINFOD_URLS=https://debuginfod.ubuntu.com PYTHONPATH=/home/arthur/mrad_ws_2602_golf/build/description_2602_golf/prefix_override:/usr/lib/python3/dist-packages/colcon_core/task/python/colcon_distutils_commands:/home/arthur/mrad_ws_2602_golf/install/description_2602_golf/lib/python3.12/site-packages:${PYTHONPATH} /usr/bin/python3 -W ignore:setup.py install is deprecated -W ignore:easy_install command is deprecated setup.py develop --editable --build-directory /home/arthur/mrad_ws_2602_golf/build/description_2602_golf/build --no-deps symlink_data
[3.504s] INFO:colcon.colcon_core.shell:Creating environment descriptor '/home/arthur/mrad_ws_2602_golf/build/description_2602_golf/share/description_2602_golf/hook/pythonpath_develop.dsv'
[3.505s] INFO:colcon.colcon_core.shell:Creating environment hook '/home/arthur/mrad_ws_2602_golf/build/description_2602_golf/share/description_2602_golf/hook/pythonpath_develop.sh'
[3.506s] Level 1:colcon.colcon_core.environment:checking '/home/arthur/mrad_ws_2602_golf/install/description_2602_golf' for CMake module files
[3.507s] Level 1:colcon.colcon_core.environment:checking '/home/arthur/mrad_ws_2602_golf/install/description_2602_golf' for CMake config files
[3.508s] Level 1:colcon.colcon_core.environment:checking '/home/arthur/mrad_ws_2602_golf/install/description_2602_golf/lib'
[3.509s] Level 1:colcon.colcon_core.environment:checking '/home/arthur/mrad_ws_2602_golf/install/description_2602_golf/bin'
[3.509s] Level 1:colcon.colcon_core.environment:checking '/home/arthur/mrad_ws_2602_golf/install/description_2602_golf/lib/pkgconfig/description_2602_golf.pc'
[3.509s] Level 1:colcon.colcon_core.environment:checking '/home/arthur/mrad_ws_2602_golf/install/description_2602_golf/lib/python3.12/site-packages'
[3.509s] Level 1:colcon.colcon_core.shell:create_environment_hook('description_2602_golf', 'pythonpath')
[3.510s] INFO:colcon.colcon_core.shell:Creating environment hook '/home/arthur/mrad_ws_2602_golf/install/description_2602_golf/share/description_2602_golf/hook/pythonpath.ps1'
[3.510s] INFO:colcon.colcon_core.shell:Creating environment descriptor '/home/arthur/mrad_ws_2602_golf/install/description_2602_golf/share/description_2602_golf/hook/pythonpath.dsv'
[3.511s] INFO:colcon.colcon_core.shell:Creating environment hook '/home/arthur/mrad_ws_2602_golf/install/description_2602_golf/share/description_2602_golf/hook/pythonpath.sh'
[3.512s] Level 1:colcon.colcon_core.environment:checking '/home/arthur/mrad_ws_2602_golf/install/description_2602_golf/bin'
[3.512s] Level 1:colcon.colcon_core.environment:create_environment_scripts_only(description_2602_golf)
[3.513s] INFO:colcon.colcon_core.shell:Creating package script '/home/arthur/mrad_ws_2602_golf/install/description_2602_golf/share/description_2602_golf/package.ps1'
[3.514s] INFO:colcon.colcon_core.shell:Creating package descriptor '/home/arthur/mrad_ws_2602_golf/install/description_2602_golf/share/description_2602_golf/package.dsv'
[3.515s] INFO:colcon.colcon_core.shell:Creating package script '/home/arthur/mrad_ws_2602_golf/install/description_2602_golf/share/description_2602_golf/package.sh'
[3.516s] INFO:colcon.colcon_core.shell:Creating package script '/home/arthur/mrad_ws_2602_golf/install/description_2602_golf/share/description_2602_golf/package.bash'
[3.517s] INFO:colcon.colcon_core.shell:Creating package script '/home/arthur/mrad_ws_2602_golf/install/description_2602_golf/share/description_2602_golf/package.zsh'
[3.518s] Level 1:colcon.colcon_core.environment:create_file_with_runtime_dependencies(/home/arthur/mrad_ws_2602_golf/install/description_2602_golf/share/colcon-core/packages/description_2602_golf)
[3.560s] Level 1:colcon.colcon_core.shell:create_environment_hook('gazebo_2602_golf', 'pythonpath_develop')
[3.560s] INFO:colcon.colcon_core.shell:Creating environment hook '/home/arthur/mrad_ws_2602_golf/build/gazebo_2602_golf/share/gazebo_2602_golf/hook/pythonpath_develop.ps1'
[3.561s] DEBUG:colcon.colcon_core.event_handler.log_command:Invoked command in '/home/arthur/mrad_ws_2602_golf/build/gazebo_2602_golf' returned '0': DEBUGINFOD_URLS=https://debuginfod.ubuntu.com PYTHONPATH=/home/arthur/mrad_ws_2602_golf/build/gazebo_2602_golf/prefix_override:/usr/lib/python3/dist-packages/colcon_core/task/python/colcon_distutils_commands:/home/arthur/mrad_ws_2602_golf/install/gazebo_2602_golf/lib/python3.12/site-packages:${PYTHONPATH} /usr/bin/python3 -W ignore:setup.py install is deprecated -W ignore:easy_install command is deprecated setup.py develop --editable --build-directory /home/arthur/mrad_ws_2602_golf/build/gazebo_2602_golf/build --no-deps symlink_data
[3.561s] INFO:colcon.colcon_core.shell:Creating environment descriptor '/home/arthur/mrad_ws_2602_golf/build/gazebo_2602_golf/share/gazebo_2602_golf/hook/pythonpath_develop.dsv'
[3.562s] INFO:colcon.colcon_core.shell:Creating environment hook '/home/arthur/mrad_ws_2602_golf/build/gazebo_2602_golf/share/gazebo_2602_golf/hook/pythonpath_develop.sh'
[3.563s] Level 1:colcon.colcon_core.environment:checking '/home/arthur/mrad_ws_2602_golf/install/gazebo_2602_golf' for CMake module files
[3.563s] Level 1:colcon.colcon_core.environment:checking '/home/arthur/mrad_ws_2602_golf/install/gazebo_2602_golf' for CMake config files
[3.564s] Level 1:colcon.colcon_core.environment:checking '/home/arthur/mrad_ws_2602_golf/install/gazebo_2602_golf/lib'
[3.564s] Level 1:colcon.colcon_core.environment:checking '/home/arthur/mrad_ws_2602_golf/install/gazebo_2602_golf/bin'
[3.564s] Level 1:colcon.colcon_core.environment:checking '/home/arthur/mrad_ws_2602_golf/install/gazebo_2602_golf/lib/pkgconfig/gazebo_2602_golf.pc'
[3.564s] Level 1:colcon.colcon_core.environment:checking '/home/arthur/mrad_ws_2602_golf/install/gazebo_2602_golf/lib/python3.12/site-packages'
[3.565s] Level 1:colcon.colcon_core.shell:create_environment_hook('gazebo_2602_golf', 'pythonpath')
[3.565s] INFO:colcon.colcon_core.shell:Creating environment hook '/home/arthur/mrad_ws_2602_golf/install/gazebo_2602_golf/share/gazebo_2602_golf/hook/pythonpath.ps1'
[3.565s] INFO:colcon.colcon_core.shell:Creating environment descriptor '/home/arthur/mrad_ws_2602_golf/install/gazebo_2602_golf/share/gazebo_2602_golf/hook/pythonpath.dsv'
[3.566s] INFO:colcon.colcon_core.shell:Creating environment hook '/home/arthur/mrad_ws_2602_golf/install/gazebo_2602_golf/share/gazebo_2602_golf/hook/pythonpath.sh'
[3.567s] Level 1:colcon.colcon_core.environment:checking '/home/arthur/mrad_ws_2602_golf/install/gazebo_2602_golf/bin'
[3.567s] Level 1:colcon.colcon_core.environment:create_environment_scripts_only(gazebo_2602_golf)
[3.567s] INFO:colcon.colcon_core.shell:Creating package script '/home/arthur/mrad_ws_2602_golf/install/gazebo_2602_golf/share/gazebo_2602_golf/package.ps1'
[3.568s] INFO:colcon.colcon_core.shell:Creating package descriptor '/home/arthur/mrad_ws_2602_golf/install/gazebo_2602_golf/share/gazebo_2602_golf/package.dsv'
[3.569s] INFO:colcon.colcon_core.shell:Creating package script '/home/arthur/mrad_ws_2602_golf/install/gazebo_2602_golf/share/gazebo_2602_golf/package.sh'
[3.569s] INFO:colcon.colcon_core.shell:Creating package script '/home/arthur/mrad_ws_2602_golf/install/gazebo_2602_golf/share/gazebo_2602_golf/package.bash'
[3.570s] INFO:colcon.colcon_core.shell:Creating package script '/home/arthur/mrad_ws_2602_golf/install/gazebo_2602_golf/share/gazebo_2602_golf/package.zsh'
[3.570s] Level 1:colcon.colcon_core.environment:create_file_with_runtime_dependencies(/home/arthur/mrad_ws_2602_golf/install/gazebo_2602_golf/share/colcon-core/packages/gazebo_2602_golf)
[3.603s] Level 1:colcon.colcon_core.shell:create_environment_hook('bringup_2602_golf', 'pythonpath_develop')
[3.603s] INFO:colcon.colcon_core.shell:Creating environment hook '/home/arthur/mrad_ws_2602_golf/build/bringup_2602_golf/share/bringup_2602_golf/hook/pythonpath_develop.ps1'
[3.604s] DEBUG:colcon.colcon_core.event_handler.log_command:Invoked command in '/home/arthur/mrad_ws_2602_golf/build/bringup_2602_golf' returned '0': DEBUGINFOD_URLS=https://debuginfod.ubuntu.com PYTHONPATH=/home/arthur/mrad_ws_2602_golf/build/bringup_2602_golf/prefix_override:/usr/lib/python3/dist-packages/colcon_core/task/python/colcon_distutils_commands:/home/arthur/mrad_ws_2602_golf/install/bringup_2602_golf/lib/python3.12/site-packages:${PYTHONPATH} /usr/bin/python3 -W ignore:setup.py install is deprecated -W ignore:easy_install command is deprecated setup.py develop --editable --build-directory /home/arthur/mrad_ws_2602_golf/build/bringup_2602_golf/build --no-deps symlink_data
[3.605s] INFO:colcon.colcon_core.shell:Creating environment descriptor '/home/arthur/mrad_ws_2602_golf/build/bringup_2602_golf/share/bringup_2602_golf/hook/pythonpath_develop.dsv'
[3.605s] INFO:colcon.colcon_core.shell:Creating environment hook '/home/arthur/mrad_ws_2602_golf/build/bringup_2602_golf/share/bringup_2602_golf/hook/pythonpath_develop.sh'
[3.606s] Level 1:colcon.colcon_core.environment:checking '/home/arthur/mrad_ws_2602_golf/install/bringup_2602_golf' for CMake module files
[3.607s] Level 1:colcon.colcon_core.environment:checking '/home/arthur/mrad_ws_2602_golf/install/bringup_2602_golf' for CMake config files
[3.607s] Level 1:colcon.colcon_core.environment:checking '/home/arthur/mrad_ws_2602_golf/install/bringup_2602_golf/lib'
[3.607s] Level 1:colcon.colcon_core.environment:checking '/home/arthur/mrad_ws_2602_golf/install/bringup_2602_golf/bin'
[3.607s] Level 1:colcon.colcon_core.environment:checking '/home/arthur/mrad_ws_2602_golf/install/bringup_2602_golf/lib/pkgconfig/bringup_2602_golf.pc'
[3.608s] Level 1:colcon.colcon_core.environment:checking '/home/arthur/mrad_ws_2602_golf/install/bringup_2602_golf/lib/python3.12/site-packages'
[3.608s] Level 1:colcon.colcon_core.shell:create_environment_hook('bringup_2602_golf', 'pythonpath')
[3.608s] INFO:colcon.colcon_core.shell:Creating environment hook '/home/arthur/mrad_ws_2602_golf/install/bringup_2602_golf/share/bringup_2602_golf/hook/pythonpath.ps1'
[3.608s] INFO:colcon.colcon_core.shell:Creating environment descriptor '/home/arthur/mrad_ws_2602_golf/install/bringup_2602_golf/share/bringup_2602_golf/hook/pythonpath.dsv'
[3.609s] INFO:colcon.colcon_core.shell:Creating environment hook '/home/arthur/mrad_ws_2602_golf/install/bringup_2602_golf/share/bringup_2602_golf/hook/pythonpath.sh'
[3.610s] Level 1:colcon.colcon_core.environment:checking '/home/arthur/mrad_ws_2602_golf/install/bringup_2602_golf/bin'
[3.610s] Level 1:colcon.colcon_core.environment:create_environment_scripts_only(bringup_2602_golf)
[3.610s] INFO:colcon.colcon_core.shell:Creating package script '/home/arthur/mrad_ws_2602_golf/install/bringup_2602_golf/share/bringup_2602_golf/package.ps1'
[3.611s] INFO:colcon.colcon_core.shell:Creating package descriptor '/home/arthur/mrad_ws_2602_golf/install/bringup_2602_golf/share/bringup_2602_golf/package.dsv'
[3.612s] INFO:colcon.colcon_core.shell:Creating package script '/home/arthur/mrad_ws_2602_golf/install/bringup_2602_golf/share/bringup_2602_golf/package.sh'
[3.612s] INFO:colcon.colcon_core.shell:Creating package script '/home/arthur/mrad_ws_2602_golf/install/bringup_2602_golf/share/bringup_2602_golf/package.bash'
[3.613s] INFO:colcon.colcon_core.shell:Creating package script '/home/arthur/mrad_ws_2602_golf/install/bringup_2602_golf/share/bringup_2602_golf/package.zsh'
[3.613s] Level 1:colcon.colcon_core.environment:create_file_with_runtime_dependencies(/home/arthur/mrad_ws_2602_golf/install/bringup_2602_golf/share/colcon-core/packages/bringup_2602_golf)
[3.613s] DEBUG:colcon.colcon_parallel_executor.executor.parallel:closing loop
[3.614s] DEBUG:colcon.colcon_parallel_executor.executor.parallel:loop closed
[3.614s] DEBUG:colcon.colcon_parallel_executor.executor.parallel:run_until_complete finished with '0'
[3.614s] DEBUG:colcon.colcon_core.event_reactor:joining thread
[3.622s] INFO:colcon.colcon_core.plugin_system:Skipping extension 'colcon_notification.desktop_notification.terminal_notifier': Not used on non-Darwin systems
[3.622s] INFO:colcon.colcon_core.plugin_system:Skipping extension 'colcon_notification.desktop_notification.win32': Not used on non-Windows systems
[3.623s] INFO:colcon.colcon_notification.desktop_notification:Sending desktop notification using 'notify2'
[3.638s] DEBUG:colcon.colcon_core.event_reactor:joined thread
[3.639s] INFO:colcon.colcon_core.shell:Creating prefix script '/home/arthur/mrad_ws_2602_golf/install/local_setup.ps1'
[3.639s] INFO:colcon.colcon_core.shell:Creating prefix util module '/home/arthur/mrad_ws_2602_golf/install/_local_setup_util_ps1.py'
[3.641s] INFO:colcon.colcon_core.shell:Creating prefix chain script '/home/arthur/mrad_ws_2602_golf/install/setup.ps1'
[3.643s] INFO:colcon.colcon_core.shell:Creating prefix script '/home/arthur/mrad_ws_2602_golf/install/local_setup.sh'
[3.643s] INFO:colcon.colcon_core.shell:Creating prefix util module '/home/arthur/mrad_ws_2602_golf/install/_local_setup_util_sh.py'
[3.644s] INFO:colcon.colcon_core.shell:Creating prefix chain script '/home/arthur/mrad_ws_2602_golf/install/setup.sh'
[3.646s] INFO:colcon.colcon_core.shell:Creating prefix script '/home/arthur/mrad_ws_2602_golf/install/local_setup.bash'
[3.646s] INFO:colcon.colcon_core.shell:Creating prefix chain script '/home/arthur/mrad_ws_2602_golf/install/setup.bash'
[3.648s] INFO:colcon.colcon_core.shell:Creating prefix script '/home/arthur/mrad_ws_2602_golf/install/local_setup.zsh'
[3.648s] INFO:colcon.colcon_core.shell:Creating prefix chain script '/home/arthur/mrad_ws_2602_golf/install/setup.zsh'
