[3.643s] Invoking command in '/home/arthur/mrad_ws_2602_golf/build/ttc_follow_the_gap_2602_golf': DEBUGINFOD_URLS=https://debuginfod.ubuntu.com PYTHONPATH=/home/arthur/mrad_ws_2602_golf/build/ttc_follow_the_gap_2602_golf/prefix_override:/usr/lib/python3/dist-packages/colcon_core/task/python/colcon_distutils_commands:/home/arthur/mrad_ws_2602_golf/install/ttc_follow_the_gap_2602_golf/lib/python3.12/site-packages:${PYTHONPATH} /usr/bin/python3 -W ignore:setup.py install is deprecated -W ignore:easy_install command is deprecated setup.py develop --editable --build-directory /home/arthur/mrad_ws_2602_golf/build/ttc_follow_the_gap_2602_golf/build --no-deps symlink_data
[4.371s] running develop
[4.802s] /usr/lib/python3/dist-packages/setuptools/command/easy_install.py:363: UserWarning: Unbuilt egg for pytest-repeat [unknown version] (/usr/lib/python3/dist-packages)
[4.802s]   self.local_index = Environment(self.shadow_path + sys.path)
[4.853s] running egg_info
[4.882s] writing ttc_follow_the_gap_2602_golf.egg-info/PKG-INFO
[4.882s] writing dependency_links to ttc_follow_the_gap_2602_golf.egg-info/dependency_links.txt
[4.883s] writing entry points to ttc_follow_the_gap_2602_golf.egg-info/entry_points.txt
[4.883s] writing requirements to ttc_follow_the_gap_2602_golf.egg-info/requires.txt
[4.883s] writing top-level names to ttc_follow_the_gap_2602_golf.egg-info/top_level.txt
[4.942s] reading manifest file 'ttc_follow_the_gap_2602_golf.egg-info/SOURCES.txt'
[4.943s] writing manifest file 'ttc_follow_the_gap_2602_golf.egg-info/SOURCES.txt'
[4.978s] running build_ext
[4.978s] Creating /home/arthur/mrad_ws_2602_golf/install/ttc_follow_the_gap_2602_golf/lib/python3.12/site-packages/ttc-follow-the-gap-2602-golf.egg-link (link to .)
[4.979s] Installing ttc_gap_control script to /home/arthur/mrad_ws_2602_golf/install/ttc_follow_the_gap_2602_golf/lib/ttc_follow_the_gap_2602_golf
[4.979s] Installing ttc_gap_finder script to /home/arthur/mrad_ws_2602_golf/install/ttc_follow_the_gap_2602_golf/lib/ttc_follow_the_gap_2602_golf
[4.979s] 
[4.979s] Installed /home/arthur/mrad_ws_2602_golf/build/ttc_follow_the_gap_2602_golf
[4.980s] running symlink_data
[5.013s] Invoked command in '/home/arthur/mrad_ws_2602_golf/build/ttc_follow_the_gap_2602_golf' returned '0': DEBUGINFOD_URLS=https://debuginfod.ubuntu.com PYTHONPATH=/home/arthur/mrad_ws_2602_golf/build/ttc_follow_the_gap_2602_golf/prefix_override:/usr/lib/python3/dist-packages/colcon_core/task/python/colcon_distutils_commands:/home/arthur/mrad_ws_2602_golf/install/ttc_follow_the_gap_2602_golf/lib/python3.12/site-packages:${PYTHONPATH} /usr/bin/python3 -W ignore:setup.py install is deprecated -W ignore:easy_install command is deprecated setup.py develop --editable --build-directory /home/arthur/mrad_ws_2602_golf/build/ttc_follow_the_gap_2602_golf/build --no-deps symlink_data
